2026-07-09 22:13:30,031 P1559687 INFO UniRank version: 2.3.7
2026-07-09 22:13:30,032 P1559687 INFO Params: {
    "accumulation_steps": "1",
    "batch_size": "8192",
    "block_cache_size": "2",
    "blocked": "True",
    "data_format": "parquet",
    "data_root": "/mnt/ceph-nj1-csp/bingoozhang/salmonli/data",
    "dataset_id": "QK_Video_Action",
    "debug_mode": "False",
    "dense_learning_rate": "0.0001",
    "dense_optimizer": "AdamW",
    "dense_weight_decay": "0",
    "distributed": "True",
    "dnn_activations": "ReLU",
    "early_stop_patience": "2",
    "embedding_dim": "16",
    "enable_bf16": "True",
    "epochs": "1",
    "eval_steps": "None",
    "feature_cols": "[{'name': 'user_index', 'active': True, 'dtype': 'int', 'type': 'meta'}, {'name': 'item_index', 'active': True, 'dtype': 'int', 'type': 'meta'}, {'name': 'seq_len', 'active': True, 'dtype': 'int', 'type': 'meta'}, {'name': 'user_id', 'active': True, 'dtype': 'int', 'type': 'categorical', 'vocab_size': 4996177}, {'name': 'item_id', 'active': True, 'dtype': 'int', 'type': 'categorical', 'vocab_size': 3753437, 'source': 'item'}, {'name': 'video_category', 'active': True, 'dtype': 'int', 'type': 'categorical', 'vocab_size': 5, 'source': 'item'}, {'name': 'watching_times', 'active': True, 'dtype': 'int', 'type': 'categorical', 'vocab_size': 419}, {'name': 'gender', 'active': True, 'dtype': 'int', 'type': 'categorical', 'vocab_size': 5}, {'name': 'age', 'active': True, 'dtype': 'int', 'type': 'categorical', 'vocab_size': 10}, {'name': 'action', 'active': True, 'dtype': 'int', 'type': 'categorical', 'vocab_size': 17, 'source': 'action'}]",
    "feature_config": "None",
    "feature_specs": "None",
    "gpu": "0",
    "group_id": "user_index",
    "label_col": "[{'name': 'click', 'dtype': 'float'}, {'name': 'follow', 'dtype': 'float'}, {'name': 'like', 'dtype': 'float'}, {'name': 'share', 'dtype': 'float'}]",
    "local_rank": "0",
    "loss": "['binary_crossentropy', 'binary_crossentropy', 'binary_crossentropy', 'binary_crossentropy']",
    "max_len": "100",
    "metrics": "['logloss', 'AUC', 'gAUC']",
    "model": "EST",
    "model_id": "EST_QK_Video_Action",
    "model_root": "./checkpoints/",
    "monitor": "{'AUC': 1, 'logloss': 0, 'gAUC': 1}",
    "monitor_mode": "max",
    "net_dropout": "0",
    "num_heads": "2",
    "num_layers": "3",
    "num_tasks": "4",
    "num_workers": "4",
    "pickle_feature_encoder": "True",
    "rank": "0",
    "rebuild_dataset": "False",
    "save_best_only": "True",
    "seed": "20262027",
    "shuffle": "True",
    "sparse_learning_rate": "0.05",
    "sparse_optimizer": "Adagrad",
    "task": "binary_classification",
    "test_data": "/mnt/ceph-nj1-csp/bingoozhang/salmonli/data/QK_Video_Action/test/data",
    "test_item_info": "/mnt/ceph-nj1-csp/bingoozhang/salmonli/data/QK_Video_Action/test/item_info",
    "test_user_info": "/mnt/ceph-nj1-csp/bingoozhang/salmonli/data/QK_Video_Action/test/user_info",
    "token_dim": "256",
    "tower_activations": "ReLU",
    "tower_hidden_units": "[128, 64]",
    "train_data": "/mnt/ceph-nj1-csp/bingoozhang/salmonli/data/QK_Video_Action/train/data",
    "train_item_info": "/mnt/ceph-nj1-csp/bingoozhang/salmonli/data/QK_Video_Action/train/item_info",
    "train_user_info": "/mnt/ceph-nj1-csp/bingoozhang/salmonli/data/QK_Video_Action/train/user_info",
    "use_features": "None",
    "valid_data": "/mnt/ceph-nj1-csp/bingoozhang/salmonli/data/QK_Video_Action/valid/data",
    "valid_item_info": "/mnt/ceph-nj1-csp/bingoozhang/salmonli/data/QK_Video_Action/valid/item_info",
    "valid_user_info": "/mnt/ceph-nj1-csp/bingoozhang/salmonli/data/QK_Video_Action/valid/user_info",
    "verbose": "1",
    "world_size": "4"
}
2026-07-09 22:13:30,033 P1559687 INFO Set up feature processor...
2026-07-09 22:13:30,033 P1559687 INFO Fit feature processor...
2026-07-09 22:13:30,034 P1559687 INFO Processing column: {'name': 'user_index', 'active': True, 'dtype': 'int', 'type': 'meta'}
2026-07-09 22:13:30,034 P1559687 INFO Processing column: {'name': 'item_index', 'active': True, 'dtype': 'int', 'type': 'meta'}
2026-07-09 22:13:30,034 P1559687 INFO Processing column: {'name': 'seq_len', 'active': True, 'dtype': 'int', 'type': 'meta'}
2026-07-09 22:13:30,034 P1559687 INFO Processing column: {'name': 'user_id', 'active': True, 'dtype': 'int', 'type': 'categorical', 'vocab_size': 4996177}
2026-07-09 22:13:31,032 P1559687 INFO Processing column: {'name': 'item_id', 'active': True, 'dtype': 'int', 'type': 'categorical', 'vocab_size': 3753437, 'source': 'item'}
2026-07-09 22:13:31,777 P1559687 INFO Processing column: {'name': 'video_category', 'active': True, 'dtype': 'int', 'type': 'categorical', 'vocab_size': 5, 'source': 'item'}
2026-07-09 22:13:31,778 P1559687 INFO Processing column: {'name': 'watching_times', 'active': True, 'dtype': 'int', 'type': 'categorical', 'vocab_size': 419}
2026-07-09 22:13:31,778 P1559687 INFO Processing column: {'name': 'gender', 'active': True, 'dtype': 'int', 'type': 'categorical', 'vocab_size': 5}
2026-07-09 22:13:31,778 P1559687 INFO Processing column: {'name': 'age', 'active': True, 'dtype': 'int', 'type': 'categorical', 'vocab_size': 10}
2026-07-09 22:13:31,779 P1559687 INFO Processing column: {'name': 'action', 'active': True, 'dtype': 'int', 'type': 'categorical', 'vocab_size': 17, 'source': 'action'}
2026-07-09 22:13:31,779 P1559687 INFO Set column index...
2026-07-09 22:13:31,779 P1559687 INFO Save feature_map to json: /mnt/ceph-nj1-csp/bingoozhang/salmonli/data/QK_Video_Action/feature_map.json
2026-07-09 22:13:31,785 P1559687 INFO Pickle feature_encode: /mnt/ceph-nj1-csp/bingoozhang/salmonli/data/QK_Video_Action/feature_processor.pkl
2026-07-09 22:13:32,071 P1559687 INFO Save feature_vocab to json: /mnt/ceph-nj1-csp/bingoozhang/salmonli/data/QK_Video_Action/feature_vocab.json
2026-07-09 22:13:39,491 P1559687 INFO Set feature processor done.
2026-07-09 22:13:39,511 P1559687 INFO Load feature_map from json: /mnt/ceph-nj1-csp/bingoozhang/salmonli/data/QK_Video_Action/feature_map.json
2026-07-09 22:13:39,514 P1559687 INFO Set column index...
2026-07-09 22:13:39,515 P1559687 INFO Feature specs: {
    "action": "{'source': 'action', 'type': 'categorical', 'padding_idx': 0, 'vocab_size': 17}",
    "age": "{'source': '', 'type': 'categorical', 'padding_idx': 0, 'vocab_size': 10}",
    "gender": "{'source': '', 'type': 'categorical', 'padding_idx': 0, 'vocab_size': 5}",
    "item_id": "{'source': 'item', 'type': 'categorical', 'padding_idx': 0, 'vocab_size': 3753437}",
    "item_index": "{'type': 'meta'}",
    "seq_len": "{'type': 'meta'}",
    "user_id": "{'source': '', 'type': 'categorical', 'padding_idx': 0, 'vocab_size': 4996177}",
    "user_index": "{'type': 'meta'}",
    "video_category": "{'source': 'item', 'type': 'categorical', 'padding_idx': 0, 'vocab_size': 5}",
    "watching_times": "{'source': '', 'type': 'categorical', 'padding_idx': 0, 'vocab_size': 419}"
}
2026-07-09 22:13:40,839 P1559687 INFO Optimizers: dense=AdamW(lr=0.0001, weight_decay=0, params=16891396), sparse=Adagrad(lr=0.05, params=140001120)
2026-07-09 22:13:40,840 P1559687 INFO ************ compile start ************
2026-07-09 22:13:42,056 P1559687 INFO Compiled dense module: tokenizer_layer
2026-07-09 22:13:42,057 P1559687 INFO Compiled dense module: item_token_proj
2026-07-09 22:13:42,059 P1559687 INFO Compiled dense module: unified_layers
2026-07-09 22:13:42,060 P1559687 INFO Compiled dense module: tower.0
2026-07-09 22:13:42,061 P1559687 INFO Compiled dense module: tower.1
2026-07-09 22:13:42,061 P1559687 INFO Compiled dense module: tower.2
2026-07-09 22:13:42,062 P1559687 INFO Compiled dense module: tower.3
2026-07-09 22:13:43,002 P1559687 INFO Total number of parameters: 156892516.
2026-07-09 22:13:43,002 P1559687 INFO Number of embedding parameters: 140001120.
2026-07-09 22:13:43,002 P1559687 INFO Number of dense parameters: 16891396.
2026-07-09 22:13:43,002 P1559687 INFO Loading datasets...
2026-07-09 22:13:43,033 P1559687 INFO Train samples: total/98608038, blocks/2
2026-07-09 22:13:43,068 P1559687 INFO Validation samples: total/12519757, blocks/2
2026-07-09 22:13:43,068 P1559687 INFO Loading train and validation data done.
2026-07-09 22:13:43,071 P1559687 INFO BF16 mixed precision: True
2026-07-09 22:13:43,072 P1559687 INFO Start training: 12036 local batches/epoch
2026-07-09 22:13:43,072 P1559687 INFO DDP blocked training: True
2026-07-09 22:13:43,072 P1559687 INFO Disable step-wise eval and use epoch-end synchronized eval for DDP + blocked dataloader.
2026-07-09 22:13:43,072 P1559687 INFO ************ Epoch=1 start ************
2026-07-09 22:46:18,836 P1559687 INFO Train loss: 0.421053
2026-07-09 22:46:18,838 P1559687 INFO Evaluation @epoch 1 - batch 12036: 
2026-07-09 22:48:26,035 P1559687 INFO [Task: click][Metrics] AUC: 0.847216 - logloss: 0.414544 - gAUC: 0.837530
2026-07-09 22:48:55,241 P1559687 INFO [Task: follow][Metrics] AUC: 0.791111 - logloss: 0.008512 - gAUC: 0.738808
2026-07-09 22:49:31,997 P1559687 INFO [Task: like][Metrics] AUC: 0.874308 - logloss: 0.061809 - gAUC: 0.792447
2026-07-09 22:50:01,836 P1559687 INFO [Task: share][Metrics] AUC: 0.863466 - logloss: 0.009003 - gAUC: 0.833006
2026-07-09 22:50:02,919 P1559687 INFO Save best model: monitor(max)=1.644473
2026-07-09 22:50:04,039 P1559687 INFO ************ Epoch=1 end ************
2026-07-09 22:50:04,039 P1559687 INFO Training finished.
2026-07-09 22:50:04,039 P1559687 INFO Load best model: /mnt/ceph-nj1-csp/bingoozhang/salmonli/ft_local/UniRank/checkpoints/QK_Video_Action/EST_QK_Video_Action.model
2026-07-09 22:50:05,873 P1559687 INFO ******** Test evaluation ********
2026-07-09 22:50:05,874 P1559687 INFO Loading datasets...
2026-07-09 22:50:05,916 P1559687 INFO Test samples: total/12144989, blocks/2
2026-07-09 22:50:05,916 P1559687 INFO Loading test data done.
2026-07-09 22:52:06,476 P1559687 INFO [Task: click][Metrics] logloss: 0.343212 - AUC: 0.874695 - gAUC: 0.866167
2026-07-09 22:52:34,201 P1559687 INFO [Task: follow][Metrics] logloss: 0.006143 - AUC: 0.798091 - gAUC: 0.742260
2026-07-09 22:53:08,349 P1559687 INFO [Task: like][Metrics] logloss: 0.046817 - AUC: 0.880268 - gAUC: 0.795897
2026-07-09 22:53:37,206 P1559687 INFO [Task: share][Metrics] logloss: 0.006325 - AUC: 0.887372 - gAUC: 0.858163
2026-07-09 22:53:38,962 P1559687 INFO Deleted model checkpoint: /mnt/ceph-nj1-csp/bingoozhang/salmonli/ft_local/UniRank/checkpoints/QK_Video_Action/EST_QK_Video_Action.model
