2026-07-10 10:27:56,141 P1857534 INFO UniRank version: 2.3.7
2026-07-10 10:27:56,141 P1857534 INFO Params: {
    "accumulation_steps": "1",
    "batch_size": "8192",
    "block_cache_size": "2",
    "blocked": "True",
    "data_format": "parquet",
    "data_root": "/mnt/ceph-nj1-csp/bingoozhang/salmonli/data",
    "dataset_id": "QK_Video_Action",
    "debug_mode": "False",
    "dense_learning_rate": "0.0001",
    "dense_optimizer": "AdamW",
    "dense_weight_decay": "0",
    "distributed": "True",
    "early_stop_patience": "2",
    "embedding_dim": "16",
    "enable_bf16": "True",
    "epochs": "1",
    "eval_steps": "None",
    "feature_cols": "[{'name': 'user_index', 'active': True, 'dtype': 'int', 'type': 'meta'}, {'name': 'item_index', 'active': True, 'dtype': 'int', 'type': 'meta'}, {'name': 'seq_len', 'active': True, 'dtype': 'int', 'type': 'meta'}, {'name': 'user_id', 'active': True, 'dtype': 'int', 'type': 'categorical', 'vocab_size': 4996177}, {'name': 'item_id', 'active': True, 'dtype': 'int', 'type': 'categorical', 'vocab_size': 3753437, 'source': 'item'}, {'name': 'video_category', 'active': True, 'dtype': 'int', 'type': 'categorical', 'vocab_size': 5, 'source': 'item'}, {'name': 'watching_times', 'active': True, 'dtype': 'int', 'type': 'categorical', 'vocab_size': 419}, {'name': 'gender', 'active': True, 'dtype': 'int', 'type': 'categorical', 'vocab_size': 5}, {'name': 'age', 'active': True, 'dtype': 'int', 'type': 'categorical', 'vocab_size': 10}, {'name': 'action', 'active': True, 'dtype': 'int', 'type': 'categorical', 'vocab_size': 17, 'source': 'action'}]",
    "feature_config": "None",
    "feature_specs": "None",
    "gpu": "0",
    "group_id": "user_index",
    "label_col": "[{'name': 'click', 'dtype': 'float'}, {'name': 'follow', 'dtype': 'float'}, {'name': 'like', 'dtype': 'float'}, {'name': 'share', 'dtype': 'float'}]",
    "local_rank": "0",
    "loss": "['binary_crossentropy', 'binary_crossentropy', 'binary_crossentropy', 'binary_crossentropy']",
    "low_rank_dim": "16",
    "max_len": "100",
    "metrics": "['logloss', 'AUC', 'gAUC']",
    "model": "HeMix",
    "model_id": "HeMix_QK_Video_Action",
    "model_root": "./checkpoints/",
    "monitor": "{'AUC': 1, 'logloss': 0, 'gAUC': 1}",
    "monitor_mode": "max",
    "net_dropout": "0",
    "num_glocal_token": "4",
    "num_layers": "3",
    "num_mix_heads": "2",
    "num_real_token": "2",
    "num_tasks": "4",
    "num_workers": "4",
    "pickle_feature_encoder": "True",
    "rank": "0",
    "real_seq_len": "20",
    "rebuild_dataset": "False",
    "save_best_only": "True",
    "seed": "20262027",
    "shuffle": "True",
    "sparse_learning_rate": "0.05",
    "sparse_optimizer": "Adagrad",
    "task": "binary_classification",
    "test_data": "/mnt/ceph-nj1-csp/bingoozhang/salmonli/data/QK_Video_Action/test/data",
    "test_item_info": "/mnt/ceph-nj1-csp/bingoozhang/salmonli/data/QK_Video_Action/test/item_info",
    "test_user_info": "/mnt/ceph-nj1-csp/bingoozhang/salmonli/data/QK_Video_Action/test/user_info",
    "token_dim": "256",
    "tower_activations": "ReLU",
    "tower_hidden_units": "[128, 64]",
    "train_data": "/mnt/ceph-nj1-csp/bingoozhang/salmonli/data/QK_Video_Action/train/data",
    "train_item_info": "/mnt/ceph-nj1-csp/bingoozhang/salmonli/data/QK_Video_Action/train/item_info",
    "train_user_info": "/mnt/ceph-nj1-csp/bingoozhang/salmonli/data/QK_Video_Action/train/user_info",
    "use_features": "None",
    "valid_data": "/mnt/ceph-nj1-csp/bingoozhang/salmonli/data/QK_Video_Action/valid/data",
    "valid_item_info": "/mnt/ceph-nj1-csp/bingoozhang/salmonli/data/QK_Video_Action/valid/item_info",
    "valid_user_info": "/mnt/ceph-nj1-csp/bingoozhang/salmonli/data/QK_Video_Action/valid/user_info",
    "verbose": "1",
    "world_size": "4"
}
2026-07-10 10:27:56,143 P1857534 INFO Set up feature processor...
2026-07-10 10:27:56,143 P1857534 INFO Fit feature processor...
2026-07-10 10:27:56,143 P1857534 INFO Processing column: {'name': 'user_index', 'active': True, 'dtype': 'int', 'type': 'meta'}
2026-07-10 10:27:56,143 P1857534 INFO Processing column: {'name': 'item_index', 'active': True, 'dtype': 'int', 'type': 'meta'}
2026-07-10 10:27:56,143 P1857534 INFO Processing column: {'name': 'seq_len', 'active': True, 'dtype': 'int', 'type': 'meta'}
2026-07-10 10:27:56,143 P1857534 INFO Processing column: {'name': 'user_id', 'active': True, 'dtype': 'int', 'type': 'categorical', 'vocab_size': 4996177}
2026-07-10 10:27:57,094 P1857534 INFO Processing column: {'name': 'item_id', 'active': True, 'dtype': 'int', 'type': 'categorical', 'vocab_size': 3753437, 'source': 'item'}
2026-07-10 10:27:57,825 P1857534 INFO Processing column: {'name': 'video_category', 'active': True, 'dtype': 'int', 'type': 'categorical', 'vocab_size': 5, 'source': 'item'}
2026-07-10 10:27:57,825 P1857534 INFO Processing column: {'name': 'watching_times', 'active': True, 'dtype': 'int', 'type': 'categorical', 'vocab_size': 419}
2026-07-10 10:27:57,826 P1857534 INFO Processing column: {'name': 'gender', 'active': True, 'dtype': 'int', 'type': 'categorical', 'vocab_size': 5}
2026-07-10 10:27:57,826 P1857534 INFO Processing column: {'name': 'age', 'active': True, 'dtype': 'int', 'type': 'categorical', 'vocab_size': 10}
2026-07-10 10:27:57,826 P1857534 INFO Processing column: {'name': 'action', 'active': True, 'dtype': 'int', 'type': 'categorical', 'vocab_size': 17, 'source': 'action'}
2026-07-10 10:27:57,827 P1857534 INFO Set column index...
2026-07-10 10:27:57,827 P1857534 INFO Save feature_map to json: /mnt/ceph-nj1-csp/bingoozhang/salmonli/data/QK_Video_Action/feature_map.json
2026-07-10 10:27:57,833 P1857534 INFO Pickle feature_encode: /mnt/ceph-nj1-csp/bingoozhang/salmonli/data/QK_Video_Action/feature_processor.pkl
2026-07-10 10:27:58,106 P1857534 INFO Save feature_vocab to json: /mnt/ceph-nj1-csp/bingoozhang/salmonli/data/QK_Video_Action/feature_vocab.json
2026-07-10 10:28:05,986 P1857534 INFO Set feature processor done.
2026-07-10 10:28:06,013 P1857534 INFO Load feature_map from json: /mnt/ceph-nj1-csp/bingoozhang/salmonli/data/QK_Video_Action/feature_map.json
2026-07-10 10:28:06,017 P1857534 INFO Set column index...
2026-07-10 10:28:06,017 P1857534 INFO Feature specs: {
    "action": "{'source': 'action', 'type': 'categorical', 'padding_idx': 0, 'vocab_size': 17}",
    "age": "{'source': '', 'type': 'categorical', 'padding_idx': 0, 'vocab_size': 10}",
    "gender": "{'source': '', 'type': 'categorical', 'padding_idx': 0, 'vocab_size': 5}",
    "item_id": "{'source': 'item', 'type': 'categorical', 'padding_idx': 0, 'vocab_size': 3753437}",
    "item_index": "{'type': 'meta'}",
    "seq_len": "{'type': 'meta'}",
    "user_id": "{'source': '', 'type': 'categorical', 'padding_idx': 0, 'vocab_size': 4996177}",
    "user_index": "{'type': 'meta'}",
    "video_category": "{'source': 'item', 'type': 'categorical', 'padding_idx': 0, 'vocab_size': 5}",
    "watching_times": "{'source': '', 'type': 'categorical', 'padding_idx': 0, 'vocab_size': 419}"
}
2026-07-10 10:28:08,248 P1857534 INFO Optimizers: dense=AdamW(lr=0.0001, weight_decay=0, params=30375268), sparse=Adagrad(lr=0.05, params=140001120)
2026-07-10 10:28:08,248 P1857534 INFO ************ compile start ************
2026-07-10 10:28:09,503 P1857534 INFO Compiled dense module: tokenizer_layer
2026-07-10 10:28:09,505 P1857534 INFO Compiled dense module: item_token_proj
2026-07-10 10:28:09,506 P1857534 INFO Compiled dense module: unified_layers
2026-07-10 10:28:09,507 P1857534 INFO Compiled dense module: tower.0
2026-07-10 10:28:09,508 P1857534 INFO Compiled dense module: tower.1
2026-07-10 10:28:09,509 P1857534 INFO Compiled dense module: tower.2
2026-07-10 10:28:09,510 P1857534 INFO Compiled dense module: tower.3
2026-07-10 10:28:10,288 P1857534 INFO Total number of parameters: 170376388.
2026-07-10 10:28:10,288 P1857534 INFO Number of embedding parameters: 140001120.
2026-07-10 10:28:10,288 P1857534 INFO Number of dense parameters: 30375268.
2026-07-10 10:28:10,289 P1857534 INFO Loading datasets...
2026-07-10 10:28:10,322 P1857534 INFO Train samples: total/98608038, blocks/2
2026-07-10 10:28:10,357 P1857534 INFO Validation samples: total/12519757, blocks/2
2026-07-10 10:28:10,357 P1857534 INFO Loading train and validation data done.
2026-07-10 10:28:10,360 P1857534 INFO BF16 mixed precision: True
2026-07-10 10:28:10,360 P1857534 INFO Start training: 12036 local batches/epoch
2026-07-10 10:28:10,360 P1857534 INFO DDP blocked training: True
2026-07-10 10:28:10,360 P1857534 INFO Disable step-wise eval and use epoch-end synchronized eval for DDP + blocked dataloader.
2026-07-10 10:28:10,360 P1857534 INFO ************ Epoch=1 start ************
2026-07-10 10:45:07,171 P1857534 INFO Train loss: 0.510764
2026-07-10 10:45:07,173 P1857534 INFO Evaluation @epoch 1 - batch 12036: 
2026-07-10 10:46:42,463 P1857534 INFO [Task: click][Metrics] AUC: 0.858755 - logloss: 0.383443 - gAUC: 0.844986
2026-07-10 10:47:11,836 P1857534 INFO [Task: follow][Metrics] AUC: 0.832059 - logloss: 0.008130 - gAUC: 0.773930
2026-07-10 10:47:49,672 P1857534 INFO [Task: like][Metrics] AUC: 0.920946 - logloss: 0.053151 - gAUC: 0.828423
2026-07-10 10:48:20,846 P1857534 INFO [Task: share][Metrics] AUC: 0.871109 - logloss: 0.008776 - gAUC: 0.845441
2026-07-10 10:48:21,913 P1857534 INFO Save best model: monitor(max)=1.693912
2026-07-10 10:48:22,930 P1857534 INFO ************ Epoch=1 end ************
2026-07-10 10:48:22,931 P1857534 INFO Training finished.
2026-07-10 10:48:22,931 P1857534 INFO Load best model: /mnt/ceph-nj1-csp/bingoozhang/salmonli/ft_local/UniRank/checkpoints/QK_Video_Action/HeMix_QK_Video_Action.model
2026-07-10 10:48:24,954 P1857534 INFO ******** Test evaluation ********
2026-07-10 10:48:24,955 P1857534 INFO Loading datasets...
2026-07-10 10:48:24,998 P1857534 INFO Test samples: total/12144989, blocks/2
2026-07-10 10:48:24,998 P1857534 INFO Loading test data done.
2026-07-10 10:49:54,374 P1857534 INFO [Task: click][Metrics] logloss: 0.315379 - AUC: 0.884191 - gAUC: 0.871468
2026-07-10 10:50:22,654 P1857534 INFO [Task: follow][Metrics] logloss: 0.005780 - AUC: 0.843098 - gAUC: 0.780228
2026-07-10 10:50:56,876 P1857534 INFO [Task: like][Metrics] logloss: 0.040101 - AUC: 0.924324 - gAUC: 0.827192
2026-07-10 10:51:26,807 P1857534 INFO [Task: share][Metrics] logloss: 0.006002 - AUC: 0.897685 - gAUC: 0.872842
2026-07-10 10:51:28,533 P1857534 INFO Deleted model checkpoint: /mnt/ceph-nj1-csp/bingoozhang/salmonli/ft_local/UniRank/checkpoints/QK_Video_Action/HeMix_QK_Video_Action.model
