2026-07-16 00:52:48,808 P2105467 INFO Params: {
    "accumulation_steps": "1",
    "batch_size": "8192",
    "block_cache_size": "2",
    "blocked": "True",
    "data_format": "parquet",
    "data_root": "/mnt/ceph-nj1-csp/bingoozhang/salmonli/data",
    "dataset_id": "QK_Video_Action",
    "debug_mode": "False",
    "dense_learning_rate": "0.0001",
    "dense_optimizer": "AdamW",
    "dense_weight_decay": "0",
    "distributed": "True",
    "dnn_activations": "ReLU",
    "early_stop_patience": "2",
    "embedding_dim": "16",
    "enable_bf16": "True",
    "enable_torch_compile": "True",
    "epochs": "1",
    "eval_steps": "None",
    "feature_cols": "[{'name': 'user_index', 'active': True, 'dtype': 'int', 'type': 'meta'}, {'name': 'item_index', 'active': True, 'dtype': 'int', 'type': 'meta'}, {'name': 'seq_len', 'active': True, 'dtype': 'int', 'type': 'meta'}, {'name': 'user_id', 'active': True, 'dtype': 'int', 'type': 'categorical', 'vocab_size': 4996177}, {'name': 'item_id', 'active': True, 'dtype': 'int', 'type': 'categorical', 'vocab_size': 3753437, 'source': 'item'}, {'name': 'video_category', 'active': True, 'dtype': 'int', 'type': 'categorical', 'vocab_size': 5, 'source': 'item'}, {'name': 'watching_times', 'active': True, 'dtype': 'int', 'type': 'categorical', 'vocab_size': 419}, {'name': 'gender', 'active': True, 'dtype': 'int', 'type': 'categorical', 'vocab_size': 5}, {'name': 'age', 'active': True, 'dtype': 'int', 'type': 'categorical', 'vocab_size': 10}, {'name': 'action', 'active': True, 'dtype': 'int', 'type': 'categorical', 'vocab_size': 17, 'source': 'action'}]",
    "feature_config": "None",
    "feature_specs": "None",
    "gpu": "0",
    "gradient_checkpointing": "False",
    "group_id": "user_id",
    "label_col": "[{'name': 'click', 'dtype': 'float'}, {'name': 'follow', 'dtype': 'float'}, {'name': 'like', 'dtype': 'float'}, {'name': 'share', 'dtype': 'float'}]",
    "local_rank": "0",
    "loss": "['binary_crossentropy', 'binary_crossentropy', 'binary_crossentropy', 'binary_crossentropy']",
    "max_len": "100",
    "metrics": "['logloss', 'AUC']",
    "model": "HyFormer",
    "model_id": "HyFormer_QK_Video_Action",
    "model_root": "./checkpoints/",
    "monitor": "{'AUC': 1, 'logloss': 0}",
    "monitor_mode": "max",
    "net_dropout": "0",
    "num_global_token": "2",
    "num_heads": "2",
    "num_layers": "3",
    "num_ns_token": "4",
    "num_tasks": "4",
    "num_workers": "4",
    "pickle_feature_encoder": "True",
    "rank": "0",
    "rebuild_dataset": "False",
    "save_best_only": "True",
    "seed": "20262027",
    "shuffle": "True",
    "sparse_learning_rate": "0.05",
    "sparse_optimizer": "Adagrad",
    "task": "binary_classification",
    "test_data": "/mnt/ceph-nj1-csp/bingoozhang/salmonli/data/QK_Video_Action/test/data",
    "test_item_info": "/mnt/ceph-nj1-csp/bingoozhang/salmonli/data/QK_Video_Action/test/item_info",
    "test_user_info": "/mnt/ceph-nj1-csp/bingoozhang/salmonli/data/QK_Video_Action/test/user_info",
    "token_dim": "256",
    "tower_activations": "ReLU",
    "tower_hidden_units": "[128, 64]",
    "train_data": "/mnt/ceph-nj1-csp/bingoozhang/salmonli/data/QK_Video_Action/train/data",
    "train_item_info": "/mnt/ceph-nj1-csp/bingoozhang/salmonli/data/QK_Video_Action/train/item_info",
    "train_user_info": "/mnt/ceph-nj1-csp/bingoozhang/salmonli/data/QK_Video_Action/train/user_info",
    "use_features": "None",
    "valid_data": "/mnt/ceph-nj1-csp/bingoozhang/salmonli/data/QK_Video_Action/valid/data",
    "valid_item_info": "/mnt/ceph-nj1-csp/bingoozhang/salmonli/data/QK_Video_Action/valid/item_info",
    "valid_user_info": "/mnt/ceph-nj1-csp/bingoozhang/salmonli/data/QK_Video_Action/valid/user_info",
    "verbose": "1",
    "world_size": "4"
}
2026-07-16 00:52:48,810 P2105467 INFO Set up feature processor...
2026-07-16 00:52:48,810 P2105467 INFO Fit feature processor...
2026-07-16 00:52:48,810 P2105467 INFO Processing column: {'name': 'user_index', 'active': True, 'dtype': 'int', 'type': 'meta'}
2026-07-16 00:52:48,810 P2105467 INFO Processing column: {'name': 'item_index', 'active': True, 'dtype': 'int', 'type': 'meta'}
2026-07-16 00:52:48,810 P2105467 INFO Processing column: {'name': 'seq_len', 'active': True, 'dtype': 'int', 'type': 'meta'}
2026-07-16 00:52:48,810 P2105467 INFO Processing column: {'name': 'user_id', 'active': True, 'dtype': 'int', 'type': 'categorical', 'vocab_size': 4996177}
2026-07-16 00:52:49,730 P2105467 INFO Processing column: {'name': 'item_id', 'active': True, 'dtype': 'int', 'type': 'categorical', 'vocab_size': 3753437, 'source': 'item'}
2026-07-16 00:52:50,454 P2105467 INFO Processing column: {'name': 'video_category', 'active': True, 'dtype': 'int', 'type': 'categorical', 'vocab_size': 5, 'source': 'item'}
2026-07-16 00:52:50,454 P2105467 INFO Processing column: {'name': 'watching_times', 'active': True, 'dtype': 'int', 'type': 'categorical', 'vocab_size': 419}
2026-07-16 00:52:50,454 P2105467 INFO Processing column: {'name': 'gender', 'active': True, 'dtype': 'int', 'type': 'categorical', 'vocab_size': 5}
2026-07-16 00:52:50,455 P2105467 INFO Processing column: {'name': 'age', 'active': True, 'dtype': 'int', 'type': 'categorical', 'vocab_size': 10}
2026-07-16 00:52:50,455 P2105467 INFO Processing column: {'name': 'action', 'active': True, 'dtype': 'int', 'type': 'categorical', 'vocab_size': 17, 'source': 'action'}
2026-07-16 00:52:50,455 P2105467 INFO Set column index...
2026-07-16 00:52:50,455 P2105467 INFO Save feature_map to json: /mnt/ceph-nj1-csp/bingoozhang/salmonli/data/QK_Video_Action/feature_map.json
2026-07-16 00:52:50,553 P2105467 INFO Pickle feature_encode: /mnt/ceph-nj1-csp/bingoozhang/salmonli/data/QK_Video_Action/feature_processor.pkl
2026-07-16 00:52:50,888 P2105467 INFO Save feature_vocab to json: /mnt/ceph-nj1-csp/bingoozhang/salmonli/data/QK_Video_Action/feature_vocab.json
2026-07-16 00:52:58,344 P2105467 INFO Set feature processor done.
2026-07-16 00:52:58,375 P2105467 INFO Load feature_map from json: /mnt/ceph-nj1-csp/bingoozhang/salmonli/data/QK_Video_Action/feature_map.json
2026-07-16 00:52:58,380 P2105467 INFO Set column index...
2026-07-16 00:52:58,380 P2105467 INFO Feature specs: {
    "action": "{'source': 'action', 'type': 'categorical', 'padding_idx': 0, 'vocab_size': 17}",
    "age": "{'source': '', 'type': 'categorical', 'padding_idx': 0, 'vocab_size': 10}",
    "gender": "{'source': '', 'type': 'categorical', 'padding_idx': 0, 'vocab_size': 5}",
    "item_id": "{'source': 'item', 'type': 'categorical', 'padding_idx': 0, 'vocab_size': 3753437}",
    "item_index": "{'type': 'meta'}",
    "seq_len": "{'type': 'meta'}",
    "user_id": "{'source': '', 'type': 'categorical', 'padding_idx': 0, 'vocab_size': 4996177}",
    "user_index": "{'type': 'meta'}",
    "video_category": "{'source': 'item', 'type': 'categorical', 'padding_idx': 0, 'vocab_size': 5}",
    "watching_times": "{'source': '', 'type': 'categorical', 'padding_idx': 0, 'vocab_size': 419}"
}
2026-07-16 00:52:59,675 P2105467 INFO Optimizers: dense=AdamW(lr=0.0001, weight_decay=0, params=7505412), sparse=Adagrad(lr=0.05, params=140001120)
2026-07-16 00:52:59,676 P2105467 INFO ************ compile start ************
2026-07-16 00:53:01,021 P2105467 INFO Compiled dense module: ns_tokenizer
2026-07-16 00:53:01,023 P2105467 INFO Compiled dense module: query_generator
2026-07-16 00:53:01,024 P2105467 INFO Compiled dense module: item_token_proj
2026-07-16 00:53:01,025 P2105467 INFO Compiled dense module: unified_interaction_layers
2026-07-16 00:53:01,026 P2105467 INFO Compiled dense module: tower.0
2026-07-16 00:53:01,027 P2105467 INFO Compiled dense module: tower.1
2026-07-16 00:53:01,028 P2105467 INFO Compiled dense module: tower.2
2026-07-16 00:53:01,029 P2105467 INFO Compiled dense module: tower.3
2026-07-16 00:53:01,956 P2105467 INFO Total number of parameters: 147506532.
2026-07-16 00:53:01,957 P2105467 INFO Number of embedding parameters: 140001120.
2026-07-16 00:53:01,957 P2105467 INFO Number of dense parameters: 7505412.
2026-07-16 00:53:01,957 P2105467 INFO Loading datasets...
2026-07-16 00:53:02,582 P2105467 INFO Train samples: total/98652130, blocks/8
2026-07-16 00:53:02,813 P2105467 INFO Validation samples: total/12510789, blocks/2
2026-07-16 00:53:02,813 P2105467 INFO Loading train and validation data done.
2026-07-16 00:53:02,819 P2105467 INFO BF16 mixed precision: True
2026-07-16 00:53:02,819 P2105467 INFO Gradient checkpointing: False
2026-07-16 00:53:02,819 P2105467 INFO Start training: 12038 local batches/epoch
2026-07-16 00:53:02,819 P2105467 INFO DDP blocked training: True
2026-07-16 00:53:02,820 P2105467 INFO Disable step-wise eval and use epoch-end synchronized eval for DDP + blocked dataloader.
2026-07-16 00:53:02,820 P2105467 INFO ************ Epoch=1 start ************
2026-07-16 01:48:43,009 P2105467 INFO Train loss: 0.427721
2026-07-16 01:48:43,014 P2105467 INFO Evaluation @epoch 1 - batch 12038:
2026-07-16 01:51:19,903 P2105467 INFO [Task: click][Metrics] AUC: 0.920451 - logloss: 0.303122
2026-07-16 01:51:44,047 P2105467 INFO [Task: follow][Metrics] AUC: 0.907458 - logloss: 0.007108
2026-07-16 01:52:08,568 P2105467 INFO [Task: like][Metrics] AUC: 0.943806 - logloss: 0.048456
2026-07-16 01:52:33,218 P2105467 INFO [Task: share][Metrics] AUC: 0.919462 - logloss: 0.007762
2026-07-16 01:52:34,189 P2105467 INFO Save best model: monitor(max)=0.922794
2026-07-16 01:52:35,032 P2105467 INFO ************ Epoch=1 end ************
2026-07-16 01:52:35,034 P2105467 INFO Training finished.
2026-07-16 01:52:35,034 P2105467 INFO Load best model: /mnt/ceph-nj1-csp/bingoozhang/salmonli/ft_local/UniRank/checkpoints/QK_Video_Action/HyFormer_QK_Video_Action.model
2026-07-16 01:52:36,590 P2105467 INFO ******** Test evaluation ********
2026-07-16 01:52:36,591 P2105467 INFO Loading datasets...
2026-07-16 01:52:36,747 P2105467 INFO Test samples: total/12136271, blocks/2
2026-07-16 01:52:36,748 P2105467 INFO Loading test data done.
2026-07-16 01:54:58,811 P2105467 INFO [Task: click][Metrics] logloss: 0.252895 - AUC: 0.933026
2026-07-16 01:55:22,234 P2105467 INFO [Task: follow][Metrics] logloss: 0.005169 - AUC: 0.911015
2026-07-16 01:55:46,506 P2105467 INFO [Task: like][Metrics] logloss: 0.036963 - AUC: 0.946357
2026-07-16 01:56:10,551 P2105467 INFO [Task: share][Metrics] logloss: 0.005383 - AUC: 0.930454
2026-07-16 01:56:12,242 P2105467 INFO Deleted model checkpoint: /mnt/ceph-nj1-csp/bingoozhang/salmonli/ft_local/UniRank/checkpoints/QK_Video_Action/HyFormer_QK_Video_Action.model
