2026-07-09 22:54:11,478 P1580554 INFO UniRank version: 2.3.7
2026-07-09 22:54:11,479 P1580554 INFO Params: {
    "accumulation_steps": "1",
    "batch_size": "8192",
    "block_cache_size": "2",
    "blocked": "True",
    "data_format": "parquet",
    "data_root": "/mnt/ceph-nj1-csp/bingoozhang/salmonli/data",
    "dataset_id": "QK_Video_Action",
    "debug_mode": "False",
    "dense_learning_rate": "0.0001",
    "dense_optimizer": "AdamW",
    "dense_weight_decay": "0",
    "distributed": "True",
    "dnn_activations": "ReLU",
    "early_stop_patience": "2",
    "embedding_dim": "16",
    "enable_bf16": "True",
    "epochs": "1",
    "eval_steps": "None",
    "feature_cols": "[{'name': 'user_index', 'active': True, 'dtype': 'int', 'type': 'meta'}, {'name': 'item_index', 'active': True, 'dtype': 'int', 'type': 'meta'}, {'name': 'seq_len', 'active': True, 'dtype': 'int', 'type': 'meta'}, {'name': 'user_id', 'active': True, 'dtype': 'int', 'type': 'categorical', 'vocab_size': 4996177}, {'name': 'item_id', 'active': True, 'dtype': 'int', 'type': 'categorical', 'vocab_size': 3753437, 'source': 'item'}, {'name': 'video_category', 'active': True, 'dtype': 'int', 'type': 'categorical', 'vocab_size': 5, 'source': 'item'}, {'name': 'watching_times', 'active': True, 'dtype': 'int', 'type': 'categorical', 'vocab_size': 419}, {'name': 'gender', 'active': True, 'dtype': 'int', 'type': 'categorical', 'vocab_size': 5}, {'name': 'age', 'active': True, 'dtype': 'int', 'type': 'categorical', 'vocab_size': 10}, {'name': 'action', 'active': True, 'dtype': 'int', 'type': 'categorical', 'vocab_size': 17, 'source': 'action'}]",
    "feature_config": "None",
    "feature_specs": "None",
    "gpu": "0",
    "group_id": "user_index",
    "label_col": "[{'name': 'click', 'dtype': 'float'}, {'name': 'follow', 'dtype': 'float'}, {'name': 'like', 'dtype': 'float'}, {'name': 'share', 'dtype': 'float'}]",
    "local_rank": "0",
    "loss": "['binary_crossentropy', 'binary_crossentropy', 'binary_crossentropy', 'binary_crossentropy']",
    "max_len": "100",
    "metrics": "['logloss', 'AUC', 'gAUC']",
    "model": "LONGER",
    "model_id": "LONGER_QK_Video_Action",
    "model_root": "./checkpoints/",
    "monitor": "{'AUC': 1, 'logloss': 0, 'gAUC': 1}",
    "monitor_mode": "max",
    "net_dropout": "0",
    "num_groups": "4",
    "num_heads": "2",
    "num_layers": "3",
    "num_ns_token": "4",
    "num_tasks": "4",
    "num_workers": "4",
    "pickle_feature_encoder": "True",
    "query_size": "10",
    "rank": "0",
    "rebuild_dataset": "False",
    "save_best_only": "True",
    "seed": "20262027",
    "shuffle": "True",
    "sparse_learning_rate": "0.05",
    "sparse_optimizer": "Adagrad",
    "task": "binary_classification",
    "test_data": "/mnt/ceph-nj1-csp/bingoozhang/salmonli/data/QK_Video_Action/test/data",
    "test_item_info": "/mnt/ceph-nj1-csp/bingoozhang/salmonli/data/QK_Video_Action/test/item_info",
    "test_user_info": "/mnt/ceph-nj1-csp/bingoozhang/salmonli/data/QK_Video_Action/test/user_info",
    "token_dim": "256",
    "tower_activations": "ReLU",
    "tower_hidden_units": "[128, 64]",
    "train_data": "/mnt/ceph-nj1-csp/bingoozhang/salmonli/data/QK_Video_Action/train/data",
    "train_item_info": "/mnt/ceph-nj1-csp/bingoozhang/salmonli/data/QK_Video_Action/train/item_info",
    "train_user_info": "/mnt/ceph-nj1-csp/bingoozhang/salmonli/data/QK_Video_Action/train/user_info",
    "use_features": "None",
    "valid_data": "/mnt/ceph-nj1-csp/bingoozhang/salmonli/data/QK_Video_Action/valid/data",
    "valid_item_info": "/mnt/ceph-nj1-csp/bingoozhang/salmonli/data/QK_Video_Action/valid/item_info",
    "valid_user_info": "/mnt/ceph-nj1-csp/bingoozhang/salmonli/data/QK_Video_Action/valid/user_info",
    "verbose": "1",
    "world_size": "4"
}
2026-07-09 22:54:11,480 P1580554 INFO Set up feature processor...
2026-07-09 22:54:11,481 P1580554 INFO Fit feature processor...
2026-07-09 22:54:11,481 P1580554 INFO Processing column: {'name': 'user_index', 'active': True, 'dtype': 'int', 'type': 'meta'}
2026-07-09 22:54:11,481 P1580554 INFO Processing column: {'name': 'item_index', 'active': True, 'dtype': 'int', 'type': 'meta'}
2026-07-09 22:54:11,481 P1580554 INFO Processing column: {'name': 'seq_len', 'active': True, 'dtype': 'int', 'type': 'meta'}
2026-07-09 22:54:11,481 P1580554 INFO Processing column: {'name': 'user_id', 'active': True, 'dtype': 'int', 'type': 'categorical', 'vocab_size': 4996177}
2026-07-09 22:54:12,436 P1580554 INFO Processing column: {'name': 'item_id', 'active': True, 'dtype': 'int', 'type': 'categorical', 'vocab_size': 3753437, 'source': 'item'}
2026-07-09 22:54:13,172 P1580554 INFO Processing column: {'name': 'video_category', 'active': True, 'dtype': 'int', 'type': 'categorical', 'vocab_size': 5, 'source': 'item'}
2026-07-09 22:54:13,177 P1580554 INFO Processing column: {'name': 'watching_times', 'active': True, 'dtype': 'int', 'type': 'categorical', 'vocab_size': 419}
2026-07-09 22:54:13,180 P1580554 INFO Processing column: {'name': 'gender', 'active': True, 'dtype': 'int', 'type': 'categorical', 'vocab_size': 5}
2026-07-09 22:54:13,184 P1580554 INFO Processing column: {'name': 'age', 'active': True, 'dtype': 'int', 'type': 'categorical', 'vocab_size': 10}
2026-07-09 22:54:13,188 P1580554 INFO Processing column: {'name': 'action', 'active': True, 'dtype': 'int', 'type': 'categorical', 'vocab_size': 17, 'source': 'action'}
2026-07-09 22:54:13,197 P1580554 INFO Set column index...
2026-07-09 22:54:13,197 P1580554 INFO Save feature_map to json: /mnt/ceph-nj1-csp/bingoozhang/salmonli/data/QK_Video_Action/feature_map.json
2026-07-09 22:54:13,204 P1580554 INFO Pickle feature_encode: /mnt/ceph-nj1-csp/bingoozhang/salmonli/data/QK_Video_Action/feature_processor.pkl
2026-07-09 22:54:13,483 P1580554 INFO Save feature_vocab to json: /mnt/ceph-nj1-csp/bingoozhang/salmonli/data/QK_Video_Action/feature_vocab.json
2026-07-09 22:54:21,492 P1580554 INFO Set feature processor done.
2026-07-09 22:54:21,514 P1580554 INFO Load feature_map from json: /mnt/ceph-nj1-csp/bingoozhang/salmonli/data/QK_Video_Action/feature_map.json
2026-07-09 22:54:21,518 P1580554 INFO Set column index...
2026-07-09 22:54:21,518 P1580554 INFO Feature specs: {
    "action": "{'source': 'action', 'type': 'categorical', 'padding_idx': 0, 'vocab_size': 17}",
    "age": "{'source': '', 'type': 'categorical', 'padding_idx': 0, 'vocab_size': 10}",
    "gender": "{'source': '', 'type': 'categorical', 'padding_idx': 0, 'vocab_size': 5}",
    "item_id": "{'source': 'item', 'type': 'categorical', 'padding_idx': 0, 'vocab_size': 3753437}",
    "item_index": "{'type': 'meta'}",
    "seq_len": "{'type': 'meta'}",
    "user_id": "{'source': '', 'type': 'categorical', 'padding_idx': 0, 'vocab_size': 4996177}",
    "user_index": "{'type': 'meta'}",
    "video_category": "{'source': 'item', 'type': 'categorical', 'padding_idx': 0, 'vocab_size': 5}",
    "watching_times": "{'source': '', 'type': 'categorical', 'padding_idx': 0, 'vocab_size': 419}"
}
2026-07-09 22:54:22,834 P1580554 INFO Optimizers: dense=AdamW(lr=0.0001, weight_decay=0, params=10334212), sparse=Adagrad(lr=0.05, params=140001120)
2026-07-09 22:54:22,835 P1580554 INFO ************ compile start ************
2026-07-09 22:54:24,051 P1580554 INFO Compiled dense module: tokenizer_layer
2026-07-09 22:54:24,053 P1580554 INFO Compiled dense module: item_token_proj
2026-07-09 22:54:24,054 P1580554 INFO Compiled dense module: unified_layers
2026-07-09 22:54:24,055 P1580554 INFO Compiled dense module: tower.0
2026-07-09 22:54:24,056 P1580554 INFO Compiled dense module: tower.1
2026-07-09 22:54:24,057 P1580554 INFO Compiled dense module: tower.2
2026-07-09 22:54:24,058 P1580554 INFO Compiled dense module: tower.3
2026-07-09 22:54:24,872 P1580554 INFO Total number of parameters: 150335332.
2026-07-09 22:54:24,877 P1580554 INFO Number of embedding parameters: 140001120.
2026-07-09 22:54:24,880 P1580554 INFO Number of dense parameters: 10334212.
2026-07-09 22:54:24,884 P1580554 INFO Loading datasets...
2026-07-09 22:54:24,922 P1580554 INFO Train samples: total/98608038, blocks/2
2026-07-09 22:54:24,956 P1580554 INFO Validation samples: total/12519757, blocks/2
2026-07-09 22:54:24,956 P1580554 INFO Loading train and validation data done.
2026-07-09 22:54:24,957 P1580554 INFO BF16 mixed precision: True
2026-07-09 22:54:24,957 P1580554 INFO Start training: 12036 local batches/epoch
2026-07-09 22:54:24,957 P1580554 INFO DDP blocked training: True
2026-07-09 22:54:24,957 P1580554 INFO Disable step-wise eval and use epoch-end synchronized eval for DDP + blocked dataloader.
2026-07-09 22:54:24,957 P1580554 INFO ************ Epoch=1 start ************
2026-07-09 23:26:14,926 P1580554 INFO Train loss: 0.425133
2026-07-09 23:26:14,928 P1580554 INFO Evaluation @epoch 1 - batch 12036: 
2026-07-09 23:28:21,145 P1580554 INFO [Task: click][Metrics] AUC: 0.845472 - logloss: 0.410567 - gAUC: 0.834744
2026-07-09 23:28:50,386 P1580554 INFO [Task: follow][Metrics] AUC: 0.760827 - logloss: 0.008836 - gAUC: 0.715630
2026-07-09 23:29:26,956 P1580554 INFO [Task: like][Metrics] AUC: 0.846492 - logloss: 0.064995 - gAUC: 0.763098
2026-07-09 23:29:56,767 P1580554 INFO [Task: share][Metrics] AUC: 0.847395 - logloss: 0.009168 - gAUC: 0.821314
2026-07-09 23:29:57,731 P1580554 INFO Save best model: monitor(max)=1.608743
2026-07-09 23:29:58,611 P1580554 INFO ************ Epoch=1 end ************
2026-07-09 23:29:58,611 P1580554 INFO Training finished.
2026-07-09 23:29:58,611 P1580554 INFO Load best model: /mnt/ceph-nj1-csp/bingoozhang/salmonli/ft_local/UniRank/checkpoints/QK_Video_Action/LONGER_QK_Video_Action.model
2026-07-09 23:30:00,558 P1580554 INFO ******** Test evaluation ********
2026-07-09 23:30:00,559 P1580554 INFO Loading datasets...
2026-07-09 23:30:00,606 P1580554 INFO Test samples: total/12144989, blocks/2
2026-07-09 23:30:00,607 P1580554 INFO Loading test data done.
2026-07-09 23:32:01,505 P1580554 INFO [Task: click][Metrics] logloss: 0.337727 - AUC: 0.873654 - gAUC: 0.864045
2026-07-09 23:32:28,935 P1580554 INFO [Task: follow][Metrics] logloss: 0.006406 - AUC: 0.773354 - gAUC: 0.722711
2026-07-09 23:33:02,245 P1580554 INFO [Task: like][Metrics] logloss: 0.048569 - AUC: 0.856972 - gAUC: 0.769984
2026-07-09 23:33:30,811 P1580554 INFO [Task: share][Metrics] logloss: 0.006357 - AUC: 0.877850 - gAUC: 0.852465
2026-07-09 23:33:32,450 P1580554 INFO Deleted model checkpoint: /mnt/ceph-nj1-csp/bingoozhang/salmonli/ft_local/UniRank/checkpoints/QK_Video_Action/LONGER_QK_Video_Action.model
