2026-07-09 18:36:10,116 P1432805 INFO UniRank version: 2.3.7
2026-07-09 18:36:10,117 P1432805 INFO Params: {
    "accumulation_steps": "1",
    "batch_size": "8192",
    "block_cache_size": "2",
    "blocked": "True",
    "data_format": "parquet",
    "data_root": "/mnt/ceph-nj1-csp/bingoozhang/salmonli/data",
    "dataset_id": "QK_Video_Action",
    "debug_mode": "False",
    "dense_learning_rate": "0.0001",
    "dense_optimizer": "AdamW",
    "dense_weight_decay": "0",
    "distributed": "True",
    "dnn_activations": "ReLU",
    "early_stop_patience": "2",
    "embedding_dim": "16",
    "enable_bf16": "True",
    "epochs": "1",
    "eval_steps": "None",
    "feature_cols": "[{'name': 'user_index', 'active': True, 'dtype': 'int', 'type': 'meta'}, {'name': 'item_index', 'active': True, 'dtype': 'int', 'type': 'meta'}, {'name': 'seq_len', 'active': True, 'dtype': 'int', 'type': 'meta'}, {'name': 'user_id', 'active': True, 'dtype': 'int', 'type': 'categorical', 'vocab_size': 4996177}, {'name': 'item_id', 'active': True, 'dtype': 'int', 'type': 'categorical', 'vocab_size': 3753437, 'source': 'item'}, {'name': 'video_category', 'active': True, 'dtype': 'int', 'type': 'categorical', 'vocab_size': 5, 'source': 'item'}, {'name': 'watching_times', 'active': True, 'dtype': 'int', 'type': 'categorical', 'vocab_size': 419}, {'name': 'gender', 'active': True, 'dtype': 'int', 'type': 'categorical', 'vocab_size': 5}, {'name': 'age', 'active': True, 'dtype': 'int', 'type': 'categorical', 'vocab_size': 10}, {'name': 'action', 'active': True, 'dtype': 'int', 'type': 'categorical', 'vocab_size': 17, 'source': 'action'}]",
    "feature_config": "None",
    "feature_specs": "None",
    "gpu": "0",
    "group_id": "user_index",
    "label_col": "[{'name': 'click', 'dtype': 'float'}, {'name': 'follow', 'dtype': 'float'}, {'name': 'like', 'dtype': 'float'}, {'name': 'share', 'dtype': 'float'}]",
    "local_rank": "0",
    "loss": "['binary_crossentropy', 'binary_crossentropy', 'binary_crossentropy', 'binary_crossentropy']",
    "max_len": "100",
    "metrics": "['logloss', 'AUC', 'gAUC']",
    "model": "OneTrans",
    "model_id": "OneTrans_QK_Video_Action",
    "model_root": "./checkpoints/",
    "monitor": "{'AUC': 1, 'logloss': 0, 'gAUC': 1}",
    "monitor_mode": "max",
    "net_dropout": "0",
    "num_heads": "2",
    "num_layers": "3",
    "num_ns_token": "4",
    "num_tasks": "4",
    "num_workers": "4",
    "pickle_feature_encoder": "True",
    "rank": "0",
    "rebuild_dataset": "False",
    "save_best_only": "True",
    "seed": "20262027",
    "shuffle": "True",
    "sparse_learning_rate": "0.05",
    "sparse_optimizer": "Adagrad",
    "task": "binary_classification",
    "test_data": "/mnt/ceph-nj1-csp/bingoozhang/salmonli/data/QK_Video_Action/test/data",
    "test_item_info": "/mnt/ceph-nj1-csp/bingoozhang/salmonli/data/QK_Video_Action/test/item_info",
    "test_user_info": "/mnt/ceph-nj1-csp/bingoozhang/salmonli/data/QK_Video_Action/test/user_info",
    "token_dim": "256",
    "tower_activations": "ReLU",
    "tower_hidden_units": "[128, 64]",
    "train_data": "/mnt/ceph-nj1-csp/bingoozhang/salmonli/data/QK_Video_Action/train/data",
    "train_item_info": "/mnt/ceph-nj1-csp/bingoozhang/salmonli/data/QK_Video_Action/train/item_info",
    "train_user_info": "/mnt/ceph-nj1-csp/bingoozhang/salmonli/data/QK_Video_Action/train/user_info",
    "use_features": "None",
    "valid_data": "/mnt/ceph-nj1-csp/bingoozhang/salmonli/data/QK_Video_Action/valid/data",
    "valid_item_info": "/mnt/ceph-nj1-csp/bingoozhang/salmonli/data/QK_Video_Action/valid/item_info",
    "valid_user_info": "/mnt/ceph-nj1-csp/bingoozhang/salmonli/data/QK_Video_Action/valid/user_info",
    "verbose": "1",
    "world_size": "4"
}
2026-07-09 18:36:10,118 P1432805 INFO Set up feature processor...
2026-07-09 18:36:10,118 P1432805 INFO Fit feature processor...
2026-07-09 18:36:10,118 P1432805 INFO Processing column: {'name': 'user_index', 'active': True, 'dtype': 'int', 'type': 'meta'}
2026-07-09 18:36:10,119 P1432805 INFO Processing column: {'name': 'item_index', 'active': True, 'dtype': 'int', 'type': 'meta'}
2026-07-09 18:36:10,119 P1432805 INFO Processing column: {'name': 'seq_len', 'active': True, 'dtype': 'int', 'type': 'meta'}
2026-07-09 18:36:10,119 P1432805 INFO Processing column: {'name': 'user_id', 'active': True, 'dtype': 'int', 'type': 'categorical', 'vocab_size': 4996177}
2026-07-09 18:36:11,116 P1432805 INFO Processing column: {'name': 'item_id', 'active': True, 'dtype': 'int', 'type': 'categorical', 'vocab_size': 3753437, 'source': 'item'}
2026-07-09 18:36:11,891 P1432805 INFO Processing column: {'name': 'video_category', 'active': True, 'dtype': 'int', 'type': 'categorical', 'vocab_size': 5, 'source': 'item'}
2026-07-09 18:36:11,891 P1432805 INFO Processing column: {'name': 'watching_times', 'active': True, 'dtype': 'int', 'type': 'categorical', 'vocab_size': 419}
2026-07-09 18:36:11,891 P1432805 INFO Processing column: {'name': 'gender', 'active': True, 'dtype': 'int', 'type': 'categorical', 'vocab_size': 5}
2026-07-09 18:36:11,892 P1432805 INFO Processing column: {'name': 'age', 'active': True, 'dtype': 'int', 'type': 'categorical', 'vocab_size': 10}
2026-07-09 18:36:11,892 P1432805 INFO Processing column: {'name': 'action', 'active': True, 'dtype': 'int', 'type': 'categorical', 'vocab_size': 17, 'source': 'action'}
2026-07-09 18:36:11,892 P1432805 INFO Set column index...
2026-07-09 18:36:11,892 P1432805 INFO Save feature_map to json: /mnt/ceph-nj1-csp/bingoozhang/salmonli/data/QK_Video_Action/feature_map.json
2026-07-09 18:36:11,959 P1432805 INFO Pickle feature_encode: /mnt/ceph-nj1-csp/bingoozhang/salmonli/data/QK_Video_Action/feature_processor.pkl
2026-07-09 18:36:12,307 P1432805 INFO Save feature_vocab to json: /mnt/ceph-nj1-csp/bingoozhang/salmonli/data/QK_Video_Action/feature_vocab.json
2026-07-09 18:36:20,241 P1432805 INFO Set feature processor done.
2026-07-09 18:36:20,271 P1432805 INFO Load feature_map from json: /mnt/ceph-nj1-csp/bingoozhang/salmonli/data/QK_Video_Action/feature_map.json
2026-07-09 18:36:20,275 P1432805 INFO Set column index...
2026-07-09 18:36:20,275 P1432805 INFO Feature specs: {
    "action": "{'source': 'action', 'type': 'categorical', 'padding_idx': 0, 'vocab_size': 17}",
    "age": "{'source': '', 'type': 'categorical', 'padding_idx': 0, 'vocab_size': 10}",
    "gender": "{'source': '', 'type': 'categorical', 'padding_idx': 0, 'vocab_size': 5}",
    "item_id": "{'source': 'item', 'type': 'categorical', 'padding_idx': 0, 'vocab_size': 3753437}",
    "item_index": "{'type': 'meta'}",
    "seq_len": "{'type': 'meta'}",
    "user_id": "{'source': '', 'type': 'categorical', 'padding_idx': 0, 'vocab_size': 4996177}",
    "user_index": "{'type': 'meta'}",
    "video_category": "{'source': 'item', 'type': 'categorical', 'padding_idx': 0, 'vocab_size': 5}",
    "watching_times": "{'source': '', 'type': 'categorical', 'padding_idx': 0, 'vocab_size': 419}"
}
2026-07-09 18:36:21,591 P1432805 INFO Optimizers: dense=AdamW(lr=0.0001, weight_decay=0, params=11720708), sparse=Adagrad(lr=0.05, params=140001120)
2026-07-09 18:36:21,592 P1432805 INFO ************ compile start ************
2026-07-09 18:36:22,754 P1432805 INFO Compiled dense module: tokenizer_layer
2026-07-09 18:36:22,755 P1432805 INFO Compiled dense module: item_token_proj
2026-07-09 18:36:22,757 P1432805 INFO Compiled dense module: unified_layers
2026-07-09 18:36:22,758 P1432805 INFO Compiled dense module: tower.0
2026-07-09 18:36:22,759 P1432805 INFO Compiled dense module: tower.1
2026-07-09 18:36:22,760 P1432805 INFO Compiled dense module: tower.2
2026-07-09 18:36:22,761 P1432805 INFO Compiled dense module: tower.3
2026-07-09 18:36:23,593 P1432805 INFO Total number of parameters: 151721828.
2026-07-09 18:36:23,594 P1432805 INFO Number of embedding parameters: 140001120.
2026-07-09 18:36:23,594 P1432805 INFO Number of dense parameters: 11720708.
2026-07-09 18:36:23,594 P1432805 INFO Loading datasets...
2026-07-09 18:36:23,628 P1432805 INFO Train samples: total/98608038, blocks/2
2026-07-09 18:36:23,667 P1432805 INFO Validation samples: total/12519757, blocks/2
2026-07-09 18:36:23,667 P1432805 INFO Loading train and validation data done.
2026-07-09 18:36:23,670 P1432805 INFO BF16 mixed precision: True
2026-07-09 18:36:23,670 P1432805 INFO Start training: 12036 local batches/epoch
2026-07-09 18:36:23,670 P1432805 INFO DDP blocked training: True
2026-07-09 18:36:23,670 P1432805 INFO Disable step-wise eval and use epoch-end synchronized eval for DDP + blocked dataloader.
2026-07-09 18:36:23,670 P1432805 INFO ************ Epoch=1 start ************
2026-07-09 18:59:50,843 P1432805 INFO Train loss: 0.424969
2026-07-09 18:59:50,846 P1432805 INFO Evaluation @epoch 1 - batch 12036: 
2026-07-09 19:01:32,370 P1432805 INFO [Task: click][Metrics] AUC: 0.849112 - logloss: 0.408115 - gAUC: 0.838313
2026-07-09 19:02:01,917 P1432805 INFO [Task: follow][Metrics] AUC: 0.786822 - logloss: 0.008572 - gAUC: 0.740342
2026-07-09 19:02:38,685 P1432805 INFO [Task: like][Metrics] AUC: 0.869111 - logloss: 0.061619 - gAUC: 0.785752
2026-07-09 19:03:08,706 P1432805 INFO [Task: share][Metrics] AUC: 0.859117 - logloss: 0.009052 - gAUC: 0.829312
2026-07-09 19:03:09,757 P1432805 INFO Save best model: monitor(max)=1.639470
2026-07-09 19:03:10,645 P1432805 INFO ************ Epoch=1 end ************
2026-07-09 19:03:10,647 P1432805 INFO Training finished.
2026-07-09 19:03:10,647 P1432805 INFO Load best model: /mnt/ceph-nj1-csp/bingoozhang/salmonli/ft_local/UniRank/checkpoints/QK_Video_Action/OneTrans_QK_Video_Action.model
2026-07-09 19:03:12,900 P1432805 INFO ******** Test evaluation ********
2026-07-09 19:03:12,901 P1432805 INFO Loading datasets...
2026-07-09 19:03:12,937 P1432805 INFO Test samples: total/12144989, blocks/2
2026-07-09 19:03:12,938 P1432805 INFO Loading test data done.
2026-07-09 19:04:46,487 P1432805 INFO [Task: click][Metrics] logloss: 0.336549 - AUC: 0.876590 - gAUC: 0.867019
2026-07-09 19:05:14,972 P1432805 INFO [Task: follow][Metrics] logloss: 0.006144 - AUC: 0.799883 - gAUC: 0.748307
2026-07-09 19:05:49,113 P1432805 INFO [Task: like][Metrics] logloss: 0.046292 - AUC: 0.875262 - gAUC: 0.788633
2026-07-09 19:06:18,773 P1432805 INFO [Task: share][Metrics] logloss: 0.006313 - AUC: 0.886188 - gAUC: 0.857615
2026-07-09 19:06:20,532 P1432805 INFO Deleted model checkpoint: /mnt/ceph-nj1-csp/bingoozhang/salmonli/ft_local/UniRank/checkpoints/QK_Video_Action/OneTrans_QK_Video_Action.model
