2026-07-15 03:08:48,476 P1177784 INFO Params: {
    "accumulation_steps": "1",
    "attention_dropout": "0",
    "batch_size": "8192",
    "block_cache_size": "2",
    "blocked": "True",
    "data_format": "parquet",
    "data_root": "/mnt/ceph-nj1-csp/bingoozhang/salmonli/data",
    "dataset_id": "QK_Video_Action",
    "debug_mode": "False",
    "dense_learning_rate": "0.0001",
    "dense_optimizer": "AdamW",
    "dense_weight_decay": "0",
    "distributed": "True",
    "early_stop_patience": "2",
    "embedding_dim": "16",
    "enable_bf16": "True",
    "enable_torch_compile": "True",
    "epochs": "1",
    "eval_steps": "None",
    "expansion_factor": "2",
    "feature_cols": "[{'name': 'user_index', 'active': True, 'dtype': 'int', 'type': 'meta'}, {'name': 'item_index', 'active': True, 'dtype': 'int', 'type': 'meta'}, {'name': 'seq_len', 'active': True, 'dtype': 'int', 'type': 'meta'}, {'name': 'user_id', 'active': True, 'dtype': 'int', 'type': 'categorical', 'vocab_size': 4996177}, {'name': 'item_id', 'active': True, 'dtype': 'int', 'type': 'categorical', 'vocab_size': 3753437, 'source': 'item'}, {'name': 'video_category', 'active': True, 'dtype': 'int', 'type': 'categorical', 'vocab_size': 5, 'source': 'item'}, {'name': 'watching_times', 'active': True, 'dtype': 'int', 'type': 'categorical', 'vocab_size': 419}, {'name': 'gender', 'active': True, 'dtype': 'int', 'type': 'categorical', 'vocab_size': 5}, {'name': 'age', 'active': True, 'dtype': 'int', 'type': 'categorical', 'vocab_size': 10}, {'name': 'action', 'active': True, 'dtype': 'int', 'type': 'categorical', 'vocab_size': 17, 'source': 'action'}]",
    "feature_config": "None",
    "feature_specs": "None",
    "gpu": "0",
    "gradient_checkpointing": "False",
    "group_id": "user_id",
    "label_col": "[{'name': 'click', 'dtype': 'float'}, {'name': 'follow', 'dtype': 'float'}, {'name': 'like', 'dtype': 'float'}, {'name': 'share', 'dtype': 'float'}]",
    "local_rank": "0",
    "loss": "['binary_crossentropy', 'binary_crossentropy', 'binary_crossentropy', 'binary_crossentropy']",
    "max_len": "100",
    "metrics": "['logloss', 'AUC']",
    "model": "RankMixer",
    "model_id": "RankMixer_QK_Video_Action",
    "model_root": "./checkpoints/",
    "monitor": "{'AUC': 1, 'logloss': 0}",
    "monitor_mode": "max",
    "net_dropout": "0",
    "num_layers": "3",
    "num_ns_token": "4",
    "num_tasks": "4",
    "num_workers": "4",
    "pickle_feature_encoder": "True",
    "rank": "0",
    "rebuild_dataset": "False",
    "save_best_only": "True",
    "seed": "20262027",
    "shuffle": "True",
    "sparse_learning_rate": "0.05",
    "sparse_optimizer": "Adagrad",
    "task": "binary_classification",
    "test_data": "/mnt/ceph-nj1-csp/bingoozhang/salmonli/data/QK_Video_Action/test/data",
    "test_item_info": "/mnt/ceph-nj1-csp/bingoozhang/salmonli/data/QK_Video_Action/test/item_info",
    "test_user_info": "/mnt/ceph-nj1-csp/bingoozhang/salmonli/data/QK_Video_Action/test/user_info",
    "token_dim": "256",
    "tokenizer_type": "Chunk",
    "tower_activations": "ReLU",
    "tower_hidden_units": "[128, 64]",
    "train_data": "/mnt/ceph-nj1-csp/bingoozhang/salmonli/data/QK_Video_Action/train/data",
    "train_item_info": "/mnt/ceph-nj1-csp/bingoozhang/salmonli/data/QK_Video_Action/train/item_info",
    "train_user_info": "/mnt/ceph-nj1-csp/bingoozhang/salmonli/data/QK_Video_Action/train/user_info",
    "use_features": "None",
    "valid_data": "/mnt/ceph-nj1-csp/bingoozhang/salmonli/data/QK_Video_Action/valid/data",
    "valid_item_info": "/mnt/ceph-nj1-csp/bingoozhang/salmonli/data/QK_Video_Action/valid/item_info",
    "valid_user_info": "/mnt/ceph-nj1-csp/bingoozhang/salmonli/data/QK_Video_Action/valid/user_info",
    "verbose": "1",
    "world_size": "4"
}
2026-07-15 03:08:48,478 P1177784 INFO Set up feature processor...
2026-07-15 03:08:48,478 P1177784 INFO Fit feature processor...
2026-07-15 03:08:48,478 P1177784 INFO Processing column: {'name': 'user_index', 'active': True, 'dtype': 'int', 'type': 'meta'}
2026-07-15 03:08:48,478 P1177784 INFO Processing column: {'name': 'item_index', 'active': True, 'dtype': 'int', 'type': 'meta'}
2026-07-15 03:08:48,478 P1177784 INFO Processing column: {'name': 'seq_len', 'active': True, 'dtype': 'int', 'type': 'meta'}
2026-07-15 03:08:48,478 P1177784 INFO Processing column: {'name': 'user_id', 'active': True, 'dtype': 'int', 'type': 'categorical', 'vocab_size': 4996177}
2026-07-15 03:08:49,418 P1177784 INFO Processing column: {'name': 'item_id', 'active': True, 'dtype': 'int', 'type': 'categorical', 'vocab_size': 3753437, 'source': 'item'}
2026-07-15 03:08:50,150 P1177784 INFO Processing column: {'name': 'video_category', 'active': True, 'dtype': 'int', 'type': 'categorical', 'vocab_size': 5, 'source': 'item'}
2026-07-15 03:08:50,151 P1177784 INFO Processing column: {'name': 'watching_times', 'active': True, 'dtype': 'int', 'type': 'categorical', 'vocab_size': 419}
2026-07-15 03:08:50,151 P1177784 INFO Processing column: {'name': 'gender', 'active': True, 'dtype': 'int', 'type': 'categorical', 'vocab_size': 5}
2026-07-15 03:08:50,151 P1177784 INFO Processing column: {'name': 'age', 'active': True, 'dtype': 'int', 'type': 'categorical', 'vocab_size': 10}
2026-07-15 03:08:50,151 P1177784 INFO Processing column: {'name': 'action', 'active': True, 'dtype': 'int', 'type': 'categorical', 'vocab_size': 17, 'source': 'action'}
2026-07-15 03:08:50,152 P1177784 INFO Set column index...
2026-07-15 03:08:50,152 P1177784 INFO Save feature_map to json: /mnt/ceph-nj1-csp/bingoozhang/salmonli/data/QK_Video_Action/feature_map.json
2026-07-15 03:08:50,193 P1177784 INFO Pickle feature_encode: /mnt/ceph-nj1-csp/bingoozhang/salmonli/data/QK_Video_Action/feature_processor.pkl
2026-07-15 03:08:50,452 P1177784 INFO Save feature_vocab to json: /mnt/ceph-nj1-csp/bingoozhang/salmonli/data/QK_Video_Action/feature_vocab.json
2026-07-15 03:08:57,715 P1177784 INFO Set feature processor done.
2026-07-15 03:08:57,744 P1177784 INFO Load feature_map from json: /mnt/ceph-nj1-csp/bingoozhang/salmonli/data/QK_Video_Action/feature_map.json
2026-07-15 03:08:57,747 P1177784 INFO Set column index...
2026-07-15 03:08:57,747 P1177784 INFO Feature specs: {
    "action": "{'source': 'action', 'type': 'categorical', 'padding_idx': 0, 'vocab_size': 17}",
    "age": "{'source': '', 'type': 'categorical', 'padding_idx': 0, 'vocab_size': 10}",
    "gender": "{'source': '', 'type': 'categorical', 'padding_idx': 0, 'vocab_size': 5}",
    "item_id": "{'source': 'item', 'type': 'categorical', 'padding_idx': 0, 'vocab_size': 3753437}",
    "item_index": "{'type': 'meta'}",
    "seq_len": "{'type': 'meta'}",
    "user_id": "{'source': '', 'type': 'categorical', 'padding_idx': 0, 'vocab_size': 4996177}",
    "user_index": "{'type': 'meta'}",
    "video_category": "{'source': 'item', 'type': 'categorical', 'padding_idx': 0, 'vocab_size': 5}",
    "watching_times": "{'source': '', 'type': 'categorical', 'padding_idx': 0, 'vocab_size': 419}"
}
2026-07-15 03:08:59,030 P1177784 INFO Optimizers: dense=AdamW(lr=0.0001, weight_decay=0, params=3416068), sparse=Adagrad(lr=0.05, params=140001120)
2026-07-15 03:08:59,030 P1177784 INFO ************ compile start ************
2026-07-15 03:09:00,342 P1177784 INFO Compiled dense module: unified_tokenizer_layer
2026-07-15 03:09:00,344 P1177784 INFO Compiled dense module: attention_layers
2026-07-15 03:09:00,345 P1177784 INFO Compiled dense module: unified_interaction_layers
2026-07-15 03:09:00,346 P1177784 INFO Compiled dense module: tower.0
2026-07-15 03:09:00,347 P1177784 INFO Compiled dense module: tower.1
2026-07-15 03:09:00,348 P1177784 INFO Compiled dense module: tower.2
2026-07-15 03:09:00,349 P1177784 INFO Compiled dense module: tower.3
2026-07-15 03:09:01,071 P1177784 INFO Total number of parameters: 143417188.
2026-07-15 03:09:01,072 P1177784 INFO Number of embedding parameters: 140001120.
2026-07-15 03:09:01,072 P1177784 INFO Number of dense parameters: 3416068.
2026-07-15 03:09:01,072 P1177784 INFO Loading datasets...
2026-07-15 03:09:01,138 P1177784 INFO Train samples: total/98652130, blocks/8
2026-07-15 03:09:01,172 P1177784 INFO Validation samples: total/12510789, blocks/2
2026-07-15 03:09:01,172 P1177784 INFO Loading train and validation data done.
2026-07-15 03:09:01,330 P1177784 INFO BF16 mixed precision: True
2026-07-15 03:09:01,330 P1177784 INFO Gradient checkpointing: False
2026-07-15 03:09:01,330 P1177784 INFO Start training: 12038 local batches/epoch
2026-07-15 03:09:01,330 P1177784 INFO DDP blocked training: True
2026-07-15 03:09:01,330 P1177784 INFO Disable step-wise eval and use epoch-end synchronized eval for DDP + blocked dataloader.
2026-07-15 03:09:01,330 P1177784 INFO ************ Epoch=1 start ************
2026-07-15 03:20:28,227 P1177784 INFO Train loss: 0.428176
2026-07-15 03:20:28,229 P1177784 INFO Evaluation @epoch 1 - batch 12038:
2026-07-15 03:21:41,382 P1177784 INFO [Task: click][Metrics] AUC: 0.919251 - logloss: 0.305017
2026-07-15 03:22:05,151 P1177784 INFO [Task: follow][Metrics] AUC: 0.909089 - logloss: 0.007085
2026-07-15 03:22:29,131 P1177784 INFO [Task: like][Metrics] AUC: 0.942078 - logloss: 0.049000
2026-07-15 03:22:53,308 P1177784 INFO [Task: share][Metrics] AUC: 0.918611 - logloss: 0.007795
2026-07-15 03:22:54,269 P1177784 INFO Save best model: monitor(max)=0.922257
2026-07-15 03:22:55,075 P1177784 INFO ************ Epoch=1 end ************
2026-07-15 03:22:55,077 P1177784 INFO Training finished.
2026-07-15 03:22:55,078 P1177784 INFO Load best model: /mnt/ceph-nj1-csp/bingoozhang/salmonli/ft_local/UniRank/checkpoints/QK_Video_Action/RankMixer_QK_Video_Action.model
2026-07-15 03:22:56,398 P1177784 INFO ******** Test evaluation ********
2026-07-15 03:22:56,399 P1177784 INFO Loading datasets...
2026-07-15 03:22:56,440 P1177784 INFO Test samples: total/12136271, blocks/2
2026-07-15 03:22:56,440 P1177784 INFO Loading test data done.
2026-07-15 03:24:02,269 P1177784 INFO [Task: click][Metrics] logloss: 0.254706 - AUC: 0.931786
2026-07-15 03:24:26,217 P1177784 INFO [Task: follow][Metrics] logloss: 0.005173 - AUC: 0.910842
2026-07-15 03:24:49,767 P1177784 INFO [Task: like][Metrics] logloss: 0.037531 - AUC: 0.944355
2026-07-15 03:25:13,822 P1177784 INFO [Task: share][Metrics] logloss: 0.005423 - AUC: 0.928995
2026-07-15 03:25:15,415 P1177784 INFO Deleted model checkpoint: /mnt/ceph-nj1-csp/bingoozhang/salmonli/ft_local/UniRank/checkpoints/QK_Video_Action/RankMixer_QK_Video_Action.model
