2026-07-17 03:21:27,056 P2861214 INFO Params: {
    "accumulation_steps": "1",
    "attention_dropout": "0",
    "batch_size": "8192",
    "block_cache_size": "2",
    "blocked": "True",
    "data_format": "parquet",
    "data_root": "/mnt/ceph-nj1-csp/bingoozhang/salmonli/data",
    "dataset_id": "QK_Video_Action",
    "debug_mode": "False",
    "dense_learning_rate": "0.0001",
    "dense_optimizer": "AdamW",
    "dense_weight_decay": "0",
    "distributed": "True",
    "early_stop_patience": "2",
    "embedding_dim": "16",
    "enable_bf16": "True",
    "enable_torch_compile": "True",
    "epochs": "1",
    "eval_steps": "None",
    "feature_cols": "[{'name': 'user_index', 'active': True, 'dtype': 'int', 'type': 'meta'}, {'name': 'item_index', 'active': True, 'dtype': 'int', 'type': 'meta'}, {'name': 'seq_len', 'active': True, 'dtype': 'int', 'type': 'meta'}, {'name': 'user_id', 'active': True, 'dtype': 'int', 'type': 'categorical', 'vocab_size': 4996177}, {'name': 'item_id', 'active': True, 'dtype': 'int', 'type': 'categorical', 'vocab_size': 3753437, 'source': 'item'}, {'name': 'video_category', 'active': True, 'dtype': 'int', 'type': 'categorical', 'vocab_size': 5, 'source': 'item'}, {'name': 'watching_times', 'active': True, 'dtype': 'int', 'type': 'categorical', 'vocab_size': 419}, {'name': 'gender', 'active': True, 'dtype': 'int', 'type': 'categorical', 'vocab_size': 5}, {'name': 'age', 'active': True, 'dtype': 'int', 'type': 'categorical', 'vocab_size': 10}, {'name': 'action', 'active': True, 'dtype': 'int', 'type': 'categorical', 'vocab_size': 17, 'source': 'action'}]",
    "feature_config": "None",
    "feature_specs": "None",
    "gpu": "0",
    "gradient_checkpointing": "False",
    "group_id": "user_id",
    "init_alpha": "0.1",
    "label_col": "[{'name': 'click', 'dtype': 'float'}, {'name': 'follow', 'dtype': 'float'}, {'name': 'like', 'dtype': 'float'}, {'name': 'share', 'dtype': 'float'}]",
    "local_rank": "0",
    "loss": "['binary_crossentropy', 'binary_crossentropy', 'binary_crossentropy', 'binary_crossentropy']",
    "max_len": "100",
    "metrics": "['logloss', 'AUC']",
    "model": "SSR",
    "model_id": "SSR_QK_Video_Action",
    "model_root": "./checkpoints/",
    "monitor": "{'AUC': 1, 'logloss': 0}",
    "monitor_mode": "max",
    "net_dropout": "0",
    "num_iters": "5",
    "num_layers": "3",
    "num_ns_token": "4",
    "num_tasks": "4",
    "num_workers": "4",
    "pickle_feature_encoder": "True",
    "rank": "0",
    "rebuild_dataset": "False",
    "save_best_only": "True",
    "seed": "20262027",
    "shuffle": "True",
    "sparse_learning_rate": "0.05",
    "sparse_optimizer": "Adagrad",
    "task": "binary_classification",
    "test_data": "/mnt/ceph-nj1-csp/bingoozhang/salmonli/data/QK_Video_Action/test/data",
    "test_item_info": "/mnt/ceph-nj1-csp/bingoozhang/salmonli/data/QK_Video_Action/test/item_info",
    "test_user_info": "/mnt/ceph-nj1-csp/bingoozhang/salmonli/data/QK_Video_Action/test/user_info",
    "token_dim": "256",
    "tower_activations": "ReLU",
    "tower_hidden_units": "[128, 64]",
    "train_data": "/mnt/ceph-nj1-csp/bingoozhang/salmonli/data/QK_Video_Action/train/data",
    "train_item_info": "/mnt/ceph-nj1-csp/bingoozhang/salmonli/data/QK_Video_Action/train/item_info",
    "train_user_info": "/mnt/ceph-nj1-csp/bingoozhang/salmonli/data/QK_Video_Action/train/user_info",
    "use_features": "None",
    "valid_data": "/mnt/ceph-nj1-csp/bingoozhang/salmonli/data/QK_Video_Action/valid/data",
    "valid_item_info": "/mnt/ceph-nj1-csp/bingoozhang/salmonli/data/QK_Video_Action/valid/item_info",
    "valid_user_info": "/mnt/ceph-nj1-csp/bingoozhang/salmonli/data/QK_Video_Action/valid/user_info",
    "verbose": "1",
    "world_size": "4"
}
2026-07-17 03:21:27,057 P2861214 INFO Set up feature processor...
2026-07-17 03:21:27,057 P2861214 INFO Fit feature processor...
2026-07-17 03:21:27,058 P2861214 INFO Processing column: {'name': 'user_index', 'active': True, 'dtype': 'int', 'type': 'meta'}
2026-07-17 03:21:27,058 P2861214 INFO Processing column: {'name': 'item_index', 'active': True, 'dtype': 'int', 'type': 'meta'}
2026-07-17 03:21:27,058 P2861214 INFO Processing column: {'name': 'seq_len', 'active': True, 'dtype': 'int', 'type': 'meta'}
2026-07-17 03:21:27,058 P2861214 INFO Processing column: {'name': 'user_id', 'active': True, 'dtype': 'int', 'type': 'categorical', 'vocab_size': 4996177}
2026-07-17 03:21:28,013 P2861214 INFO Processing column: {'name': 'item_id', 'active': True, 'dtype': 'int', 'type': 'categorical', 'vocab_size': 3753437, 'source': 'item'}
2026-07-17 03:21:28,760 P2861214 INFO Processing column: {'name': 'video_category', 'active': True, 'dtype': 'int', 'type': 'categorical', 'vocab_size': 5, 'source': 'item'}
2026-07-17 03:21:28,761 P2861214 INFO Processing column: {'name': 'watching_times', 'active': True, 'dtype': 'int', 'type': 'categorical', 'vocab_size': 419}
2026-07-17 03:21:28,761 P2861214 INFO Processing column: {'name': 'gender', 'active': True, 'dtype': 'int', 'type': 'categorical', 'vocab_size': 5}
2026-07-17 03:21:28,761 P2861214 INFO Processing column: {'name': 'age', 'active': True, 'dtype': 'int', 'type': 'categorical', 'vocab_size': 10}
2026-07-17 03:21:28,761 P2861214 INFO Processing column: {'name': 'action', 'active': True, 'dtype': 'int', 'type': 'categorical', 'vocab_size': 17, 'source': 'action'}
2026-07-17 03:21:28,762 P2861214 INFO Set column index...
2026-07-17 03:21:28,762 P2861214 INFO Save feature_map to json: /mnt/ceph-nj1-csp/bingoozhang/salmonli/data/QK_Video_Action/feature_map.json
2026-07-17 03:21:28,767 P2861214 INFO Pickle feature_encode: /mnt/ceph-nj1-csp/bingoozhang/salmonli/data/QK_Video_Action/feature_processor.pkl
2026-07-17 03:21:29,025 P2861214 INFO Save feature_vocab to json: /mnt/ceph-nj1-csp/bingoozhang/salmonli/data/QK_Video_Action/feature_vocab.json
2026-07-17 03:21:36,215 P2861214 INFO Set feature processor done.
2026-07-17 03:21:36,241 P2861214 INFO Load feature_map from json: /mnt/ceph-nj1-csp/bingoozhang/salmonli/data/QK_Video_Action/feature_map.json
2026-07-17 03:21:36,244 P2861214 INFO Set column index...
2026-07-17 03:21:36,244 P2861214 INFO Feature specs: {
    "action": "{'source': 'action', 'type': 'categorical', 'padding_idx': 0, 'vocab_size': 17}",
    "age": "{'source': '', 'type': 'categorical', 'padding_idx': 0, 'vocab_size': 10}",
    "gender": "{'source': '', 'type': 'categorical', 'padding_idx': 0, 'vocab_size': 5}",
    "item_id": "{'source': 'item', 'type': 'categorical', 'padding_idx': 0, 'vocab_size': 3753437}",
    "item_index": "{'type': 'meta'}",
    "seq_len": "{'type': 'meta'}",
    "user_id": "{'source': '', 'type': 'categorical', 'padding_idx': 0, 'vocab_size': 4996177}",
    "user_index": "{'type': 'meta'}",
    "video_category": "{'source': 'item', 'type': 'categorical', 'padding_idx': 0, 'vocab_size': 5}",
    "watching_times": "{'source': '', 'type': 'categorical', 'padding_idx': 0, 'vocab_size': 419}"
}
2026-07-17 03:21:37,513 P2861214 INFO Optimizers: dense=AdamW(lr=0.0001, weight_decay=0, params=3278400), sparse=Adagrad(lr=0.05, params=140001120)
2026-07-17 03:21:37,514 P2861214 INFO ************ compile start ************
2026-07-17 03:21:38,885 P2861214 INFO Compiled dense module: attention_layers
2026-07-17 03:21:38,887 P2861214 INFO Compiled dense module: unified_interaction_layers
2026-07-17 03:21:38,888 P2861214 INFO Compiled dense module: tower.0
2026-07-17 03:21:38,889 P2861214 INFO Compiled dense module: tower.1
2026-07-17 03:21:38,890 P2861214 INFO Compiled dense module: tower.2
2026-07-17 03:21:38,891 P2861214 INFO Compiled dense module: tower.3
2026-07-17 03:21:39,693 P2861214 INFO Total number of parameters: 143279520.
2026-07-17 03:21:39,693 P2861214 INFO Number of embedding parameters: 140001120.
2026-07-17 03:21:39,694 P2861214 INFO Number of dense parameters: 3278400.
2026-07-17 03:21:39,694 P2861214 INFO Loading datasets...
2026-07-17 03:21:39,755 P2861214 INFO Train samples: total/98652130, blocks/8
2026-07-17 03:21:39,788 P2861214 INFO Validation samples: total/12510789, blocks/2
2026-07-17 03:21:39,788 P2861214 INFO Loading train and validation data done.
2026-07-17 03:21:39,968 P2861214 INFO BF16 mixed precision: True
2026-07-17 03:21:39,969 P2861214 INFO Gradient checkpointing: False
2026-07-17 03:21:39,969 P2861214 INFO Start training: 12038 local batches/epoch
2026-07-17 03:21:39,969 P2861214 INFO DDP blocked training: True
2026-07-17 03:21:39,969 P2861214 INFO Disable step-wise eval and use epoch-end synchronized eval for DDP + blocked dataloader.
2026-07-17 03:21:39,969 P2861214 INFO ************ Epoch=1 start ************
2026-07-17 03:37:36,397 P2861214 INFO Train loss: 0.428542
2026-07-17 03:37:36,399 P2861214 INFO Evaluation @epoch 1 - batch 12038:
2026-07-17 03:38:50,547 P2861214 INFO [Task: click][Metrics] AUC: 0.918975 - logloss: 0.305469
2026-07-17 03:39:15,339 P2861214 INFO [Task: follow][Metrics] AUC: 0.906445 - logloss: 0.007097
2026-07-17 03:39:39,999 P2861214 INFO [Task: like][Metrics] AUC: 0.940781 - logloss: 0.049329
2026-07-17 03:40:04,697 P2861214 INFO [Task: share][Metrics] AUC: 0.917043 - logloss: 0.007848
2026-07-17 03:40:05,709 P2861214 INFO Save best model: monitor(max)=0.920811
2026-07-17 03:40:06,521 P2861214 INFO ************ Epoch=1 end ************
2026-07-17 03:40:06,522 P2861214 INFO Training finished.
2026-07-17 03:40:06,522 P2861214 INFO Load best model: /mnt/ceph-nj1-csp/bingoozhang/salmonli/ft_local/UniRank/checkpoints/QK_Video_Action/SSR_QK_Video_Action.model
2026-07-17 03:40:08,044 P2861214 INFO ******** Test evaluation ********
2026-07-17 03:40:08,045 P2861214 INFO Loading datasets...
2026-07-17 03:40:08,082 P2861214 INFO Test samples: total/12136271, blocks/2
2026-07-17 03:40:08,082 P2861214 INFO Loading test data done.
2026-07-17 03:41:13,210 P2861214 INFO [Task: click][Metrics] logloss: 0.255389 - AUC: 0.931359
2026-07-17 03:41:37,532 P2861214 INFO [Task: follow][Metrics] logloss: 0.005145 - AUC: 0.908094
2026-07-17 03:42:01,885 P2861214 INFO [Task: like][Metrics] logloss: 0.038062 - AUC: 0.942771
2026-07-17 03:42:26,786 P2861214 INFO [Task: share][Metrics] logloss: 0.005456 - AUC: 0.929208
2026-07-17 03:42:28,401 P2861214 INFO Deleted model checkpoint: /mnt/ceph-nj1-csp/bingoozhang/salmonli/ft_local/UniRank/checkpoints/QK_Video_Action/SSR_QK_Video_Action.model
