2026-07-15 03:25:45,545 P1193380 INFO Params: {
    "accumulation_steps": "1",
    "batch_size": "8192",
    "block_cache_size": "2",
    "blocked": "True",
    "data_format": "parquet",
    "data_root": "/mnt/ceph-nj1-csp/bingoozhang/salmonli/data",
    "dataset_id": "QK_Video_Action",
    "debug_mode": "False",
    "dense_learning_rate": "0.0001",
    "dense_optimizer": "AdamW",
    "dense_weight_decay": "0",
    "distributed": "True",
    "early_stop_patience": "2",
    "embedding_dim": "16",
    "enable_bf16": "True",
    "enable_torch_compile": "True",
    "epochs": "1",
    "eval_steps": "None",
    "feature_cols": "[{'name': 'user_index', 'active': True, 'dtype': 'int', 'type': 'meta'}, {'name': 'item_index', 'active': True, 'dtype': 'int', 'type': 'meta'}, {'name': 'seq_len', 'active': True, 'dtype': 'int', 'type': 'meta'}, {'name': 'user_id', 'active': True, 'dtype': 'int', 'type': 'categorical', 'vocab_size': 4996177}, {'name': 'item_id', 'active': True, 'dtype': 'int', 'type': 'categorical', 'vocab_size': 3753437, 'source': 'item'}, {'name': 'video_category', 'active': True, 'dtype': 'int', 'type': 'categorical', 'vocab_size': 5, 'source': 'item'}, {'name': 'watching_times', 'active': True, 'dtype': 'int', 'type': 'categorical', 'vocab_size': 419}, {'name': 'gender', 'active': True, 'dtype': 'int', 'type': 'categorical', 'vocab_size': 5}, {'name': 'age', 'active': True, 'dtype': 'int', 'type': 'categorical', 'vocab_size': 10}, {'name': 'action', 'active': True, 'dtype': 'int', 'type': 'categorical', 'vocab_size': 17, 'source': 'action'}]",
    "feature_config": "None",
    "feature_specs": "None",
    "gpu": "0",
    "gradient_checkpointing": "False",
    "group_id": "user_id",
    "label_col": "[{'name': 'click', 'dtype': 'float'}, {'name': 'follow', 'dtype': 'float'}, {'name': 'like', 'dtype': 'float'}, {'name': 'share', 'dtype': 'float'}]",
    "local_rank": "0",
    "loss": "['binary_crossentropy', 'binary_crossentropy', 'binary_crossentropy', 'binary_crossentropy']",
    "max_len": "100",
    "metrics": "['logloss', 'AUC']",
    "model": "TokenFormer",
    "model_id": "TokenFormer_QK_Video_Action",
    "model_root": "./checkpoints/",
    "monitor": "{'AUC': 1, 'logloss': 0}",
    "monitor_mode": "max",
    "net_dropout": "0",
    "num_full_layers": "2",
    "num_heads": "2",
    "num_tasks": "4",
    "num_workers": "4",
    "pickle_feature_encoder": "True",
    "rank": "0",
    "rebuild_dataset": "False",
    "save_best_only": "True",
    "seed": "20262027",
    "shuffle": "True",
    "sparse_learning_rate": "0.05",
    "sparse_optimizer": "Adagrad",
    "task": "binary_classification",
    "test_data": "/mnt/ceph-nj1-csp/bingoozhang/salmonli/data/QK_Video_Action/test/data",
    "test_item_info": "/mnt/ceph-nj1-csp/bingoozhang/salmonli/data/QK_Video_Action/test/item_info",
    "test_user_info": "/mnt/ceph-nj1-csp/bingoozhang/salmonli/data/QK_Video_Action/test/user_info",
    "token_dim": "256",
    "tower_activations": "ReLU",
    "tower_hidden_units": "[128, 64]",
    "train_data": "/mnt/ceph-nj1-csp/bingoozhang/salmonli/data/QK_Video_Action/train/data",
    "train_item_info": "/mnt/ceph-nj1-csp/bingoozhang/salmonli/data/QK_Video_Action/train/item_info",
    "train_user_info": "/mnt/ceph-nj1-csp/bingoozhang/salmonli/data/QK_Video_Action/train/user_info",
    "use_features": "None",
    "valid_data": "/mnt/ceph-nj1-csp/bingoozhang/salmonli/data/QK_Video_Action/valid/data",
    "valid_item_info": "/mnt/ceph-nj1-csp/bingoozhang/salmonli/data/QK_Video_Action/valid/item_info",
    "valid_user_info": "/mnt/ceph-nj1-csp/bingoozhang/salmonli/data/QK_Video_Action/valid/user_info",
    "verbose": "1",
    "window_size": "[16]",
    "world_size": "4"
}
2026-07-15 03:25:45,546 P1193380 INFO Set up feature processor...
2026-07-15 03:25:45,547 P1193380 INFO Fit feature processor...
2026-07-15 03:25:45,547 P1193380 INFO Processing column: {'name': 'user_index', 'active': True, 'dtype': 'int', 'type': 'meta'}
2026-07-15 03:25:45,547 P1193380 INFO Processing column: {'name': 'item_index', 'active': True, 'dtype': 'int', 'type': 'meta'}
2026-07-15 03:25:45,547 P1193380 INFO Processing column: {'name': 'seq_len', 'active': True, 'dtype': 'int', 'type': 'meta'}
2026-07-15 03:25:45,547 P1193380 INFO Processing column: {'name': 'user_id', 'active': True, 'dtype': 'int', 'type': 'categorical', 'vocab_size': 4996177}
2026-07-15 03:25:46,503 P1193380 INFO Processing column: {'name': 'item_id', 'active': True, 'dtype': 'int', 'type': 'categorical', 'vocab_size': 3753437, 'source': 'item'}
2026-07-15 03:25:47,244 P1193380 INFO Processing column: {'name': 'video_category', 'active': True, 'dtype': 'int', 'type': 'categorical', 'vocab_size': 5, 'source': 'item'}
2026-07-15 03:25:47,244 P1193380 INFO Processing column: {'name': 'watching_times', 'active': True, 'dtype': 'int', 'type': 'categorical', 'vocab_size': 419}
2026-07-15 03:25:47,245 P1193380 INFO Processing column: {'name': 'gender', 'active': True, 'dtype': 'int', 'type': 'categorical', 'vocab_size': 5}
2026-07-15 03:25:47,245 P1193380 INFO Processing column: {'name': 'age', 'active': True, 'dtype': 'int', 'type': 'categorical', 'vocab_size': 10}
2026-07-15 03:25:47,245 P1193380 INFO Processing column: {'name': 'action', 'active': True, 'dtype': 'int', 'type': 'categorical', 'vocab_size': 17, 'source': 'action'}
2026-07-15 03:25:47,246 P1193380 INFO Set column index...
2026-07-15 03:25:47,246 P1193380 INFO Save feature_map to json: /mnt/ceph-nj1-csp/bingoozhang/salmonli/data/QK_Video_Action/feature_map.json
2026-07-15 03:25:47,329 P1193380 INFO Pickle feature_encode: /mnt/ceph-nj1-csp/bingoozhang/salmonli/data/QK_Video_Action/feature_processor.pkl
2026-07-15 03:25:47,679 P1193380 INFO Save feature_vocab to json: /mnt/ceph-nj1-csp/bingoozhang/salmonli/data/QK_Video_Action/feature_vocab.json
2026-07-15 03:25:55,019 P1193380 INFO Set feature processor done.
2026-07-15 03:25:55,049 P1193380 INFO Load feature_map from json: /mnt/ceph-nj1-csp/bingoozhang/salmonli/data/QK_Video_Action/feature_map.json
2026-07-15 03:25:55,052 P1193380 INFO Set column index...
2026-07-15 03:25:55,052 P1193380 INFO Feature specs: {
    "action": "{'source': 'action', 'type': 'categorical', 'padding_idx': 0, 'vocab_size': 17}",
    "age": "{'source': '', 'type': 'categorical', 'padding_idx': 0, 'vocab_size': 10}",
    "gender": "{'source': '', 'type': 'categorical', 'padding_idx': 0, 'vocab_size': 5}",
    "item_id": "{'source': 'item', 'type': 'categorical', 'padding_idx': 0, 'vocab_size': 3753437}",
    "item_index": "{'type': 'meta'}",
    "seq_len": "{'type': 'meta'}",
    "user_id": "{'source': '', 'type': 'categorical', 'padding_idx': 0, 'vocab_size': 4996177}",
    "user_index": "{'type': 'meta'}",
    "video_category": "{'source': 'item', 'type': 'categorical', 'padding_idx': 0, 'vocab_size': 5}",
    "watching_times": "{'source': '', 'type': 'categorical', 'padding_idx': 0, 'vocab_size': 419}"
}
2026-07-15 03:25:56,323 P1193380 INFO Optimizers: dense=AdamW(lr=0.0001, weight_decay=0, params=3366660), sparse=Adagrad(lr=0.05, params=140001120)
2026-07-15 03:25:56,323 P1193380 INFO ************ compile start ************
2026-07-15 03:25:57,634 P1193380 INFO Compiled dense module: unified_tokenizer_layer
2026-07-15 03:25:57,636 P1193380 INFO Compiled dense module: unified_interaction_layers
2026-07-15 03:25:57,637 P1193380 INFO Compiled dense module: tower.0
2026-07-15 03:25:57,638 P1193380 INFO Compiled dense module: tower.1
2026-07-15 03:25:57,639 P1193380 INFO Compiled dense module: tower.2
2026-07-15 03:25:57,640 P1193380 INFO Compiled dense module: tower.3
2026-07-15 03:25:58,429 P1193380 INFO Total number of parameters: 143367780.
2026-07-15 03:25:58,429 P1193380 INFO Number of embedding parameters: 140001120.
2026-07-15 03:25:58,429 P1193380 INFO Number of dense parameters: 3366660.
2026-07-15 03:25:58,429 P1193380 INFO Loading datasets...
2026-07-15 03:25:58,498 P1193380 INFO Train samples: total/98652130, blocks/8
2026-07-15 03:25:58,536 P1193380 INFO Validation samples: total/12510789, blocks/2
2026-07-15 03:25:58,536 P1193380 INFO Loading train and validation data done.
2026-07-15 03:25:58,537 P1193380 INFO BF16 mixed precision: True
2026-07-15 03:25:58,537 P1193380 INFO Gradient checkpointing: False
2026-07-15 03:25:58,537 P1193380 INFO Start training: 12038 local batches/epoch
2026-07-15 03:25:58,537 P1193380 INFO DDP blocked training: True
2026-07-15 03:25:58,537 P1193380 INFO Disable step-wise eval and use epoch-end synchronized eval for DDP + blocked dataloader.
2026-07-15 03:25:58,538 P1193380 INFO ************ Epoch=1 start ************
2026-07-15 04:49:17,961 P1193380 INFO Train loss: 0.425210
2026-07-15 04:49:17,963 P1193380 INFO Evaluation @epoch 1 - batch 12038:
2026-07-15 04:55:42,300 P1193380 INFO [Task: click][Metrics] AUC: 0.921749 - logloss: 0.302295
2026-07-15 04:56:06,732 P1193380 INFO [Task: follow][Metrics] AUC: 0.912789 - logloss: 0.007002
2026-07-15 04:56:31,589 P1193380 INFO [Task: like][Metrics] AUC: 0.945347 - logloss: 0.047824
2026-07-15 04:56:56,327 P1193380 INFO [Task: share][Metrics] AUC: 0.922780 - logloss: 0.007673
2026-07-15 04:56:57,343 P1193380 INFO Save best model: monitor(max)=0.925666
2026-07-15 04:56:58,155 P1193380 INFO ************ Epoch=1 end ************
2026-07-15 04:56:58,157 P1193380 INFO Training finished.
2026-07-15 04:56:58,157 P1193380 INFO Load best model: /mnt/ceph-nj1-csp/bingoozhang/salmonli/ft_local/UniRank/checkpoints/QK_Video_Action/TokenFormer_QK_Video_Action.model
2026-07-15 04:56:59,570 P1193380 INFO ******** Test evaluation ********
2026-07-15 04:56:59,571 P1193380 INFO Loading datasets...
2026-07-15 04:56:59,827 P1193380 INFO Test samples: total/12136271, blocks/2
2026-07-15 04:56:59,827 P1193380 INFO Loading test data done.
2026-07-15 05:03:03,764 P1193380 INFO [Task: click][Metrics] logloss: 0.250763 - AUC: 0.935008
2026-07-15 05:03:27,985 P1193380 INFO [Task: follow][Metrics] logloss: 0.005084 - AUC: 0.916276
2026-07-15 05:03:51,870 P1193380 INFO [Task: like][Metrics] logloss: 0.036384 - AUC: 0.948320
2026-07-15 05:04:16,177 P1193380 INFO [Task: share][Metrics] logloss: 0.005323 - AUC: 0.932740
2026-07-15 05:04:17,851 P1193380 INFO Deleted model checkpoint: /mnt/ceph-nj1-csp/bingoozhang/salmonli/ft_local/UniRank/checkpoints/QK_Video_Action/TokenFormer_QK_Video_Action.model
