2026-07-11 01:18:56,590 P2570907 INFO UniRank version: 2.3.7
2026-07-11 01:18:56,590 P2570907 INFO Params: {
    "accumulation_steps": "1",
    "batch_size": "8192",
    "block_cache_size": "2",
    "blocked": "True",
    "data_format": "parquet",
    "data_root": "/mnt/ceph-nj1-csp/bingoozhang/salmonli/data",
    "dataset_id": "QK_Video_Action",
    "debug_mode": "False",
    "dense_learning_rate": "0.0001",
    "dense_optimizer": "AdamW",
    "dense_weight_decay": "0",
    "distributed": "True",
    "early_stop_patience": "2",
    "embedding_dim": "16",
    "enable_bf16": "True",
    "epochs": "1",
    "eval_steps": "None",
    "expansion_factor": "2",
    "feature_cols": "[{'name': 'user_index', 'active': True, 'dtype': 'int', 'type': 'meta'}, {'name': 'item_index', 'active': True, 'dtype': 'int', 'type': 'meta'}, {'name': 'seq_len', 'active': True, 'dtype': 'int', 'type': 'meta'}, {'name': 'user_id', 'active': True, 'dtype': 'int', 'type': 'categorical', 'vocab_size': 4996177}, {'name': 'item_id', 'active': True, 'dtype': 'int', 'type': 'categorical', 'vocab_size': 3753437, 'source': 'item'}, {'name': 'video_category', 'active': True, 'dtype': 'int', 'type': 'categorical', 'vocab_size': 5, 'source': 'item'}, {'name': 'watching_times', 'active': True, 'dtype': 'int', 'type': 'categorical', 'vocab_size': 419}, {'name': 'gender', 'active': True, 'dtype': 'int', 'type': 'categorical', 'vocab_size': 5}, {'name': 'age', 'active': True, 'dtype': 'int', 'type': 'categorical', 'vocab_size': 10}, {'name': 'action', 'active': True, 'dtype': 'int', 'type': 'categorical', 'vocab_size': 17, 'source': 'action'}]",
    "feature_config": "None",
    "feature_specs": "None",
    "global_rank": "64",
    "gpu": "0",
    "group_id": "user_index",
    "label_col": "[{'name': 'click', 'dtype': 'float'}, {'name': 'follow', 'dtype': 'float'}, {'name': 'like', 'dtype': 'float'}, {'name': 'share', 'dtype': 'float'}]",
    "local_rank": "0",
    "loss": "['binary_crossentropy', 'binary_crossentropy', 'binary_crossentropy', 'binary_crossentropy']",
    "max_len": "100",
    "metrics": "['logloss', 'AUC', 'gAUC']",
    "model": "UniMixer",
    "model_id": "UniMixer_QK_Video_Action",
    "model_root": "./checkpoints/",
    "monitor": "{'AUC': 1, 'logloss': 0, 'gAUC': 1}",
    "monitor_mode": "max",
    "net_dropout": "0",
    "num_basis": "4",
    "num_layers": "3",
    "num_tasks": "4",
    "num_tokens": "128",
    "num_workers": "4",
    "pickle_feature_encoder": "True",
    "rank": "0",
    "rebuild_dataset": "False",
    "save_best_only": "True",
    "seed": "20262027",
    "shuffle": "True",
    "sinkhorn_eps": "1e-06",
    "sinkhorn_iter": "5",
    "sparse_learning_rate": "0.05",
    "sparse_optimizer": "Adagrad",
    "task": "binary_classification",
    "tau": "1.0",
    "tau_anneal_steps": "20000",
    "tau_end": "0.05",
    "tau_schedule": "linear",
    "tau_warmup_steps": "1000",
    "test_data": "/mnt/ceph-nj1-csp/bingoozhang/salmonli/data/QK_Video_Action/test/data",
    "test_item_info": "/mnt/ceph-nj1-csp/bingoozhang/salmonli/data/QK_Video_Action/test/item_info",
    "test_user_info": "/mnt/ceph-nj1-csp/bingoozhang/salmonli/data/QK_Video_Action/test/user_info",
    "token_dim": "8",
    "tower_activations": "ReLU",
    "tower_hidden_units": "[128, 64]",
    "train_data": "/mnt/ceph-nj1-csp/bingoozhang/salmonli/data/QK_Video_Action/train/data",
    "train_item_info": "/mnt/ceph-nj1-csp/bingoozhang/salmonli/data/QK_Video_Action/train/item_info",
    "train_user_info": "/mnt/ceph-nj1-csp/bingoozhang/salmonli/data/QK_Video_Action/train/user_info",
    "use_features": "None",
    "use_local_coef_softmax": "True",
    "use_out_proj": "False",
    "use_tau_symmetry": "True",
    "valid_data": "/mnt/ceph-nj1-csp/bingoozhang/salmonli/data/QK_Video_Action/valid/data",
    "valid_item_info": "/mnt/ceph-nj1-csp/bingoozhang/salmonli/data/QK_Video_Action/valid/item_info",
    "valid_user_info": "/mnt/ceph-nj1-csp/bingoozhang/salmonli/data/QK_Video_Action/valid/user_info",
    "verbose": "1",
    "world_size": "4"
}
2026-07-11 01:18:56,592 P2570907 INFO Set up feature processor...
2026-07-11 01:18:56,592 P2570907 INFO Fit feature processor...
2026-07-11 01:18:56,592 P2570907 INFO Processing column: {'name': 'user_index', 'active': True, 'dtype': 'int', 'type': 'meta'}
2026-07-11 01:18:56,592 P2570907 INFO Processing column: {'name': 'item_index', 'active': True, 'dtype': 'int', 'type': 'meta'}
2026-07-11 01:18:56,592 P2570907 INFO Processing column: {'name': 'seq_len', 'active': True, 'dtype': 'int', 'type': 'meta'}
2026-07-11 01:18:56,592 P2570907 INFO Processing column: {'name': 'user_id', 'active': True, 'dtype': 'int', 'type': 'categorical', 'vocab_size': 4996177}
2026-07-11 01:18:57,506 P2570907 INFO Processing column: {'name': 'item_id', 'active': True, 'dtype': 'int', 'type': 'categorical', 'vocab_size': 3753437, 'source': 'item'}
2026-07-11 01:18:58,226 P2570907 INFO Processing column: {'name': 'video_category', 'active': True, 'dtype': 'int', 'type': 'categorical', 'vocab_size': 5, 'source': 'item'}
2026-07-11 01:18:58,227 P2570907 INFO Processing column: {'name': 'watching_times', 'active': True, 'dtype': 'int', 'type': 'categorical', 'vocab_size': 419}
2026-07-11 01:18:58,227 P2570907 INFO Processing column: {'name': 'gender', 'active': True, 'dtype': 'int', 'type': 'categorical', 'vocab_size': 5}
2026-07-11 01:18:58,227 P2570907 INFO Processing column: {'name': 'age', 'active': True, 'dtype': 'int', 'type': 'categorical', 'vocab_size': 10}
2026-07-11 01:18:58,228 P2570907 INFO Processing column: {'name': 'action', 'active': True, 'dtype': 'int', 'type': 'categorical', 'vocab_size': 17, 'source': 'action'}
2026-07-11 01:18:58,228 P2570907 INFO Set column index...
2026-07-11 01:18:58,228 P2570907 INFO Save feature_map to json: /mnt/ceph-nj1-csp/bingoozhang/salmonli/data/QK_Video_Action/feature_map.json
2026-07-11 01:18:58,236 P2570907 INFO Pickle feature_encode: /mnt/ceph-nj1-csp/bingoozhang/salmonli/data/QK_Video_Action/feature_processor.pkl
2026-07-11 01:18:58,485 P2570907 INFO Save feature_vocab to json: /mnt/ceph-nj1-csp/bingoozhang/salmonli/data/QK_Video_Action/feature_vocab.json
2026-07-11 01:19:05,764 P2570907 INFO Set feature processor done.
2026-07-11 01:19:05,785 P2570907 INFO Load feature_map from json: /mnt/ceph-nj1-csp/bingoozhang/salmonli/data/QK_Video_Action/feature_map.json
2026-07-11 01:19:05,789 P2570907 INFO Set column index...
2026-07-11 01:19:05,789 P2570907 INFO Feature specs: {
    "action": "{'source': 'action', 'type': 'categorical', 'padding_idx': 0, 'vocab_size': 17}",
    "age": "{'source': '', 'type': 'categorical', 'padding_idx': 0, 'vocab_size': 10}",
    "gender": "{'source': '', 'type': 'categorical', 'padding_idx': 0, 'vocab_size': 5}",
    "item_id": "{'source': 'item', 'type': 'categorical', 'padding_idx': 0, 'vocab_size': 3753437}",
    "item_index": "{'type': 'meta'}",
    "seq_len": "{'type': 'meta'}",
    "user_id": "{'source': '', 'type': 'categorical', 'padding_idx': 0, 'vocab_size': 4996177}",
    "user_index": "{'type': 'meta'}",
    "video_category": "{'source': 'item', 'type': 'categorical', 'padding_idx': 0, 'vocab_size': 5}",
    "watching_times": "{'source': '', 'type': 'categorical', 'padding_idx': 0, 'vocab_size': 419}"
}
2026-07-11 01:19:07,168 P2570907 INFO Optimizers: dense=AdamW(lr=0.0001, weight_decay=0, params=812500), sparse=Adagrad(lr=0.05, params=140001120)
2026-07-11 01:19:07,169 P2570907 INFO ************ compile start ************
2026-07-11 01:19:08,636 P2570907 INFO Compiled dense module: unified_tokenizer_layer
2026-07-11 01:19:08,638 P2570907 INFO Compiled dense module: unified_interaction_layers
2026-07-11 01:19:08,639 P2570907 INFO Compiled dense module: tower.0
2026-07-11 01:19:08,640 P2570907 INFO Compiled dense module: tower.1
2026-07-11 01:19:08,642 P2570907 INFO Compiled dense module: tower.2
2026-07-11 01:19:08,643 P2570907 INFO Compiled dense module: tower.3
2026-07-11 01:19:09,503 P2570907 INFO Total number of parameters: 140813620.
2026-07-11 01:19:09,503 P2570907 INFO Number of embedding parameters: 140001120.
2026-07-11 01:19:09,503 P2570907 INFO Number of dense parameters: 812500.
2026-07-11 01:19:09,504 P2570907 INFO Loading datasets...
2026-07-11 01:19:09,731 P2570907 INFO Train samples: total/98608038, blocks/2
2026-07-11 01:19:09,989 P2570907 INFO Validation samples: total/12519757, blocks/2
2026-07-11 01:19:09,989 P2570907 INFO Loading train and validation data done.
2026-07-11 01:19:09,993 P2570907 INFO BF16 mixed precision: True
2026-07-11 01:19:09,993 P2570907 INFO Start training: 12036 local batches/epoch
2026-07-11 01:19:09,993 P2570907 INFO DDP blocked training: True
2026-07-11 01:19:09,993 P2570907 INFO Disable step-wise eval and use epoch-end synchronized eval for DDP + blocked dataloader.
2026-07-11 01:19:09,993 P2570907 INFO ************ Epoch=1 start ************
2026-07-11 01:37:08,330 P2570907 INFO Train loss: 0.445531
2026-07-11 01:37:08,331 P2570907 INFO Evaluation @epoch 1 - batch 12036: 
2026-07-11 01:39:00,841 P2570907 INFO [Task: click][Metrics] AUC: 0.847096 - logloss: 0.426764 - gAUC: 0.834620
2026-07-11 01:39:29,771 P2570907 INFO [Task: follow][Metrics] AUC: 0.838617 - logloss: 0.007848 - gAUC: 0.768883
2026-07-11 01:40:05,543 P2570907 INFO [Task: like][Metrics] AUC: 0.919428 - logloss: 0.052635 - gAUC: 0.827267
2026-07-11 01:40:34,199 P2570907 INFO [Task: share][Metrics] AUC: 0.880395 - logloss: 0.008524 - gAUC: 0.847038
2026-07-11 01:40:35,148 P2570907 INFO Save best model: monitor(max)=1.690836
2026-07-11 01:40:36,066 P2570907 INFO ************ Epoch=1 end ************
2026-07-11 01:40:36,066 P2570907 INFO Training finished.
2026-07-11 01:40:36,066 P2570907 INFO Load best model: /mnt/ceph-nj1-csp/bingoozhang/salmonli/ft_local/UniRank/checkpoints/QK_Video_Action/UniMixer_QK_Video_Action.model
2026-07-11 01:40:38,495 P2570907 INFO ******** Test evaluation ********
2026-07-11 01:40:38,497 P2570907 INFO Loading datasets...
2026-07-11 01:40:38,750 P2570907 INFO Test samples: total/12144989, blocks/2
2026-07-11 01:40:38,751 P2570907 INFO Loading test data done.
2026-07-11 01:42:07,781 P2570907 INFO [Task: click][Metrics] logloss: 0.351103 - AUC: 0.875490 - gAUC: 0.864269
2026-07-11 01:42:35,180 P2570907 INFO [Task: follow][Metrics] logloss: 0.005625 - AUC: 0.845660 - gAUC: 0.772046
2026-07-11 01:43:08,677 P2570907 INFO [Task: like][Metrics] logloss: 0.039716 - AUC: 0.922226 - gAUC: 0.827025
2026-07-11 01:43:36,384 P2570907 INFO [Task: share][Metrics] logloss: 0.005822 - AUC: 0.903616 - gAUC: 0.871840
2026-07-11 01:43:38,131 P2570907 INFO Deleted model checkpoint: /mnt/ceph-nj1-csp/bingoozhang/salmonli/ft_local/UniRank/checkpoints/QK_Video_Action/UniMixer_QK_Video_Action.model
