2026-07-12 21:14:54,963 P3737656 INFO UniRank version: 2.3.7
2026-07-12 21:14:54,964 P3737656 INFO Params: {
    "accumulation_steps": "1",
    "batch_size": "8192",
    "block_cache_size": "2",
    "blocked": "True",
    "data_format": "parquet",
    "data_root": "/mnt/ceph-nj1-csp/bingoozhang/salmonli/data",
    "dataset_id": "MerRec_Action",
    "debug_mode": "False",
    "dense_learning_rate": "0.0001",
    "dense_optimizer": "AdamW",
    "dense_weight_decay": "0",
    "distributed": "True",
    "dnn_activations": "ReLU",
    "early_stop_patience": "2",
    "embedding_dim": "16",
    "enable_bf16": "True",
    "epochs": "1",
    "eval_steps": "None",
    "feature_cols": "[{'name': 'user_index', 'active': True, 'dtype': 'int', 'type': 'meta'}, {'name': 'item_index', 'active': True, 'dtype': 'int', 'type': 'meta'}, {'name': 'seq_len', 'active': True, 'dtype': 'int', 'type': 'meta'}, {'name': 'user_id', 'active': True, 'dtype': 'int', 'type': 'categorical', 'vocab_size': 1697916}, {'name': 'item_id', 'active': True, 'dtype': 'int', 'type': 'categorical', 'vocab_size': 43817684, 'source': 'item'}, {'name': 'product_id', 'active': True, 'dtype': 'int', 'type': 'categorical', 'vocab_size': 893620, 'source': 'item'}, {'name': 'price_bucket', 'active': True, 'dtype': 'int', 'type': 'categorical', 'vocab_size': 10, 'source': 'item'}, {'name': 'c0_id', 'active': True, 'dtype': 'int', 'type': 'categorical', 'vocab_size': 18, 'source': 'item'}, {'name': 'c1_id', 'active': True, 'dtype': 'int', 'type': 'categorical', 'vocab_size': 310, 'source': 'item'}, {'name': 'c2_id', 'active': True, 'dtype': 'int', 'type': 'categorical', 'vocab_size': 3042, 'source': 'item'}, {'name': 'brand_id', 'active': True, 'dtype': 'int', 'type': 'categorical', 'vocab_size': 19783, 'source': 'item'}, {'name': 'item_condition_id', 'active': True, 'dtype': 'int', 'type': 'categorical', 'vocab_size': 7, 'source': 'item'}, {'name': 'size_id', 'active': True, 'dtype': 'int', 'type': 'categorical', 'vocab_size': 356, 'source': 'item'}, {'name': 'shipper_id', 'active': True, 'dtype': 'int', 'type': 'categorical', 'vocab_size': 3, 'source': 'item'}, {'name': 'color', 'active': True, 'dtype': 'int', 'type': 'categorical', 'vocab_size': 7311, 'source': 'item'}, {'name': 'session_id', 'active': True, 'dtype': 'int', 'type': 'categorical', 'vocab_size': 3701837}, {'name': 'day_of_week', 'active': True, 'dtype': 'int', 'type': 'categorical', 'vocab_size': 8}, {'name': 'is_weekend', 'active': True, 'dtype': 'int', 'type': 'categorical', 'vocab_size': 3}, {'name': 'hour', 'active': True, 'dtype': 'int', 'type': 'categorical', 'vocab_size': 25}, {'name': 'action', 'active': True, 'dtype': 'int', 'type': 'categorical', 'vocab_size': 33, 'source': 'action'}]",
    "feature_config": "None",
    "feature_specs": "None",
    "gpu": "0",
    "group_id": "user_index",
    "label_col": "[{'name': 'Like', 'dtype': 'float'}, {'name': 'Cart', 'dtype': 'float'}, {'name': 'Offer', 'dtype': 'float'}, {'name': 'Checkout', 'dtype': 'float'}, {'name': 'Purchase', 'dtype': 'float'}]",
    "local_rank": "0",
    "loss": "['binary_crossentropy', 'binary_crossentropy', 'binary_crossentropy', 'binary_crossentropy', 'binary_crossentropy']",
    "max_len": "100",
    "metrics": "['logloss', 'AUC', 'gAUC']",
    "model": "EST",
    "model_id": "EST_MerRec_Action",
    "model_root": "./checkpoints/",
    "monitor": "{'AUC': 1, 'logloss': 0, 'gAUC': 1}",
    "monitor_mode": "max",
    "net_dropout": "0",
    "num_heads": "2",
    "num_layers": "3",
    "num_tasks": "5",
    "num_workers": "4",
    "pickle_feature_encoder": "True",
    "rank": "0",
    "rebuild_dataset": "False",
    "save_best_only": "True",
    "seed": "20262027",
    "shuffle": "True",
    "sparse_learning_rate": "0.05",
    "sparse_optimizer": "Adagrad",
    "task": "binary_classification",
    "test_data": "/mnt/ceph-nj1-csp/bingoozhang/salmonli/data/MerRec_Action/test/data",
    "test_item_info": "/mnt/ceph-nj1-csp/bingoozhang/salmonli/data/MerRec_Action/test/item_info",
    "test_user_info": "/mnt/ceph-nj1-csp/bingoozhang/salmonli/data/MerRec_Action/test/user_info",
    "token_dim": "256",
    "tower_activations": "ReLU",
    "tower_hidden_units": "[128, 64]",
    "train_data": "/mnt/ceph-nj1-csp/bingoozhang/salmonli/data/MerRec_Action/train/data",
    "train_item_info": "/mnt/ceph-nj1-csp/bingoozhang/salmonli/data/MerRec_Action/train/item_info",
    "train_user_info": "/mnt/ceph-nj1-csp/bingoozhang/salmonli/data/MerRec_Action/train/user_info",
    "use_features": "None",
    "valid_data": "/mnt/ceph-nj1-csp/bingoozhang/salmonli/data/MerRec_Action/valid/data",
    "valid_item_info": "/mnt/ceph-nj1-csp/bingoozhang/salmonli/data/MerRec_Action/valid/item_info",
    "valid_user_info": "/mnt/ceph-nj1-csp/bingoozhang/salmonli/data/MerRec_Action/valid/user_info",
    "verbose": "1",
    "world_size": "4"
}
2026-07-12 21:14:54,965 P3737656 INFO Set up feature processor...
2026-07-12 21:14:54,966 P3737656 INFO Fit feature processor...
2026-07-12 21:14:54,966 P3737656 INFO Processing column: {'name': 'user_index', 'active': True, 'dtype': 'int', 'type': 'meta'}
2026-07-12 21:14:54,966 P3737656 INFO Processing column: {'name': 'item_index', 'active': True, 'dtype': 'int', 'type': 'meta'}
2026-07-12 21:14:54,966 P3737656 INFO Processing column: {'name': 'seq_len', 'active': True, 'dtype': 'int', 'type': 'meta'}
2026-07-12 21:14:54,966 P3737656 INFO Processing column: {'name': 'user_id', 'active': True, 'dtype': 'int', 'type': 'categorical', 'vocab_size': 1697916}
2026-07-12 21:14:55,302 P3737656 INFO Processing column: {'name': 'item_id', 'active': True, 'dtype': 'int', 'type': 'categorical', 'vocab_size': 43817684, 'source': 'item'}
2026-07-12 21:15:03,479 P3737656 INFO Processing column: {'name': 'product_id', 'active': True, 'dtype': 'int', 'type': 'categorical', 'vocab_size': 893620, 'source': 'item'}
2026-07-12 21:15:03,647 P3737656 INFO Processing column: {'name': 'price_bucket', 'active': True, 'dtype': 'int', 'type': 'categorical', 'vocab_size': 10, 'source': 'item'}
2026-07-12 21:15:03,650 P3737656 INFO Processing column: {'name': 'c0_id', 'active': True, 'dtype': 'int', 'type': 'categorical', 'vocab_size': 18, 'source': 'item'}
2026-07-12 21:15:03,651 P3737656 INFO Processing column: {'name': 'c1_id', 'active': True, 'dtype': 'int', 'type': 'categorical', 'vocab_size': 310, 'source': 'item'}
2026-07-12 21:15:03,652 P3737656 INFO Processing column: {'name': 'c2_id', 'active': True, 'dtype': 'int', 'type': 'categorical', 'vocab_size': 3042, 'source': 'item'}
2026-07-12 21:15:03,653 P3737656 INFO Processing column: {'name': 'brand_id', 'active': True, 'dtype': 'int', 'type': 'categorical', 'vocab_size': 19783, 'source': 'item'}
2026-07-12 21:15:03,657 P3737656 INFO Processing column: {'name': 'item_condition_id', 'active': True, 'dtype': 'int', 'type': 'categorical', 'vocab_size': 7, 'source': 'item'}
2026-07-12 21:15:03,657 P3737656 INFO Processing column: {'name': 'size_id', 'active': True, 'dtype': 'int', 'type': 'categorical', 'vocab_size': 356, 'source': 'item'}
2026-07-12 21:15:03,658 P3737656 INFO Processing column: {'name': 'shipper_id', 'active': True, 'dtype': 'int', 'type': 'categorical', 'vocab_size': 3, 'source': 'item'}
2026-07-12 21:15:03,658 P3737656 INFO Processing column: {'name': 'color', 'active': True, 'dtype': 'int', 'type': 'categorical', 'vocab_size': 7311, 'source': 'item'}
2026-07-12 21:15:03,659 P3737656 INFO Processing column: {'name': 'session_id', 'active': True, 'dtype': 'int', 'type': 'categorical', 'vocab_size': 3701837}
2026-07-12 21:15:04,388 P3737656 INFO Processing column: {'name': 'day_of_week', 'active': True, 'dtype': 'int', 'type': 'categorical', 'vocab_size': 8}
2026-07-12 21:15:04,389 P3737656 INFO Processing column: {'name': 'is_weekend', 'active': True, 'dtype': 'int', 'type': 'categorical', 'vocab_size': 3}
2026-07-12 21:15:04,389 P3737656 INFO Processing column: {'name': 'hour', 'active': True, 'dtype': 'int', 'type': 'categorical', 'vocab_size': 25}
2026-07-12 21:15:04,389 P3737656 INFO Processing column: {'name': 'action', 'active': True, 'dtype': 'int', 'type': 'categorical', 'vocab_size': 33, 'source': 'action'}
2026-07-12 21:15:04,390 P3737656 INFO Set column index...
2026-07-12 21:15:04,390 P3737656 INFO Save feature_map to json: /mnt/ceph-nj1-csp/bingoozhang/salmonli/data/MerRec_Action/feature_map.json
2026-07-12 21:15:04,396 P3737656 INFO Pickle feature_encode: /mnt/ceph-nj1-csp/bingoozhang/salmonli/data/MerRec_Action/feature_processor.pkl
2026-07-12 21:15:05,943 P3737656 INFO Save feature_vocab to json: /mnt/ceph-nj1-csp/bingoozhang/salmonli/data/MerRec_Action/feature_vocab.json
2026-07-12 21:15:49,753 P3737656 INFO Set feature processor done.
2026-07-12 21:15:49,765 P3737656 INFO Load feature_map from json: /mnt/ceph-nj1-csp/bingoozhang/salmonli/data/MerRec_Action/feature_map.json
2026-07-12 21:15:49,769 P3737656 INFO Set column index...
2026-07-12 21:15:49,769 P3737656 INFO Feature specs: {
    "action": "{'source': 'action', 'type': 'categorical', 'padding_idx': 0, 'vocab_size': 33}",
    "brand_id": "{'source': 'item', 'type': 'categorical', 'padding_idx': 0, 'vocab_size': 19783}",
    "c0_id": "{'source': 'item', 'type': 'categorical', 'padding_idx': 0, 'vocab_size': 18}",
    "c1_id": "{'source': 'item', 'type': 'categorical', 'padding_idx': 0, 'vocab_size': 310}",
    "c2_id": "{'source': 'item', 'type': 'categorical', 'padding_idx': 0, 'vocab_size': 3042}",
    "color": "{'source': 'item', 'type': 'categorical', 'padding_idx': 0, 'vocab_size': 7311}",
    "day_of_week": "{'source': '', 'type': 'categorical', 'padding_idx': 0, 'vocab_size': 8}",
    "hour": "{'source': '', 'type': 'categorical', 'padding_idx': 0, 'vocab_size': 25}",
    "is_weekend": "{'source': '', 'type': 'categorical', 'padding_idx': 0, 'vocab_size': 3}",
    "item_condition_id": "{'source': 'item', 'type': 'categorical', 'padding_idx': 0, 'vocab_size': 7}",
    "item_id": "{'source': 'item', 'type': 'categorical', 'padding_idx': 0, 'vocab_size': 43817684}",
    "item_index": "{'type': 'meta'}",
    "price_bucket": "{'source': 'item', 'type': 'categorical', 'padding_idx': 0, 'vocab_size': 10}",
    "product_id": "{'source': 'item', 'type': 'categorical', 'padding_idx': 0, 'vocab_size': 893620}",
    "seq_len": "{'type': 'meta'}",
    "session_id": "{'source': '', 'type': 'categorical', 'padding_idx': 0, 'vocab_size': 3701837}",
    "shipper_id": "{'source': 'item', 'type': 'categorical', 'padding_idx': 0, 'vocab_size': 3}",
    "size_id": "{'source': 'item', 'type': 'categorical', 'padding_idx': 0, 'vocab_size': 356}",
    "user_id": "{'source': '', 'type': 'categorical', 'padding_idx': 0, 'vocab_size': 1697916}",
    "user_index": "{'type': 'meta'}"
}
2026-07-12 21:15:57,192 P3737656 INFO Optimizers: dense=AdamW(lr=0.0001, weight_decay=0, params=38585093), sparse=Adagrad(lr=0.05, params=802271456)
2026-07-12 21:15:57,193 P3737656 INFO ************ compile start ************
2026-07-12 21:15:58,809 P3737656 INFO Compiled dense module: unified_tokenizer_layer
2026-07-12 21:15:58,811 P3737656 INFO Compiled dense module: item_token_proj
2026-07-12 21:15:58,812 P3737656 INFO Compiled dense module: unified_interaction_layers
2026-07-12 21:15:58,813 P3737656 INFO Compiled dense module: tower.0
2026-07-12 21:15:58,814 P3737656 INFO Compiled dense module: tower.1
2026-07-12 21:15:58,815 P3737656 INFO Compiled dense module: tower.2
2026-07-12 21:15:58,816 P3737656 INFO Compiled dense module: tower.3
2026-07-12 21:15:58,817 P3737656 INFO Compiled dense module: tower.4
2026-07-12 21:16:02,957 P3737656 INFO Total number of parameters: 840856549.
2026-07-12 21:16:02,957 P3737656 INFO Number of embedding parameters: 802271456.
2026-07-12 21:16:02,958 P3737656 INFO Number of dense parameters: 38585093.
2026-07-12 21:16:02,958 P3737656 INFO Loading datasets...
2026-07-12 21:16:02,992 P3737656 INFO Train samples: total/36090865, blocks/2
2026-07-12 21:16:03,018 P3737656 INFO Validation samples: total/4124870, blocks/2
2026-07-12 21:16:03,018 P3737656 INFO Loading train and validation data done.
2026-07-12 21:16:03,203 P3737656 INFO BF16 mixed precision: True
2026-07-12 21:16:03,203 P3737656 INFO Start training: 4405 local batches/epoch
2026-07-12 21:16:03,203 P3737656 INFO DDP blocked training: True
2026-07-12 21:16:03,203 P3737656 INFO Disable step-wise eval and use epoch-end synchronized eval for DDP + blocked dataloader.
2026-07-12 21:16:03,204 P3737656 INFO ************ Epoch=1 start ************
2026-07-12 21:35:23,590 P3737656 INFO Train loss: 0.355917
2026-07-12 21:35:23,603 P3737656 INFO Evaluation @epoch 1 - batch 4405: 
2026-07-12 21:36:18,152 P3737656 INFO [Task: Like][Metrics] AUC: 0.750155 - logloss: 0.331705 - gAUC: 0.684345
2026-07-12 21:36:29,050 P3737656 INFO [Task: Cart][Metrics] AUC: 0.815360 - logloss: 0.055724 - gAUC: 0.733110
2026-07-12 21:36:39,055 P3737656 INFO [Task: Offer][Metrics] AUC: 0.772553 - logloss: 0.025384 - gAUC: 0.706514
2026-07-12 21:36:47,967 P3737656 INFO [Task: Checkout][Metrics] AUC: 0.851995 - logloss: 0.013947 - gAUC: 0.771308
2026-07-12 21:36:57,217 P3737656 INFO [Task: Purchase][Metrics] AUC: 0.859485 - logloss: 0.009478 - gAUC: 0.772106
2026-07-12 21:36:57,647 P3737656 INFO Save best model: monitor(max)=1.543386
2026-07-12 21:37:02,029 P3737656 INFO ************ Epoch=1 end ************
2026-07-12 21:37:02,030 P3737656 INFO Training finished.
2026-07-12 21:37:02,031 P3737656 INFO Load best model: /mnt/ceph-nj1-csp/bingoozhang/salmonli/ft_local/UniRank/checkpoints/MerRec_Action/EST_MerRec_Action.model
2026-07-12 21:37:05,115 P3737656 INFO ******** Test evaluation ********
2026-07-12 21:37:05,116 P3737656 INFO Loading datasets...
2026-07-12 21:37:05,157 P3737656 INFO Test samples: total/2919932, blocks/2
2026-07-12 21:37:05,157 P3737656 INFO Loading test data done.
2026-07-12 21:37:43,794 P3737656 INFO [Task: Like][Metrics] logloss: 0.325844 - AUC: 0.754301 - gAUC: 0.687047
2026-07-12 21:37:51,632 P3737656 INFO [Task: Cart][Metrics] logloss: 0.052252 - AUC: 0.821998 - gAUC: 0.733621
2026-07-12 21:37:58,595 P3737656 INFO [Task: Offer][Metrics] logloss: 0.022376 - AUC: 0.772353 - gAUC: 0.705333
2026-07-12 21:38:04,887 P3737656 INFO [Task: Checkout][Metrics] logloss: 0.012146 - AUC: 0.853560 - gAUC: 0.770278
2026-07-12 21:38:11,291 P3737656 INFO [Task: Purchase][Metrics] logloss: 0.008204 - AUC: 0.859951 - gAUC: 0.774654
2026-07-12 21:38:12,565 P3737656 INFO Deleted model checkpoint: /mnt/ceph-nj1-csp/bingoozhang/salmonli/ft_local/UniRank/checkpoints/MerRec_Action/EST_MerRec_Action.model
