2026-07-12 20:31:15,996 P3669291 INFO UniRank version: 2.3.7
2026-07-12 20:31:15,997 P3669291 INFO Params: {
    "accumulation_steps": "1",
    "attention_dropout": "0",
    "batch_size": "8192",
    "block_cache_size": "2",
    "blocked": "True",
    "data_format": "parquet",
    "data_root": "/mnt/ceph-nj1-csp/bingoozhang/salmonli/data",
    "dataset_id": "MerRec_Action",
    "debug_mode": "False",
    "dense_learning_rate": "0.0001",
    "dense_optimizer": "AdamW",
    "dense_weight_decay": "0",
    "distributed": "True",
    "early_stop_patience": "2",
    "embedding_dim": "16",
    "enable_bf16": "True",
    "epochs": "1",
    "eval_steps": "None",
    "expansion_factor": "2",
    "feature_cols": "[{'name': 'user_index', 'active': True, 'dtype': 'int', 'type': 'meta'}, {'name': 'item_index', 'active': True, 'dtype': 'int', 'type': 'meta'}, {'name': 'seq_len', 'active': True, 'dtype': 'int', 'type': 'meta'}, {'name': 'user_id', 'active': True, 'dtype': 'int', 'type': 'categorical', 'vocab_size': 1697916}, {'name': 'item_id', 'active': True, 'dtype': 'int', 'type': 'categorical', 'vocab_size': 43817684, 'source': 'item'}, {'name': 'product_id', 'active': True, 'dtype': 'int', 'type': 'categorical', 'vocab_size': 893620, 'source': 'item'}, {'name': 'price_bucket', 'active': True, 'dtype': 'int', 'type': 'categorical', 'vocab_size': 10, 'source': 'item'}, {'name': 'c0_id', 'active': True, 'dtype': 'int', 'type': 'categorical', 'vocab_size': 18, 'source': 'item'}, {'name': 'c1_id', 'active': True, 'dtype': 'int', 'type': 'categorical', 'vocab_size': 310, 'source': 'item'}, {'name': 'c2_id', 'active': True, 'dtype': 'int', 'type': 'categorical', 'vocab_size': 3042, 'source': 'item'}, {'name': 'brand_id', 'active': True, 'dtype': 'int', 'type': 'categorical', 'vocab_size': 19783, 'source': 'item'}, {'name': 'item_condition_id', 'active': True, 'dtype': 'int', 'type': 'categorical', 'vocab_size': 7, 'source': 'item'}, {'name': 'size_id', 'active': True, 'dtype': 'int', 'type': 'categorical', 'vocab_size': 356, 'source': 'item'}, {'name': 'shipper_id', 'active': True, 'dtype': 'int', 'type': 'categorical', 'vocab_size': 3, 'source': 'item'}, {'name': 'color', 'active': True, 'dtype': 'int', 'type': 'categorical', 'vocab_size': 7311, 'source': 'item'}, {'name': 'session_id', 'active': True, 'dtype': 'int', 'type': 'categorical', 'vocab_size': 3701837}, {'name': 'day_of_week', 'active': True, 'dtype': 'int', 'type': 'categorical', 'vocab_size': 8}, {'name': 'is_weekend', 'active': True, 'dtype': 'int', 'type': 'categorical', 'vocab_size': 3}, {'name': 'hour', 'active': True, 'dtype': 'int', 'type': 'categorical', 'vocab_size': 25}, {'name': 'action', 'active': True, 'dtype': 'int', 'type': 'categorical', 'vocab_size': 33, 'source': 'action'}]",
    "feature_config": "None",
    "feature_specs": "None",
    "gpu": "0",
    "group_id": "user_index",
    "label_col": "[{'name': 'Like', 'dtype': 'float'}, {'name': 'Cart', 'dtype': 'float'}, {'name': 'Offer', 'dtype': 'float'}, {'name': 'Checkout', 'dtype': 'float'}, {'name': 'Purchase', 'dtype': 'float'}]",
    "local_rank": "0",
    "loss": "['binary_crossentropy', 'binary_crossentropy', 'binary_crossentropy', 'binary_crossentropy', 'binary_crossentropy']",
    "max_len": "100",
    "metrics": "['logloss', 'AUC', 'gAUC']",
    "model": "HiFormer",
    "model_id": "HiFormer_MerRec_Action",
    "model_root": "./checkpoints/",
    "monitor": "{'AUC': 1, 'logloss': 0, 'gAUC': 1}",
    "monitor_mode": "max",
    "net_dropout": "0",
    "num_heads": "2",
    "num_layers": "3",
    "num_tasks": "5",
    "num_workers": "4",
    "pickle_feature_encoder": "True",
    "qkv_rank": "256",
    "rank": "0",
    "rebuild_dataset": "False",
    "save_best_only": "True",
    "seed": "20262027",
    "shuffle": "True",
    "sparse_learning_rate": "0.05",
    "sparse_optimizer": "Adagrad",
    "task": "binary_classification",
    "test_data": "/mnt/ceph-nj1-csp/bingoozhang/salmonli/data/MerRec_Action/test/data",
    "test_item_info": "/mnt/ceph-nj1-csp/bingoozhang/salmonli/data/MerRec_Action/test/item_info",
    "test_user_info": "/mnt/ceph-nj1-csp/bingoozhang/salmonli/data/MerRec_Action/test/user_info",
    "token_dim": "256",
    "tower_activations": "ReLU",
    "tower_hidden_units": "[128, 64]",
    "train_data": "/mnt/ceph-nj1-csp/bingoozhang/salmonli/data/MerRec_Action/train/data",
    "train_item_info": "/mnt/ceph-nj1-csp/bingoozhang/salmonli/data/MerRec_Action/train/item_info",
    "train_user_info": "/mnt/ceph-nj1-csp/bingoozhang/salmonli/data/MerRec_Action/train/user_info",
    "use_features": "None",
    "valid_data": "/mnt/ceph-nj1-csp/bingoozhang/salmonli/data/MerRec_Action/valid/data",
    "valid_item_info": "/mnt/ceph-nj1-csp/bingoozhang/salmonli/data/MerRec_Action/valid/item_info",
    "valid_user_info": "/mnt/ceph-nj1-csp/bingoozhang/salmonli/data/MerRec_Action/valid/user_info",
    "verbose": "1",
    "world_size": "4"
}
2026-07-12 20:31:15,999 P3669291 INFO Set up feature processor...
2026-07-12 20:31:15,999 P3669291 INFO Fit feature processor...
2026-07-12 20:31:15,999 P3669291 INFO Processing column: {'name': 'user_index', 'active': True, 'dtype': 'int', 'type': 'meta'}
2026-07-12 20:31:15,999 P3669291 INFO Processing column: {'name': 'item_index', 'active': True, 'dtype': 'int', 'type': 'meta'}
2026-07-12 20:31:15,999 P3669291 INFO Processing column: {'name': 'seq_len', 'active': True, 'dtype': 'int', 'type': 'meta'}
2026-07-12 20:31:15,999 P3669291 INFO Processing column: {'name': 'user_id', 'active': True, 'dtype': 'int', 'type': 'categorical', 'vocab_size': 1697916}
2026-07-12 20:31:16,334 P3669291 INFO Processing column: {'name': 'item_id', 'active': True, 'dtype': 'int', 'type': 'categorical', 'vocab_size': 43817684, 'source': 'item'}
2026-07-12 20:31:24,572 P3669291 INFO Processing column: {'name': 'product_id', 'active': True, 'dtype': 'int', 'type': 'categorical', 'vocab_size': 893620, 'source': 'item'}
2026-07-12 20:31:24,738 P3669291 INFO Processing column: {'name': 'price_bucket', 'active': True, 'dtype': 'int', 'type': 'categorical', 'vocab_size': 10, 'source': 'item'}
2026-07-12 20:31:24,738 P3669291 INFO Processing column: {'name': 'c0_id', 'active': True, 'dtype': 'int', 'type': 'categorical', 'vocab_size': 18, 'source': 'item'}
2026-07-12 20:31:24,739 P3669291 INFO Processing column: {'name': 'c1_id', 'active': True, 'dtype': 'int', 'type': 'categorical', 'vocab_size': 310, 'source': 'item'}
2026-07-12 20:31:24,739 P3669291 INFO Processing column: {'name': 'c2_id', 'active': True, 'dtype': 'int', 'type': 'categorical', 'vocab_size': 3042, 'source': 'item'}
2026-07-12 20:31:24,740 P3669291 INFO Processing column: {'name': 'brand_id', 'active': True, 'dtype': 'int', 'type': 'categorical', 'vocab_size': 19783, 'source': 'item'}
2026-07-12 20:31:24,743 P3669291 INFO Processing column: {'name': 'item_condition_id', 'active': True, 'dtype': 'int', 'type': 'categorical', 'vocab_size': 7, 'source': 'item'}
2026-07-12 20:31:24,743 P3669291 INFO Processing column: {'name': 'size_id', 'active': True, 'dtype': 'int', 'type': 'categorical', 'vocab_size': 356, 'source': 'item'}
2026-07-12 20:31:24,743 P3669291 INFO Processing column: {'name': 'shipper_id', 'active': True, 'dtype': 'int', 'type': 'categorical', 'vocab_size': 3, 'source': 'item'}
2026-07-12 20:31:24,743 P3669291 INFO Processing column: {'name': 'color', 'active': True, 'dtype': 'int', 'type': 'categorical', 'vocab_size': 7311, 'source': 'item'}
2026-07-12 20:31:24,745 P3669291 INFO Processing column: {'name': 'session_id', 'active': True, 'dtype': 'int', 'type': 'categorical', 'vocab_size': 3701837}
2026-07-12 20:31:25,457 P3669291 INFO Processing column: {'name': 'day_of_week', 'active': True, 'dtype': 'int', 'type': 'categorical', 'vocab_size': 8}
2026-07-12 20:31:25,457 P3669291 INFO Processing column: {'name': 'is_weekend', 'active': True, 'dtype': 'int', 'type': 'categorical', 'vocab_size': 3}
2026-07-12 20:31:25,457 P3669291 INFO Processing column: {'name': 'hour', 'active': True, 'dtype': 'int', 'type': 'categorical', 'vocab_size': 25}
2026-07-12 20:31:25,457 P3669291 INFO Processing column: {'name': 'action', 'active': True, 'dtype': 'int', 'type': 'categorical', 'vocab_size': 33, 'source': 'action'}
2026-07-12 20:31:25,458 P3669291 INFO Set column index...
2026-07-12 20:31:25,458 P3669291 INFO Save feature_map to json: /mnt/ceph-nj1-csp/bingoozhang/salmonli/data/MerRec_Action/feature_map.json
2026-07-12 20:31:25,464 P3669291 INFO Pickle feature_encode: /mnt/ceph-nj1-csp/bingoozhang/salmonli/data/MerRec_Action/feature_processor.pkl
2026-07-12 20:31:26,950 P3669291 INFO Save feature_vocab to json: /mnt/ceph-nj1-csp/bingoozhang/salmonli/data/MerRec_Action/feature_vocab.json
2026-07-12 20:32:11,779 P3669291 INFO Set feature processor done.
2026-07-12 20:32:11,797 P3669291 INFO Load feature_map from json: /mnt/ceph-nj1-csp/bingoozhang/salmonli/data/MerRec_Action/feature_map.json
2026-07-12 20:32:11,800 P3669291 INFO Set column index...
2026-07-12 20:32:11,800 P3669291 INFO Feature specs: {
    "action": "{'source': 'action', 'type': 'categorical', 'padding_idx': 0, 'vocab_size': 33}",
    "brand_id": "{'source': 'item', 'type': 'categorical', 'padding_idx': 0, 'vocab_size': 19783}",
    "c0_id": "{'source': 'item', 'type': 'categorical', 'padding_idx': 0, 'vocab_size': 18}",
    "c1_id": "{'source': 'item', 'type': 'categorical', 'padding_idx': 0, 'vocab_size': 310}",
    "c2_id": "{'source': 'item', 'type': 'categorical', 'padding_idx': 0, 'vocab_size': 3042}",
    "color": "{'source': 'item', 'type': 'categorical', 'padding_idx': 0, 'vocab_size': 7311}",
    "day_of_week": "{'source': '', 'type': 'categorical', 'padding_idx': 0, 'vocab_size': 8}",
    "hour": "{'source': '', 'type': 'categorical', 'padding_idx': 0, 'vocab_size': 25}",
    "is_weekend": "{'source': '', 'type': 'categorical', 'padding_idx': 0, 'vocab_size': 3}",
    "item_condition_id": "{'source': 'item', 'type': 'categorical', 'padding_idx': 0, 'vocab_size': 7}",
    "item_id": "{'source': 'item', 'type': 'categorical', 'padding_idx': 0, 'vocab_size': 43817684}",
    "item_index": "{'type': 'meta'}",
    "price_bucket": "{'source': 'item', 'type': 'categorical', 'padding_idx': 0, 'vocab_size': 10}",
    "product_id": "{'source': 'item', 'type': 'categorical', 'padding_idx': 0, 'vocab_size': 893620}",
    "seq_len": "{'type': 'meta'}",
    "session_id": "{'source': '', 'type': 'categorical', 'padding_idx': 0, 'vocab_size': 3701837}",
    "shipper_id": "{'source': 'item', 'type': 'categorical', 'padding_idx': 0, 'vocab_size': 3}",
    "size_id": "{'source': 'item', 'type': 'categorical', 'padding_idx': 0, 'vocab_size': 356}",
    "user_id": "{'source': '', 'type': 'categorical', 'padding_idx': 0, 'vocab_size': 1697916}",
    "user_index": "{'type': 'meta'}"
}
2026-07-12 20:32:19,317 P3669291 INFO Optimizers: dense=AdamW(lr=0.0001, weight_decay=0, params=67473157), sparse=Adagrad(lr=0.05, params=802271456)
2026-07-12 20:32:19,317 P3669291 INFO ************ compile start ************
2026-07-12 20:32:20,822 P3669291 INFO Compiled dense module: unified_tokenizer_layer
2026-07-12 20:32:20,823 P3669291 INFO Compiled dense module: attention_layers
2026-07-12 20:32:20,825 P3669291 INFO Compiled dense module: unified_interaction_layers
2026-07-12 20:32:20,826 P3669291 INFO Compiled dense module: tower.0
2026-07-12 20:32:20,827 P3669291 INFO Compiled dense module: tower.1
2026-07-12 20:32:20,828 P3669291 INFO Compiled dense module: tower.2
2026-07-12 20:32:20,829 P3669291 INFO Compiled dense module: tower.3
2026-07-12 20:32:20,830 P3669291 INFO Compiled dense module: tower.4
2026-07-12 20:32:25,170 P3669291 INFO Total number of parameters: 869744613.
2026-07-12 20:32:25,170 P3669291 INFO Number of embedding parameters: 802271456.
2026-07-12 20:32:25,170 P3669291 INFO Number of dense parameters: 67473157.
2026-07-12 20:32:25,170 P3669291 INFO Loading datasets...
2026-07-12 20:32:25,205 P3669291 INFO Train samples: total/36090865, blocks/2
2026-07-12 20:32:25,234 P3669291 INFO Validation samples: total/4124870, blocks/2
2026-07-12 20:32:25,235 P3669291 INFO Loading train and validation data done.
2026-07-12 20:32:25,235 P3669291 INFO BF16 mixed precision: True
2026-07-12 20:32:25,235 P3669291 INFO Start training: 4405 local batches/epoch
2026-07-12 20:32:25,236 P3669291 INFO DDP blocked training: True
2026-07-12 20:32:25,236 P3669291 INFO Disable step-wise eval and use epoch-end synchronized eval for DDP + blocked dataloader.
2026-07-12 20:32:25,236 P3669291 INFO ************ Epoch=1 start ************
2026-07-12 20:47:17,077 P3669291 INFO Train loss: 0.426752
2026-07-12 20:47:17,091 P3669291 INFO Evaluation @epoch 1 - batch 4405: 
2026-07-12 20:48:07,463 P3669291 INFO [Task: Like][Metrics] AUC: 0.753256 - logloss: 0.329808 - gAUC: 0.688115
2026-07-12 20:48:18,587 P3669291 INFO [Task: Cart][Metrics] AUC: 0.809124 - logloss: 0.056228 - gAUC: 0.727743
2026-07-12 20:48:28,655 P3669291 INFO [Task: Offer][Metrics] AUC: 0.771686 - logloss: 0.026827 - gAUC: 0.710822
2026-07-12 20:48:37,512 P3669291 INFO [Task: Checkout][Metrics] AUC: 0.835037 - logloss: 0.014430 - gAUC: 0.762173
2026-07-12 20:48:46,424 P3669291 INFO [Task: Purchase][Metrics] AUC: 0.841749 - logloss: 0.008985 - gAUC: 0.765060
2026-07-12 20:48:46,840 P3669291 INFO Save best model: monitor(max)=1.532953
2026-07-12 20:48:51,105 P3669291 INFO ************ Epoch=1 end ************
2026-07-12 20:48:51,105 P3669291 INFO Training finished.
2026-07-12 20:48:51,105 P3669291 INFO Load best model: /mnt/ceph-nj1-csp/bingoozhang/salmonli/ft_local/UniRank/checkpoints/MerRec_Action/HiFormer_MerRec_Action.model
2026-07-12 20:48:54,567 P3669291 INFO ******** Test evaluation ********
2026-07-12 20:48:54,568 P3669291 INFO Loading datasets...
2026-07-12 20:48:54,606 P3669291 INFO Test samples: total/2919932, blocks/2
2026-07-12 20:48:54,606 P3669291 INFO Loading test data done.
2026-07-12 20:49:24,674 P3669291 INFO [Task: Like][Metrics] logloss: 0.327688 - AUC: 0.751767 - gAUC: 0.686429
2026-07-12 20:49:32,623 P3669291 INFO [Task: Cart][Metrics] logloss: 0.052993 - AUC: 0.812332 - gAUC: 0.726366
2026-07-12 20:49:39,989 P3669291 INFO [Task: Offer][Metrics] logloss: 0.024155 - AUC: 0.770428 - gAUC: 0.709178
2026-07-12 20:49:46,780 P3669291 INFO [Task: Checkout][Metrics] logloss: 0.012687 - AUC: 0.835359 - gAUC: 0.763698
2026-07-12 20:49:53,278 P3669291 INFO [Task: Purchase][Metrics] logloss: 0.007694 - AUC: 0.840845 - gAUC: 0.769525
2026-07-12 20:49:54,536 P3669291 INFO Deleted model checkpoint: /mnt/ceph-nj1-csp/bingoozhang/salmonli/ft_local/UniRank/checkpoints/MerRec_Action/HiFormer_MerRec_Action.model
