2026-07-15 23:49:28,013 P2080793 INFO Params: {
    "accumulation_steps": "1",
    "batch_size": "8192",
    "block_cache_size": "2",
    "blocked": "True",
    "data_format": "parquet",
    "data_root": "/mnt/ceph-nj1-csp/bingoozhang/salmonli/data",
    "dataset_id": "MerRec_Action",
    "debug_mode": "False",
    "dense_learning_rate": "0.0001",
    "dense_optimizer": "AdamW",
    "dense_weight_decay": "0",
    "distributed": "True",
    "dnn_activations": "ReLU",
    "early_stop_patience": "2",
    "embedding_dim": "16",
    "enable_bf16": "True",
    "enable_torch_compile": "True",
    "epochs": "1",
    "eval_steps": "None",
    "feature_cols": "[{'name': 'user_index', 'active': True, 'dtype': 'int', 'type': 'meta'}, {'name': 'item_index', 'active': True, 'dtype': 'int', 'type': 'meta'}, {'name': 'seq_len', 'active': True, 'dtype': 'int', 'type': 'meta'}, {'name': 'user_id', 'active': True, 'dtype': 'int', 'type': 'categorical', 'vocab_size': 1697916}, {'name': 'item_id', 'active': True, 'dtype': 'int', 'type': 'categorical', 'vocab_size': 43817684, 'source': 'item'}, {'name': 'product_id', 'active': True, 'dtype': 'int', 'type': 'categorical', 'vocab_size': 893620, 'source': 'item'}, {'name': 'price_bucket', 'active': True, 'dtype': 'int', 'type': 'categorical', 'vocab_size': 10, 'source': 'item'}, {'name': 'c0_id', 'active': True, 'dtype': 'int', 'type': 'categorical', 'vocab_size': 18, 'source': 'item'}, {'name': 'c1_id', 'active': True, 'dtype': 'int', 'type': 'categorical', 'vocab_size': 310, 'source': 'item'}, {'name': 'c2_id', 'active': True, 'dtype': 'int', 'type': 'categorical', 'vocab_size': 3042, 'source': 'item'}, {'name': 'brand_id', 'active': True, 'dtype': 'int', 'type': 'categorical', 'vocab_size': 19783, 'source': 'item'}, {'name': 'item_condition_id', 'active': True, 'dtype': 'int', 'type': 'categorical', 'vocab_size': 7, 'source': 'item'}, {'name': 'size_id', 'active': True, 'dtype': 'int', 'type': 'categorical', 'vocab_size': 356, 'source': 'item'}, {'name': 'shipper_id', 'active': True, 'dtype': 'int', 'type': 'categorical', 'vocab_size': 3, 'source': 'item'}, {'name': 'color', 'active': True, 'dtype': 'int', 'type': 'categorical', 'vocab_size': 7311, 'source': 'item'}, {'name': 'session_id', 'active': True, 'dtype': 'int', 'type': 'categorical', 'vocab_size': 3701837}, {'name': 'day_of_week', 'active': True, 'dtype': 'int', 'type': 'categorical', 'vocab_size': 8}, {'name': 'is_weekend', 'active': True, 'dtype': 'int', 'type': 'categorical', 'vocab_size': 3}, {'name': 'hour', 'active': True, 'dtype': 'int', 'type': 'categorical', 'vocab_size': 25}, {'name': 'action', 'active': True, 'dtype': 'int', 'type': 'categorical', 'vocab_size': 33, 'source': 'action'}]",
    "feature_config": "None",
    "feature_specs": "None",
    "gpu": "0",
    "gradient_checkpointing": "False",
    "group_id": "user_id",
    "label_col": "[{'name': 'Like', 'dtype': 'float'}, {'name': 'Cart', 'dtype': 'float'}, {'name': 'Offer', 'dtype': 'float'}, {'name': 'Checkout', 'dtype': 'float'}, {'name': 'Purchase', 'dtype': 'float'}]",
    "local_rank": "0",
    "loss": "['binary_crossentropy', 'binary_crossentropy', 'binary_crossentropy', 'binary_crossentropy', 'binary_crossentropy']",
    "max_len": "100",
    "metrics": "['logloss', 'AUC']",
    "model": "HyFormer",
    "model_id": "HyFormer_MerRec_Action",
    "model_root": "./checkpoints/",
    "monitor": "{'AUC': 1, 'logloss': 0}",
    "monitor_mode": "max",
    "net_dropout": "0",
    "num_global_token": "2",
    "num_heads": "2",
    "num_layers": "3",
    "num_ns_token": "4",
    "num_tasks": "5",
    "num_workers": "4",
    "pickle_feature_encoder": "True",
    "rank": "0",
    "rebuild_dataset": "False",
    "save_best_only": "True",
    "seed": "20262027",
    "shuffle": "True",
    "sparse_learning_rate": "0.05",
    "sparse_optimizer": "Adagrad",
    "task": "binary_classification",
    "test_data": "/mnt/ceph-nj1-csp/bingoozhang/salmonli/data/MerRec_Action/test/data",
    "test_item_info": "/mnt/ceph-nj1-csp/bingoozhang/salmonli/data/MerRec_Action/test/item_info",
    "test_user_info": "/mnt/ceph-nj1-csp/bingoozhang/salmonli/data/MerRec_Action/test/user_info",
    "token_dim": "256",
    "tower_activations": "ReLU",
    "tower_hidden_units": "[128, 64]",
    "train_data": "/mnt/ceph-nj1-csp/bingoozhang/salmonli/data/MerRec_Action/train/data",
    "train_item_info": "/mnt/ceph-nj1-csp/bingoozhang/salmonli/data/MerRec_Action/train/item_info",
    "train_user_info": "/mnt/ceph-nj1-csp/bingoozhang/salmonli/data/MerRec_Action/train/user_info",
    "use_features": "None",
    "valid_data": "/mnt/ceph-nj1-csp/bingoozhang/salmonli/data/MerRec_Action/valid/data",
    "valid_item_info": "/mnt/ceph-nj1-csp/bingoozhang/salmonli/data/MerRec_Action/valid/item_info",
    "valid_user_info": "/mnt/ceph-nj1-csp/bingoozhang/salmonli/data/MerRec_Action/valid/user_info",
    "verbose": "1",
    "world_size": "4"
}
2026-07-15 23:49:28,015 P2080793 INFO Set up feature processor...
2026-07-15 23:49:28,015 P2080793 INFO Fit feature processor...
2026-07-15 23:49:28,016 P2080793 INFO Processing column: {'name': 'user_index', 'active': True, 'dtype': 'int', 'type': 'meta'}
2026-07-15 23:49:28,016 P2080793 INFO Processing column: {'name': 'item_index', 'active': True, 'dtype': 'int', 'type': 'meta'}
2026-07-15 23:49:28,016 P2080793 INFO Processing column: {'name': 'seq_len', 'active': True, 'dtype': 'int', 'type': 'meta'}
2026-07-15 23:49:28,016 P2080793 INFO Processing column: {'name': 'user_id', 'active': True, 'dtype': 'int', 'type': 'categorical', 'vocab_size': 1697916}
2026-07-15 23:49:28,369 P2080793 INFO Processing column: {'name': 'item_id', 'active': True, 'dtype': 'int', 'type': 'categorical', 'vocab_size': 43817684, 'source': 'item'}
2026-07-15 23:49:36,555 P2080793 INFO Processing column: {'name': 'product_id', 'active': True, 'dtype': 'int', 'type': 'categorical', 'vocab_size': 893620, 'source': 'item'}
2026-07-15 23:49:36,720 P2080793 INFO Processing column: {'name': 'price_bucket', 'active': True, 'dtype': 'int', 'type': 'categorical', 'vocab_size': 10, 'source': 'item'}
2026-07-15 23:49:36,724 P2080793 INFO Processing column: {'name': 'c0_id', 'active': True, 'dtype': 'int', 'type': 'categorical', 'vocab_size': 18, 'source': 'item'}
2026-07-15 23:49:36,728 P2080793 INFO Processing column: {'name': 'c1_id', 'active': True, 'dtype': 'int', 'type': 'categorical', 'vocab_size': 310, 'source': 'item'}
2026-07-15 23:49:36,731 P2080793 INFO Processing column: {'name': 'c2_id', 'active': True, 'dtype': 'int', 'type': 'categorical', 'vocab_size': 3042, 'source': 'item'}
2026-07-15 23:49:36,733 P2080793 INFO Processing column: {'name': 'brand_id', 'active': True, 'dtype': 'int', 'type': 'categorical', 'vocab_size': 19783, 'source': 'item'}
2026-07-15 23:49:36,740 P2080793 INFO Processing column: {'name': 'item_condition_id', 'active': True, 'dtype': 'int', 'type': 'categorical', 'vocab_size': 7, 'source': 'item'}
2026-07-15 23:49:36,742 P2080793 INFO Processing column: {'name': 'size_id', 'active': True, 'dtype': 'int', 'type': 'categorical', 'vocab_size': 356, 'source': 'item'}
2026-07-15 23:49:36,743 P2080793 INFO Processing column: {'name': 'shipper_id', 'active': True, 'dtype': 'int', 'type': 'categorical', 'vocab_size': 3, 'source': 'item'}
2026-07-15 23:49:36,743 P2080793 INFO Processing column: {'name': 'color', 'active': True, 'dtype': 'int', 'type': 'categorical', 'vocab_size': 7311, 'source': 'item'}
2026-07-15 23:49:36,745 P2080793 INFO Processing column: {'name': 'session_id', 'active': True, 'dtype': 'int', 'type': 'categorical', 'vocab_size': 3701837}
2026-07-15 23:49:37,483 P2080793 INFO Processing column: {'name': 'day_of_week', 'active': True, 'dtype': 'int', 'type': 'categorical', 'vocab_size': 8}
2026-07-15 23:49:37,484 P2080793 INFO Processing column: {'name': 'is_weekend', 'active': True, 'dtype': 'int', 'type': 'categorical', 'vocab_size': 3}
2026-07-15 23:49:37,484 P2080793 INFO Processing column: {'name': 'hour', 'active': True, 'dtype': 'int', 'type': 'categorical', 'vocab_size': 25}
2026-07-15 23:49:37,484 P2080793 INFO Processing column: {'name': 'action', 'active': True, 'dtype': 'int', 'type': 'categorical', 'vocab_size': 33, 'source': 'action'}
2026-07-15 23:49:37,485 P2080793 INFO Set column index...
2026-07-15 23:49:37,485 P2080793 INFO Save feature_map to json: /mnt/ceph-nj1-csp/bingoozhang/salmonli/data/MerRec_Action/feature_map.json
2026-07-15 23:49:37,570 P2080793 INFO Pickle feature_encode: /mnt/ceph-nj1-csp/bingoozhang/salmonli/data/MerRec_Action/feature_processor.pkl
2026-07-15 23:49:39,032 P2080793 INFO Save feature_vocab to json: /mnt/ceph-nj1-csp/bingoozhang/salmonli/data/MerRec_Action/feature_vocab.json
2026-07-15 23:50:22,317 P2080793 INFO Set feature processor done.
2026-07-15 23:50:22,350 P2080793 INFO Load feature_map from json: /mnt/ceph-nj1-csp/bingoozhang/salmonli/data/MerRec_Action/feature_map.json
2026-07-15 23:50:22,353 P2080793 INFO Set column index...
2026-07-15 23:50:22,353 P2080793 INFO Feature specs: {
    "action": "{'source': 'action', 'type': 'categorical', 'padding_idx': 0, 'vocab_size': 33}",
    "brand_id": "{'source': 'item', 'type': 'categorical', 'padding_idx': 0, 'vocab_size': 19783}",
    "c0_id": "{'source': 'item', 'type': 'categorical', 'padding_idx': 0, 'vocab_size': 18}",
    "c1_id": "{'source': 'item', 'type': 'categorical', 'padding_idx': 0, 'vocab_size': 310}",
    "c2_id": "{'source': 'item', 'type': 'categorical', 'padding_idx': 0, 'vocab_size': 3042}",
    "color": "{'source': 'item', 'type': 'categorical', 'padding_idx': 0, 'vocab_size': 7311}",
    "day_of_week": "{'source': '', 'type': 'categorical', 'padding_idx': 0, 'vocab_size': 8}",
    "hour": "{'source': '', 'type': 'categorical', 'padding_idx': 0, 'vocab_size': 25}",
    "is_weekend": "{'source': '', 'type': 'categorical', 'padding_idx': 0, 'vocab_size': 3}",
    "item_condition_id": "{'source': 'item', 'type': 'categorical', 'padding_idx': 0, 'vocab_size': 7}",
    "item_id": "{'source': 'item', 'type': 'categorical', 'padding_idx': 0, 'vocab_size': 43817684}",
    "item_index": "{'type': 'meta'}",
    "price_bucket": "{'source': 'item', 'type': 'categorical', 'padding_idx': 0, 'vocab_size': 10}",
    "product_id": "{'source': 'item', 'type': 'categorical', 'padding_idx': 0, 'vocab_size': 893620}",
    "seq_len": "{'type': 'meta'}",
    "session_id": "{'source': '', 'type': 'categorical', 'padding_idx': 0, 'vocab_size': 3701837}",
    "shipper_id": "{'source': 'item', 'type': 'categorical', 'padding_idx': 0, 'vocab_size': 3}",
    "size_id": "{'source': 'item', 'type': 'categorical', 'padding_idx': 0, 'vocab_size': 356}",
    "user_id": "{'source': '', 'type': 'categorical', 'padding_idx': 0, 'vocab_size': 1697916}",
    "user_index": "{'type': 'meta'}"
}
2026-07-15 23:50:29,521 P2080793 INFO Optimizers: dense=AdamW(lr=0.0001, weight_decay=0, params=7706373), sparse=Adagrad(lr=0.05, params=802271456)
2026-07-15 23:50:29,522 P2080793 INFO ************ compile start ************
2026-07-15 23:50:31,215 P2080793 INFO Compiled dense module: ns_tokenizer
2026-07-15 23:50:31,217 P2080793 INFO Compiled dense module: query_generator
2026-07-15 23:50:31,218 P2080793 INFO Compiled dense module: item_token_proj
2026-07-15 23:50:31,219 P2080793 INFO Compiled dense module: unified_interaction_layers
2026-07-15 23:50:31,220 P2080793 INFO Compiled dense module: tower.0
2026-07-15 23:50:31,221 P2080793 INFO Compiled dense module: tower.1
2026-07-15 23:50:31,222 P2080793 INFO Compiled dense module: tower.2
2026-07-15 23:50:31,223 P2080793 INFO Compiled dense module: tower.3
2026-07-15 23:50:31,224 P2080793 INFO Compiled dense module: tower.4
2026-07-15 23:50:35,258 P2080793 INFO Total number of parameters: 809977829.
2026-07-15 23:50:35,258 P2080793 INFO Number of embedding parameters: 802271456.
2026-07-15 23:50:35,258 P2080793 INFO Number of dense parameters: 7706373.
2026-07-15 23:50:35,258 P2080793 INFO Loading datasets...
2026-07-15 23:50:35,288 P2080793 INFO Train samples: total/36090865, blocks/2
2026-07-15 23:50:35,316 P2080793 INFO Validation samples: total/4124870, blocks/2
2026-07-15 23:50:35,316 P2080793 INFO Loading train and validation data done.
2026-07-15 23:50:35,355 P2080793 INFO BF16 mixed precision: True
2026-07-15 23:50:35,355 P2080793 INFO Gradient checkpointing: False
2026-07-15 23:50:35,355 P2080793 INFO Start training: 4405 local batches/epoch
2026-07-15 23:50:35,355 P2080793 INFO DDP blocked training: True
2026-07-15 23:50:35,355 P2080793 INFO Disable step-wise eval and use epoch-end synchronized eval for DDP + blocked dataloader.
2026-07-15 23:50:35,356 P2080793 INFO ************ Epoch=1 start ************
2026-07-16 00:47:59,336 P2080793 INFO Train loss: 0.427995
2026-07-16 00:47:59,397 P2080793 INFO Evaluation @epoch 1 - batch 4405:
2026-07-16 00:50:00,917 P2080793 INFO [Task: Like][Metrics] AUC: 0.737862 - logloss: 0.336590
2026-07-16 00:50:08,528 P2080793 INFO [Task: Cart][Metrics] AUC: 0.796596 - logloss: 0.057006
2026-07-16 00:50:15,666 P2080793 INFO [Task: Offer][Metrics] AUC: 0.746336 - logloss: 0.024699
2026-07-16 00:50:22,826 P2080793 INFO [Task: Checkout][Metrics] AUC: 0.855536 - logloss: 0.006794
2026-07-16 00:50:30,201 P2080793 INFO [Task: Purchase][Metrics] AUC: 0.854626 - logloss: 0.004551
2026-07-16 00:50:30,613 P2080793 INFO Save best model: monitor(max)=0.798191
2026-07-16 00:50:34,576 P2080793 INFO ************ Epoch=1 end ************
2026-07-16 00:50:34,578 P2080793 INFO Training finished.
2026-07-16 00:50:34,578 P2080793 INFO Load best model: /mnt/ceph-nj1-csp/bingoozhang/salmonli/ft_local/UniRank/checkpoints/MerRec_Action/HyFormer_MerRec_Action.model
2026-07-16 00:50:37,708 P2080793 INFO ******** Test evaluation ********
2026-07-16 00:50:37,708 P2080793 INFO Loading datasets...
2026-07-16 00:50:37,819 P2080793 INFO Test samples: total/2919932, blocks/2
2026-07-16 00:50:37,819 P2080793 INFO Loading test data done.
2026-07-16 00:51:54,999 P2080793 INFO [Task: Like][Metrics] logloss: 0.334080 - AUC: 0.736141
2026-07-16 00:52:00,330 P2080793 INFO [Task: Cart][Metrics] logloss: 0.053849 - AUC: 0.798645
2026-07-16 00:52:05,489 P2080793 INFO [Task: Offer][Metrics] logloss: 0.021903 - AUC: 0.740003
2026-07-16 00:52:10,632 P2080793 INFO [Task: Checkout][Metrics] logloss: 0.005630 - AUC: 0.851436
2026-07-16 00:52:15,909 P2080793 INFO [Task: Purchase][Metrics] logloss: 0.003740 - AUC: 0.847463
2026-07-16 00:52:16,955 P2080793 INFO Deleted model checkpoint: /mnt/ceph-nj1-csp/bingoozhang/salmonli/ft_local/UniRank/checkpoints/MerRec_Action/HyFormer_MerRec_Action.model
