2026-07-15 22:09:40,870 P1952848 INFO Params: {
    "accumulation_steps": "1",
    "batch_size": "8192",
    "block_cache_size": "2",
    "blocked": "True",
    "data_format": "parquet",
    "data_root": "/mnt/ceph-nj1-csp/bingoozhang/salmonli/data",
    "dataset_id": "MerRec_Action",
    "debug_mode": "False",
    "dense_learning_rate": "0.0001",
    "dense_optimizer": "AdamW",
    "dense_weight_decay": "0",
    "distributed": "True",
    "early_stop_patience": "2",
    "embedding_dim": "16",
    "enable_bf16": "True",
    "enable_torch_compile": "True",
    "epochs": "1",
    "eval_steps": "None",
    "feature_cols": "[{'name': 'user_index', 'active': True, 'dtype': 'int', 'type': 'meta'}, {'name': 'item_index', 'active': True, 'dtype': 'int', 'type': 'meta'}, {'name': 'seq_len', 'active': True, 'dtype': 'int', 'type': 'meta'}, {'name': 'user_id', 'active': True, 'dtype': 'int', 'type': 'categorical', 'vocab_size': 1697916}, {'name': 'item_id', 'active': True, 'dtype': 'int', 'type': 'categorical', 'vocab_size': 43817684, 'source': 'item'}, {'name': 'product_id', 'active': True, 'dtype': 'int', 'type': 'categorical', 'vocab_size': 893620, 'source': 'item'}, {'name': 'price_bucket', 'active': True, 'dtype': 'int', 'type': 'categorical', 'vocab_size': 10, 'source': 'item'}, {'name': 'c0_id', 'active': True, 'dtype': 'int', 'type': 'categorical', 'vocab_size': 18, 'source': 'item'}, {'name': 'c1_id', 'active': True, 'dtype': 'int', 'type': 'categorical', 'vocab_size': 310, 'source': 'item'}, {'name': 'c2_id', 'active': True, 'dtype': 'int', 'type': 'categorical', 'vocab_size': 3042, 'source': 'item'}, {'name': 'brand_id', 'active': True, 'dtype': 'int', 'type': 'categorical', 'vocab_size': 19783, 'source': 'item'}, {'name': 'item_condition_id', 'active': True, 'dtype': 'int', 'type': 'categorical', 'vocab_size': 7, 'source': 'item'}, {'name': 'size_id', 'active': True, 'dtype': 'int', 'type': 'categorical', 'vocab_size': 356, 'source': 'item'}, {'name': 'shipper_id', 'active': True, 'dtype': 'int', 'type': 'categorical', 'vocab_size': 3, 'source': 'item'}, {'name': 'color', 'active': True, 'dtype': 'int', 'type': 'categorical', 'vocab_size': 7311, 'source': 'item'}, {'name': 'session_id', 'active': True, 'dtype': 'int', 'type': 'categorical', 'vocab_size': 3701837}, {'name': 'day_of_week', 'active': True, 'dtype': 'int', 'type': 'categorical', 'vocab_size': 8}, {'name': 'is_weekend', 'active': True, 'dtype': 'int', 'type': 'categorical', 'vocab_size': 3}, {'name': 'hour', 'active': True, 'dtype': 'int', 'type': 'categorical', 'vocab_size': 25}, {'name': 'action', 'active': True, 'dtype': 'int', 'type': 'categorical', 'vocab_size': 33, 'source': 'action'}]",
    "feature_config": "None",
    "feature_specs": "None",
    "gpu": "0",
    "gradient_checkpointing": "False",
    "group_id": "user_id",
    "label_col": "[{'name': 'Like', 'dtype': 'float'}, {'name': 'Cart', 'dtype': 'float'}, {'name': 'Offer', 'dtype': 'float'}, {'name': 'Checkout', 'dtype': 'float'}, {'name': 'Purchase', 'dtype': 'float'}]",
    "local_rank": "0",
    "loss": "['binary_crossentropy', 'binary_crossentropy', 'binary_crossentropy', 'binary_crossentropy', 'binary_crossentropy']",
    "max_len": "100",
    "metrics": "['logloss', 'AUC']",
    "model": "INFNet",
    "model_id": "INFNet_MerRec_Action",
    "model_root": "./checkpoints/",
    "monitor": "{'AUC': 1, 'logloss': 0}",
    "monitor_mode": "max",
    "net_dropout": "0",
    "num_c_hub_token": "4",
    "num_layers": "3",
    "num_t_hub_token": "2",
    "num_tasks": "5",
    "num_workers": "4",
    "pickle_feature_encoder": "True",
    "rank": "0",
    "rebuild_dataset": "False",
    "save_best_only": "True",
    "seed": "20262027",
    "shuffle": "True",
    "sparse_learning_rate": "0.05",
    "sparse_optimizer": "Adagrad",
    "task": "binary_classification",
    "test_data": "/mnt/ceph-nj1-csp/bingoozhang/salmonli/data/MerRec_Action/test/data",
    "test_item_info": "/mnt/ceph-nj1-csp/bingoozhang/salmonli/data/MerRec_Action/test/item_info",
    "test_user_info": "/mnt/ceph-nj1-csp/bingoozhang/salmonli/data/MerRec_Action/test/user_info",
    "token_dim": "256",
    "tower_activations": "ReLU",
    "tower_hidden_units": "[128, 64]",
    "train_data": "/mnt/ceph-nj1-csp/bingoozhang/salmonli/data/MerRec_Action/train/data",
    "train_item_info": "/mnt/ceph-nj1-csp/bingoozhang/salmonli/data/MerRec_Action/train/item_info",
    "train_user_info": "/mnt/ceph-nj1-csp/bingoozhang/salmonli/data/MerRec_Action/train/user_info",
    "use_features": "None",
    "valid_data": "/mnt/ceph-nj1-csp/bingoozhang/salmonli/data/MerRec_Action/valid/data",
    "valid_item_info": "/mnt/ceph-nj1-csp/bingoozhang/salmonli/data/MerRec_Action/valid/item_info",
    "valid_user_info": "/mnt/ceph-nj1-csp/bingoozhang/salmonli/data/MerRec_Action/valid/user_info",
    "verbose": "1",
    "world_size": "4"
}
2026-07-15 22:09:40,872 P1952848 INFO Set up feature processor...
2026-07-15 22:09:40,872 P1952848 INFO Fit feature processor...
2026-07-15 22:09:40,872 P1952848 INFO Processing column: {'name': 'user_index', 'active': True, 'dtype': 'int', 'type': 'meta'}
2026-07-15 22:09:40,872 P1952848 INFO Processing column: {'name': 'item_index', 'active': True, 'dtype': 'int', 'type': 'meta'}
2026-07-15 22:09:40,872 P1952848 INFO Processing column: {'name': 'seq_len', 'active': True, 'dtype': 'int', 'type': 'meta'}
2026-07-15 22:09:40,872 P1952848 INFO Processing column: {'name': 'user_id', 'active': True, 'dtype': 'int', 'type': 'categorical', 'vocab_size': 1697916}
2026-07-15 22:09:41,210 P1952848 INFO Processing column: {'name': 'item_id', 'active': True, 'dtype': 'int', 'type': 'categorical', 'vocab_size': 43817684, 'source': 'item'}
2026-07-15 22:09:49,241 P1952848 INFO Processing column: {'name': 'product_id', 'active': True, 'dtype': 'int', 'type': 'categorical', 'vocab_size': 893620, 'source': 'item'}
2026-07-15 22:09:49,404 P1952848 INFO Processing column: {'name': 'price_bucket', 'active': True, 'dtype': 'int', 'type': 'categorical', 'vocab_size': 10, 'source': 'item'}
2026-07-15 22:09:49,404 P1952848 INFO Processing column: {'name': 'c0_id', 'active': True, 'dtype': 'int', 'type': 'categorical', 'vocab_size': 18, 'source': 'item'}
2026-07-15 22:09:49,405 P1952848 INFO Processing column: {'name': 'c1_id', 'active': True, 'dtype': 'int', 'type': 'categorical', 'vocab_size': 310, 'source': 'item'}
2026-07-15 22:09:49,405 P1952848 INFO Processing column: {'name': 'c2_id', 'active': True, 'dtype': 'int', 'type': 'categorical', 'vocab_size': 3042, 'source': 'item'}
2026-07-15 22:09:49,405 P1952848 INFO Processing column: {'name': 'brand_id', 'active': True, 'dtype': 'int', 'type': 'categorical', 'vocab_size': 19783, 'source': 'item'}
2026-07-15 22:09:49,409 P1952848 INFO Processing column: {'name': 'item_condition_id', 'active': True, 'dtype': 'int', 'type': 'categorical', 'vocab_size': 7, 'source': 'item'}
2026-07-15 22:09:49,409 P1952848 INFO Processing column: {'name': 'size_id', 'active': True, 'dtype': 'int', 'type': 'categorical', 'vocab_size': 356, 'source': 'item'}
2026-07-15 22:09:49,409 P1952848 INFO Processing column: {'name': 'shipper_id', 'active': True, 'dtype': 'int', 'type': 'categorical', 'vocab_size': 3, 'source': 'item'}
2026-07-15 22:09:49,409 P1952848 INFO Processing column: {'name': 'color', 'active': True, 'dtype': 'int', 'type': 'categorical', 'vocab_size': 7311, 'source': 'item'}
2026-07-15 22:09:49,410 P1952848 INFO Processing column: {'name': 'session_id', 'active': True, 'dtype': 'int', 'type': 'categorical', 'vocab_size': 3701837}
2026-07-15 22:09:50,114 P1952848 INFO Processing column: {'name': 'day_of_week', 'active': True, 'dtype': 'int', 'type': 'categorical', 'vocab_size': 8}
2026-07-15 22:09:50,114 P1952848 INFO Processing column: {'name': 'is_weekend', 'active': True, 'dtype': 'int', 'type': 'categorical', 'vocab_size': 3}
2026-07-15 22:09:50,114 P1952848 INFO Processing column: {'name': 'hour', 'active': True, 'dtype': 'int', 'type': 'categorical', 'vocab_size': 25}
2026-07-15 22:09:50,115 P1952848 INFO Processing column: {'name': 'action', 'active': True, 'dtype': 'int', 'type': 'categorical', 'vocab_size': 33, 'source': 'action'}
2026-07-15 22:09:50,115 P1952848 INFO Set column index...
2026-07-15 22:09:50,115 P1952848 INFO Save feature_map to json: /mnt/ceph-nj1-csp/bingoozhang/salmonli/data/MerRec_Action/feature_map.json
2026-07-15 22:09:50,185 P1952848 INFO Pickle feature_encode: /mnt/ceph-nj1-csp/bingoozhang/salmonli/data/MerRec_Action/feature_processor.pkl
2026-07-15 22:09:51,701 P1952848 INFO Save feature_vocab to json: /mnt/ceph-nj1-csp/bingoozhang/salmonli/data/MerRec_Action/feature_vocab.json
2026-07-15 22:10:35,012 P1952848 INFO Set feature processor done.
2026-07-15 22:10:35,026 P1952848 INFO Load feature_map from json: /mnt/ceph-nj1-csp/bingoozhang/salmonli/data/MerRec_Action/feature_map.json
2026-07-15 22:10:35,029 P1952848 INFO Set column index...
2026-07-15 22:10:35,029 P1952848 INFO Feature specs: {
    "action": "{'source': 'action', 'type': 'categorical', 'padding_idx': 0, 'vocab_size': 33}",
    "brand_id": "{'source': 'item', 'type': 'categorical', 'padding_idx': 0, 'vocab_size': 19783}",
    "c0_id": "{'source': 'item', 'type': 'categorical', 'padding_idx': 0, 'vocab_size': 18}",
    "c1_id": "{'source': 'item', 'type': 'categorical', 'padding_idx': 0, 'vocab_size': 310}",
    "c2_id": "{'source': 'item', 'type': 'categorical', 'padding_idx': 0, 'vocab_size': 3042}",
    "color": "{'source': 'item', 'type': 'categorical', 'padding_idx': 0, 'vocab_size': 7311}",
    "day_of_week": "{'source': '', 'type': 'categorical', 'padding_idx': 0, 'vocab_size': 8}",
    "hour": "{'source': '', 'type': 'categorical', 'padding_idx': 0, 'vocab_size': 25}",
    "is_weekend": "{'source': '', 'type': 'categorical', 'padding_idx': 0, 'vocab_size': 3}",
    "item_condition_id": "{'source': 'item', 'type': 'categorical', 'padding_idx': 0, 'vocab_size': 7}",
    "item_id": "{'source': 'item', 'type': 'categorical', 'padding_idx': 0, 'vocab_size': 43817684}",
    "item_index": "{'type': 'meta'}",
    "price_bucket": "{'source': 'item', 'type': 'categorical', 'padding_idx': 0, 'vocab_size': 10}",
    "product_id": "{'source': 'item', 'type': 'categorical', 'padding_idx': 0, 'vocab_size': 893620}",
    "seq_len": "{'type': 'meta'}",
    "session_id": "{'source': '', 'type': 'categorical', 'padding_idx': 0, 'vocab_size': 3701837}",
    "shipper_id": "{'source': 'item', 'type': 'categorical', 'padding_idx': 0, 'vocab_size': 3}",
    "size_id": "{'source': 'item', 'type': 'categorical', 'padding_idx': 0, 'vocab_size': 356}",
    "user_id": "{'source': '', 'type': 'categorical', 'padding_idx': 0, 'vocab_size': 1697916}",
    "user_index": "{'type': 'meta'}"
}
2026-07-15 22:10:42,288 P1952848 INFO Optimizers: dense=AdamW(lr=0.0001, weight_decay=0, params=21741317), sparse=Adagrad(lr=0.05, params=802271456)
2026-07-15 22:10:42,293 P1952848 INFO ************ compile start ************
2026-07-15 22:10:43,785 P1952848 INFO Compiled dense module: unified_tokenizer_layer
2026-07-15 22:10:43,786 P1952848 INFO Compiled dense module: seq_org_proj
2026-07-15 22:10:43,787 P1952848 INFO Compiled dense module: unified_interaction_layers
2026-07-15 22:10:43,788 P1952848 INFO Compiled dense module: seq_hub_projs.0
2026-07-15 22:10:43,789 P1952848 INFO Compiled dense module: seq_hub_projs.1
2026-07-15 22:10:43,790 P1952848 INFO Compiled dense module: seq_hub_projs.2
2026-07-15 22:10:43,791 P1952848 INFO Compiled dense module: seq_hub_projs.3
2026-07-15 22:10:43,792 P1952848 INFO Compiled dense module: seq_hub_projs.4
2026-07-15 22:10:43,793 P1952848 INFO Compiled dense module: tower.0
2026-07-15 22:10:43,794 P1952848 INFO Compiled dense module: tower.1
2026-07-15 22:10:43,796 P1952848 INFO Compiled dense module: tower.2
2026-07-15 22:10:43,797 P1952848 INFO Compiled dense module: tower.3
2026-07-15 22:10:43,798 P1952848 INFO Compiled dense module: tower.4
2026-07-15 22:10:48,127 P1952848 INFO Total number of parameters: 824012773.
2026-07-15 22:10:48,127 P1952848 INFO Number of embedding parameters: 802271456.
2026-07-15 22:10:48,127 P1952848 INFO Number of dense parameters: 21741317.
2026-07-15 22:10:48,127 P1952848 INFO Loading datasets...
2026-07-15 22:10:48,164 P1952848 INFO Train samples: total/36090865, blocks/2
2026-07-15 22:10:48,191 P1952848 INFO Validation samples: total/4124870, blocks/2
2026-07-15 22:10:48,191 P1952848 INFO Loading train and validation data done.
2026-07-15 22:10:48,191 P1952848 INFO BF16 mixed precision: True
2026-07-15 22:10:48,191 P1952848 INFO Gradient checkpointing: False
2026-07-15 22:10:48,192 P1952848 INFO Start training: 4405 local batches/epoch
2026-07-15 22:10:48,192 P1952848 INFO DDP blocked training: True
2026-07-15 22:10:48,192 P1952848 INFO Disable step-wise eval and use epoch-end synchronized eval for DDP + blocked dataloader.
2026-07-15 22:10:48,192 P1952848 INFO ************ Epoch=1 start ************
2026-07-15 22:35:19,251 P1952848 INFO Train loss: 0.351470
2026-07-15 22:35:19,272 P1952848 INFO Evaluation @epoch 1 - batch 4405:
2026-07-15 22:36:29,876 P1952848 INFO [Task: Like][Metrics] AUC: 0.728316 - logloss: 0.342029
2026-07-15 22:36:37,279 P1952848 INFO [Task: Cart][Metrics] AUC: 0.787558 - logloss: 0.057772
2026-07-15 22:36:44,776 P1952848 INFO [Task: Offer][Metrics] AUC: 0.737172 - logloss: 0.025873
2026-07-15 22:36:52,221 P1952848 INFO [Task: Checkout][Metrics] AUC: 0.836770 - logloss: 0.009873
2026-07-15 22:36:59,932 P1952848 INFO [Task: Purchase][Metrics] AUC: 0.841806 - logloss: 0.006358
2026-07-15 22:37:00,358 P1952848 INFO Save best model: monitor(max)=0.786325
2026-07-15 22:37:04,987 P1952848 INFO ************ Epoch=1 end ************
2026-07-15 22:37:04,989 P1952848 INFO Training finished.
2026-07-15 22:37:04,989 P1952848 INFO Load best model: /mnt/ceph-nj1-csp/bingoozhang/salmonli/ft_local/UniRank/checkpoints/MerRec_Action/INFNet_MerRec_Action.model
2026-07-15 22:37:08,151 P1952848 INFO ******** Test evaluation ********
2026-07-15 22:37:08,151 P1952848 INFO Loading datasets...
2026-07-15 22:37:08,188 P1952848 INFO Test samples: total/2919932, blocks/2
2026-07-15 22:37:08,188 P1952848 INFO Loading test data done.
2026-07-15 22:37:50,491 P1952848 INFO [Task: Like][Metrics] logloss: 0.337457 - AUC: 0.729605
2026-07-15 22:37:55,997 P1952848 INFO [Task: Cart][Metrics] logloss: 0.054236 - AUC: 0.794680
2026-07-15 22:38:01,454 P1952848 INFO [Task: Offer][Metrics] logloss: 0.022966 - AUC: 0.737824
2026-07-15 22:38:06,948 P1952848 INFO [Task: Checkout][Metrics] logloss: 0.008954 - AUC: 0.844654
2026-07-15 22:38:12,450 P1952848 INFO [Task: Purchase][Metrics] logloss: 0.005621 - AUC: 0.846481
2026-07-15 22:38:13,753 P1952848 INFO Deleted model checkpoint: /mnt/ceph-nj1-csp/bingoozhang/salmonli/ft_local/UniRank/checkpoints/MerRec_Action/INFNet_MerRec_Action.model
