2026-07-12 19:44:02,986 P3631960 INFO UniRank version: 2.3.7
2026-07-12 19:44:02,987 P3631960 INFO Params: {
    "accumulation_steps": "1",
    "batch_size": "8192",
    "block_cache_size": "2",
    "blocked": "True",
    "data_format": "parquet",
    "data_root": "/mnt/ceph-nj1-csp/bingoozhang/salmonli/data",
    "dataset_id": "MerRec_Action",
    "debug_mode": "False",
    "dense_learning_rate": "0.0001",
    "dense_optimizer": "AdamW",
    "dense_weight_decay": "0",
    "distributed": "True",
    "early_stop_patience": "2",
    "embedding_dim": "16",
    "enable_bf16": "True",
    "epochs": "1",
    "eval_steps": "None",
    "feature_cols": "[{'name': 'user_index', 'active': True, 'dtype': 'int', 'type': 'meta'}, {'name': 'item_index', 'active': True, 'dtype': 'int', 'type': 'meta'}, {'name': 'seq_len', 'active': True, 'dtype': 'int', 'type': 'meta'}, {'name': 'user_id', 'active': True, 'dtype': 'int', 'type': 'categorical', 'vocab_size': 1697916}, {'name': 'item_id', 'active': True, 'dtype': 'int', 'type': 'categorical', 'vocab_size': 43817684, 'source': 'item'}, {'name': 'product_id', 'active': True, 'dtype': 'int', 'type': 'categorical', 'vocab_size': 893620, 'source': 'item'}, {'name': 'price_bucket', 'active': True, 'dtype': 'int', 'type': 'categorical', 'vocab_size': 10, 'source': 'item'}, {'name': 'c0_id', 'active': True, 'dtype': 'int', 'type': 'categorical', 'vocab_size': 18, 'source': 'item'}, {'name': 'c1_id', 'active': True, 'dtype': 'int', 'type': 'categorical', 'vocab_size': 310, 'source': 'item'}, {'name': 'c2_id', 'active': True, 'dtype': 'int', 'type': 'categorical', 'vocab_size': 3042, 'source': 'item'}, {'name': 'brand_id', 'active': True, 'dtype': 'int', 'type': 'categorical', 'vocab_size': 19783, 'source': 'item'}, {'name': 'item_condition_id', 'active': True, 'dtype': 'int', 'type': 'categorical', 'vocab_size': 7, 'source': 'item'}, {'name': 'size_id', 'active': True, 'dtype': 'int', 'type': 'categorical', 'vocab_size': 356, 'source': 'item'}, {'name': 'shipper_id', 'active': True, 'dtype': 'int', 'type': 'categorical', 'vocab_size': 3, 'source': 'item'}, {'name': 'color', 'active': True, 'dtype': 'int', 'type': 'categorical', 'vocab_size': 7311, 'source': 'item'}, {'name': 'session_id', 'active': True, 'dtype': 'int', 'type': 'categorical', 'vocab_size': 3701837}, {'name': 'day_of_week', 'active': True, 'dtype': 'int', 'type': 'categorical', 'vocab_size': 8}, {'name': 'is_weekend', 'active': True, 'dtype': 'int', 'type': 'categorical', 'vocab_size': 3}, {'name': 'hour', 'active': True, 'dtype': 'int', 'type': 'categorical', 'vocab_size': 25}, {'name': 'action', 'active': True, 'dtype': 'int', 'type': 'categorical', 'vocab_size': 33, 'source': 'action'}]",
    "feature_config": "None",
    "feature_specs": "None",
    "gpu": "0",
    "group_id": "user_index",
    "label_col": "[{'name': 'Like', 'dtype': 'float'}, {'name': 'Cart', 'dtype': 'float'}, {'name': 'Offer', 'dtype': 'float'}, {'name': 'Checkout', 'dtype': 'float'}, {'name': 'Purchase', 'dtype': 'float'}]",
    "local_rank": "0",
    "loss": "['binary_crossentropy', 'binary_crossentropy', 'binary_crossentropy', 'binary_crossentropy', 'binary_crossentropy']",
    "max_len": "100",
    "metrics": "['logloss', 'AUC']",
    "model": "MixFormer",
    "model_id": "MixFormer_MerRec_Action",
    "model_root": "./checkpoints/",
    "monitor": "{'AUC': 1, 'logloss': 0}",
    "monitor_mode": "max",
    "net_dropout": "0",
    "num_layers": "3",
    "num_ns_token": "4",
    "num_tasks": "5",
    "num_workers": "4",
    "pickle_feature_encoder": "True",
    "rank": "0",
    "rebuild_dataset": "False",
    "save_best_only": "True",
    "seed": "20262027",
    "shuffle": "True",
    "sparse_learning_rate": "0.05",
    "sparse_optimizer": "Adagrad",
    "task": "binary_classification",
    "test_data": "/mnt/ceph-nj1-csp/bingoozhang/salmonli/data/MerRec_Action/test/data",
    "test_item_info": "/mnt/ceph-nj1-csp/bingoozhang/salmonli/data/MerRec_Action/test/item_info",
    "test_user_info": "/mnt/ceph-nj1-csp/bingoozhang/salmonli/data/MerRec_Action/test/user_info",
    "token_dim": "256",
    "tower_activations": "ReLU",
    "tower_hidden_units": "[128, 64]",
    "train_data": "/mnt/ceph-nj1-csp/bingoozhang/salmonli/data/MerRec_Action/train/data",
    "train_item_info": "/mnt/ceph-nj1-csp/bingoozhang/salmonli/data/MerRec_Action/train/item_info",
    "train_user_info": "/mnt/ceph-nj1-csp/bingoozhang/salmonli/data/MerRec_Action/train/user_info",
    "use_features": "None",
    "valid_data": "/mnt/ceph-nj1-csp/bingoozhang/salmonli/data/MerRec_Action/valid/data",
    "valid_item_info": "/mnt/ceph-nj1-csp/bingoozhang/salmonli/data/MerRec_Action/valid/item_info",
    "valid_user_info": "/mnt/ceph-nj1-csp/bingoozhang/salmonli/data/MerRec_Action/valid/user_info",
    "verbose": "1",
    "world_size": "4"
}
2026-07-12 19:44:02,989 P3631960 INFO Set up feature processor...
2026-07-12 19:44:02,989 P3631960 INFO Fit feature processor...
2026-07-12 19:44:02,989 P3631960 INFO Processing column: {'name': 'user_index', 'active': True, 'dtype': 'int', 'type': 'meta'}
2026-07-12 19:44:02,989 P3631960 INFO Processing column: {'name': 'item_index', 'active': True, 'dtype': 'int', 'type': 'meta'}
2026-07-12 19:44:02,989 P3631960 INFO Processing column: {'name': 'seq_len', 'active': True, 'dtype': 'int', 'type': 'meta'}
2026-07-12 19:44:02,989 P3631960 INFO Processing column: {'name': 'user_id', 'active': True, 'dtype': 'int', 'type': 'categorical', 'vocab_size': 1697916}
2026-07-12 19:44:03,333 P3631960 INFO Processing column: {'name': 'item_id', 'active': True, 'dtype': 'int', 'type': 'categorical', 'vocab_size': 43817684, 'source': 'item'}
2026-07-12 19:44:11,649 P3631960 INFO Processing column: {'name': 'product_id', 'active': True, 'dtype': 'int', 'type': 'categorical', 'vocab_size': 893620, 'source': 'item'}
2026-07-12 19:44:11,813 P3631960 INFO Processing column: {'name': 'price_bucket', 'active': True, 'dtype': 'int', 'type': 'categorical', 'vocab_size': 10, 'source': 'item'}
2026-07-12 19:44:11,813 P3631960 INFO Processing column: {'name': 'c0_id', 'active': True, 'dtype': 'int', 'type': 'categorical', 'vocab_size': 18, 'source': 'item'}
2026-07-12 19:44:11,814 P3631960 INFO Processing column: {'name': 'c1_id', 'active': True, 'dtype': 'int', 'type': 'categorical', 'vocab_size': 310, 'source': 'item'}
2026-07-12 19:44:11,814 P3631960 INFO Processing column: {'name': 'c2_id', 'active': True, 'dtype': 'int', 'type': 'categorical', 'vocab_size': 3042, 'source': 'item'}
2026-07-12 19:44:11,814 P3631960 INFO Processing column: {'name': 'brand_id', 'active': True, 'dtype': 'int', 'type': 'categorical', 'vocab_size': 19783, 'source': 'item'}
2026-07-12 19:44:11,818 P3631960 INFO Processing column: {'name': 'item_condition_id', 'active': True, 'dtype': 'int', 'type': 'categorical', 'vocab_size': 7, 'source': 'item'}
2026-07-12 19:44:11,818 P3631960 INFO Processing column: {'name': 'size_id', 'active': True, 'dtype': 'int', 'type': 'categorical', 'vocab_size': 356, 'source': 'item'}
2026-07-12 19:44:11,818 P3631960 INFO Processing column: {'name': 'shipper_id', 'active': True, 'dtype': 'int', 'type': 'categorical', 'vocab_size': 3, 'source': 'item'}
2026-07-12 19:44:11,818 P3631960 INFO Processing column: {'name': 'color', 'active': True, 'dtype': 'int', 'type': 'categorical', 'vocab_size': 7311, 'source': 'item'}
2026-07-12 19:44:11,819 P3631960 INFO Processing column: {'name': 'session_id', 'active': True, 'dtype': 'int', 'type': 'categorical', 'vocab_size': 3701837}
2026-07-12 19:44:12,538 P3631960 INFO Processing column: {'name': 'day_of_week', 'active': True, 'dtype': 'int', 'type': 'categorical', 'vocab_size': 8}
2026-07-12 19:44:12,538 P3631960 INFO Processing column: {'name': 'is_weekend', 'active': True, 'dtype': 'int', 'type': 'categorical', 'vocab_size': 3}
2026-07-12 19:44:12,539 P3631960 INFO Processing column: {'name': 'hour', 'active': True, 'dtype': 'int', 'type': 'categorical', 'vocab_size': 25}
2026-07-12 19:44:12,539 P3631960 INFO Processing column: {'name': 'action', 'active': True, 'dtype': 'int', 'type': 'categorical', 'vocab_size': 33, 'source': 'action'}
2026-07-12 19:44:12,540 P3631960 INFO Set column index...
2026-07-12 19:44:12,540 P3631960 INFO Save feature_map to json: /mnt/ceph-nj1-csp/bingoozhang/salmonli/data/MerRec_Action/feature_map.json
2026-07-12 19:44:12,546 P3631960 INFO Pickle feature_encode: /mnt/ceph-nj1-csp/bingoozhang/salmonli/data/MerRec_Action/feature_processor.pkl
2026-07-12 19:44:14,040 P3631960 INFO Save feature_vocab to json: /mnt/ceph-nj1-csp/bingoozhang/salmonli/data/MerRec_Action/feature_vocab.json
2026-07-12 19:44:57,173 P3631960 INFO Set feature processor done.
2026-07-12 19:44:57,185 P3631960 INFO Load feature_map from json: /mnt/ceph-nj1-csp/bingoozhang/salmonli/data/MerRec_Action/feature_map.json
2026-07-12 19:44:57,188 P3631960 INFO Set column index...
2026-07-12 19:44:57,189 P3631960 INFO Feature specs: {
    "action": "{'source': 'action', 'type': 'categorical', 'padding_idx': 0, 'vocab_size': 33}",
    "brand_id": "{'source': 'item', 'type': 'categorical', 'padding_idx': 0, 'vocab_size': 19783}",
    "c0_id": "{'source': 'item', 'type': 'categorical', 'padding_idx': 0, 'vocab_size': 18}",
    "c1_id": "{'source': 'item', 'type': 'categorical', 'padding_idx': 0, 'vocab_size': 310}",
    "c2_id": "{'source': 'item', 'type': 'categorical', 'padding_idx': 0, 'vocab_size': 3042}",
    "color": "{'source': 'item', 'type': 'categorical', 'padding_idx': 0, 'vocab_size': 7311}",
    "day_of_week": "{'source': '', 'type': 'categorical', 'padding_idx': 0, 'vocab_size': 8}",
    "hour": "{'source': '', 'type': 'categorical', 'padding_idx': 0, 'vocab_size': 25}",
    "is_weekend": "{'source': '', 'type': 'categorical', 'padding_idx': 0, 'vocab_size': 3}",
    "item_condition_id": "{'source': 'item', 'type': 'categorical', 'padding_idx': 0, 'vocab_size': 7}",
    "item_id": "{'source': 'item', 'type': 'categorical', 'padding_idx': 0, 'vocab_size': 43817684}",
    "item_index": "{'type': 'meta'}",
    "price_bucket": "{'source': 'item', 'type': 'categorical', 'padding_idx': 0, 'vocab_size': 10}",
    "product_id": "{'source': 'item', 'type': 'categorical', 'padding_idx': 0, 'vocab_size': 893620}",
    "seq_len": "{'type': 'meta'}",
    "session_id": "{'source': '', 'type': 'categorical', 'padding_idx': 0, 'vocab_size': 3701837}",
    "shipper_id": "{'source': 'item', 'type': 'categorical', 'padding_idx': 0, 'vocab_size': 3}",
    "size_id": "{'source': 'item', 'type': 'categorical', 'padding_idx': 0, 'vocab_size': 356}",
    "user_id": "{'source': '', 'type': 'categorical', 'padding_idx': 0, 'vocab_size': 1697916}",
    "user_index": "{'type': 'meta'}"
}
2026-07-12 19:45:04,495 P3631960 INFO Optimizers: dense=AdamW(lr=0.0001, weight_decay=0, params=23203077), sparse=Adagrad(lr=0.05, params=802271456)
2026-07-12 19:45:04,495 P3631960 INFO ************ compile start ************
2026-07-12 19:45:06,211 P3631960 INFO Compiled dense module: unified_tokenizer_layer
2026-07-12 19:45:06,213 P3631960 INFO Compiled dense module: item_token_proj
2026-07-12 19:45:06,214 P3631960 INFO Compiled dense module: unified_interaction_layers
2026-07-12 19:45:06,215 P3631960 INFO Compiled dense module: tower.0
2026-07-12 19:45:06,216 P3631960 INFO Compiled dense module: tower.1
2026-07-12 19:45:06,217 P3631960 INFO Compiled dense module: tower.2
2026-07-12 19:45:06,218 P3631960 INFO Compiled dense module: tower.3
2026-07-12 19:45:06,219 P3631960 INFO Compiled dense module: tower.4
2026-07-12 19:45:10,226 P3631960 INFO Total number of parameters: 825474533.
2026-07-12 19:45:10,227 P3631960 INFO Number of embedding parameters: 802271456.
2026-07-12 19:45:10,227 P3631960 INFO Number of dense parameters: 23203077.
2026-07-12 19:45:10,227 P3631960 INFO Loading datasets...
2026-07-12 19:45:10,263 P3631960 INFO Train samples: total/36090865, blocks/2
2026-07-12 19:45:10,301 P3631960 INFO Validation samples: total/4124870, blocks/2
2026-07-12 19:45:10,301 P3631960 INFO Loading train and validation data done.
2026-07-12 19:45:10,302 P3631960 INFO BF16 mixed precision: True
2026-07-12 19:45:10,302 P3631960 INFO Start training: 4405 local batches/epoch
2026-07-12 19:45:10,303 P3631960 INFO DDP blocked training: True
2026-07-12 19:45:10,303 P3631960 INFO Disable step-wise eval and use epoch-end synchronized eval for DDP + blocked dataloader.
2026-07-12 19:45:10,303 P3631960 INFO ************ Epoch=1 start ************
2026-07-12 20:12:11,872 P3631960 INFO Train loss: 0.367253
2026-07-12 20:12:11,885 P3631960 INFO Evaluation @epoch 1 - batch 4405: 
2026-07-12 20:13:21,486 P3631960 INFO [Task: Like][Metrics] AUC: 0.730953 - logloss: 0.347846
2026-07-12 20:13:32,328 P3631960 INFO [Task: Cart][Metrics] AUC: 0.797458 - logloss: 0.057109
2026-07-12 20:13:42,199 P3631960 INFO [Task: Offer][Metrics] AUC: 0.755726 - logloss: 0.024243
2026-07-12 20:13:51,010 P3631960 INFO [Task: Checkout][Metrics] AUC: 0.854443 - logloss: 0.006505
2026-07-12 20:13:59,691 P3631960 INFO [Task: Purchase][Metrics] AUC: 0.856653 - logloss: 0.004461
2026-07-12 20:14:00,133 P3631960 INFO Save best model: monitor(max)=1.506800
2026-07-12 20:14:04,550 P3631960 INFO ************ Epoch=1 end ************
2026-07-12 20:14:04,550 P3631960 INFO Training finished.
2026-07-12 20:14:04,550 P3631960 INFO Load best model: /mnt/ceph-nj1-csp/bingoozhang/salmonli/ft_local/UniRank/checkpoints/MerRec_Action/MixFormer_MerRec_Action.model
2026-07-12 20:14:07,645 P3631960 INFO ******** Test evaluation ********
2026-07-12 20:14:07,645 P3631960 INFO Loading datasets...
2026-07-12 20:14:07,685 P3631960 INFO Test samples: total/2919932, blocks/2
2026-07-12 20:14:07,685 P3631960 INFO Loading test data done.
2026-07-12 20:14:57,824 P3631960 INFO [Task: Like][Metrics] logloss: 0.343278 - AUC: 0.731176
2026-07-12 20:15:05,809 P3631960 INFO [Task: Cart][Metrics] logloss: 0.053723 - AUC: 0.801221
2026-07-12 20:15:13,046 P3631960 INFO [Task: Offer][Metrics] logloss: 0.021236 - AUC: 0.756290
2026-07-12 20:15:19,421 P3631960 INFO [Task: Checkout][Metrics] logloss: 0.005509 - AUC: 0.855206
2026-07-12 20:15:25,787 P3631960 INFO [Task: Purchase][Metrics] logloss: 0.003678 - AUC: 0.856082
2026-07-12 20:15:27,075 P3631960 INFO Deleted model checkpoint: /mnt/ceph-nj1-csp/bingoozhang/salmonli/ft_local/UniRank/checkpoints/MerRec_Action/MixFormer_MerRec_Action.model
