2026-07-18 08:46:26,489 P3825203 INFO Params: {
    "accumulation_steps": "1",
    "att_gate": "False",
    "att_res": "False",
    "attention_activation_type": "SoftMax",
    "batch_size": "8192",
    "block_cache_size": "2",
    "blocked": "True",
    "data_format": "parquet",
    "data_root": "/mnt/ceph-nj1-csp/bingoozhang/salmonli/data",
    "dataset_id": "MerRec_Action",
    "debug_mode": "False",
    "dense_learning_rate": "0.0001",
    "dense_optimizer": "AdamW",
    "dense_weight_decay": "0",
    "distributed": "True",
    "dnn_activations": "ReLU",
    "early_stop_patience": "2",
    "embedding_dim": "16",
    "enable_bf16": "True",
    "enable_torch_compile": "True",
    "epochs": "1",
    "eval_steps": "None",
    "feature_cols": "[{'name': 'user_index', 'active': True, 'dtype': 'int', 'type': 'meta'}, {'name': 'item_index', 'active': True, 'dtype': 'int', 'type': 'meta'}, {'name': 'seq_len', 'active': True, 'dtype': 'int', 'type': 'meta'}, {'name': 'user_id', 'active': True, 'dtype': 'int', 'type': 'categorical', 'vocab_size': 1697916}, {'name': 'item_id', 'active': True, 'dtype': 'int', 'type': 'categorical', 'vocab_size': 43817684, 'source': 'item'}, {'name': 'product_id', 'active': True, 'dtype': 'int', 'type': 'categorical', 'vocab_size': 893620, 'source': 'item'}, {'name': 'price_bucket', 'active': True, 'dtype': 'int', 'type': 'categorical', 'vocab_size': 10, 'source': 'item'}, {'name': 'c0_id', 'active': True, 'dtype': 'int', 'type': 'categorical', 'vocab_size': 18, 'source': 'item'}, {'name': 'c1_id', 'active': True, 'dtype': 'int', 'type': 'categorical', 'vocab_size': 310, 'source': 'item'}, {'name': 'c2_id', 'active': True, 'dtype': 'int', 'type': 'categorical', 'vocab_size': 3042, 'source': 'item'}, {'name': 'brand_id', 'active': True, 'dtype': 'int', 'type': 'categorical', 'vocab_size': 19783, 'source': 'item'}, {'name': 'item_condition_id', 'active': True, 'dtype': 'int', 'type': 'categorical', 'vocab_size': 7, 'source': 'item'}, {'name': 'size_id', 'active': True, 'dtype': 'int', 'type': 'categorical', 'vocab_size': 356, 'source': 'item'}, {'name': 'shipper_id', 'active': True, 'dtype': 'int', 'type': 'categorical', 'vocab_size': 3, 'source': 'item'}, {'name': 'color', 'active': True, 'dtype': 'int', 'type': 'categorical', 'vocab_size': 7311, 'source': 'item'}, {'name': 'session_id', 'active': True, 'dtype': 'int', 'type': 'categorical', 'vocab_size': 3701837}, {'name': 'day_of_week', 'active': True, 'dtype': 'int', 'type': 'categorical', 'vocab_size': 8}, {'name': 'is_weekend', 'active': True, 'dtype': 'int', 'type': 'categorical', 'vocab_size': 3}, {'name': 'hour', 'active': True, 'dtype': 'int', 'type': 'categorical', 'vocab_size': 25}, {'name': 'action', 'active': True, 'dtype': 'int', 'type': 'categorical', 'vocab_size': 33, 'source': 'action'}]",
    "feature_config": "None",
    "feature_specs": "None",
    "g_norm": "False",
    "gpu": "0",
    "gradient_checkpointing": "False",
    "group_id": "user_id",
    "label_col": "[{'name': 'Like', 'dtype': 'float'}, {'name': 'Cart', 'dtype': 'float'}, {'name': 'Offer', 'dtype': 'float'}, {'name': 'Checkout', 'dtype': 'float'}, {'name': 'Purchase', 'dtype': 'float'}]",
    "local_rank": "0",
    "loss": "['binary_crossentropy', 'binary_crossentropy', 'binary_crossentropy', 'binary_crossentropy', 'binary_crossentropy']",
    "max_len": "100",
    "metrics": "['logloss', 'AUC']",
    "model": "OneTrans_var",
    "model_id": "OneTrans_var_MerRec_Action_RoPE_True",
    "model_root": "./checkpoints/",
    "monitor": "{'AUC': 1, 'logloss': 0}",
    "monitor_mode": "max",
    "net_dropout": "0",
    "num_heads": "2",
    "num_layers": "3",
    "num_ns_token": "4",
    "num_tasks": "5",
    "num_workers": "4",
    "pickle_feature_encoder": "True",
    "qk_norm": "False",
    "rank": "0",
    "rebuild_dataset": "False",
    "rope": "True",
    "save_best_only": "True",
    "seed": "20262027",
    "shuffle": "True",
    "sparse_learning_rate": "0.05",
    "sparse_optimizer": "Adagrad",
    "spec_t": "False",
    "task": "binary_classification",
    "tau": "False",
    "test_data": "/mnt/ceph-nj1-csp/bingoozhang/salmonli/data/MerRec_Action/test/data",
    "test_item_info": "/mnt/ceph-nj1-csp/bingoozhang/salmonli/data/MerRec_Action/test/item_info",
    "test_user_info": "/mnt/ceph-nj1-csp/bingoozhang/salmonli/data/MerRec_Action/test/user_info",
    "token_dim": "256",
    "tokenizer_type": "Auto",
    "tower_activations": "ReLU",
    "tower_hidden_units": "[128, 64]",
    "train_data": "/mnt/ceph-nj1-csp/bingoozhang/salmonli/data/MerRec_Action/train/data",
    "train_item_info": "/mnt/ceph-nj1-csp/bingoozhang/salmonli/data/MerRec_Action/train/item_info",
    "train_user_info": "/mnt/ceph-nj1-csp/bingoozhang/salmonli/data/MerRec_Action/train/user_info",
    "use_features": "None",
    "valid_data": "/mnt/ceph-nj1-csp/bingoozhang/salmonli/data/MerRec_Action/valid/data",
    "valid_item_info": "/mnt/ceph-nj1-csp/bingoozhang/salmonli/data/MerRec_Action/valid/item_info",
    "valid_user_info": "/mnt/ceph-nj1-csp/bingoozhang/salmonli/data/MerRec_Action/valid/user_info",
    "verbose": "1",
    "world_size": "4"
}
2026-07-18 08:46:26,491 P3825203 INFO Set up feature processor...
2026-07-18 08:46:26,492 P3825203 INFO Fit feature processor...
2026-07-18 08:46:26,492 P3825203 INFO Processing column: {'name': 'user_index', 'active': True, 'dtype': 'int', 'type': 'meta'}
2026-07-18 08:46:26,492 P3825203 INFO Processing column: {'name': 'item_index', 'active': True, 'dtype': 'int', 'type': 'meta'}
2026-07-18 08:46:26,492 P3825203 INFO Processing column: {'name': 'seq_len', 'active': True, 'dtype': 'int', 'type': 'meta'}
2026-07-18 08:46:26,492 P3825203 INFO Processing column: {'name': 'user_id', 'active': True, 'dtype': 'int', 'type': 'categorical', 'vocab_size': 1697916}
2026-07-18 08:46:26,781 P3825203 INFO Processing column: {'name': 'item_id', 'active': True, 'dtype': 'int', 'type': 'categorical', 'vocab_size': 43817684, 'source': 'item'}
2026-07-18 08:46:33,552 P3825203 INFO Processing column: {'name': 'product_id', 'active': True, 'dtype': 'int', 'type': 'categorical', 'vocab_size': 893620, 'source': 'item'}
2026-07-18 08:46:33,687 P3825203 INFO Processing column: {'name': 'price_bucket', 'active': True, 'dtype': 'int', 'type': 'categorical', 'vocab_size': 10, 'source': 'item'}
2026-07-18 08:46:33,688 P3825203 INFO Processing column: {'name': 'c0_id', 'active': True, 'dtype': 'int', 'type': 'categorical', 'vocab_size': 18, 'source': 'item'}
2026-07-18 08:46:33,688 P3825203 INFO Processing column: {'name': 'c1_id', 'active': True, 'dtype': 'int', 'type': 'categorical', 'vocab_size': 310, 'source': 'item'}
2026-07-18 08:46:33,688 P3825203 INFO Processing column: {'name': 'c2_id', 'active': True, 'dtype': 'int', 'type': 'categorical', 'vocab_size': 3042, 'source': 'item'}
2026-07-18 08:46:33,688 P3825203 INFO Processing column: {'name': 'brand_id', 'active': True, 'dtype': 'int', 'type': 'categorical', 'vocab_size': 19783, 'source': 'item'}
2026-07-18 08:46:33,691 P3825203 INFO Processing column: {'name': 'item_condition_id', 'active': True, 'dtype': 'int', 'type': 'categorical', 'vocab_size': 7, 'source': 'item'}
2026-07-18 08:46:33,691 P3825203 INFO Processing column: {'name': 'size_id', 'active': True, 'dtype': 'int', 'type': 'categorical', 'vocab_size': 356, 'source': 'item'}
2026-07-18 08:46:33,691 P3825203 INFO Processing column: {'name': 'shipper_id', 'active': True, 'dtype': 'int', 'type': 'categorical', 'vocab_size': 3, 'source': 'item'}
2026-07-18 08:46:33,691 P3825203 INFO Processing column: {'name': 'color', 'active': True, 'dtype': 'int', 'type': 'categorical', 'vocab_size': 7311, 'source': 'item'}
2026-07-18 08:46:33,692 P3825203 INFO Processing column: {'name': 'session_id', 'active': True, 'dtype': 'int', 'type': 'categorical', 'vocab_size': 3701837}
2026-07-18 08:46:34,299 P3825203 INFO Processing column: {'name': 'day_of_week', 'active': True, 'dtype': 'int', 'type': 'categorical', 'vocab_size': 8}
2026-07-18 08:46:34,300 P3825203 INFO Processing column: {'name': 'is_weekend', 'active': True, 'dtype': 'int', 'type': 'categorical', 'vocab_size': 3}
2026-07-18 08:46:34,300 P3825203 INFO Processing column: {'name': 'hour', 'active': True, 'dtype': 'int', 'type': 'categorical', 'vocab_size': 25}
2026-07-18 08:46:34,301 P3825203 INFO Processing column: {'name': 'action', 'active': True, 'dtype': 'int', 'type': 'categorical', 'vocab_size': 33, 'source': 'action'}
2026-07-18 08:46:34,302 P3825203 INFO Set column index...
2026-07-18 08:46:34,302 P3825203 INFO Save feature_map to json: /mnt/ceph-nj1-csp/bingoozhang/salmonli/data/MerRec_Action/feature_map.json
2026-07-18 08:46:34,635 P3825203 INFO Pickle feature_encode: /mnt/ceph-nj1-csp/bingoozhang/salmonli/data/MerRec_Action/feature_processor.pkl
2026-07-18 08:46:36,237 P3825203 INFO Save feature_vocab to json: /mnt/ceph-nj1-csp/bingoozhang/salmonli/data/MerRec_Action/feature_vocab.json
2026-07-18 08:47:23,280 P3825203 INFO Set feature processor done.
2026-07-18 08:47:23,295 P3825203 INFO Load feature_map from json: /mnt/ceph-nj1-csp/bingoozhang/salmonli/data/MerRec_Action/feature_map.json
2026-07-18 08:47:23,298 P3825203 INFO Set column index...
2026-07-18 08:47:23,298 P3825203 INFO Feature specs: {
    "action": "{'source': 'action', 'type': 'categorical', 'padding_idx': 0, 'vocab_size': 33}",
    "brand_id": "{'source': 'item', 'type': 'categorical', 'padding_idx': 0, 'vocab_size': 19783}",
    "c0_id": "{'source': 'item', 'type': 'categorical', 'padding_idx': 0, 'vocab_size': 18}",
    "c1_id": "{'source': 'item', 'type': 'categorical', 'padding_idx': 0, 'vocab_size': 310}",
    "c2_id": "{'source': 'item', 'type': 'categorical', 'padding_idx': 0, 'vocab_size': 3042}",
    "color": "{'source': 'item', 'type': 'categorical', 'padding_idx': 0, 'vocab_size': 7311}",
    "day_of_week": "{'source': '', 'type': 'categorical', 'padding_idx': 0, 'vocab_size': 8}",
    "hour": "{'source': '', 'type': 'categorical', 'padding_idx': 0, 'vocab_size': 25}",
    "is_weekend": "{'source': '', 'type': 'categorical', 'padding_idx': 0, 'vocab_size': 3}",
    "item_condition_id": "{'source': 'item', 'type': 'categorical', 'padding_idx': 0, 'vocab_size': 7}",
    "item_id": "{'source': 'item', 'type': 'categorical', 'padding_idx': 0, 'vocab_size': 43817684}",
    "item_index": "{'type': 'meta'}",
    "price_bucket": "{'source': 'item', 'type': 'categorical', 'padding_idx': 0, 'vocab_size': 10}",
    "product_id": "{'source': 'item', 'type': 'categorical', 'padding_idx': 0, 'vocab_size': 893620}",
    "seq_len": "{'type': 'meta'}",
    "session_id": "{'source': '', 'type': 'categorical', 'padding_idx': 0, 'vocab_size': 3701837}",
    "shipper_id": "{'source': 'item', 'type': 'categorical', 'padding_idx': 0, 'vocab_size': 3}",
    "size_id": "{'source': 'item', 'type': 'categorical', 'padding_idx': 0, 'vocab_size': 356}",
    "user_id": "{'source': '', 'type': 'categorical', 'padding_idx': 0, 'vocab_size': 1697916}",
    "user_index": "{'type': 'meta'}"
}
2026-07-18 08:47:30,541 P3825203 INFO Optimizers: dense=AdamW(lr=0.0001, weight_decay=0, params=12060933), sparse=Adagrad(lr=0.05, params=802271456)
2026-07-18 08:47:30,541 P3825203 INFO ************ compile start ************
2026-07-18 08:47:31,643 P3825203 INFO Compiled dense module: unified_tokenizer_layer
2026-07-18 08:47:31,645 P3825203 INFO Compiled dense module: item_token_proj
2026-07-18 08:47:31,646 P3825203 INFO Compiled dense module: unified_interaction_layers
2026-07-18 08:47:31,647 P3825203 INFO Compiled dense module: tower.0
2026-07-18 08:47:31,649 P3825203 INFO Compiled dense module: tower.1
2026-07-18 08:47:31,650 P3825203 INFO Compiled dense module: tower.2
2026-07-18 08:47:31,651 P3825203 INFO Compiled dense module: tower.3
2026-07-18 08:47:31,652 P3825203 INFO Compiled dense module: tower.4
2026-07-18 08:47:35,406 P3825203 INFO Total number of parameters: 814332389.
2026-07-18 08:47:35,406 P3825203 INFO Number of embedding parameters: 802271456.
2026-07-18 08:47:35,406 P3825203 INFO Number of dense parameters: 12060933.
2026-07-18 08:47:35,406 P3825203 INFO Loading datasets...
2026-07-18 08:47:35,448 P3825203 INFO Train samples: total/36090865, blocks/2
2026-07-18 08:47:35,480 P3825203 INFO Validation samples: total/4124870, blocks/2
2026-07-18 08:47:35,480 P3825203 INFO Loading train and validation data done.
2026-07-18 08:47:35,494 P3825203 INFO BF16 mixed precision: True
2026-07-18 08:47:35,494 P3825203 INFO Gradient checkpointing: False
2026-07-18 08:47:35,494 P3825203 INFO Start training: 4405 local batches/epoch
2026-07-18 08:47:35,494 P3825203 INFO DDP blocked training: True
2026-07-18 08:47:35,494 P3825203 INFO Disable step-wise eval and use epoch-end synchronized eval for DDP + blocked dataloader.
2026-07-18 08:47:35,494 P3825203 INFO ************ Epoch=1 start ************
2026-07-18 09:08:01,927 P3825203 INFO Train loss: 0.429842
2026-07-18 09:08:01,942 P3825203 INFO Evaluation @epoch 1 - batch 4405:
2026-07-18 09:08:49,743 P3825203 INFO [Task: Like][Metrics] AUC: 0.765980 - logloss: 0.323071
2026-07-18 09:08:56,581 P3825203 INFO [Task: Cart][Metrics] AUC: 0.807838 - logloss: 0.055880
2026-07-18 09:09:03,369 P3825203 INFO [Task: Offer][Metrics] AUC: 0.768732 - logloss: 0.023979
2026-07-18 09:09:10,200 P3825203 INFO [Task: Checkout][Metrics] AUC: 0.864610 - logloss: 0.006714
2026-07-18 09:09:17,093 P3825203 INFO [Task: Purchase][Metrics] AUC: 0.868601 - logloss: 0.004450
2026-07-18 09:09:17,456 P3825203 INFO Save best model: monitor(max)=0.815152
2026-07-18 09:09:21,623 P3825203 INFO ************ Epoch=1 end ************
2026-07-18 09:09:21,625 P3825203 INFO Training finished.
2026-07-18 09:09:21,625 P3825203 INFO Load best model: /mnt/ceph-nj1-csp/bingoozhang/salmonli/ft_local/UniRank/checkpoints/MerRec_Action/OneTrans_var_MerRec_Action_RoPE_True.model
2026-07-18 09:09:24,987 P3825203 INFO ******** Test evaluation ********
2026-07-18 09:09:24,988 P3825203 INFO Loading datasets...
2026-07-18 09:09:25,022 P3825203 INFO Test samples: total/2919932, blocks/2
2026-07-18 09:09:25,022 P3825203 INFO Loading test data done.
2026-07-18 09:09:53,027 P3825203 INFO [Task: Like][Metrics] logloss: 0.320602 - AUC: 0.764709
2026-07-18 09:09:58,001 P3825203 INFO [Task: Cart][Metrics] logloss: 0.052884 - AUC: 0.807690
2026-07-18 09:10:03,037 P3825203 INFO [Task: Offer][Metrics] logloss: 0.021139 - AUC: 0.764227
2026-07-18 09:10:07,968 P3825203 INFO [Task: Checkout][Metrics] logloss: 0.005529 - AUC: 0.861135
2026-07-18 09:10:12,709 P3825203 INFO [Task: Purchase][Metrics] logloss: 0.003549 - AUC: 0.864536
2026-07-18 09:10:13,983 P3825203 INFO Deleted model checkpoint: /mnt/ceph-nj1-csp/bingoozhang/salmonli/ft_local/UniRank/checkpoints/MerRec_Action/OneTrans_var_MerRec_Action_RoPE_True.model
