2026-07-15 14:29:04,245 P1586973 INFO Params: {
    "accumulation_steps": "1",
    "batch_size": "8192",
    "block_cache_size": "2",
    "blocked": "True",
    "data_format": "parquet",
    "data_root": "/mnt/ceph-nj1-csp/bingoozhang/salmonli/data",
    "dataset_id": "MerRec_Action",
    "debug_mode": "False",
    "dense_learning_rate": "0.0001",
    "dense_optimizer": "AdamW",
    "dense_weight_decay": "0",
    "distributed": "True",
    "dnn_activations": "ReLU",
    "early_stop_patience": "2",
    "embedding_dim": "16",
    "enable_bf16": "True",
    "enable_torch_compile": "True",
    "epochs": "1",
    "eval_steps": "None",
    "feature_cols": "[{'name': 'user_index', 'active': True, 'dtype': 'int', 'type': 'meta'}, {'name': 'item_index', 'active': True, 'dtype': 'int', 'type': 'meta'}, {'name': 'seq_len', 'active': True, 'dtype': 'int', 'type': 'meta'}, {'name': 'user_id', 'active': True, 'dtype': 'int', 'type': 'categorical', 'vocab_size': 1697916}, {'name': 'item_id', 'active': True, 'dtype': 'int', 'type': 'categorical', 'vocab_size': 43817684, 'source': 'item'}, {'name': 'product_id', 'active': True, 'dtype': 'int', 'type': 'categorical', 'vocab_size': 893620, 'source': 'item'}, {'name': 'price_bucket', 'active': True, 'dtype': 'int', 'type': 'categorical', 'vocab_size': 10, 'source': 'item'}, {'name': 'c0_id', 'active': True, 'dtype': 'int', 'type': 'categorical', 'vocab_size': 18, 'source': 'item'}, {'name': 'c1_id', 'active': True, 'dtype': 'int', 'type': 'categorical', 'vocab_size': 310, 'source': 'item'}, {'name': 'c2_id', 'active': True, 'dtype': 'int', 'type': 'categorical', 'vocab_size': 3042, 'source': 'item'}, {'name': 'brand_id', 'active': True, 'dtype': 'int', 'type': 'categorical', 'vocab_size': 19783, 'source': 'item'}, {'name': 'item_condition_id', 'active': True, 'dtype': 'int', 'type': 'categorical', 'vocab_size': 7, 'source': 'item'}, {'name': 'size_id', 'active': True, 'dtype': 'int', 'type': 'categorical', 'vocab_size': 356, 'source': 'item'}, {'name': 'shipper_id', 'active': True, 'dtype': 'int', 'type': 'categorical', 'vocab_size': 3, 'source': 'item'}, {'name': 'color', 'active': True, 'dtype': 'int', 'type': 'categorical', 'vocab_size': 7311, 'source': 'item'}, {'name': 'session_id', 'active': True, 'dtype': 'int', 'type': 'categorical', 'vocab_size': 3701837}, {'name': 'day_of_week', 'active': True, 'dtype': 'int', 'type': 'categorical', 'vocab_size': 8}, {'name': 'is_weekend', 'active': True, 'dtype': 'int', 'type': 'categorical', 'vocab_size': 3}, {'name': 'hour', 'active': True, 'dtype': 'int', 'type': 'categorical', 'vocab_size': 25}, {'name': 'action', 'active': True, 'dtype': 'int', 'type': 'categorical', 'vocab_size': 33, 'source': 'action'}]",
    "feature_config": "None",
    "feature_specs": "None",
    "gpu": "0",
    "gradient_checkpointing": "False",
    "group_id": "user_id",
    "label_col": "[{'name': 'Like', 'dtype': 'float'}, {'name': 'Cart', 'dtype': 'float'}, {'name': 'Offer', 'dtype': 'float'}, {'name': 'Checkout', 'dtype': 'float'}, {'name': 'Purchase', 'dtype': 'float'}]",
    "local_rank": "0",
    "loss": "['binary_crossentropy', 'binary_crossentropy', 'binary_crossentropy', 'binary_crossentropy', 'binary_crossentropy']",
    "max_len": "100",
    "metrics": "['logloss', 'AUC']",
    "model": "OneTrans",
    "model_id": "OneTrans_MerRec_Action_Tokenizer_Random",
    "model_root": "./checkpoints/",
    "monitor": "{'AUC': 1, 'logloss': 0}",
    "monitor_mode": "max",
    "net_dropout": "0",
    "num_heads": "2",
    "num_layers": "3",
    "num_ns_token": "4",
    "num_tasks": "5",
    "num_workers": "4",
    "pickle_feature_encoder": "True",
    "rank": "0",
    "rebuild_dataset": "False",
    "save_best_only": "True",
    "seed": "20262027",
    "shuffle": "True",
    "sparse_learning_rate": "0.05",
    "sparse_optimizer": "Adagrad",
    "task": "binary_classification",
    "test_data": "/mnt/ceph-nj1-csp/bingoozhang/salmonli/data/MerRec_Action/test/data",
    "test_item_info": "/mnt/ceph-nj1-csp/bingoozhang/salmonli/data/MerRec_Action/test/item_info",
    "test_user_info": "/mnt/ceph-nj1-csp/bingoozhang/salmonli/data/MerRec_Action/test/user_info",
    "token_dim": "256",
    "tokenizer_type": "Random",
    "tower_activations": "ReLU",
    "tower_hidden_units": "[128, 64]",
    "train_data": "/mnt/ceph-nj1-csp/bingoozhang/salmonli/data/MerRec_Action/train/data",
    "train_item_info": "/mnt/ceph-nj1-csp/bingoozhang/salmonli/data/MerRec_Action/train/item_info",
    "train_user_info": "/mnt/ceph-nj1-csp/bingoozhang/salmonli/data/MerRec_Action/train/user_info",
    "use_features": "None",
    "valid_data": "/mnt/ceph-nj1-csp/bingoozhang/salmonli/data/MerRec_Action/valid/data",
    "valid_item_info": "/mnt/ceph-nj1-csp/bingoozhang/salmonli/data/MerRec_Action/valid/item_info",
    "valid_user_info": "/mnt/ceph-nj1-csp/bingoozhang/salmonli/data/MerRec_Action/valid/user_info",
    "verbose": "1",
    "world_size": "4"
}
2026-07-15 14:29:04,247 P1586973 INFO Set up feature processor...
2026-07-15 14:29:04,248 P1586973 INFO Fit feature processor...
2026-07-15 14:29:04,248 P1586973 INFO Processing column: {'name': 'user_index', 'active': True, 'dtype': 'int', 'type': 'meta'}
2026-07-15 14:29:04,248 P1586973 INFO Processing column: {'name': 'item_index', 'active': True, 'dtype': 'int', 'type': 'meta'}
2026-07-15 14:29:04,248 P1586973 INFO Processing column: {'name': 'seq_len', 'active': True, 'dtype': 'int', 'type': 'meta'}
2026-07-15 14:29:04,248 P1586973 INFO Processing column: {'name': 'user_id', 'active': True, 'dtype': 'int', 'type': 'categorical', 'vocab_size': 1697916}
2026-07-15 14:29:04,581 P1586973 INFO Processing column: {'name': 'item_id', 'active': True, 'dtype': 'int', 'type': 'categorical', 'vocab_size': 43817684, 'source': 'item'}
2026-07-15 14:29:12,721 P1586973 INFO Processing column: {'name': 'product_id', 'active': True, 'dtype': 'int', 'type': 'categorical', 'vocab_size': 893620, 'source': 'item'}
2026-07-15 14:29:12,879 P1586973 INFO Processing column: {'name': 'price_bucket', 'active': True, 'dtype': 'int', 'type': 'categorical', 'vocab_size': 10, 'source': 'item'}
2026-07-15 14:29:12,879 P1586973 INFO Processing column: {'name': 'c0_id', 'active': True, 'dtype': 'int', 'type': 'categorical', 'vocab_size': 18, 'source': 'item'}
2026-07-15 14:29:12,879 P1586973 INFO Processing column: {'name': 'c1_id', 'active': True, 'dtype': 'int', 'type': 'categorical', 'vocab_size': 310, 'source': 'item'}
2026-07-15 14:29:12,879 P1586973 INFO Processing column: {'name': 'c2_id', 'active': True, 'dtype': 'int', 'type': 'categorical', 'vocab_size': 3042, 'source': 'item'}
2026-07-15 14:29:12,880 P1586973 INFO Processing column: {'name': 'brand_id', 'active': True, 'dtype': 'int', 'type': 'categorical', 'vocab_size': 19783, 'source': 'item'}
2026-07-15 14:29:12,884 P1586973 INFO Processing column: {'name': 'item_condition_id', 'active': True, 'dtype': 'int', 'type': 'categorical', 'vocab_size': 7, 'source': 'item'}
2026-07-15 14:29:12,884 P1586973 INFO Processing column: {'name': 'size_id', 'active': True, 'dtype': 'int', 'type': 'categorical', 'vocab_size': 356, 'source': 'item'}
2026-07-15 14:29:12,884 P1586973 INFO Processing column: {'name': 'shipper_id', 'active': True, 'dtype': 'int', 'type': 'categorical', 'vocab_size': 3, 'source': 'item'}
2026-07-15 14:29:12,884 P1586973 INFO Processing column: {'name': 'color', 'active': True, 'dtype': 'int', 'type': 'categorical', 'vocab_size': 7311, 'source': 'item'}
2026-07-15 14:29:12,886 P1586973 INFO Processing column: {'name': 'session_id', 'active': True, 'dtype': 'int', 'type': 'categorical', 'vocab_size': 3701837}
2026-07-15 14:29:13,590 P1586973 INFO Processing column: {'name': 'day_of_week', 'active': True, 'dtype': 'int', 'type': 'categorical', 'vocab_size': 8}
2026-07-15 14:29:13,590 P1586973 INFO Processing column: {'name': 'is_weekend', 'active': True, 'dtype': 'int', 'type': 'categorical', 'vocab_size': 3}
2026-07-15 14:29:13,590 P1586973 INFO Processing column: {'name': 'hour', 'active': True, 'dtype': 'int', 'type': 'categorical', 'vocab_size': 25}
2026-07-15 14:29:13,590 P1586973 INFO Processing column: {'name': 'action', 'active': True, 'dtype': 'int', 'type': 'categorical', 'vocab_size': 33, 'source': 'action'}
2026-07-15 14:29:13,591 P1586973 INFO Set column index...
2026-07-15 14:29:13,591 P1586973 INFO Save feature_map to json: /mnt/ceph-nj1-csp/bingoozhang/salmonli/data/MerRec_Action/feature_map.json
2026-07-15 14:29:13,658 P1586973 INFO Pickle feature_encode: /mnt/ceph-nj1-csp/bingoozhang/salmonli/data/MerRec_Action/feature_processor.pkl
2026-07-15 14:29:15,194 P1586973 INFO Save feature_vocab to json: /mnt/ceph-nj1-csp/bingoozhang/salmonli/data/MerRec_Action/feature_vocab.json
2026-07-15 14:29:58,477 P1586973 INFO Set feature processor done.
2026-07-15 14:29:58,496 P1586973 INFO Load feature_map from json: /mnt/ceph-nj1-csp/bingoozhang/salmonli/data/MerRec_Action/feature_map.json
2026-07-15 14:29:58,499 P1586973 INFO Set column index...
2026-07-15 14:29:58,499 P1586973 INFO Feature specs: {
    "action": "{'source': 'action', 'type': 'categorical', 'padding_idx': 0, 'vocab_size': 33}",
    "brand_id": "{'source': 'item', 'type': 'categorical', 'padding_idx': 0, 'vocab_size': 19783}",
    "c0_id": "{'source': 'item', 'type': 'categorical', 'padding_idx': 0, 'vocab_size': 18}",
    "c1_id": "{'source': 'item', 'type': 'categorical', 'padding_idx': 0, 'vocab_size': 310}",
    "c2_id": "{'source': 'item', 'type': 'categorical', 'padding_idx': 0, 'vocab_size': 3042}",
    "color": "{'source': 'item', 'type': 'categorical', 'padding_idx': 0, 'vocab_size': 7311}",
    "day_of_week": "{'source': '', 'type': 'categorical', 'padding_idx': 0, 'vocab_size': 8}",
    "hour": "{'source': '', 'type': 'categorical', 'padding_idx': 0, 'vocab_size': 25}",
    "is_weekend": "{'source': '', 'type': 'categorical', 'padding_idx': 0, 'vocab_size': 3}",
    "item_condition_id": "{'source': 'item', 'type': 'categorical', 'padding_idx': 0, 'vocab_size': 7}",
    "item_id": "{'source': 'item', 'type': 'categorical', 'padding_idx': 0, 'vocab_size': 43817684}",
    "item_index": "{'type': 'meta'}",
    "price_bucket": "{'source': 'item', 'type': 'categorical', 'padding_idx': 0, 'vocab_size': 10}",
    "product_id": "{'source': 'item', 'type': 'categorical', 'padding_idx': 0, 'vocab_size': 893620}",
    "seq_len": "{'type': 'meta'}",
    "session_id": "{'source': '', 'type': 'categorical', 'padding_idx': 0, 'vocab_size': 3701837}",
    "shipper_id": "{'source': 'item', 'type': 'categorical', 'padding_idx': 0, 'vocab_size': 3}",
    "size_id": "{'source': 'item', 'type': 'categorical', 'padding_idx': 0, 'vocab_size': 356}",
    "user_id": "{'source': '', 'type': 'categorical', 'padding_idx': 0, 'vocab_size': 1697916}",
    "user_index": "{'type': 'meta'}"
}
2026-07-15 14:30:06,109 P1586973 INFO Optimizers: dense=AdamW(lr=0.0001, weight_decay=0, params=11852037), sparse=Adagrad(lr=0.05, params=802271456)
2026-07-15 14:30:06,109 P1586973 INFO ************ compile start ************
2026-07-15 14:30:07,949 P1586973 INFO Compiled dense module: unified_tokenizer_layer
2026-07-15 14:30:07,951 P1586973 INFO Compiled dense module: item_token_proj
2026-07-15 14:30:07,952 P1586973 INFO Compiled dense module: unified_interaction_layers
2026-07-15 14:30:07,953 P1586973 INFO Compiled dense module: tower.0
2026-07-15 14:30:07,954 P1586973 INFO Compiled dense module: tower.1
2026-07-15 14:30:07,955 P1586973 INFO Compiled dense module: tower.2
2026-07-15 14:30:07,957 P1586973 INFO Compiled dense module: tower.3
2026-07-15 14:30:07,958 P1586973 INFO Compiled dense module: tower.4
2026-07-15 14:30:12,230 P1586973 INFO Total number of parameters: 814123493.
2026-07-15 14:30:12,231 P1586973 INFO Number of embedding parameters: 802271456.
2026-07-15 14:30:12,231 P1586973 INFO Number of dense parameters: 11852037.
2026-07-15 14:30:12,231 P1586973 INFO Loading datasets...
2026-07-15 14:30:12,268 P1586973 INFO Train samples: total/36090865, blocks/2
2026-07-15 14:30:12,297 P1586973 INFO Validation samples: total/4124870, blocks/2
2026-07-15 14:30:12,297 P1586973 INFO Loading train and validation data done.
2026-07-15 14:30:12,298 P1586973 INFO BF16 mixed precision: True
2026-07-15 14:30:12,298 P1586973 INFO Gradient checkpointing: False
2026-07-15 14:30:12,298 P1586973 INFO Start training: 4405 local batches/epoch
2026-07-15 14:30:12,298 P1586973 INFO DDP blocked training: True
2026-07-15 14:30:12,298 P1586973 INFO Disable step-wise eval and use epoch-end synchronized eval for DDP + blocked dataloader.
2026-07-15 14:30:12,298 P1586973 INFO ************ Epoch=1 start ************
2026-07-15 14:44:13,927 P1586973 INFO Train loss: 0.368043
2026-07-15 14:44:13,939 P1586973 INFO Evaluation @epoch 1 - batch 4405:
2026-07-15 14:44:55,977 P1586973 INFO [Task: Like][Metrics] AUC: 0.747194 - logloss: 0.336137
2026-07-15 14:45:03,580 P1586973 INFO [Task: Cart][Metrics] AUC: 0.808455 - logloss: 0.055919
2026-07-15 14:45:11,068 P1586973 INFO [Task: Offer][Metrics] AUC: 0.771923 - logloss: 0.023809
2026-07-15 14:45:18,646 P1586973 INFO [Task: Checkout][Metrics] AUC: 0.870544 - logloss: 0.005703
2026-07-15 14:45:26,271 P1586973 INFO [Task: Purchase][Metrics] AUC: 0.875482 - logloss: 0.003787
2026-07-15 14:45:26,696 P1586973 INFO Save best model: monitor(max)=0.814720
2026-07-15 14:45:30,991 P1586973 INFO ************ Epoch=1 end ************
2026-07-15 14:45:30,993 P1586973 INFO Training finished.
2026-07-15 14:45:30,994 P1586973 INFO Load best model: /mnt/ceph-nj1-csp/bingoozhang/salmonli/ft_local/UniRank/checkpoints/MerRec_Action/OneTrans_MerRec_Action_Tokenizer_Random.model
2026-07-15 14:45:34,008 P1586973 INFO ******** Test evaluation ********
2026-07-15 14:45:34,009 P1586973 INFO Loading datasets...
2026-07-15 14:45:34,047 P1586973 INFO Test samples: total/2919932, blocks/2
2026-07-15 14:45:34,047 P1586973 INFO Loading test data done.
2026-07-15 14:46:01,185 P1586973 INFO [Task: Like][Metrics] logloss: 0.330631 - AUC: 0.749297
2026-07-15 14:46:06,531 P1586973 INFO [Task: Cart][Metrics] logloss: 0.052494 - AUC: 0.813937
2026-07-15 14:46:11,859 P1586973 INFO [Task: Offer][Metrics] logloss: 0.020884 - AUC: 0.772778
2026-07-15 14:46:17,120 P1586973 INFO [Task: Checkout][Metrics] logloss: 0.004746 - AUC: 0.871306
2026-07-15 14:46:22,547 P1586973 INFO [Task: Purchase][Metrics] logloss: 0.003079 - AUC: 0.874848
2026-07-15 14:46:23,769 P1586973 INFO Deleted model checkpoint: /mnt/ceph-nj1-csp/bingoozhang/salmonli/ft_local/UniRank/checkpoints/MerRec_Action/OneTrans_MerRec_Action_Tokenizer_Random.model
