2026-07-18 10:20:42,992 P3898627 INFO Params: {
    "accumulation_steps": "1",
    "att_gate": "False",
    "att_res": "False",
    "attention_activation_type": "SoftMax",
    "batch_size": "8192",
    "block_cache_size": "2",
    "blocked": "True",
    "data_format": "parquet",
    "data_root": "/mnt/ceph-nj1-csp/bingoozhang/salmonli/data",
    "dataset_id": "MerRec_Action",
    "debug_mode": "False",
    "dense_learning_rate": "0.0001",
    "dense_optimizer": "AdamW",
    "dense_weight_decay": "0",
    "distributed": "True",
    "dnn_activations": "ReLU",
    "early_stop_patience": "2",
    "embedding_dim": "16",
    "enable_bf16": "True",
    "enable_torch_compile": "True",
    "epochs": "1",
    "eval_steps": "None",
    "feature_cols": "[{'name': 'user_index', 'active': True, 'dtype': 'int', 'type': 'meta'}, {'name': 'item_index', 'active': True, 'dtype': 'int', 'type': 'meta'}, {'name': 'seq_len', 'active': True, 'dtype': 'int', 'type': 'meta'}, {'name': 'user_id', 'active': True, 'dtype': 'int', 'type': 'categorical', 'vocab_size': 1697916}, {'name': 'item_id', 'active': True, 'dtype': 'int', 'type': 'categorical', 'vocab_size': 43817684, 'source': 'item'}, {'name': 'product_id', 'active': True, 'dtype': 'int', 'type': 'categorical', 'vocab_size': 893620, 'source': 'item'}, {'name': 'price_bucket', 'active': True, 'dtype': 'int', 'type': 'categorical', 'vocab_size': 10, 'source': 'item'}, {'name': 'c0_id', 'active': True, 'dtype': 'int', 'type': 'categorical', 'vocab_size': 18, 'source': 'item'}, {'name': 'c1_id', 'active': True, 'dtype': 'int', 'type': 'categorical', 'vocab_size': 310, 'source': 'item'}, {'name': 'c2_id', 'active': True, 'dtype': 'int', 'type': 'categorical', 'vocab_size': 3042, 'source': 'item'}, {'name': 'brand_id', 'active': True, 'dtype': 'int', 'type': 'categorical', 'vocab_size': 19783, 'source': 'item'}, {'name': 'item_condition_id', 'active': True, 'dtype': 'int', 'type': 'categorical', 'vocab_size': 7, 'source': 'item'}, {'name': 'size_id', 'active': True, 'dtype': 'int', 'type': 'categorical', 'vocab_size': 356, 'source': 'item'}, {'name': 'shipper_id', 'active': True, 'dtype': 'int', 'type': 'categorical', 'vocab_size': 3, 'source': 'item'}, {'name': 'color', 'active': True, 'dtype': 'int', 'type': 'categorical', 'vocab_size': 7311, 'source': 'item'}, {'name': 'session_id', 'active': True, 'dtype': 'int', 'type': 'categorical', 'vocab_size': 3701837}, {'name': 'day_of_week', 'active': True, 'dtype': 'int', 'type': 'categorical', 'vocab_size': 8}, {'name': 'is_weekend', 'active': True, 'dtype': 'int', 'type': 'categorical', 'vocab_size': 3}, {'name': 'hour', 'active': True, 'dtype': 'int', 'type': 'categorical', 'vocab_size': 25}, {'name': 'action', 'active': True, 'dtype': 'int', 'type': 'categorical', 'vocab_size': 33, 'source': 'action'}]",
    "feature_config": "None",
    "feature_specs": "None",
    "g_norm": "False",
    "gpu": "0",
    "gradient_checkpointing": "False",
    "group_id": "user_id",
    "label_col": "[{'name': 'Like', 'dtype': 'float'}, {'name': 'Cart', 'dtype': 'float'}, {'name': 'Offer', 'dtype': 'float'}, {'name': 'Checkout', 'dtype': 'float'}, {'name': 'Purchase', 'dtype': 'float'}]",
    "local_rank": "0",
    "loss": "['binary_crossentropy', 'binary_crossentropy', 'binary_crossentropy', 'binary_crossentropy', 'binary_crossentropy']",
    "max_len": "100",
    "metrics": "['logloss', 'AUC']",
    "model": "OneTrans_var",
    "model_id": "OneTrans_var_MerRec_Action_Tau_True",
    "model_root": "./checkpoints/",
    "monitor": "{'AUC': 1, 'logloss': 0}",
    "monitor_mode": "max",
    "net_dropout": "0",
    "num_heads": "2",
    "num_layers": "3",
    "num_ns_token": "4",
    "num_tasks": "5",
    "num_workers": "4",
    "pickle_feature_encoder": "True",
    "qk_norm": "False",
    "rank": "0",
    "rebuild_dataset": "False",
    "rope": "False",
    "save_best_only": "True",
    "seed": "20262027",
    "shuffle": "True",
    "sparse_learning_rate": "0.05",
    "sparse_optimizer": "Adagrad",
    "spec_t": "False",
    "task": "binary_classification",
    "tau": "True",
    "test_data": "/mnt/ceph-nj1-csp/bingoozhang/salmonli/data/MerRec_Action/test/data",
    "test_item_info": "/mnt/ceph-nj1-csp/bingoozhang/salmonli/data/MerRec_Action/test/item_info",
    "test_user_info": "/mnt/ceph-nj1-csp/bingoozhang/salmonli/data/MerRec_Action/test/user_info",
    "token_dim": "256",
    "tokenizer_type": "Auto",
    "tower_activations": "ReLU",
    "tower_hidden_units": "[128, 64]",
    "train_data": "/mnt/ceph-nj1-csp/bingoozhang/salmonli/data/MerRec_Action/train/data",
    "train_item_info": "/mnt/ceph-nj1-csp/bingoozhang/salmonli/data/MerRec_Action/train/item_info",
    "train_user_info": "/mnt/ceph-nj1-csp/bingoozhang/salmonli/data/MerRec_Action/train/user_info",
    "use_features": "None",
    "valid_data": "/mnt/ceph-nj1-csp/bingoozhang/salmonli/data/MerRec_Action/valid/data",
    "valid_item_info": "/mnt/ceph-nj1-csp/bingoozhang/salmonli/data/MerRec_Action/valid/item_info",
    "valid_user_info": "/mnt/ceph-nj1-csp/bingoozhang/salmonli/data/MerRec_Action/valid/user_info",
    "verbose": "1",
    "world_size": "4"
}
2026-07-18 10:20:42,994 P3898627 INFO Set up feature processor...
2026-07-18 10:20:42,994 P3898627 INFO Fit feature processor...
2026-07-18 10:20:42,994 P3898627 INFO Processing column: {'name': 'user_index', 'active': True, 'dtype': 'int', 'type': 'meta'}
2026-07-18 10:20:42,994 P3898627 INFO Processing column: {'name': 'item_index', 'active': True, 'dtype': 'int', 'type': 'meta'}
2026-07-18 10:20:42,995 P3898627 INFO Processing column: {'name': 'seq_len', 'active': True, 'dtype': 'int', 'type': 'meta'}
2026-07-18 10:20:42,995 P3898627 INFO Processing column: {'name': 'user_id', 'active': True, 'dtype': 'int', 'type': 'categorical', 'vocab_size': 1697916}
2026-07-18 10:20:43,275 P3898627 INFO Processing column: {'name': 'item_id', 'active': True, 'dtype': 'int', 'type': 'categorical', 'vocab_size': 43817684, 'source': 'item'}
2026-07-18 10:20:49,933 P3898627 INFO Processing column: {'name': 'product_id', 'active': True, 'dtype': 'int', 'type': 'categorical', 'vocab_size': 893620, 'source': 'item'}
2026-07-18 10:20:50,067 P3898627 INFO Processing column: {'name': 'price_bucket', 'active': True, 'dtype': 'int', 'type': 'categorical', 'vocab_size': 10, 'source': 'item'}
2026-07-18 10:20:50,069 P3898627 INFO Processing column: {'name': 'c0_id', 'active': True, 'dtype': 'int', 'type': 'categorical', 'vocab_size': 18, 'source': 'item'}
2026-07-18 10:20:50,069 P3898627 INFO Processing column: {'name': 'c1_id', 'active': True, 'dtype': 'int', 'type': 'categorical', 'vocab_size': 310, 'source': 'item'}
2026-07-18 10:20:50,069 P3898627 INFO Processing column: {'name': 'c2_id', 'active': True, 'dtype': 'int', 'type': 'categorical', 'vocab_size': 3042, 'source': 'item'}
2026-07-18 10:20:50,069 P3898627 INFO Processing column: {'name': 'brand_id', 'active': True, 'dtype': 'int', 'type': 'categorical', 'vocab_size': 19783, 'source': 'item'}
2026-07-18 10:20:50,072 P3898627 INFO Processing column: {'name': 'item_condition_id', 'active': True, 'dtype': 'int', 'type': 'categorical', 'vocab_size': 7, 'source': 'item'}
2026-07-18 10:20:50,072 P3898627 INFO Processing column: {'name': 'size_id', 'active': True, 'dtype': 'int', 'type': 'categorical', 'vocab_size': 356, 'source': 'item'}
2026-07-18 10:20:50,073 P3898627 INFO Processing column: {'name': 'shipper_id', 'active': True, 'dtype': 'int', 'type': 'categorical', 'vocab_size': 3, 'source': 'item'}
2026-07-18 10:20:50,073 P3898627 INFO Processing column: {'name': 'color', 'active': True, 'dtype': 'int', 'type': 'categorical', 'vocab_size': 7311, 'source': 'item'}
2026-07-18 10:20:50,074 P3898627 INFO Processing column: {'name': 'session_id', 'active': True, 'dtype': 'int', 'type': 'categorical', 'vocab_size': 3701837}
2026-07-18 10:20:50,674 P3898627 INFO Processing column: {'name': 'day_of_week', 'active': True, 'dtype': 'int', 'type': 'categorical', 'vocab_size': 8}
2026-07-18 10:20:50,675 P3898627 INFO Processing column: {'name': 'is_weekend', 'active': True, 'dtype': 'int', 'type': 'categorical', 'vocab_size': 3}
2026-07-18 10:20:50,675 P3898627 INFO Processing column: {'name': 'hour', 'active': True, 'dtype': 'int', 'type': 'categorical', 'vocab_size': 25}
2026-07-18 10:20:50,675 P3898627 INFO Processing column: {'name': 'action', 'active': True, 'dtype': 'int', 'type': 'categorical', 'vocab_size': 33, 'source': 'action'}
2026-07-18 10:20:50,675 P3898627 INFO Set column index...
2026-07-18 10:20:50,676 P3898627 INFO Save feature_map to json: /mnt/ceph-nj1-csp/bingoozhang/salmonli/data/MerRec_Action/feature_map.json
2026-07-18 10:20:50,756 P3898627 INFO Pickle feature_encode: /mnt/ceph-nj1-csp/bingoozhang/salmonli/data/MerRec_Action/feature_processor.pkl
2026-07-18 10:20:52,316 P3898627 INFO Save feature_vocab to json: /mnt/ceph-nj1-csp/bingoozhang/salmonli/data/MerRec_Action/feature_vocab.json
2026-07-18 10:21:38,921 P3898627 INFO Set feature processor done.
2026-07-18 10:21:38,950 P3898627 INFO Load feature_map from json: /mnt/ceph-nj1-csp/bingoozhang/salmonli/data/MerRec_Action/feature_map.json
2026-07-18 10:21:38,953 P3898627 INFO Set column index...
2026-07-18 10:21:38,953 P3898627 INFO Feature specs: {
    "action": "{'source': 'action', 'type': 'categorical', 'padding_idx': 0, 'vocab_size': 33}",
    "brand_id": "{'source': 'item', 'type': 'categorical', 'padding_idx': 0, 'vocab_size': 19783}",
    "c0_id": "{'source': 'item', 'type': 'categorical', 'padding_idx': 0, 'vocab_size': 18}",
    "c1_id": "{'source': 'item', 'type': 'categorical', 'padding_idx': 0, 'vocab_size': 310}",
    "c2_id": "{'source': 'item', 'type': 'categorical', 'padding_idx': 0, 'vocab_size': 3042}",
    "color": "{'source': 'item', 'type': 'categorical', 'padding_idx': 0, 'vocab_size': 7311}",
    "day_of_week": "{'source': '', 'type': 'categorical', 'padding_idx': 0, 'vocab_size': 8}",
    "hour": "{'source': '', 'type': 'categorical', 'padding_idx': 0, 'vocab_size': 25}",
    "is_weekend": "{'source': '', 'type': 'categorical', 'padding_idx': 0, 'vocab_size': 3}",
    "item_condition_id": "{'source': 'item', 'type': 'categorical', 'padding_idx': 0, 'vocab_size': 7}",
    "item_id": "{'source': 'item', 'type': 'categorical', 'padding_idx': 0, 'vocab_size': 43817684}",
    "item_index": "{'type': 'meta'}",
    "price_bucket": "{'source': 'item', 'type': 'categorical', 'padding_idx': 0, 'vocab_size': 10}",
    "product_id": "{'source': 'item', 'type': 'categorical', 'padding_idx': 0, 'vocab_size': 893620}",
    "seq_len": "{'type': 'meta'}",
    "session_id": "{'source': '', 'type': 'categorical', 'padding_idx': 0, 'vocab_size': 3701837}",
    "shipper_id": "{'source': 'item', 'type': 'categorical', 'padding_idx': 0, 'vocab_size': 3}",
    "size_id": "{'source': 'item', 'type': 'categorical', 'padding_idx': 0, 'vocab_size': 356}",
    "user_id": "{'source': '', 'type': 'categorical', 'padding_idx': 0, 'vocab_size': 1697916}",
    "user_index": "{'type': 'meta'}"
}
2026-07-18 10:21:46,178 P3898627 INFO Optimizers: dense=AdamW(lr=0.0001, weight_decay=0, params=12060939), sparse=Adagrad(lr=0.05, params=802271456)
2026-07-18 10:21:46,179 P3898627 INFO ************ compile start ************
2026-07-18 10:21:47,287 P3898627 INFO Compiled dense module: unified_tokenizer_layer
2026-07-18 10:21:47,288 P3898627 INFO Compiled dense module: item_token_proj
2026-07-18 10:21:47,290 P3898627 INFO Compiled dense module: unified_interaction_layers
2026-07-18 10:21:47,291 P3898627 INFO Compiled dense module: tower.0
2026-07-18 10:21:47,292 P3898627 INFO Compiled dense module: tower.1
2026-07-18 10:21:47,293 P3898627 INFO Compiled dense module: tower.2
2026-07-18 10:21:47,294 P3898627 INFO Compiled dense module: tower.3
2026-07-18 10:21:47,296 P3898627 INFO Compiled dense module: tower.4
2026-07-18 10:21:51,033 P3898627 INFO Total number of parameters: 814332395.
2026-07-18 10:21:51,034 P3898627 INFO Number of embedding parameters: 802271456.
2026-07-18 10:21:51,034 P3898627 INFO Number of dense parameters: 12060939.
2026-07-18 10:21:51,034 P3898627 INFO Loading datasets...
2026-07-18 10:21:51,077 P3898627 INFO Train samples: total/36090865, blocks/2
2026-07-18 10:21:51,109 P3898627 INFO Validation samples: total/4124870, blocks/2
2026-07-18 10:21:51,109 P3898627 INFO Loading train and validation data done.
2026-07-18 10:21:51,124 P3898627 INFO BF16 mixed precision: True
2026-07-18 10:21:51,124 P3898627 INFO Gradient checkpointing: False
2026-07-18 10:21:51,124 P3898627 INFO Start training: 4405 local batches/epoch
2026-07-18 10:21:51,124 P3898627 INFO DDP blocked training: True
2026-07-18 10:21:51,124 P3898627 INFO Disable step-wise eval and use epoch-end synchronized eval for DDP + blocked dataloader.
2026-07-18 10:21:51,124 P3898627 INFO ************ Epoch=1 start ************
2026-07-18 10:41:08,489 P3898627 INFO Train loss: 0.432316
2026-07-18 10:41:08,508 P3898627 INFO Evaluation @epoch 1 - batch 4405:
2026-07-18 10:41:52,206 P3898627 INFO [Task: Like][Metrics] AUC: 0.756973 - logloss: 0.327764
2026-07-18 10:41:59,083 P3898627 INFO [Task: Cart][Metrics] AUC: 0.794577 - logloss: 0.057226
2026-07-18 10:42:05,957 P3898627 INFO [Task: Offer][Metrics] AUC: 0.767889 - logloss: 0.024589
2026-07-18 10:42:12,646 P3898627 INFO [Task: Checkout][Metrics] AUC: 0.866691 - logloss: 0.007286
2026-07-18 10:42:19,567 P3898627 INFO [Task: Purchase][Metrics] AUC: 0.870084 - logloss: 0.004877
2026-07-18 10:42:19,917 P3898627 INFO Save best model: monitor(max)=0.811243
2026-07-18 10:42:24,004 P3898627 INFO ************ Epoch=1 end ************
2026-07-18 10:42:24,006 P3898627 INFO Training finished.
2026-07-18 10:42:24,006 P3898627 INFO Load best model: /mnt/ceph-nj1-csp/bingoozhang/salmonli/ft_local/UniRank/checkpoints/MerRec_Action/OneTrans_var_MerRec_Action_Tau_True.model
2026-07-18 10:42:27,132 P3898627 INFO ******** Test evaluation ********
2026-07-18 10:42:27,132 P3898627 INFO Loading datasets...
2026-07-18 10:42:27,169 P3898627 INFO Test samples: total/2919932, blocks/2
2026-07-18 10:42:27,169 P3898627 INFO Loading test data done.
2026-07-18 10:42:53,650 P3898627 INFO [Task: Like][Metrics] logloss: 0.325583 - AUC: 0.755288
2026-07-18 10:42:58,443 P3898627 INFO [Task: Cart][Metrics] logloss: 0.054345 - AUC: 0.790948
2026-07-18 10:43:03,155 P3898627 INFO [Task: Offer][Metrics] logloss: 0.021780 - AUC: 0.763353
2026-07-18 10:43:07,905 P3898627 INFO [Task: Checkout][Metrics] logloss: 0.006104 - AUC: 0.866900
2026-07-18 10:43:12,888 P3898627 INFO [Task: Purchase][Metrics] logloss: 0.003968 - AUC: 0.867687
2026-07-18 10:43:14,110 P3898627 INFO Deleted model checkpoint: /mnt/ceph-nj1-csp/bingoozhang/salmonli/ft_local/UniRank/checkpoints/MerRec_Action/OneTrans_var_MerRec_Action_Tau_True.model
