2026-07-12 19:01:15,295 P3594836 INFO UniRank version: 2.3.7
2026-07-12 19:01:15,295 P3594836 INFO Params: {
    "accumulation_steps": "1",
    "batch_size": "8192",
    "block_cache_size": "2",
    "blocked": "True",
    "data_format": "parquet",
    "data_root": "/mnt/ceph-nj1-csp/bingoozhang/salmonli/data",
    "dataset_id": "MerRec_Action",
    "debug_mode": "False",
    "dense_learning_rate": "0.0001",
    "dense_optimizer": "AdamW",
    "dense_weight_decay": "0",
    "distributed": "True",
    "dnn_activations": "ReLU",
    "early_stop_patience": "2",
    "embedding_dim": "16",
    "enable_bf16": "True",
    "epochs": "1",
    "eval_steps": "None",
    "feature_cols": "[{'name': 'user_index', 'active': True, 'dtype': 'int', 'type': 'meta'}, {'name': 'item_index', 'active': True, 'dtype': 'int', 'type': 'meta'}, {'name': 'seq_len', 'active': True, 'dtype': 'int', 'type': 'meta'}, {'name': 'user_id', 'active': True, 'dtype': 'int', 'type': 'categorical', 'vocab_size': 1697916}, {'name': 'item_id', 'active': True, 'dtype': 'int', 'type': 'categorical', 'vocab_size': 43817684, 'source': 'item'}, {'name': 'product_id', 'active': True, 'dtype': 'int', 'type': 'categorical', 'vocab_size': 893620, 'source': 'item'}, {'name': 'price_bucket', 'active': True, 'dtype': 'int', 'type': 'categorical', 'vocab_size': 10, 'source': 'item'}, {'name': 'c0_id', 'active': True, 'dtype': 'int', 'type': 'categorical', 'vocab_size': 18, 'source': 'item'}, {'name': 'c1_id', 'active': True, 'dtype': 'int', 'type': 'categorical', 'vocab_size': 310, 'source': 'item'}, {'name': 'c2_id', 'active': True, 'dtype': 'int', 'type': 'categorical', 'vocab_size': 3042, 'source': 'item'}, {'name': 'brand_id', 'active': True, 'dtype': 'int', 'type': 'categorical', 'vocab_size': 19783, 'source': 'item'}, {'name': 'item_condition_id', 'active': True, 'dtype': 'int', 'type': 'categorical', 'vocab_size': 7, 'source': 'item'}, {'name': 'size_id', 'active': True, 'dtype': 'int', 'type': 'categorical', 'vocab_size': 356, 'source': 'item'}, {'name': 'shipper_id', 'active': True, 'dtype': 'int', 'type': 'categorical', 'vocab_size': 3, 'source': 'item'}, {'name': 'color', 'active': True, 'dtype': 'int', 'type': 'categorical', 'vocab_size': 7311, 'source': 'item'}, {'name': 'session_id', 'active': True, 'dtype': 'int', 'type': 'categorical', 'vocab_size': 3701837}, {'name': 'day_of_week', 'active': True, 'dtype': 'int', 'type': 'categorical', 'vocab_size': 8}, {'name': 'is_weekend', 'active': True, 'dtype': 'int', 'type': 'categorical', 'vocab_size': 3}, {'name': 'hour', 'active': True, 'dtype': 'int', 'type': 'categorical', 'vocab_size': 25}, {'name': 'action', 'active': True, 'dtype': 'int', 'type': 'categorical', 'vocab_size': 33, 'source': 'action'}]",
    "feature_config": "None",
    "feature_specs": "None",
    "gpu": "0",
    "group_id": "user_index",
    "label_col": "[{'name': 'Like', 'dtype': 'float'}, {'name': 'Cart', 'dtype': 'float'}, {'name': 'Offer', 'dtype': 'float'}, {'name': 'Checkout', 'dtype': 'float'}, {'name': 'Purchase', 'dtype': 'float'}]",
    "local_rank": "0",
    "loss": "['binary_crossentropy', 'binary_crossentropy', 'binary_crossentropy', 'binary_crossentropy', 'binary_crossentropy']",
    "max_len": "100",
    "metrics": "['logloss', 'AUC', 'gAUC']",
    "model": "OneTrans",
    "model_id": "OneTrans_MerRec_Action",
    "model_root": "./checkpoints/",
    "monitor": "{'AUC': 1, 'logloss': 0, 'gAUC': 1}",
    "monitor_mode": "max",
    "net_dropout": "0",
    "num_heads": "2",
    "num_layers": "3",
    "num_ns_token": "4",
    "num_tasks": "5",
    "num_workers": "4",
    "pickle_feature_encoder": "True",
    "rank": "0",
    "rebuild_dataset": "False",
    "save_best_only": "True",
    "seed": "20262027",
    "shuffle": "True",
    "sparse_learning_rate": "0.05",
    "sparse_optimizer": "Adagrad",
    "task": "binary_classification",
    "test_data": "/mnt/ceph-nj1-csp/bingoozhang/salmonli/data/MerRec_Action/test/data",
    "test_item_info": "/mnt/ceph-nj1-csp/bingoozhang/salmonli/data/MerRec_Action/test/item_info",
    "test_user_info": "/mnt/ceph-nj1-csp/bingoozhang/salmonli/data/MerRec_Action/test/user_info",
    "token_dim": "256",
    "tower_activations": "ReLU",
    "tower_hidden_units": "[128, 64]",
    "train_data": "/mnt/ceph-nj1-csp/bingoozhang/salmonli/data/MerRec_Action/train/data",
    "train_item_info": "/mnt/ceph-nj1-csp/bingoozhang/salmonli/data/MerRec_Action/train/item_info",
    "train_user_info": "/mnt/ceph-nj1-csp/bingoozhang/salmonli/data/MerRec_Action/train/user_info",
    "use_features": "None",
    "valid_data": "/mnt/ceph-nj1-csp/bingoozhang/salmonli/data/MerRec_Action/valid/data",
    "valid_item_info": "/mnt/ceph-nj1-csp/bingoozhang/salmonli/data/MerRec_Action/valid/item_info",
    "valid_user_info": "/mnt/ceph-nj1-csp/bingoozhang/salmonli/data/MerRec_Action/valid/user_info",
    "verbose": "1",
    "world_size": "4"
}
2026-07-12 19:01:15,297 P3594836 INFO Set up feature processor...
2026-07-12 19:01:15,297 P3594836 INFO Fit feature processor...
2026-07-12 19:01:15,297 P3594836 INFO Processing column: {'name': 'user_index', 'active': True, 'dtype': 'int', 'type': 'meta'}
2026-07-12 19:01:15,297 P3594836 INFO Processing column: {'name': 'item_index', 'active': True, 'dtype': 'int', 'type': 'meta'}
2026-07-12 19:01:15,297 P3594836 INFO Processing column: {'name': 'seq_len', 'active': True, 'dtype': 'int', 'type': 'meta'}
2026-07-12 19:01:15,297 P3594836 INFO Processing column: {'name': 'user_id', 'active': True, 'dtype': 'int', 'type': 'categorical', 'vocab_size': 1697916}
2026-07-12 19:01:15,627 P3594836 INFO Processing column: {'name': 'item_id', 'active': True, 'dtype': 'int', 'type': 'categorical', 'vocab_size': 43817684, 'source': 'item'}
2026-07-12 19:01:23,607 P3594836 INFO Processing column: {'name': 'product_id', 'active': True, 'dtype': 'int', 'type': 'categorical', 'vocab_size': 893620, 'source': 'item'}
2026-07-12 19:01:23,763 P3594836 INFO Processing column: {'name': 'price_bucket', 'active': True, 'dtype': 'int', 'type': 'categorical', 'vocab_size': 10, 'source': 'item'}
2026-07-12 19:01:23,763 P3594836 INFO Processing column: {'name': 'c0_id', 'active': True, 'dtype': 'int', 'type': 'categorical', 'vocab_size': 18, 'source': 'item'}
2026-07-12 19:01:23,763 P3594836 INFO Processing column: {'name': 'c1_id', 'active': True, 'dtype': 'int', 'type': 'categorical', 'vocab_size': 310, 'source': 'item'}
2026-07-12 19:01:23,764 P3594836 INFO Processing column: {'name': 'c2_id', 'active': True, 'dtype': 'int', 'type': 'categorical', 'vocab_size': 3042, 'source': 'item'}
2026-07-12 19:01:23,764 P3594836 INFO Processing column: {'name': 'brand_id', 'active': True, 'dtype': 'int', 'type': 'categorical', 'vocab_size': 19783, 'source': 'item'}
2026-07-12 19:01:23,768 P3594836 INFO Processing column: {'name': 'item_condition_id', 'active': True, 'dtype': 'int', 'type': 'categorical', 'vocab_size': 7, 'source': 'item'}
2026-07-12 19:01:23,768 P3594836 INFO Processing column: {'name': 'size_id', 'active': True, 'dtype': 'int', 'type': 'categorical', 'vocab_size': 356, 'source': 'item'}
2026-07-12 19:01:23,768 P3594836 INFO Processing column: {'name': 'shipper_id', 'active': True, 'dtype': 'int', 'type': 'categorical', 'vocab_size': 3, 'source': 'item'}
2026-07-12 19:01:23,768 P3594836 INFO Processing column: {'name': 'color', 'active': True, 'dtype': 'int', 'type': 'categorical', 'vocab_size': 7311, 'source': 'item'}
2026-07-12 19:01:23,769 P3594836 INFO Processing column: {'name': 'session_id', 'active': True, 'dtype': 'int', 'type': 'categorical', 'vocab_size': 3701837}
2026-07-12 19:01:24,493 P3594836 INFO Processing column: {'name': 'day_of_week', 'active': True, 'dtype': 'int', 'type': 'categorical', 'vocab_size': 8}
2026-07-12 19:01:24,494 P3594836 INFO Processing column: {'name': 'is_weekend', 'active': True, 'dtype': 'int', 'type': 'categorical', 'vocab_size': 3}
2026-07-12 19:01:24,494 P3594836 INFO Processing column: {'name': 'hour', 'active': True, 'dtype': 'int', 'type': 'categorical', 'vocab_size': 25}
2026-07-12 19:01:24,494 P3594836 INFO Processing column: {'name': 'action', 'active': True, 'dtype': 'int', 'type': 'categorical', 'vocab_size': 33, 'source': 'action'}
2026-07-12 19:01:24,495 P3594836 INFO Set column index...
2026-07-12 19:01:24,495 P3594836 INFO Save feature_map to json: /mnt/ceph-nj1-csp/bingoozhang/salmonli/data/MerRec_Action/feature_map.json
2026-07-12 19:01:24,501 P3594836 INFO Pickle feature_encode: /mnt/ceph-nj1-csp/bingoozhang/salmonli/data/MerRec_Action/feature_processor.pkl
2026-07-12 19:01:25,971 P3594836 INFO Save feature_vocab to json: /mnt/ceph-nj1-csp/bingoozhang/salmonli/data/MerRec_Action/feature_vocab.json
2026-07-12 19:02:09,665 P3594836 INFO Set feature processor done.
2026-07-12 19:02:09,682 P3594836 INFO Load feature_map from json: /mnt/ceph-nj1-csp/bingoozhang/salmonli/data/MerRec_Action/feature_map.json
2026-07-12 19:02:09,685 P3594836 INFO Set column index...
2026-07-12 19:02:09,685 P3594836 INFO Feature specs: {
    "action": "{'source': 'action', 'type': 'categorical', 'padding_idx': 0, 'vocab_size': 33}",
    "brand_id": "{'source': 'item', 'type': 'categorical', 'padding_idx': 0, 'vocab_size': 19783}",
    "c0_id": "{'source': 'item', 'type': 'categorical', 'padding_idx': 0, 'vocab_size': 18}",
    "c1_id": "{'source': 'item', 'type': 'categorical', 'padding_idx': 0, 'vocab_size': 310}",
    "c2_id": "{'source': 'item', 'type': 'categorical', 'padding_idx': 0, 'vocab_size': 3042}",
    "color": "{'source': 'item', 'type': 'categorical', 'padding_idx': 0, 'vocab_size': 7311}",
    "day_of_week": "{'source': '', 'type': 'categorical', 'padding_idx': 0, 'vocab_size': 8}",
    "hour": "{'source': '', 'type': 'categorical', 'padding_idx': 0, 'vocab_size': 25}",
    "is_weekend": "{'source': '', 'type': 'categorical', 'padding_idx': 0, 'vocab_size': 3}",
    "item_condition_id": "{'source': 'item', 'type': 'categorical', 'padding_idx': 0, 'vocab_size': 7}",
    "item_id": "{'source': 'item', 'type': 'categorical', 'padding_idx': 0, 'vocab_size': 43817684}",
    "item_index": "{'type': 'meta'}",
    "price_bucket": "{'source': 'item', 'type': 'categorical', 'padding_idx': 0, 'vocab_size': 10}",
    "product_id": "{'source': 'item', 'type': 'categorical', 'padding_idx': 0, 'vocab_size': 893620}",
    "seq_len": "{'type': 'meta'}",
    "session_id": "{'source': '', 'type': 'categorical', 'padding_idx': 0, 'vocab_size': 3701837}",
    "shipper_id": "{'source': 'item', 'type': 'categorical', 'padding_idx': 0, 'vocab_size': 3}",
    "size_id": "{'source': 'item', 'type': 'categorical', 'padding_idx': 0, 'vocab_size': 356}",
    "user_id": "{'source': '', 'type': 'categorical', 'padding_idx': 0, 'vocab_size': 1697916}",
    "user_index": "{'type': 'meta'}"
}
2026-07-12 19:02:17,029 P3594836 INFO Optimizers: dense=AdamW(lr=0.0001, weight_decay=0, params=12060933), sparse=Adagrad(lr=0.05, params=802271456)
2026-07-12 19:02:17,029 P3594836 INFO ************ compile start ************
2026-07-12 19:02:18,667 P3594836 INFO Compiled dense module: unified_tokenizer_layer
2026-07-12 19:02:18,669 P3594836 INFO Compiled dense module: item_token_proj
2026-07-12 19:02:18,670 P3594836 INFO Compiled dense module: unified_interaction_layers
2026-07-12 19:02:18,671 P3594836 INFO Compiled dense module: tower.0
2026-07-12 19:02:18,672 P3594836 INFO Compiled dense module: tower.1
2026-07-12 19:02:18,673 P3594836 INFO Compiled dense module: tower.2
2026-07-12 19:02:18,674 P3594836 INFO Compiled dense module: tower.3
2026-07-12 19:02:18,675 P3594836 INFO Compiled dense module: tower.4
2026-07-12 19:02:22,654 P3594836 INFO Total number of parameters: 814332389.
2026-07-12 19:02:22,654 P3594836 INFO Number of embedding parameters: 802271456.
2026-07-12 19:02:22,654 P3594836 INFO Number of dense parameters: 12060933.
2026-07-12 19:02:22,654 P3594836 INFO Loading datasets...
2026-07-12 19:02:22,689 P3594836 INFO Train samples: total/36090865, blocks/2
2026-07-12 19:02:22,721 P3594836 INFO Validation samples: total/4124870, blocks/2
2026-07-12 19:02:22,721 P3594836 INFO Loading train and validation data done.
2026-07-12 19:02:22,723 P3594836 INFO BF16 mixed precision: True
2026-07-12 19:02:22,723 P3594836 INFO Start training: 4405 local batches/epoch
2026-07-12 19:02:22,723 P3594836 INFO DDP blocked training: True
2026-07-12 19:02:22,723 P3594836 INFO Disable step-wise eval and use epoch-end synchronized eval for DDP + blocked dataloader.
2026-07-12 19:02:22,723 P3594836 INFO ************ Epoch=1 start ************
2026-07-12 19:16:48,222 P3594836 INFO Train loss: 0.401120
2026-07-12 19:16:48,236 P3594836 INFO Evaluation @epoch 1 - batch 4405: 
2026-07-12 19:17:35,694 P3594836 INFO [Task: Like][Metrics] AUC: 0.747055 - logloss: 0.332758 - gAUC: 0.677259
2026-07-12 19:17:46,666 P3594836 INFO [Task: Cart][Metrics] AUC: 0.803586 - logloss: 0.056462 - gAUC: 0.725658
2026-07-12 19:17:56,712 P3594836 INFO [Task: Offer][Metrics] AUC: 0.755280 - logloss: 0.024856 - gAUC: 0.710487
2026-07-12 19:18:05,959 P3594836 INFO [Task: Checkout][Metrics] AUC: 0.859168 - logloss: 0.007914 - gAUC: 0.766230
2026-07-12 19:18:15,004 P3594836 INFO [Task: Purchase][Metrics] AUC: 0.863256 - logloss: 0.005356 - gAUC: 0.772717
2026-07-12 19:18:15,423 P3594836 INFO Save best model: monitor(max)=1.536139
2026-07-12 19:18:19,577 P3594836 INFO ************ Epoch=1 end ************
2026-07-12 19:18:19,578 P3594836 INFO Training finished.
2026-07-12 19:18:19,578 P3594836 INFO Load best model: /mnt/ceph-nj1-csp/bingoozhang/salmonli/ft_local/UniRank/checkpoints/MerRec_Action/OneTrans_MerRec_Action.model
2026-07-12 19:18:22,842 P3594836 INFO ******** Test evaluation ********
2026-07-12 19:18:22,843 P3594836 INFO Loading datasets...
2026-07-12 19:18:22,879 P3594836 INFO Test samples: total/2919932, blocks/2
2026-07-12 19:18:22,879 P3594836 INFO Loading test data done.
2026-07-12 19:18:52,177 P3594836 INFO [Task: Like][Metrics] logloss: 0.328168 - AUC: 0.748981 - gAUC: 0.678903
2026-07-12 19:19:00,038 P3594836 INFO [Task: Cart][Metrics] logloss: 0.053115 - AUC: 0.807809 - gAUC: 0.724987
2026-07-12 19:19:07,233 P3594836 INFO [Task: Offer][Metrics] logloss: 0.022054 - AUC: 0.751803 - gAUC: 0.710011
2026-07-12 19:19:13,603 P3594836 INFO [Task: Checkout][Metrics] logloss: 0.006751 - AUC: 0.857647 - gAUC: 0.766295
2026-07-12 19:19:19,943 P3594836 INFO [Task: Purchase][Metrics] logloss: 0.004443 - AUC: 0.859127 - gAUC: 0.775408
2026-07-12 19:19:21,140 P3594836 INFO Deleted model checkpoint: /mnt/ceph-nj1-csp/bingoozhang/salmonli/ft_local/UniRank/checkpoints/MerRec_Action/OneTrans_MerRec_Action.model
