2026-07-18 07:59:43,819 P3793674 INFO Params: {
    "accumulation_steps": "1",
    "att_gate": "False",
    "att_res": "False",
    "attention_activation_type": "SoftMax",
    "batch_size": "8192",
    "block_cache_size": "2",
    "blocked": "True",
    "data_format": "parquet",
    "data_root": "/mnt/ceph-nj1-csp/bingoozhang/salmonli/data",
    "dataset_id": "MerRec_Action",
    "debug_mode": "False",
    "dense_learning_rate": "0.0001",
    "dense_optimizer": "AdamW",
    "dense_weight_decay": "0",
    "distributed": "True",
    "dnn_activations": "ReLU",
    "early_stop_patience": "2",
    "embedding_dim": "16",
    "enable_bf16": "True",
    "enable_torch_compile": "True",
    "epochs": "1",
    "eval_steps": "None",
    "feature_cols": "[{'name': 'user_index', 'active': True, 'dtype': 'int', 'type': 'meta'}, {'name': 'item_index', 'active': True, 'dtype': 'int', 'type': 'meta'}, {'name': 'seq_len', 'active': True, 'dtype': 'int', 'type': 'meta'}, {'name': 'user_id', 'active': True, 'dtype': 'int', 'type': 'categorical', 'vocab_size': 1697916}, {'name': 'item_id', 'active': True, 'dtype': 'int', 'type': 'categorical', 'vocab_size': 43817684, 'source': 'item'}, {'name': 'product_id', 'active': True, 'dtype': 'int', 'type': 'categorical', 'vocab_size': 893620, 'source': 'item'}, {'name': 'price_bucket', 'active': True, 'dtype': 'int', 'type': 'categorical', 'vocab_size': 10, 'source': 'item'}, {'name': 'c0_id', 'active': True, 'dtype': 'int', 'type': 'categorical', 'vocab_size': 18, 'source': 'item'}, {'name': 'c1_id', 'active': True, 'dtype': 'int', 'type': 'categorical', 'vocab_size': 310, 'source': 'item'}, {'name': 'c2_id', 'active': True, 'dtype': 'int', 'type': 'categorical', 'vocab_size': 3042, 'source': 'item'}, {'name': 'brand_id', 'active': True, 'dtype': 'int', 'type': 'categorical', 'vocab_size': 19783, 'source': 'item'}, {'name': 'item_condition_id', 'active': True, 'dtype': 'int', 'type': 'categorical', 'vocab_size': 7, 'source': 'item'}, {'name': 'size_id', 'active': True, 'dtype': 'int', 'type': 'categorical', 'vocab_size': 356, 'source': 'item'}, {'name': 'shipper_id', 'active': True, 'dtype': 'int', 'type': 'categorical', 'vocab_size': 3, 'source': 'item'}, {'name': 'color', 'active': True, 'dtype': 'int', 'type': 'categorical', 'vocab_size': 7311, 'source': 'item'}, {'name': 'session_id', 'active': True, 'dtype': 'int', 'type': 'categorical', 'vocab_size': 3701837}, {'name': 'day_of_week', 'active': True, 'dtype': 'int', 'type': 'categorical', 'vocab_size': 8}, {'name': 'is_weekend', 'active': True, 'dtype': 'int', 'type': 'categorical', 'vocab_size': 3}, {'name': 'hour', 'active': True, 'dtype': 'int', 'type': 'categorical', 'vocab_size': 25}, {'name': 'action', 'active': True, 'dtype': 'int', 'type': 'categorical', 'vocab_size': 33, 'source': 'action'}]",
    "feature_config": "None",
    "feature_specs": "None",
    "g_norm": "False",
    "gpu": "0",
    "gradient_checkpointing": "False",
    "group_id": "user_id",
    "label_col": "[{'name': 'Like', 'dtype': 'float'}, {'name': 'Cart', 'dtype': 'float'}, {'name': 'Offer', 'dtype': 'float'}, {'name': 'Checkout', 'dtype': 'float'}, {'name': 'Purchase', 'dtype': 'float'}]",
    "local_rank": "0",
    "loss": "['binary_crossentropy', 'binary_crossentropy', 'binary_crossentropy', 'binary_crossentropy', 'binary_crossentropy']",
    "max_len": "100",
    "metrics": "['logloss', 'AUC']",
    "model": "OneTrans_var",
    "model_id": "OneTrans_var_MerRec_Action_SpecT_True",
    "model_root": "./checkpoints/",
    "monitor": "{'AUC': 1, 'logloss': 0}",
    "monitor_mode": "max",
    "net_dropout": "0",
    "num_heads": "2",
    "num_layers": "3",
    "num_ns_token": "4",
    "num_tasks": "5",
    "num_workers": "4",
    "pickle_feature_encoder": "True",
    "qk_norm": "False",
    "rank": "0",
    "rebuild_dataset": "False",
    "rope": "False",
    "save_best_only": "True",
    "seed": "20262027",
    "shuffle": "True",
    "sparse_learning_rate": "0.05",
    "sparse_optimizer": "Adagrad",
    "spec_t": "True",
    "task": "binary_classification",
    "tau": "False",
    "test_data": "/mnt/ceph-nj1-csp/bingoozhang/salmonli/data/MerRec_Action/test/data",
    "test_item_info": "/mnt/ceph-nj1-csp/bingoozhang/salmonli/data/MerRec_Action/test/item_info",
    "test_user_info": "/mnt/ceph-nj1-csp/bingoozhang/salmonli/data/MerRec_Action/test/user_info",
    "token_dim": "256",
    "tokenizer_type": "Auto",
    "tower_activations": "ReLU",
    "tower_hidden_units": "[128, 64]",
    "train_data": "/mnt/ceph-nj1-csp/bingoozhang/salmonli/data/MerRec_Action/train/data",
    "train_item_info": "/mnt/ceph-nj1-csp/bingoozhang/salmonli/data/MerRec_Action/train/item_info",
    "train_user_info": "/mnt/ceph-nj1-csp/bingoozhang/salmonli/data/MerRec_Action/train/user_info",
    "use_features": "None",
    "valid_data": "/mnt/ceph-nj1-csp/bingoozhang/salmonli/data/MerRec_Action/valid/data",
    "valid_item_info": "/mnt/ceph-nj1-csp/bingoozhang/salmonli/data/MerRec_Action/valid/item_info",
    "valid_user_info": "/mnt/ceph-nj1-csp/bingoozhang/salmonli/data/MerRec_Action/valid/user_info",
    "verbose": "1",
    "world_size": "4"
}
2026-07-18 07:59:43,821 P3793674 INFO Set up feature processor...
2026-07-18 07:59:43,821 P3793674 INFO Fit feature processor...
2026-07-18 07:59:43,821 P3793674 INFO Processing column: {'name': 'user_index', 'active': True, 'dtype': 'int', 'type': 'meta'}
2026-07-18 07:59:43,821 P3793674 INFO Processing column: {'name': 'item_index', 'active': True, 'dtype': 'int', 'type': 'meta'}
2026-07-18 07:59:43,821 P3793674 INFO Processing column: {'name': 'seq_len', 'active': True, 'dtype': 'int', 'type': 'meta'}
2026-07-18 07:59:43,821 P3793674 INFO Processing column: {'name': 'user_id', 'active': True, 'dtype': 'int', 'type': 'categorical', 'vocab_size': 1697916}
2026-07-18 07:59:44,100 P3793674 INFO Processing column: {'name': 'item_id', 'active': True, 'dtype': 'int', 'type': 'categorical', 'vocab_size': 43817684, 'source': 'item'}
2026-07-18 07:59:50,616 P3793674 INFO Processing column: {'name': 'product_id', 'active': True, 'dtype': 'int', 'type': 'categorical', 'vocab_size': 893620, 'source': 'item'}
2026-07-18 07:59:50,755 P3793674 INFO Processing column: {'name': 'price_bucket', 'active': True, 'dtype': 'int', 'type': 'categorical', 'vocab_size': 10, 'source': 'item'}
2026-07-18 07:59:50,756 P3793674 INFO Processing column: {'name': 'c0_id', 'active': True, 'dtype': 'int', 'type': 'categorical', 'vocab_size': 18, 'source': 'item'}
2026-07-18 07:59:50,757 P3793674 INFO Processing column: {'name': 'c1_id', 'active': True, 'dtype': 'int', 'type': 'categorical', 'vocab_size': 310, 'source': 'item'}
2026-07-18 07:59:50,757 P3793674 INFO Processing column: {'name': 'c2_id', 'active': True, 'dtype': 'int', 'type': 'categorical', 'vocab_size': 3042, 'source': 'item'}
2026-07-18 07:59:50,758 P3793674 INFO Processing column: {'name': 'brand_id', 'active': True, 'dtype': 'int', 'type': 'categorical', 'vocab_size': 19783, 'source': 'item'}
2026-07-18 07:59:50,761 P3793674 INFO Processing column: {'name': 'item_condition_id', 'active': True, 'dtype': 'int', 'type': 'categorical', 'vocab_size': 7, 'source': 'item'}
2026-07-18 07:59:50,761 P3793674 INFO Processing column: {'name': 'size_id', 'active': True, 'dtype': 'int', 'type': 'categorical', 'vocab_size': 356, 'source': 'item'}
2026-07-18 07:59:50,761 P3793674 INFO Processing column: {'name': 'shipper_id', 'active': True, 'dtype': 'int', 'type': 'categorical', 'vocab_size': 3, 'source': 'item'}
2026-07-18 07:59:50,761 P3793674 INFO Processing column: {'name': 'color', 'active': True, 'dtype': 'int', 'type': 'categorical', 'vocab_size': 7311, 'source': 'item'}
2026-07-18 07:59:50,762 P3793674 INFO Processing column: {'name': 'session_id', 'active': True, 'dtype': 'int', 'type': 'categorical', 'vocab_size': 3701837}
2026-07-18 07:59:51,411 P3793674 INFO Processing column: {'name': 'day_of_week', 'active': True, 'dtype': 'int', 'type': 'categorical', 'vocab_size': 8}
2026-07-18 07:59:51,411 P3793674 INFO Processing column: {'name': 'is_weekend', 'active': True, 'dtype': 'int', 'type': 'categorical', 'vocab_size': 3}
2026-07-18 07:59:51,412 P3793674 INFO Processing column: {'name': 'hour', 'active': True, 'dtype': 'int', 'type': 'categorical', 'vocab_size': 25}
2026-07-18 07:59:51,412 P3793674 INFO Processing column: {'name': 'action', 'active': True, 'dtype': 'int', 'type': 'categorical', 'vocab_size': 33, 'source': 'action'}
2026-07-18 07:59:51,412 P3793674 INFO Set column index...
2026-07-18 07:59:51,412 P3793674 INFO Save feature_map to json: /mnt/ceph-nj1-csp/bingoozhang/salmonli/data/MerRec_Action/feature_map.json
2026-07-18 07:59:51,495 P3793674 INFO Pickle feature_encode: /mnt/ceph-nj1-csp/bingoozhang/salmonli/data/MerRec_Action/feature_processor.pkl
2026-07-18 07:59:52,977 P3793674 INFO Save feature_vocab to json: /mnt/ceph-nj1-csp/bingoozhang/salmonli/data/MerRec_Action/feature_vocab.json
2026-07-18 08:00:40,435 P3793674 INFO Set feature processor done.
2026-07-18 08:00:40,449 P3793674 INFO Load feature_map from json: /mnt/ceph-nj1-csp/bingoozhang/salmonli/data/MerRec_Action/feature_map.json
2026-07-18 08:00:40,453 P3793674 INFO Set column index...
2026-07-18 08:00:40,453 P3793674 INFO Feature specs: {
    "action": "{'source': 'action', 'type': 'categorical', 'padding_idx': 0, 'vocab_size': 33}",
    "brand_id": "{'source': 'item', 'type': 'categorical', 'padding_idx': 0, 'vocab_size': 19783}",
    "c0_id": "{'source': 'item', 'type': 'categorical', 'padding_idx': 0, 'vocab_size': 18}",
    "c1_id": "{'source': 'item', 'type': 'categorical', 'padding_idx': 0, 'vocab_size': 310}",
    "c2_id": "{'source': 'item', 'type': 'categorical', 'padding_idx': 0, 'vocab_size': 3042}",
    "color": "{'source': 'item', 'type': 'categorical', 'padding_idx': 0, 'vocab_size': 7311}",
    "day_of_week": "{'source': '', 'type': 'categorical', 'padding_idx': 0, 'vocab_size': 8}",
    "hour": "{'source': '', 'type': 'categorical', 'padding_idx': 0, 'vocab_size': 25}",
    "is_weekend": "{'source': '', 'type': 'categorical', 'padding_idx': 0, 'vocab_size': 3}",
    "item_condition_id": "{'source': 'item', 'type': 'categorical', 'padding_idx': 0, 'vocab_size': 7}",
    "item_id": "{'source': 'item', 'type': 'categorical', 'padding_idx': 0, 'vocab_size': 43817684}",
    "item_index": "{'type': 'meta'}",
    "price_bucket": "{'source': 'item', 'type': 'categorical', 'padding_idx': 0, 'vocab_size': 10}",
    "product_id": "{'source': 'item', 'type': 'categorical', 'padding_idx': 0, 'vocab_size': 893620}",
    "seq_len": "{'type': 'meta'}",
    "session_id": "{'source': '', 'type': 'categorical', 'padding_idx': 0, 'vocab_size': 3701837}",
    "shipper_id": "{'source': 'item', 'type': 'categorical', 'padding_idx': 0, 'vocab_size': 3}",
    "size_id": "{'source': 'item', 'type': 'categorical', 'padding_idx': 0, 'vocab_size': 356}",
    "user_id": "{'source': '', 'type': 'categorical', 'padding_idx': 0, 'vocab_size': 1697916}",
    "user_index": "{'type': 'meta'}"
}
2026-07-18 08:00:47,627 P3793674 INFO Optimizers: dense=AdamW(lr=0.0001, weight_decay=0, params=12061445), sparse=Adagrad(lr=0.05, params=802271456)
2026-07-18 08:00:47,628 P3793674 INFO ************ compile start ************
2026-07-18 08:00:48,678 P3793674 INFO Compiled dense module: unified_tokenizer_layer
2026-07-18 08:00:48,679 P3793674 INFO Compiled dense module: item_token_proj
2026-07-18 08:00:48,680 P3793674 INFO Compiled dense module: unified_interaction_layers
2026-07-18 08:00:48,682 P3793674 INFO Compiled dense module: tower.0
2026-07-18 08:00:48,683 P3793674 INFO Compiled dense module: tower.1
2026-07-18 08:00:48,684 P3793674 INFO Compiled dense module: tower.2
2026-07-18 08:00:48,685 P3793674 INFO Compiled dense module: tower.3
2026-07-18 08:00:48,686 P3793674 INFO Compiled dense module: tower.4
2026-07-18 08:00:52,859 P3793674 INFO Total number of parameters: 814332901.
2026-07-18 08:00:52,859 P3793674 INFO Number of embedding parameters: 802271456.
2026-07-18 08:00:52,859 P3793674 INFO Number of dense parameters: 12061445.
2026-07-18 08:00:52,859 P3793674 INFO Loading datasets...
2026-07-18 08:00:53,640 P3793674 INFO Train samples: total/36090865, blocks/2
2026-07-18 08:00:54,320 P3793674 INFO Validation samples: total/4124870, blocks/2
2026-07-18 08:00:54,320 P3793674 INFO Loading train and validation data done.
2026-07-18 08:00:54,372 P3793674 INFO BF16 mixed precision: True
2026-07-18 08:00:54,372 P3793674 INFO Gradient checkpointing: False
2026-07-18 08:00:54,372 P3793674 INFO Start training: 4405 local batches/epoch
2026-07-18 08:00:54,373 P3793674 INFO DDP blocked training: True
2026-07-18 08:00:54,373 P3793674 INFO Disable step-wise eval and use epoch-end synchronized eval for DDP + blocked dataloader.
2026-07-18 08:00:54,373 P3793674 INFO ************ Epoch=1 start ************
2026-07-18 08:20:23,007 P3793674 INFO Train loss: 0.376611
2026-07-18 08:20:23,020 P3793674 INFO Evaluation @epoch 1 - batch 4405:
2026-07-18 08:21:08,540 P3793674 INFO [Task: Like][Metrics] AUC: 0.740161 - logloss: 0.341037
2026-07-18 08:21:15,416 P3793674 INFO [Task: Cart][Metrics] AUC: 0.802692 - logloss: 0.056509
2026-07-18 08:21:22,112 P3793674 INFO [Task: Offer][Metrics] AUC: 0.760801 - logloss: 0.024162
2026-07-18 08:21:28,764 P3793674 INFO [Task: Checkout][Metrics] AUC: 0.861801 - logloss: 0.006404
2026-07-18 08:21:35,505 P3793674 INFO [Task: Purchase][Metrics] AUC: 0.865646 - logloss: 0.004262
2026-07-18 08:21:35,861 P3793674 INFO Save best model: monitor(max)=0.806220
2026-07-18 08:21:41,132 P3793674 INFO ************ Epoch=1 end ************
2026-07-18 08:21:41,134 P3793674 INFO Training finished.
2026-07-18 08:21:41,134 P3793674 INFO Load best model: /mnt/ceph-nj1-csp/bingoozhang/salmonli/ft_local/UniRank/checkpoints/MerRec_Action/OneTrans_var_MerRec_Action_SpecT_True.model
2026-07-18 08:21:44,313 P3793674 INFO ******** Test evaluation ********
2026-07-18 08:21:44,314 P3793674 INFO Loading datasets...
2026-07-18 08:21:44,862 P3793674 INFO Test samples: total/2919932, blocks/2
2026-07-18 08:21:44,863 P3793674 INFO Loading test data done.
2026-07-18 08:22:13,089 P3793674 INFO [Task: Like][Metrics] logloss: 0.335688 - AUC: 0.742289
2026-07-18 08:22:17,896 P3793674 INFO [Task: Cart][Metrics] logloss: 0.053043 - AUC: 0.808204
2026-07-18 08:22:22,663 P3793674 INFO [Task: Offer][Metrics] logloss: 0.021144 - AUC: 0.761165
2026-07-18 08:22:27,355 P3793674 INFO [Task: Checkout][Metrics] logloss: 0.005243 - AUC: 0.863040
2026-07-18 08:22:32,233 P3793674 INFO [Task: Purchase][Metrics] logloss: 0.003399 - AUC: 0.864352
2026-07-18 08:22:33,424 P3793674 INFO Deleted model checkpoint: /mnt/ceph-nj1-csp/bingoozhang/salmonli/ft_local/UniRank/checkpoints/MerRec_Action/OneTrans_var_MerRec_Action_SpecT_True.model
