2026-07-18 19:25:28,528 P543040 INFO Params: {
    "accumulation_steps": "1",
    "attention_dropout": "0",
    "batch_size": "8192",
    "block_cache_size": "2",
    "blocked": "True",
    "data_format": "parquet",
    "data_root": "/mnt/ceph-nj1-csp/bingoozhang/salmonli/data",
    "dataset_id": "MerRec_Action",
    "debug_mode": "False",
    "dense_learning_rate": "0.0001",
    "dense_optimizer": "heavyball.RMSprop",
    "dense_weight_decay": "0",
    "distributed": "True",
    "early_stop_patience": "2",
    "embedding_dim": "16",
    "enable_bf16": "True",
    "enable_torch_compile": "True",
    "epochs": "1",
    "eval_steps": "None",
    "expansion_factor": "2",
    "feature_cols": "[{'name': 'user_index', 'active': True, 'dtype': 'int', 'type': 'meta'}, {'name': 'item_index', 'active': True, 'dtype': 'int', 'type': 'meta'}, {'name': 'seq_len', 'active': True, 'dtype': 'int', 'type': 'meta'}, {'name': 'user_id', 'active': True, 'dtype': 'int', 'type': 'categorical', 'vocab_size': 1697916}, {'name': 'item_id', 'active': True, 'dtype': 'int', 'type': 'categorical', 'vocab_size': 43817684, 'source': 'item'}, {'name': 'product_id', 'active': True, 'dtype': 'int', 'type': 'categorical', 'vocab_size': 893620, 'source': 'item'}, {'name': 'price_bucket', 'active': True, 'dtype': 'int', 'type': 'categorical', 'vocab_size': 10, 'source': 'item'}, {'name': 'c0_id', 'active': True, 'dtype': 'int', 'type': 'categorical', 'vocab_size': 18, 'source': 'item'}, {'name': 'c1_id', 'active': True, 'dtype': 'int', 'type': 'categorical', 'vocab_size': 310, 'source': 'item'}, {'name': 'c2_id', 'active': True, 'dtype': 'int', 'type': 'categorical', 'vocab_size': 3042, 'source': 'item'}, {'name': 'brand_id', 'active': True, 'dtype': 'int', 'type': 'categorical', 'vocab_size': 19783, 'source': 'item'}, {'name': 'item_condition_id', 'active': True, 'dtype': 'int', 'type': 'categorical', 'vocab_size': 7, 'source': 'item'}, {'name': 'size_id', 'active': True, 'dtype': 'int', 'type': 'categorical', 'vocab_size': 356, 'source': 'item'}, {'name': 'shipper_id', 'active': True, 'dtype': 'int', 'type': 'categorical', 'vocab_size': 3, 'source': 'item'}, {'name': 'color', 'active': True, 'dtype': 'int', 'type': 'categorical', 'vocab_size': 7311, 'source': 'item'}, {'name': 'session_id', 'active': True, 'dtype': 'int', 'type': 'categorical', 'vocab_size': 3701837}, {'name': 'day_of_week', 'active': True, 'dtype': 'int', 'type': 'categorical', 'vocab_size': 8}, {'name': 'is_weekend', 'active': True, 'dtype': 'int', 'type': 'categorical', 'vocab_size': 3}, {'name': 'hour', 'active': True, 'dtype': 'int', 'type': 'categorical', 'vocab_size': 25}, {'name': 'action', 'active': True, 'dtype': 'int', 'type': 'categorical', 'vocab_size': 33, 'source': 'action'}]",
    "feature_config": "None",
    "feature_specs": "None",
    "gpu": "0",
    "gradient_checkpointing": "False",
    "group_id": "user_id",
    "label_col": "[{'name': 'Like', 'dtype': 'float'}, {'name': 'Cart', 'dtype': 'float'}, {'name': 'Offer', 'dtype': 'float'}, {'name': 'Checkout', 'dtype': 'float'}, {'name': 'Purchase', 'dtype': 'float'}]",
    "local_rank": "0",
    "loss": "['binary_crossentropy', 'binary_crossentropy', 'binary_crossentropy', 'binary_crossentropy', 'binary_crossentropy']",
    "max_len": "100",
    "metrics": "['logloss', 'AUC']",
    "model": "RankMixer",
    "model_id": "RankMixer_MerRec_Action_Optimizer_RMSProp",
    "model_root": "./checkpoints/",
    "monitor": "{'AUC': 1, 'logloss': 0}",
    "monitor_mode": "max",
    "net_dropout": "0",
    "num_layers": "3",
    "num_ns_token": "4",
    "num_tasks": "5",
    "num_workers": "4",
    "pickle_feature_encoder": "True",
    "rank": "0",
    "rebuild_dataset": "False",
    "save_best_only": "True",
    "seed": "20262027",
    "shuffle": "True",
    "sparse_learning_rate": "0.05",
    "sparse_optimizer": "Adagrad",
    "task": "binary_classification",
    "test_data": "/mnt/ceph-nj1-csp/bingoozhang/salmonli/data/MerRec_Action/test/data",
    "test_item_info": "/mnt/ceph-nj1-csp/bingoozhang/salmonli/data/MerRec_Action/test/item_info",
    "test_user_info": "/mnt/ceph-nj1-csp/bingoozhang/salmonli/data/MerRec_Action/test/user_info",
    "token_dim": "256",
    "tokenizer_type": "Chunk",
    "tower_activations": "ReLU",
    "tower_hidden_units": "[128, 64]",
    "train_data": "/mnt/ceph-nj1-csp/bingoozhang/salmonli/data/MerRec_Action/train/data",
    "train_item_info": "/mnt/ceph-nj1-csp/bingoozhang/salmonli/data/MerRec_Action/train/item_info",
    "train_user_info": "/mnt/ceph-nj1-csp/bingoozhang/salmonli/data/MerRec_Action/train/user_info",
    "use_features": "None",
    "valid_data": "/mnt/ceph-nj1-csp/bingoozhang/salmonli/data/MerRec_Action/valid/data",
    "valid_item_info": "/mnt/ceph-nj1-csp/bingoozhang/salmonli/data/MerRec_Action/valid/item_info",
    "valid_user_info": "/mnt/ceph-nj1-csp/bingoozhang/salmonli/data/MerRec_Action/valid/user_info",
    "verbose": "1",
    "world_size": "4"
}
2026-07-18 19:25:28,530 P543040 INFO Set up feature processor...
2026-07-18 19:25:28,530 P543040 INFO Fit feature processor...
2026-07-18 19:25:28,530 P543040 INFO Processing column: {'name': 'user_index', 'active': True, 'dtype': 'int', 'type': 'meta'}
2026-07-18 19:25:28,530 P543040 INFO Processing column: {'name': 'item_index', 'active': True, 'dtype': 'int', 'type': 'meta'}
2026-07-18 19:25:28,530 P543040 INFO Processing column: {'name': 'seq_len', 'active': True, 'dtype': 'int', 'type': 'meta'}
2026-07-18 19:25:28,530 P543040 INFO Processing column: {'name': 'user_id', 'active': True, 'dtype': 'int', 'type': 'categorical', 'vocab_size': 1697916}
2026-07-18 19:25:28,807 P543040 INFO Processing column: {'name': 'item_id', 'active': True, 'dtype': 'int', 'type': 'categorical', 'vocab_size': 43817684, 'source': 'item'}
2026-07-18 19:25:35,305 P543040 INFO Processing column: {'name': 'product_id', 'active': True, 'dtype': 'int', 'type': 'categorical', 'vocab_size': 893620, 'source': 'item'}
2026-07-18 19:25:35,438 P543040 INFO Processing column: {'name': 'price_bucket', 'active': True, 'dtype': 'int', 'type': 'categorical', 'vocab_size': 10, 'source': 'item'}
2026-07-18 19:25:35,443 P543040 INFO Processing column: {'name': 'c0_id', 'active': True, 'dtype': 'int', 'type': 'categorical', 'vocab_size': 18, 'source': 'item'}
2026-07-18 19:25:35,444 P543040 INFO Processing column: {'name': 'c1_id', 'active': True, 'dtype': 'int', 'type': 'categorical', 'vocab_size': 310, 'source': 'item'}
2026-07-18 19:25:35,447 P543040 INFO Processing column: {'name': 'c2_id', 'active': True, 'dtype': 'int', 'type': 'categorical', 'vocab_size': 3042, 'source': 'item'}
2026-07-18 19:25:35,451 P543040 INFO Processing column: {'name': 'brand_id', 'active': True, 'dtype': 'int', 'type': 'categorical', 'vocab_size': 19783, 'source': 'item'}
2026-07-18 19:25:35,454 P543040 INFO Processing column: {'name': 'item_condition_id', 'active': True, 'dtype': 'int', 'type': 'categorical', 'vocab_size': 7, 'source': 'item'}
2026-07-18 19:25:35,456 P543040 INFO Processing column: {'name': 'size_id', 'active': True, 'dtype': 'int', 'type': 'categorical', 'vocab_size': 356, 'source': 'item'}
2026-07-18 19:25:35,456 P543040 INFO Processing column: {'name': 'shipper_id', 'active': True, 'dtype': 'int', 'type': 'categorical', 'vocab_size': 3, 'source': 'item'}
2026-07-18 19:25:35,456 P543040 INFO Processing column: {'name': 'color', 'active': True, 'dtype': 'int', 'type': 'categorical', 'vocab_size': 7311, 'source': 'item'}
2026-07-18 19:25:35,457 P543040 INFO Processing column: {'name': 'session_id', 'active': True, 'dtype': 'int', 'type': 'categorical', 'vocab_size': 3701837}
2026-07-18 19:25:36,044 P543040 INFO Processing column: {'name': 'day_of_week', 'active': True, 'dtype': 'int', 'type': 'categorical', 'vocab_size': 8}
2026-07-18 19:25:36,044 P543040 INFO Processing column: {'name': 'is_weekend', 'active': True, 'dtype': 'int', 'type': 'categorical', 'vocab_size': 3}
2026-07-18 19:25:36,045 P543040 INFO Processing column: {'name': 'hour', 'active': True, 'dtype': 'int', 'type': 'categorical', 'vocab_size': 25}
2026-07-18 19:25:36,045 P543040 INFO Processing column: {'name': 'action', 'active': True, 'dtype': 'int', 'type': 'categorical', 'vocab_size': 33, 'source': 'action'}
2026-07-18 19:25:36,046 P543040 INFO Set column index...
2026-07-18 19:25:36,046 P543040 INFO Save feature_map to json: /mnt/ceph-nj1-csp/bingoozhang/salmonli/data/MerRec_Action/feature_map.json
2026-07-18 19:25:36,111 P543040 INFO Pickle feature_encode: /mnt/ceph-nj1-csp/bingoozhang/salmonli/data/MerRec_Action/feature_processor.pkl
2026-07-18 19:25:37,695 P543040 INFO Save feature_vocab to json: /mnt/ceph-nj1-csp/bingoozhang/salmonli/data/MerRec_Action/feature_vocab.json
2026-07-18 19:26:23,809 P543040 INFO Set feature processor done.
2026-07-18 19:26:23,833 P543040 INFO Load feature_map from json: /mnt/ceph-nj1-csp/bingoozhang/salmonli/data/MerRec_Action/feature_map.json
2026-07-18 19:26:23,837 P543040 INFO Set column index...
2026-07-18 19:26:23,837 P543040 INFO Feature specs: {
    "action": "{'source': 'action', 'type': 'categorical', 'padding_idx': 0, 'vocab_size': 33}",
    "brand_id": "{'source': 'item', 'type': 'categorical', 'padding_idx': 0, 'vocab_size': 19783}",
    "c0_id": "{'source': 'item', 'type': 'categorical', 'padding_idx': 0, 'vocab_size': 18}",
    "c1_id": "{'source': 'item', 'type': 'categorical', 'padding_idx': 0, 'vocab_size': 310}",
    "c2_id": "{'source': 'item', 'type': 'categorical', 'padding_idx': 0, 'vocab_size': 3042}",
    "color": "{'source': 'item', 'type': 'categorical', 'padding_idx': 0, 'vocab_size': 7311}",
    "day_of_week": "{'source': '', 'type': 'categorical', 'padding_idx': 0, 'vocab_size': 8}",
    "hour": "{'source': '', 'type': 'categorical', 'padding_idx': 0, 'vocab_size': 25}",
    "is_weekend": "{'source': '', 'type': 'categorical', 'padding_idx': 0, 'vocab_size': 3}",
    "item_condition_id": "{'source': 'item', 'type': 'categorical', 'padding_idx': 0, 'vocab_size': 7}",
    "item_id": "{'source': 'item', 'type': 'categorical', 'padding_idx': 0, 'vocab_size': 43817684}",
    "item_index": "{'type': 'meta'}",
    "price_bucket": "{'source': 'item', 'type': 'categorical', 'padding_idx': 0, 'vocab_size': 10}",
    "product_id": "{'source': 'item', 'type': 'categorical', 'padding_idx': 0, 'vocab_size': 893620}",
    "seq_len": "{'type': 'meta'}",
    "session_id": "{'source': '', 'type': 'categorical', 'padding_idx': 0, 'vocab_size': 3701837}",
    "shipper_id": "{'source': 'item', 'type': 'categorical', 'padding_idx': 0, 'vocab_size': 3}",
    "size_id": "{'source': 'item', 'type': 'categorical', 'padding_idx': 0, 'vocab_size': 356}",
    "user_id": "{'source': '', 'type': 'categorical', 'padding_idx': 0, 'vocab_size': 1697916}",
    "user_index": "{'type': 'meta'}"
}
2026-07-18 19:26:31,087 P543040 INFO Optimizers: dense=heavyball.RMSprop(lr=0.0001, weight_decay=0, params=3682565), sparse=Adagrad(lr=0.05, params=802271456)
2026-07-18 19:26:31,088 P543040 INFO ************ compile start ************
2026-07-18 19:26:32,181 P543040 INFO Compiled dense module: unified_tokenizer_layer
2026-07-18 19:26:32,182 P543040 INFO Compiled dense module: attention_layers
2026-07-18 19:26:32,184 P543040 INFO Compiled dense module: unified_interaction_layers
2026-07-18 19:26:32,186 P543040 INFO Compiled dense module: tower.0
2026-07-18 19:26:32,187 P543040 INFO Compiled dense module: tower.1
2026-07-18 19:26:32,188 P543040 INFO Compiled dense module: tower.2
2026-07-18 19:26:32,189 P543040 INFO Compiled dense module: tower.3
2026-07-18 19:26:32,190 P543040 INFO Compiled dense module: tower.4
2026-07-18 19:26:35,886 P543040 INFO Total number of parameters: 805954021.
2026-07-18 19:26:35,887 P543040 INFO Number of embedding parameters: 802271456.
2026-07-18 19:26:35,887 P543040 INFO Number of dense parameters: 3682565.
2026-07-18 19:26:35,887 P543040 INFO Loading datasets...
2026-07-18 19:26:35,930 P543040 INFO Train samples: total/36090865, blocks/2
2026-07-18 19:26:35,962 P543040 INFO Validation samples: total/4124870, blocks/2
2026-07-18 19:26:35,963 P543040 INFO Loading train and validation data done.
2026-07-18 19:26:35,967 P543040 INFO BF16 mixed precision: True
2026-07-18 19:26:35,968 P543040 INFO Gradient checkpointing: False
2026-07-18 19:26:35,968 P543040 INFO Start training: 4405 local batches/epoch
2026-07-18 19:26:35,968 P543040 INFO DDP blocked training: True
2026-07-18 19:26:35,968 P543040 INFO Disable step-wise eval and use epoch-end synchronized eval for DDP + blocked dataloader.
2026-07-18 19:26:35,968 P543040 INFO ************ Epoch=1 start ************
2026-07-18 19:40:49,726 P543040 INFO Train loss: 0.439496
2026-07-18 19:40:49,738 P543040 INFO Evaluation @epoch 1 - batch 4405:
2026-07-18 19:41:29,668 P543040 INFO [Task: Like][Metrics] AUC: 0.749371 - logloss: 0.330899
2026-07-18 19:41:36,406 P543040 INFO [Task: Cart][Metrics] AUC: 0.793870 - logloss: 0.056655
2026-07-18 19:41:43,308 P543040 INFO [Task: Offer][Metrics] AUC: 0.738806 - logloss: 0.024258
2026-07-18 19:41:50,124 P543040 INFO [Task: Checkout][Metrics] AUC: 0.844425 - logloss: 0.005669
2026-07-18 19:41:56,914 P543040 INFO [Task: Purchase][Metrics] AUC: 0.848537 - logloss: 0.003791
2026-07-18 19:41:57,266 P543040 INFO Save best model: monitor(max)=0.795002
2026-07-18 19:42:01,668 P543040 INFO ************ Epoch=1 end ************
2026-07-18 19:42:01,671 P543040 INFO Training finished.
2026-07-18 19:42:01,671 P543040 INFO Load best model: /mnt/ceph-nj1-csp/bingoozhang/salmonli/ft_local/UniRank/checkpoints/MerRec_Action/RankMixer_MerRec_Action_Optimizer_RMSProp.model
2026-07-18 19:42:05,064 P543040 INFO ******** Test evaluation ********
2026-07-18 19:42:05,065 P543040 INFO Loading datasets...
2026-07-18 19:42:05,098 P543040 INFO Test samples: total/2919932, blocks/2
2026-07-18 19:42:05,098 P543040 INFO Loading test data done.
2026-07-18 19:42:29,513 P543040 INFO [Task: Like][Metrics] logloss: 0.328425 - AUC: 0.747996
2026-07-18 19:42:34,224 P543040 INFO [Task: Cart][Metrics] logloss: 0.053599 - AUC: 0.793432
2026-07-18 19:42:38,952 P543040 INFO [Task: Offer][Metrics] logloss: 0.021563 - AUC: 0.726545
2026-07-18 19:42:43,579 P543040 INFO [Task: Checkout][Metrics] logloss: 0.004976 - AUC: 0.836928
2026-07-18 19:42:48,496 P543040 INFO [Task: Purchase][Metrics] logloss: 0.003222 - AUC: 0.840928
2026-07-18 19:42:49,653 P543040 INFO Deleted model checkpoint: /mnt/ceph-nj1-csp/bingoozhang/salmonli/ft_local/UniRank/checkpoints/MerRec_Action/RankMixer_MerRec_Action_Optimizer_RMSProp.model
