2026-07-17 05:23:45,162 P2893135 INFO Params: {
    "accumulation_steps": "1",
    "attention_dropout": "0",
    "batch_size": "8192",
    "block_cache_size": "2",
    "blocked": "True",
    "data_format": "parquet",
    "data_root": "/mnt/ceph-nj1-csp/bingoozhang/salmonli/data",
    "dataset_id": "MerRec_Action",
    "debug_mode": "False",
    "dense_learning_rate": "0.0001",
    "dense_optimizer": "AdamW",
    "dense_weight_decay": "0",
    "distributed": "True",
    "early_stop_patience": "2",
    "embedding_dim": "16",
    "enable_bf16": "True",
    "enable_torch_compile": "True",
    "epochs": "1",
    "eval_steps": "None",
    "expansion_factor": "2",
    "feature_cols": "[{'name': 'user_index', 'active': True, 'dtype': 'int', 'type': 'meta'}, {'name': 'item_index', 'active': True, 'dtype': 'int', 'type': 'meta'}, {'name': 'seq_len', 'active': True, 'dtype': 'int', 'type': 'meta'}, {'name': 'user_id', 'active': True, 'dtype': 'int', 'type': 'categorical', 'vocab_size': 1697916}, {'name': 'item_id', 'active': True, 'dtype': 'int', 'type': 'categorical', 'vocab_size': 43817684, 'source': 'item'}, {'name': 'product_id', 'active': True, 'dtype': 'int', 'type': 'categorical', 'vocab_size': 893620, 'source': 'item'}, {'name': 'price_bucket', 'active': True, 'dtype': 'int', 'type': 'categorical', 'vocab_size': 10, 'source': 'item'}, {'name': 'c0_id', 'active': True, 'dtype': 'int', 'type': 'categorical', 'vocab_size': 18, 'source': 'item'}, {'name': 'c1_id', 'active': True, 'dtype': 'int', 'type': 'categorical', 'vocab_size': 310, 'source': 'item'}, {'name': 'c2_id', 'active': True, 'dtype': 'int', 'type': 'categorical', 'vocab_size': 3042, 'source': 'item'}, {'name': 'brand_id', 'active': True, 'dtype': 'int', 'type': 'categorical', 'vocab_size': 19783, 'source': 'item'}, {'name': 'item_condition_id', 'active': True, 'dtype': 'int', 'type': 'categorical', 'vocab_size': 7, 'source': 'item'}, {'name': 'size_id', 'active': True, 'dtype': 'int', 'type': 'categorical', 'vocab_size': 356, 'source': 'item'}, {'name': 'shipper_id', 'active': True, 'dtype': 'int', 'type': 'categorical', 'vocab_size': 3, 'source': 'item'}, {'name': 'color', 'active': True, 'dtype': 'int', 'type': 'categorical', 'vocab_size': 7311, 'source': 'item'}, {'name': 'session_id', 'active': True, 'dtype': 'int', 'type': 'categorical', 'vocab_size': 3701837}, {'name': 'day_of_week', 'active': True, 'dtype': 'int', 'type': 'categorical', 'vocab_size': 8}, {'name': 'is_weekend', 'active': True, 'dtype': 'int', 'type': 'categorical', 'vocab_size': 3}, {'name': 'hour', 'active': True, 'dtype': 'int', 'type': 'categorical', 'vocab_size': 25}, {'name': 'action', 'active': True, 'dtype': 'int', 'type': 'categorical', 'vocab_size': 33, 'source': 'action'}]",
    "feature_config": "None",
    "feature_specs": "None",
    "gpu": "0",
    "gradient_checkpointing": "False",
    "group_id": "user_id",
    "label_col": "[{'name': 'Like', 'dtype': 'float'}, {'name': 'Cart', 'dtype': 'float'}, {'name': 'Offer', 'dtype': 'float'}, {'name': 'Checkout', 'dtype': 'float'}, {'name': 'Purchase', 'dtype': 'float'}]",
    "local_rank": "0",
    "loss": "['binary_crossentropy', 'binary_crossentropy', 'binary_crossentropy', 'binary_crossentropy', 'binary_crossentropy']",
    "max_len": "100",
    "metrics": "['logloss', 'AUC']",
    "model": "RankMixer",
    "model_id": "RankMixer_MerRec_Action_Tokenizer_Field",
    "model_root": "./checkpoints/",
    "monitor": "{'AUC': 1, 'logloss': 0}",
    "monitor_mode": "max",
    "net_dropout": "0",
    "num_layers": "3",
    "num_ns_token": "4",
    "num_tasks": "5",
    "num_workers": "4",
    "pickle_feature_encoder": "True",
    "rank": "0",
    "rebuild_dataset": "False",
    "save_best_only": "True",
    "seed": "20262027",
    "shuffle": "True",
    "sparse_learning_rate": "0.05",
    "sparse_optimizer": "Adagrad",
    "task": "binary_classification",
    "test_data": "/mnt/ceph-nj1-csp/bingoozhang/salmonli/data/MerRec_Action/test/data",
    "test_item_info": "/mnt/ceph-nj1-csp/bingoozhang/salmonli/data/MerRec_Action/test/item_info",
    "test_user_info": "/mnt/ceph-nj1-csp/bingoozhang/salmonli/data/MerRec_Action/test/user_info",
    "token_dim": "128",
    "tokenizer_type": "Field",
    "tower_activations": "ReLU",
    "tower_hidden_units": "[128, 64]",
    "train_data": "/mnt/ceph-nj1-csp/bingoozhang/salmonli/data/MerRec_Action/train/data",
    "train_item_info": "/mnt/ceph-nj1-csp/bingoozhang/salmonli/data/MerRec_Action/train/item_info",
    "train_user_info": "/mnt/ceph-nj1-csp/bingoozhang/salmonli/data/MerRec_Action/train/user_info",
    "use_features": "None",
    "valid_data": "/mnt/ceph-nj1-csp/bingoozhang/salmonli/data/MerRec_Action/valid/data",
    "valid_item_info": "/mnt/ceph-nj1-csp/bingoozhang/salmonli/data/MerRec_Action/valid/item_info",
    "valid_user_info": "/mnt/ceph-nj1-csp/bingoozhang/salmonli/data/MerRec_Action/valid/user_info",
    "verbose": "1",
    "world_size": "4"
}
2026-07-17 05:23:45,164 P2893135 INFO Set up feature processor...
2026-07-17 05:23:45,164 P2893135 INFO Fit feature processor...
2026-07-17 05:23:45,164 P2893135 INFO Processing column: {'name': 'user_index', 'active': True, 'dtype': 'int', 'type': 'meta'}
2026-07-17 05:23:45,164 P2893135 INFO Processing column: {'name': 'item_index', 'active': True, 'dtype': 'int', 'type': 'meta'}
2026-07-17 05:23:45,164 P2893135 INFO Processing column: {'name': 'seq_len', 'active': True, 'dtype': 'int', 'type': 'meta'}
2026-07-17 05:23:45,164 P2893135 INFO Processing column: {'name': 'user_id', 'active': True, 'dtype': 'int', 'type': 'categorical', 'vocab_size': 1697916}
2026-07-17 05:23:45,498 P2893135 INFO Processing column: {'name': 'item_id', 'active': True, 'dtype': 'int', 'type': 'categorical', 'vocab_size': 43817684, 'source': 'item'}
2026-07-17 05:23:53,371 P2893135 INFO Processing column: {'name': 'product_id', 'active': True, 'dtype': 'int', 'type': 'categorical', 'vocab_size': 893620, 'source': 'item'}
2026-07-17 05:23:53,531 P2893135 INFO Processing column: {'name': 'price_bucket', 'active': True, 'dtype': 'int', 'type': 'categorical', 'vocab_size': 10, 'source': 'item'}
2026-07-17 05:23:53,531 P2893135 INFO Processing column: {'name': 'c0_id', 'active': True, 'dtype': 'int', 'type': 'categorical', 'vocab_size': 18, 'source': 'item'}
2026-07-17 05:23:53,531 P2893135 INFO Processing column: {'name': 'c1_id', 'active': True, 'dtype': 'int', 'type': 'categorical', 'vocab_size': 310, 'source': 'item'}
2026-07-17 05:23:53,531 P2893135 INFO Processing column: {'name': 'c2_id', 'active': True, 'dtype': 'int', 'type': 'categorical', 'vocab_size': 3042, 'source': 'item'}
2026-07-17 05:23:53,532 P2893135 INFO Processing column: {'name': 'brand_id', 'active': True, 'dtype': 'int', 'type': 'categorical', 'vocab_size': 19783, 'source': 'item'}
2026-07-17 05:23:53,535 P2893135 INFO Processing column: {'name': 'item_condition_id', 'active': True, 'dtype': 'int', 'type': 'categorical', 'vocab_size': 7, 'source': 'item'}
2026-07-17 05:23:53,535 P2893135 INFO Processing column: {'name': 'size_id', 'active': True, 'dtype': 'int', 'type': 'categorical', 'vocab_size': 356, 'source': 'item'}
2026-07-17 05:23:53,536 P2893135 INFO Processing column: {'name': 'shipper_id', 'active': True, 'dtype': 'int', 'type': 'categorical', 'vocab_size': 3, 'source': 'item'}
2026-07-17 05:23:53,536 P2893135 INFO Processing column: {'name': 'color', 'active': True, 'dtype': 'int', 'type': 'categorical', 'vocab_size': 7311, 'source': 'item'}
2026-07-17 05:23:53,537 P2893135 INFO Processing column: {'name': 'session_id', 'active': True, 'dtype': 'int', 'type': 'categorical', 'vocab_size': 3701837}
2026-07-17 05:23:54,242 P2893135 INFO Processing column: {'name': 'day_of_week', 'active': True, 'dtype': 'int', 'type': 'categorical', 'vocab_size': 8}
2026-07-17 05:23:54,242 P2893135 INFO Processing column: {'name': 'is_weekend', 'active': True, 'dtype': 'int', 'type': 'categorical', 'vocab_size': 3}
2026-07-17 05:23:54,242 P2893135 INFO Processing column: {'name': 'hour', 'active': True, 'dtype': 'int', 'type': 'categorical', 'vocab_size': 25}
2026-07-17 05:23:54,243 P2893135 INFO Processing column: {'name': 'action', 'active': True, 'dtype': 'int', 'type': 'categorical', 'vocab_size': 33, 'source': 'action'}
2026-07-17 05:23:54,243 P2893135 INFO Set column index...
2026-07-17 05:23:54,243 P2893135 INFO Save feature_map to json: /mnt/ceph-nj1-csp/bingoozhang/salmonli/data/MerRec_Action/feature_map.json
2026-07-17 05:23:54,251 P2893135 INFO Pickle feature_encode: /mnt/ceph-nj1-csp/bingoozhang/salmonli/data/MerRec_Action/feature_processor.pkl
2026-07-17 05:23:55,737 P2893135 INFO Save feature_vocab to json: /mnt/ceph-nj1-csp/bingoozhang/salmonli/data/MerRec_Action/feature_vocab.json
2026-07-17 05:24:38,131 P2893135 INFO Set feature processor done.
2026-07-17 05:24:38,149 P2893135 INFO Load feature_map from json: /mnt/ceph-nj1-csp/bingoozhang/salmonli/data/MerRec_Action/feature_map.json
2026-07-17 05:24:38,153 P2893135 INFO Set column index...
2026-07-17 05:24:38,153 P2893135 INFO Feature specs: {
    "action": "{'source': 'action', 'type': 'categorical', 'padding_idx': 0, 'vocab_size': 33}",
    "brand_id": "{'source': 'item', 'type': 'categorical', 'padding_idx': 0, 'vocab_size': 19783}",
    "c0_id": "{'source': 'item', 'type': 'categorical', 'padding_idx': 0, 'vocab_size': 18}",
    "c1_id": "{'source': 'item', 'type': 'categorical', 'padding_idx': 0, 'vocab_size': 310}",
    "c2_id": "{'source': 'item', 'type': 'categorical', 'padding_idx': 0, 'vocab_size': 3042}",
    "color": "{'source': 'item', 'type': 'categorical', 'padding_idx': 0, 'vocab_size': 7311}",
    "day_of_week": "{'source': '', 'type': 'categorical', 'padding_idx': 0, 'vocab_size': 8}",
    "hour": "{'source': '', 'type': 'categorical', 'padding_idx': 0, 'vocab_size': 25}",
    "is_weekend": "{'source': '', 'type': 'categorical', 'padding_idx': 0, 'vocab_size': 3}",
    "item_condition_id": "{'source': 'item', 'type': 'categorical', 'padding_idx': 0, 'vocab_size': 7}",
    "item_id": "{'source': 'item', 'type': 'categorical', 'padding_idx': 0, 'vocab_size': 43817684}",
    "item_index": "{'type': 'meta'}",
    "price_bucket": "{'source': 'item', 'type': 'categorical', 'padding_idx': 0, 'vocab_size': 10}",
    "product_id": "{'source': 'item', 'type': 'categorical', 'padding_idx': 0, 'vocab_size': 893620}",
    "seq_len": "{'type': 'meta'}",
    "session_id": "{'source': '', 'type': 'categorical', 'padding_idx': 0, 'vocab_size': 3701837}",
    "shipper_id": "{'source': 'item', 'type': 'categorical', 'padding_idx': 0, 'vocab_size': 3}",
    "size_id": "{'source': 'item', 'type': 'categorical', 'padding_idx': 0, 'vocab_size': 356}",
    "user_id": "{'source': '', 'type': 'categorical', 'padding_idx': 0, 'vocab_size': 1697916}",
    "user_index": "{'type': 'meta'}"
}
2026-07-17 05:24:45,550 P2893135 INFO Optimizers: dense=AdamW(lr=0.0001, weight_decay=0, params=6029573), sparse=Adagrad(lr=0.05, params=802271456)
2026-07-17 05:24:45,551 P2893135 INFO ************ compile start ************
2026-07-17 05:24:47,151 P2893135 INFO Compiled dense module: unified_tokenizer_layer
2026-07-17 05:24:47,153 P2893135 INFO Compiled dense module: attention_layers
2026-07-17 05:24:47,154 P2893135 INFO Compiled dense module: unified_interaction_layers
2026-07-17 05:24:47,155 P2893135 INFO Compiled dense module: tower.0
2026-07-17 05:24:47,156 P2893135 INFO Compiled dense module: tower.1
2026-07-17 05:24:47,157 P2893135 INFO Compiled dense module: tower.2
2026-07-17 05:24:47,158 P2893135 INFO Compiled dense module: tower.3
2026-07-17 05:24:47,159 P2893135 INFO Compiled dense module: tower.4
2026-07-17 05:24:51,126 P2893135 INFO Total number of parameters: 808301029.
2026-07-17 05:24:51,126 P2893135 INFO Number of embedding parameters: 802271456.
2026-07-17 05:24:51,126 P2893135 INFO Number of dense parameters: 6029573.
2026-07-17 05:24:51,126 P2893135 INFO Loading datasets...
2026-07-17 05:24:51,367 P2893135 INFO Train samples: total/36090865, blocks/2
2026-07-17 05:24:51,654 P2893135 INFO Validation samples: total/4124870, blocks/2
2026-07-17 05:24:51,654 P2893135 INFO Loading train and validation data done.
2026-07-17 05:24:51,663 P2893135 INFO BF16 mixed precision: True
2026-07-17 05:24:51,664 P2893135 INFO Gradient checkpointing: False
2026-07-17 05:24:51,664 P2893135 INFO Start training: 4405 local batches/epoch
2026-07-17 05:24:51,664 P2893135 INFO DDP blocked training: True
2026-07-17 05:24:51,664 P2893135 INFO Disable step-wise eval and use epoch-end synchronized eval for DDP + blocked dataloader.
2026-07-17 05:24:51,664 P2893135 INFO ************ Epoch=1 start ************
2026-07-17 05:39:34,783 P2893135 INFO Train loss: 0.431915
2026-07-17 05:39:34,796 P2893135 INFO Evaluation @epoch 1 - batch 4405:
2026-07-17 05:40:22,200 P2893135 INFO [Task: Like][Metrics] AUC: 0.743709 - logloss: 0.335028
2026-07-17 05:40:29,337 P2893135 INFO [Task: Cart][Metrics] AUC: 0.800415 - logloss: 0.056968
2026-07-17 05:40:36,583 P2893135 INFO [Task: Offer][Metrics] AUC: 0.751968 - logloss: 0.027248
2026-07-17 05:40:43,593 P2893135 INFO [Task: Checkout][Metrics] AUC: 0.837496 - logloss: 0.013226
2026-07-17 05:40:50,873 P2893135 INFO [Task: Purchase][Metrics] AUC: 0.844913 - logloss: 0.007911
2026-07-17 05:40:51,265 P2893135 INFO Save best model: monitor(max)=0.795700
2026-07-17 05:40:55,329 P2893135 INFO ************ Epoch=1 end ************
2026-07-17 05:40:55,330 P2893135 INFO Training finished.
2026-07-17 05:40:55,330 P2893135 INFO Load best model: /mnt/ceph-nj1-csp/bingoozhang/salmonli/ft_local/UniRank/checkpoints/MerRec_Action/RankMixer_MerRec_Action_Tokenizer_Field.model
2026-07-17 05:40:58,261 P2893135 INFO ******** Test evaluation ********
2026-07-17 05:40:58,262 P2893135 INFO Loading datasets...
2026-07-17 05:40:58,529 P2893135 INFO Test samples: total/2919932, blocks/2
2026-07-17 05:40:58,529 P2893135 INFO Loading test data done.
2026-07-17 05:41:25,100 P2893135 INFO [Task: Like][Metrics] logloss: 0.332386 - AUC: 0.742916
2026-07-17 05:41:30,492 P2893135 INFO [Task: Cart][Metrics] logloss: 0.053879 - AUC: 0.803114
2026-07-17 05:41:35,775 P2893135 INFO [Task: Offer][Metrics] logloss: 0.024643 - AUC: 0.747262
2026-07-17 05:41:40,976 P2893135 INFO [Task: Checkout][Metrics] logloss: 0.012042 - AUC: 0.837811
2026-07-17 05:41:46,290 P2893135 INFO [Task: Purchase][Metrics] logloss: 0.006918 - AUC: 0.842724
2026-07-17 05:41:47,447 P2893135 INFO Deleted model checkpoint: /mnt/ceph-nj1-csp/bingoozhang/salmonli/ft_local/UniRank/checkpoints/MerRec_Action/RankMixer_MerRec_Action_Tokenizer_Field.model
