2026-07-15 13:36:49,416 P1531293 INFO Params: {
    "accumulation_steps": "1",
    "attention_dropout": "0",
    "batch_size": "8192",
    "block_cache_size": "2",
    "blocked": "True",
    "data_format": "parquet",
    "data_root": "/mnt/ceph-nj1-csp/bingoozhang/salmonli/data",
    "dataset_id": "MerRec_Action",
    "debug_mode": "False",
    "dense_learning_rate": "0.0001",
    "dense_optimizer": "AdamW",
    "dense_weight_decay": "0",
    "distributed": "True",
    "early_stop_patience": "2",
    "embedding_dim": "16",
    "enable_bf16": "True",
    "enable_torch_compile": "True",
    "epochs": "1",
    "eval_steps": "None",
    "expansion_factor": "2",
    "feature_cols": "[{'name': 'user_index', 'active': True, 'dtype': 'int', 'type': 'meta'}, {'name': 'item_index', 'active': True, 'dtype': 'int', 'type': 'meta'}, {'name': 'seq_len', 'active': True, 'dtype': 'int', 'type': 'meta'}, {'name': 'user_id', 'active': True, 'dtype': 'int', 'type': 'categorical', 'vocab_size': 1697916}, {'name': 'item_id', 'active': True, 'dtype': 'int', 'type': 'categorical', 'vocab_size': 43817684, 'source': 'item'}, {'name': 'product_id', 'active': True, 'dtype': 'int', 'type': 'categorical', 'vocab_size': 893620, 'source': 'item'}, {'name': 'price_bucket', 'active': True, 'dtype': 'int', 'type': 'categorical', 'vocab_size': 10, 'source': 'item'}, {'name': 'c0_id', 'active': True, 'dtype': 'int', 'type': 'categorical', 'vocab_size': 18, 'source': 'item'}, {'name': 'c1_id', 'active': True, 'dtype': 'int', 'type': 'categorical', 'vocab_size': 310, 'source': 'item'}, {'name': 'c2_id', 'active': True, 'dtype': 'int', 'type': 'categorical', 'vocab_size': 3042, 'source': 'item'}, {'name': 'brand_id', 'active': True, 'dtype': 'int', 'type': 'categorical', 'vocab_size': 19783, 'source': 'item'}, {'name': 'item_condition_id', 'active': True, 'dtype': 'int', 'type': 'categorical', 'vocab_size': 7, 'source': 'item'}, {'name': 'size_id', 'active': True, 'dtype': 'int', 'type': 'categorical', 'vocab_size': 356, 'source': 'item'}, {'name': 'shipper_id', 'active': True, 'dtype': 'int', 'type': 'categorical', 'vocab_size': 3, 'source': 'item'}, {'name': 'color', 'active': True, 'dtype': 'int', 'type': 'categorical', 'vocab_size': 7311, 'source': 'item'}, {'name': 'session_id', 'active': True, 'dtype': 'int', 'type': 'categorical', 'vocab_size': 3701837}, {'name': 'day_of_week', 'active': True, 'dtype': 'int', 'type': 'categorical', 'vocab_size': 8}, {'name': 'is_weekend', 'active': True, 'dtype': 'int', 'type': 'categorical', 'vocab_size': 3}, {'name': 'hour', 'active': True, 'dtype': 'int', 'type': 'categorical', 'vocab_size': 25}, {'name': 'action', 'active': True, 'dtype': 'int', 'type': 'categorical', 'vocab_size': 33, 'source': 'action'}]",
    "feature_config": "None",
    "feature_specs": "None",
    "gpu": "0",
    "gradient_checkpointing": "False",
    "group_id": "user_id",
    "label_col": "[{'name': 'Like', 'dtype': 'float'}, {'name': 'Cart', 'dtype': 'float'}, {'name': 'Offer', 'dtype': 'float'}, {'name': 'Checkout', 'dtype': 'float'}, {'name': 'Purchase', 'dtype': 'float'}]",
    "local_rank": "0",
    "loss": "['binary_crossentropy', 'binary_crossentropy', 'binary_crossentropy', 'binary_crossentropy', 'binary_crossentropy']",
    "max_len": "100",
    "metrics": "['logloss', 'AUC']",
    "model": "RankMixer",
    "model_id": "RankMixer_MerRec_Action_Tokenizer_Random",
    "model_root": "./checkpoints/",
    "monitor": "{'AUC': 1, 'logloss': 0}",
    "monitor_mode": "max",
    "net_dropout": "0",
    "num_layers": "3",
    "num_ns_token": "4",
    "num_tasks": "5",
    "num_workers": "4",
    "pickle_feature_encoder": "True",
    "rank": "0",
    "rebuild_dataset": "False",
    "save_best_only": "True",
    "seed": "20262027",
    "shuffle": "True",
    "sparse_learning_rate": "0.05",
    "sparse_optimizer": "Adagrad",
    "task": "binary_classification",
    "test_data": "/mnt/ceph-nj1-csp/bingoozhang/salmonli/data/MerRec_Action/test/data",
    "test_item_info": "/mnt/ceph-nj1-csp/bingoozhang/salmonli/data/MerRec_Action/test/item_info",
    "test_user_info": "/mnt/ceph-nj1-csp/bingoozhang/salmonli/data/MerRec_Action/test/user_info",
    "token_dim": "256",
    "tokenizer_type": "Random",
    "tower_activations": "ReLU",
    "tower_hidden_units": "[128, 64]",
    "train_data": "/mnt/ceph-nj1-csp/bingoozhang/salmonli/data/MerRec_Action/train/data",
    "train_item_info": "/mnt/ceph-nj1-csp/bingoozhang/salmonli/data/MerRec_Action/train/item_info",
    "train_user_info": "/mnt/ceph-nj1-csp/bingoozhang/salmonli/data/MerRec_Action/train/user_info",
    "use_features": "None",
    "valid_data": "/mnt/ceph-nj1-csp/bingoozhang/salmonli/data/MerRec_Action/valid/data",
    "valid_item_info": "/mnt/ceph-nj1-csp/bingoozhang/salmonli/data/MerRec_Action/valid/item_info",
    "valid_user_info": "/mnt/ceph-nj1-csp/bingoozhang/salmonli/data/MerRec_Action/valid/user_info",
    "verbose": "1",
    "world_size": "4"
}
2026-07-15 13:36:49,418 P1531293 INFO Set up feature processor...
2026-07-15 13:36:49,418 P1531293 INFO Fit feature processor...
2026-07-15 13:36:49,418 P1531293 INFO Processing column: {'name': 'user_index', 'active': True, 'dtype': 'int', 'type': 'meta'}
2026-07-15 13:36:49,418 P1531293 INFO Processing column: {'name': 'item_index', 'active': True, 'dtype': 'int', 'type': 'meta'}
2026-07-15 13:36:49,419 P1531293 INFO Processing column: {'name': 'seq_len', 'active': True, 'dtype': 'int', 'type': 'meta'}
2026-07-15 13:36:49,419 P1531293 INFO Processing column: {'name': 'user_id', 'active': True, 'dtype': 'int', 'type': 'categorical', 'vocab_size': 1697916}
2026-07-15 13:36:49,758 P1531293 INFO Processing column: {'name': 'item_id', 'active': True, 'dtype': 'int', 'type': 'categorical', 'vocab_size': 43817684, 'source': 'item'}
2026-07-15 13:36:57,899 P1531293 INFO Processing column: {'name': 'product_id', 'active': True, 'dtype': 'int', 'type': 'categorical', 'vocab_size': 893620, 'source': 'item'}
2026-07-15 13:36:58,062 P1531293 INFO Processing column: {'name': 'price_bucket', 'active': True, 'dtype': 'int', 'type': 'categorical', 'vocab_size': 10, 'source': 'item'}
2026-07-15 13:36:58,062 P1531293 INFO Processing column: {'name': 'c0_id', 'active': True, 'dtype': 'int', 'type': 'categorical', 'vocab_size': 18, 'source': 'item'}
2026-07-15 13:36:58,063 P1531293 INFO Processing column: {'name': 'c1_id', 'active': True, 'dtype': 'int', 'type': 'categorical', 'vocab_size': 310, 'source': 'item'}
2026-07-15 13:36:58,063 P1531293 INFO Processing column: {'name': 'c2_id', 'active': True, 'dtype': 'int', 'type': 'categorical', 'vocab_size': 3042, 'source': 'item'}
2026-07-15 13:36:58,063 P1531293 INFO Processing column: {'name': 'brand_id', 'active': True, 'dtype': 'int', 'type': 'categorical', 'vocab_size': 19783, 'source': 'item'}
2026-07-15 13:36:58,067 P1531293 INFO Processing column: {'name': 'item_condition_id', 'active': True, 'dtype': 'int', 'type': 'categorical', 'vocab_size': 7, 'source': 'item'}
2026-07-15 13:36:58,067 P1531293 INFO Processing column: {'name': 'size_id', 'active': True, 'dtype': 'int', 'type': 'categorical', 'vocab_size': 356, 'source': 'item'}
2026-07-15 13:36:58,067 P1531293 INFO Processing column: {'name': 'shipper_id', 'active': True, 'dtype': 'int', 'type': 'categorical', 'vocab_size': 3, 'source': 'item'}
2026-07-15 13:36:58,067 P1531293 INFO Processing column: {'name': 'color', 'active': True, 'dtype': 'int', 'type': 'categorical', 'vocab_size': 7311, 'source': 'item'}
2026-07-15 13:36:58,068 P1531293 INFO Processing column: {'name': 'session_id', 'active': True, 'dtype': 'int', 'type': 'categorical', 'vocab_size': 3701837}
2026-07-15 13:36:58,836 P1531293 INFO Processing column: {'name': 'day_of_week', 'active': True, 'dtype': 'int', 'type': 'categorical', 'vocab_size': 8}
2026-07-15 13:36:58,836 P1531293 INFO Processing column: {'name': 'is_weekend', 'active': True, 'dtype': 'int', 'type': 'categorical', 'vocab_size': 3}
2026-07-15 13:36:58,836 P1531293 INFO Processing column: {'name': 'hour', 'active': True, 'dtype': 'int', 'type': 'categorical', 'vocab_size': 25}
2026-07-15 13:36:58,836 P1531293 INFO Processing column: {'name': 'action', 'active': True, 'dtype': 'int', 'type': 'categorical', 'vocab_size': 33, 'source': 'action'}
2026-07-15 13:36:58,837 P1531293 INFO Set column index...
2026-07-15 13:36:58,837 P1531293 INFO Save feature_map to json: /mnt/ceph-nj1-csp/bingoozhang/salmonli/data/MerRec_Action/feature_map.json
2026-07-15 13:36:58,904 P1531293 INFO Pickle feature_encode: /mnt/ceph-nj1-csp/bingoozhang/salmonli/data/MerRec_Action/feature_processor.pkl
2026-07-15 13:37:00,519 P1531293 INFO Save feature_vocab to json: /mnt/ceph-nj1-csp/bingoozhang/salmonli/data/MerRec_Action/feature_vocab.json
2026-07-15 13:37:43,659 P1531293 INFO Set feature processor done.
2026-07-15 13:37:43,673 P1531293 INFO Load feature_map from json: /mnt/ceph-nj1-csp/bingoozhang/salmonli/data/MerRec_Action/feature_map.json
2026-07-15 13:37:43,676 P1531293 INFO Set column index...
2026-07-15 13:37:43,676 P1531293 INFO Feature specs: {
    "action": "{'source': 'action', 'type': 'categorical', 'padding_idx': 0, 'vocab_size': 33}",
    "brand_id": "{'source': 'item', 'type': 'categorical', 'padding_idx': 0, 'vocab_size': 19783}",
    "c0_id": "{'source': 'item', 'type': 'categorical', 'padding_idx': 0, 'vocab_size': 18}",
    "c1_id": "{'source': 'item', 'type': 'categorical', 'padding_idx': 0, 'vocab_size': 310}",
    "c2_id": "{'source': 'item', 'type': 'categorical', 'padding_idx': 0, 'vocab_size': 3042}",
    "color": "{'source': 'item', 'type': 'categorical', 'padding_idx': 0, 'vocab_size': 7311}",
    "day_of_week": "{'source': '', 'type': 'categorical', 'padding_idx': 0, 'vocab_size': 8}",
    "hour": "{'source': '', 'type': 'categorical', 'padding_idx': 0, 'vocab_size': 25}",
    "is_weekend": "{'source': '', 'type': 'categorical', 'padding_idx': 0, 'vocab_size': 3}",
    "item_condition_id": "{'source': 'item', 'type': 'categorical', 'padding_idx': 0, 'vocab_size': 7}",
    "item_id": "{'source': 'item', 'type': 'categorical', 'padding_idx': 0, 'vocab_size': 43817684}",
    "item_index": "{'type': 'meta'}",
    "price_bucket": "{'source': 'item', 'type': 'categorical', 'padding_idx': 0, 'vocab_size': 10}",
    "product_id": "{'source': 'item', 'type': 'categorical', 'padding_idx': 0, 'vocab_size': 893620}",
    "seq_len": "{'type': 'meta'}",
    "session_id": "{'source': '', 'type': 'categorical', 'padding_idx': 0, 'vocab_size': 3701837}",
    "shipper_id": "{'source': 'item', 'type': 'categorical', 'padding_idx': 0, 'vocab_size': 3}",
    "size_id": "{'source': 'item', 'type': 'categorical', 'padding_idx': 0, 'vocab_size': 356}",
    "user_id": "{'source': '', 'type': 'categorical', 'padding_idx': 0, 'vocab_size': 1697916}",
    "user_index": "{'type': 'meta'}"
}
2026-07-15 13:37:50,925 P1531293 INFO Optimizers: dense=AdamW(lr=0.0001, weight_decay=0, params=3682565), sparse=Adagrad(lr=0.05, params=802271456)
2026-07-15 13:37:50,926 P1531293 INFO ************ compile start ************
2026-07-15 13:37:52,533 P1531293 INFO Compiled dense module: unified_tokenizer_layer
2026-07-15 13:37:52,534 P1531293 INFO Compiled dense module: attention_layers
2026-07-15 13:37:52,535 P1531293 INFO Compiled dense module: unified_interaction_layers
2026-07-15 13:37:52,536 P1531293 INFO Compiled dense module: tower.0
2026-07-15 13:37:52,537 P1531293 INFO Compiled dense module: tower.1
2026-07-15 13:37:52,538 P1531293 INFO Compiled dense module: tower.2
2026-07-15 13:37:52,539 P1531293 INFO Compiled dense module: tower.3
2026-07-15 13:37:52,540 P1531293 INFO Compiled dense module: tower.4
2026-07-15 13:37:56,501 P1531293 INFO Total number of parameters: 805954021.
2026-07-15 13:37:56,502 P1531293 INFO Number of embedding parameters: 802271456.
2026-07-15 13:37:56,502 P1531293 INFO Number of dense parameters: 3682565.
2026-07-15 13:37:56,502 P1531293 INFO Loading datasets...
2026-07-15 13:37:56,535 P1531293 INFO Train samples: total/36090865, blocks/2
2026-07-15 13:37:56,561 P1531293 INFO Validation samples: total/4124870, blocks/2
2026-07-15 13:37:56,561 P1531293 INFO Loading train and validation data done.
2026-07-15 13:37:56,719 P1531293 INFO BF16 mixed precision: True
2026-07-15 13:37:56,719 P1531293 INFO Gradient checkpointing: False
2026-07-15 13:37:56,720 P1531293 INFO Start training: 4405 local batches/epoch
2026-07-15 13:37:56,720 P1531293 INFO DDP blocked training: True
2026-07-15 13:37:56,720 P1531293 INFO Disable step-wise eval and use epoch-end synchronized eval for DDP + blocked dataloader.
2026-07-15 13:37:56,720 P1531293 INFO ************ Epoch=1 start ************
2026-07-15 13:48:16,028 P1531293 INFO Train loss: 0.432487
2026-07-15 13:48:16,040 P1531293 INFO Evaluation @epoch 1 - batch 4405:
2026-07-15 13:49:00,848 P1531293 INFO [Task: Like][Metrics] AUC: 0.742678 - logloss: 0.335069
2026-07-15 13:49:08,408 P1531293 INFO [Task: Cart][Metrics] AUC: 0.791448 - logloss: 0.056948
2026-07-15 13:49:15,807 P1531293 INFO [Task: Offer][Metrics] AUC: 0.744894 - logloss: 0.024164
2026-07-15 13:49:23,280 P1531293 INFO [Task: Checkout][Metrics] AUC: 0.840369 - logloss: 0.005687
2026-07-15 13:49:30,773 P1531293 INFO [Task: Purchase][Metrics] AUC: 0.843363 - logloss: 0.003804
2026-07-15 13:49:31,174 P1531293 INFO Save best model: monitor(max)=0.792550
2026-07-15 13:49:35,215 P1531293 INFO ************ Epoch=1 end ************
2026-07-15 13:49:35,216 P1531293 INFO Training finished.
2026-07-15 13:49:35,217 P1531293 INFO Load best model: /mnt/ceph-nj1-csp/bingoozhang/salmonli/ft_local/UniRank/checkpoints/MerRec_Action/RankMixer_MerRec_Action_Tokenizer_Random.model
2026-07-15 13:49:38,065 P1531293 INFO ******** Test evaluation ********
2026-07-15 13:49:38,066 P1531293 INFO Loading datasets...
2026-07-15 13:49:38,108 P1531293 INFO Test samples: total/2919932, blocks/2
2026-07-15 13:49:38,108 P1531293 INFO Loading test data done.
2026-07-15 13:50:04,670 P1531293 INFO [Task: Like][Metrics] logloss: 0.332601 - AUC: 0.740926
2026-07-15 13:50:10,005 P1531293 INFO [Task: Cart][Metrics] logloss: 0.053861 - AUC: 0.792437
2026-07-15 13:50:15,220 P1531293 INFO [Task: Offer][Metrics] logloss: 0.021372 - AUC: 0.737443
2026-07-15 13:50:20,331 P1531293 INFO [Task: Checkout][Metrics] logloss: 0.004917 - AUC: 0.833837
2026-07-15 13:50:25,791 P1531293 INFO [Task: Purchase][Metrics] logloss: 0.003204 - AUC: 0.837572
2026-07-15 13:50:27,049 P1531293 INFO Deleted model checkpoint: /mnt/ceph-nj1-csp/bingoozhang/salmonli/ft_local/UniRank/checkpoints/MerRec_Action/RankMixer_MerRec_Action_Tokenizer_Random.model
