2026-07-18 21:17:45,562 P670637 INFO Params: {
    "accumulation_steps": "1",
    "attention_dropout": "0",
    "batch_size": "8192",
    "block_cache_size": "2",
    "blocked": "True",
    "data_format": "parquet",
    "data_root": "/mnt/ceph-nj1-csp/bingoozhang/salmonli/data",
    "dataset_id": "MerRec_Action",
    "debug_mode": "False",
    "dense_learning_rate": "0.001",
    "dense_optimizer": "heavyball.SOAP",
    "dense_weight_decay": "0",
    "distributed": "True",
    "early_stop_patience": "2",
    "embedding_dim": "16",
    "enable_bf16": "True",
    "enable_torch_compile": "True",
    "epochs": "1",
    "eval_steps": "None",
    "expansion_factor": "2",
    "feature_cols": "[{'name': 'user_index', 'active': True, 'dtype': 'int', 'type': 'meta'}, {'name': 'item_index', 'active': True, 'dtype': 'int', 'type': 'meta'}, {'name': 'seq_len', 'active': True, 'dtype': 'int', 'type': 'meta'}, {'name': 'user_id', 'active': True, 'dtype': 'int', 'type': 'categorical', 'vocab_size': 1697916}, {'name': 'item_id', 'active': True, 'dtype': 'int', 'type': 'categorical', 'vocab_size': 43817684, 'source': 'item'}, {'name': 'product_id', 'active': True, 'dtype': 'int', 'type': 'categorical', 'vocab_size': 893620, 'source': 'item'}, {'name': 'price_bucket', 'active': True, 'dtype': 'int', 'type': 'categorical', 'vocab_size': 10, 'source': 'item'}, {'name': 'c0_id', 'active': True, 'dtype': 'int', 'type': 'categorical', 'vocab_size': 18, 'source': 'item'}, {'name': 'c1_id', 'active': True, 'dtype': 'int', 'type': 'categorical', 'vocab_size': 310, 'source': 'item'}, {'name': 'c2_id', 'active': True, 'dtype': 'int', 'type': 'categorical', 'vocab_size': 3042, 'source': 'item'}, {'name': 'brand_id', 'active': True, 'dtype': 'int', 'type': 'categorical', 'vocab_size': 19783, 'source': 'item'}, {'name': 'item_condition_id', 'active': True, 'dtype': 'int', 'type': 'categorical', 'vocab_size': 7, 'source': 'item'}, {'name': 'size_id', 'active': True, 'dtype': 'int', 'type': 'categorical', 'vocab_size': 356, 'source': 'item'}, {'name': 'shipper_id', 'active': True, 'dtype': 'int', 'type': 'categorical', 'vocab_size': 3, 'source': 'item'}, {'name': 'color', 'active': True, 'dtype': 'int', 'type': 'categorical', 'vocab_size': 7311, 'source': 'item'}, {'name': 'session_id', 'active': True, 'dtype': 'int', 'type': 'categorical', 'vocab_size': 3701837}, {'name': 'day_of_week', 'active': True, 'dtype': 'int', 'type': 'categorical', 'vocab_size': 8}, {'name': 'is_weekend', 'active': True, 'dtype': 'int', 'type': 'categorical', 'vocab_size': 3}, {'name': 'hour', 'active': True, 'dtype': 'int', 'type': 'categorical', 'vocab_size': 25}, {'name': 'action', 'active': True, 'dtype': 'int', 'type': 'categorical', 'vocab_size': 33, 'source': 'action'}]",
    "feature_config": "None",
    "feature_specs": "None",
    "gpu": "0",
    "gradient_checkpointing": "False",
    "group_id": "user_id",
    "label_col": "[{'name': 'Like', 'dtype': 'float'}, {'name': 'Cart', 'dtype': 'float'}, {'name': 'Offer', 'dtype': 'float'}, {'name': 'Checkout', 'dtype': 'float'}, {'name': 'Purchase', 'dtype': 'float'}]",
    "local_rank": "0",
    "loss": "['binary_crossentropy', 'binary_crossentropy', 'binary_crossentropy', 'binary_crossentropy', 'binary_crossentropy']",
    "max_len": "100",
    "metrics": "['logloss', 'AUC']",
    "model": "RankMixer",
    "model_id": "RankMixer_MerRec_Action_Optimizer_SOAP",
    "model_root": "./checkpoints/",
    "monitor": "{'AUC': 1, 'logloss': 0}",
    "monitor_mode": "max",
    "net_dropout": "0",
    "num_layers": "3",
    "num_ns_token": "4",
    "num_tasks": "5",
    "num_workers": "4",
    "pickle_feature_encoder": "True",
    "rank": "0",
    "rebuild_dataset": "False",
    "save_best_only": "True",
    "seed": "20262027",
    "shuffle": "True",
    "sparse_learning_rate": "0.05",
    "sparse_optimizer": "Adagrad",
    "task": "binary_classification",
    "test_data": "/mnt/ceph-nj1-csp/bingoozhang/salmonli/data/MerRec_Action/test/data",
    "test_item_info": "/mnt/ceph-nj1-csp/bingoozhang/salmonli/data/MerRec_Action/test/item_info",
    "test_user_info": "/mnt/ceph-nj1-csp/bingoozhang/salmonli/data/MerRec_Action/test/user_info",
    "token_dim": "256",
    "tokenizer_type": "Chunk",
    "tower_activations": "ReLU",
    "tower_hidden_units": "[128, 64]",
    "train_data": "/mnt/ceph-nj1-csp/bingoozhang/salmonli/data/MerRec_Action/train/data",
    "train_item_info": "/mnt/ceph-nj1-csp/bingoozhang/salmonli/data/MerRec_Action/train/item_info",
    "train_user_info": "/mnt/ceph-nj1-csp/bingoozhang/salmonli/data/MerRec_Action/train/user_info",
    "use_features": "None",
    "valid_data": "/mnt/ceph-nj1-csp/bingoozhang/salmonli/data/MerRec_Action/valid/data",
    "valid_item_info": "/mnt/ceph-nj1-csp/bingoozhang/salmonli/data/MerRec_Action/valid/item_info",
    "valid_user_info": "/mnt/ceph-nj1-csp/bingoozhang/salmonli/data/MerRec_Action/valid/user_info",
    "verbose": "1",
    "world_size": "4"
}
2026-07-18 21:17:45,564 P670637 INFO Set up feature processor...
2026-07-18 21:17:45,564 P670637 INFO Fit feature processor...
2026-07-18 21:17:45,564 P670637 INFO Processing column: {'name': 'user_index', 'active': True, 'dtype': 'int', 'type': 'meta'}
2026-07-18 21:17:45,565 P670637 INFO Processing column: {'name': 'item_index', 'active': True, 'dtype': 'int', 'type': 'meta'}
2026-07-18 21:17:45,565 P670637 INFO Processing column: {'name': 'seq_len', 'active': True, 'dtype': 'int', 'type': 'meta'}
2026-07-18 21:17:45,565 P670637 INFO Processing column: {'name': 'user_id', 'active': True, 'dtype': 'int', 'type': 'categorical', 'vocab_size': 1697916}
2026-07-18 21:17:45,844 P670637 INFO Processing column: {'name': 'item_id', 'active': True, 'dtype': 'int', 'type': 'categorical', 'vocab_size': 43817684, 'source': 'item'}
2026-07-18 21:17:52,619 P670637 INFO Processing column: {'name': 'product_id', 'active': True, 'dtype': 'int', 'type': 'categorical', 'vocab_size': 893620, 'source': 'item'}
2026-07-18 21:17:52,751 P670637 INFO Processing column: {'name': 'price_bucket', 'active': True, 'dtype': 'int', 'type': 'categorical', 'vocab_size': 10, 'source': 'item'}
2026-07-18 21:17:52,751 P670637 INFO Processing column: {'name': 'c0_id', 'active': True, 'dtype': 'int', 'type': 'categorical', 'vocab_size': 18, 'source': 'item'}
2026-07-18 21:17:52,752 P670637 INFO Processing column: {'name': 'c1_id', 'active': True, 'dtype': 'int', 'type': 'categorical', 'vocab_size': 310, 'source': 'item'}
2026-07-18 21:17:52,752 P670637 INFO Processing column: {'name': 'c2_id', 'active': True, 'dtype': 'int', 'type': 'categorical', 'vocab_size': 3042, 'source': 'item'}
2026-07-18 21:17:52,752 P670637 INFO Processing column: {'name': 'brand_id', 'active': True, 'dtype': 'int', 'type': 'categorical', 'vocab_size': 19783, 'source': 'item'}
2026-07-18 21:17:52,755 P670637 INFO Processing column: {'name': 'item_condition_id', 'active': True, 'dtype': 'int', 'type': 'categorical', 'vocab_size': 7, 'source': 'item'}
2026-07-18 21:17:52,755 P670637 INFO Processing column: {'name': 'size_id', 'active': True, 'dtype': 'int', 'type': 'categorical', 'vocab_size': 356, 'source': 'item'}
2026-07-18 21:17:52,755 P670637 INFO Processing column: {'name': 'shipper_id', 'active': True, 'dtype': 'int', 'type': 'categorical', 'vocab_size': 3, 'source': 'item'}
2026-07-18 21:17:52,755 P670637 INFO Processing column: {'name': 'color', 'active': True, 'dtype': 'int', 'type': 'categorical', 'vocab_size': 7311, 'source': 'item'}
2026-07-18 21:17:52,756 P670637 INFO Processing column: {'name': 'session_id', 'active': True, 'dtype': 'int', 'type': 'categorical', 'vocab_size': 3701837}
2026-07-18 21:17:53,349 P670637 INFO Processing column: {'name': 'day_of_week', 'active': True, 'dtype': 'int', 'type': 'categorical', 'vocab_size': 8}
2026-07-18 21:17:53,350 P670637 INFO Processing column: {'name': 'is_weekend', 'active': True, 'dtype': 'int', 'type': 'categorical', 'vocab_size': 3}
2026-07-18 21:17:53,350 P670637 INFO Processing column: {'name': 'hour', 'active': True, 'dtype': 'int', 'type': 'categorical', 'vocab_size': 25}
2026-07-18 21:17:53,350 P670637 INFO Processing column: {'name': 'action', 'active': True, 'dtype': 'int', 'type': 'categorical', 'vocab_size': 33, 'source': 'action'}
2026-07-18 21:17:53,351 P670637 INFO Set column index...
2026-07-18 21:17:53,351 P670637 INFO Save feature_map to json: /mnt/ceph-nj1-csp/bingoozhang/salmonli/data/MerRec_Action/feature_map.json
2026-07-18 21:17:53,422 P670637 INFO Pickle feature_encode: /mnt/ceph-nj1-csp/bingoozhang/salmonli/data/MerRec_Action/feature_processor.pkl
2026-07-18 21:17:54,910 P670637 INFO Save feature_vocab to json: /mnt/ceph-nj1-csp/bingoozhang/salmonli/data/MerRec_Action/feature_vocab.json
2026-07-18 21:18:41,492 P670637 INFO Set feature processor done.
2026-07-18 21:18:41,514 P670637 INFO Load feature_map from json: /mnt/ceph-nj1-csp/bingoozhang/salmonli/data/MerRec_Action/feature_map.json
2026-07-18 21:18:41,518 P670637 INFO Set column index...
2026-07-18 21:18:41,518 P670637 INFO Feature specs: {
    "action": "{'source': 'action', 'type': 'categorical', 'padding_idx': 0, 'vocab_size': 33}",
    "brand_id": "{'source': 'item', 'type': 'categorical', 'padding_idx': 0, 'vocab_size': 19783}",
    "c0_id": "{'source': 'item', 'type': 'categorical', 'padding_idx': 0, 'vocab_size': 18}",
    "c1_id": "{'source': 'item', 'type': 'categorical', 'padding_idx': 0, 'vocab_size': 310}",
    "c2_id": "{'source': 'item', 'type': 'categorical', 'padding_idx': 0, 'vocab_size': 3042}",
    "color": "{'source': 'item', 'type': 'categorical', 'padding_idx': 0, 'vocab_size': 7311}",
    "day_of_week": "{'source': '', 'type': 'categorical', 'padding_idx': 0, 'vocab_size': 8}",
    "hour": "{'source': '', 'type': 'categorical', 'padding_idx': 0, 'vocab_size': 25}",
    "is_weekend": "{'source': '', 'type': 'categorical', 'padding_idx': 0, 'vocab_size': 3}",
    "item_condition_id": "{'source': 'item', 'type': 'categorical', 'padding_idx': 0, 'vocab_size': 7}",
    "item_id": "{'source': 'item', 'type': 'categorical', 'padding_idx': 0, 'vocab_size': 43817684}",
    "item_index": "{'type': 'meta'}",
    "price_bucket": "{'source': 'item', 'type': 'categorical', 'padding_idx': 0, 'vocab_size': 10}",
    "product_id": "{'source': 'item', 'type': 'categorical', 'padding_idx': 0, 'vocab_size': 893620}",
    "seq_len": "{'type': 'meta'}",
    "session_id": "{'source': '', 'type': 'categorical', 'padding_idx': 0, 'vocab_size': 3701837}",
    "shipper_id": "{'source': 'item', 'type': 'categorical', 'padding_idx': 0, 'vocab_size': 3}",
    "size_id": "{'source': 'item', 'type': 'categorical', 'padding_idx': 0, 'vocab_size': 356}",
    "user_id": "{'source': '', 'type': 'categorical', 'padding_idx': 0, 'vocab_size': 1697916}",
    "user_index": "{'type': 'meta'}"
}
2026-07-18 21:18:48,737 P670637 INFO Optimizers: dense=heavyball.SOAP(lr=0.001, weight_decay=0, params=3682565), sparse=Adagrad(lr=0.05, params=802271456)
2026-07-18 21:18:48,737 P670637 INFO ************ compile start ************
2026-07-18 21:18:49,866 P670637 INFO Compiled dense module: unified_tokenizer_layer
2026-07-18 21:18:49,867 P670637 INFO Compiled dense module: attention_layers
2026-07-18 21:18:49,869 P670637 INFO Compiled dense module: unified_interaction_layers
2026-07-18 21:18:49,871 P670637 INFO Compiled dense module: tower.0
2026-07-18 21:18:49,872 P670637 INFO Compiled dense module: tower.1
2026-07-18 21:18:49,873 P670637 INFO Compiled dense module: tower.2
2026-07-18 21:18:49,875 P670637 INFO Compiled dense module: tower.3
2026-07-18 21:18:49,876 P670637 INFO Compiled dense module: tower.4
2026-07-18 21:18:53,579 P670637 INFO Total number of parameters: 805954021.
2026-07-18 21:18:53,580 P670637 INFO Number of embedding parameters: 802271456.
2026-07-18 21:18:53,580 P670637 INFO Number of dense parameters: 3682565.
2026-07-18 21:18:53,580 P670637 INFO Loading datasets...
2026-07-18 21:18:53,631 P670637 INFO Train samples: total/36090865, blocks/2
2026-07-18 21:18:53,667 P670637 INFO Validation samples: total/4124870, blocks/2
2026-07-18 21:18:53,667 P670637 INFO Loading train and validation data done.
2026-07-18 21:18:53,671 P670637 INFO BF16 mixed precision: True
2026-07-18 21:18:53,671 P670637 INFO Gradient checkpointing: False
2026-07-18 21:18:53,671 P670637 INFO Start training: 4405 local batches/epoch
2026-07-18 21:18:53,671 P670637 INFO DDP blocked training: True
2026-07-18 21:18:53,671 P670637 INFO Disable step-wise eval and use epoch-end synchronized eval for DDP + blocked dataloader.
2026-07-18 21:18:53,672 P670637 INFO ************ Epoch=1 start ************
2026-07-18 21:46:14,951 P670637 INFO Train loss: 0.429571
2026-07-18 21:46:14,963 P670637 INFO Evaluation @epoch 1 - batch 4405:
2026-07-18 21:46:55,312 P670637 INFO [Task: Like][Metrics] AUC: 0.762315 - logloss: 0.324548
2026-07-18 21:47:02,064 P670637 INFO [Task: Cart][Metrics] AUC: 0.813943 - logloss: 0.055478
2026-07-18 21:47:08,826 P670637 INFO [Task: Offer][Metrics] AUC: 0.779472 - logloss: 0.024482
2026-07-18 21:47:15,620 P670637 INFO [Task: Checkout][Metrics] AUC: 0.835331 - logloss: 0.010132
2026-07-18 21:47:22,561 P670637 INFO [Task: Purchase][Metrics] AUC: 0.846494 - logloss: 0.006064
2026-07-18 21:47:22,920 P670637 INFO Save best model: monitor(max)=0.807511
2026-07-18 21:47:26,908 P670637 INFO ************ Epoch=1 end ************
2026-07-18 21:47:26,910 P670637 INFO Training finished.
2026-07-18 21:47:26,910 P670637 INFO Load best model: /mnt/ceph-nj1-csp/bingoozhang/salmonli/ft_local/UniRank/checkpoints/MerRec_Action/RankMixer_MerRec_Action_Optimizer_SOAP.model
2026-07-18 21:47:29,922 P670637 INFO ******** Test evaluation ********
2026-07-18 21:47:29,922 P670637 INFO Loading datasets...
2026-07-18 21:47:29,959 P670637 INFO Test samples: total/2919932, blocks/2
2026-07-18 21:47:29,959 P670637 INFO Loading test data done.
2026-07-18 21:47:55,147 P670637 INFO [Task: Like][Metrics] logloss: 0.321840 - AUC: 0.761864
2026-07-18 21:48:00,068 P670637 INFO [Task: Cart][Metrics] logloss: 0.052318 - AUC: 0.817441
2026-07-18 21:48:05,114 P670637 INFO [Task: Offer][Metrics] logloss: 0.021823 - AUC: 0.779951
2026-07-18 21:48:10,065 P670637 INFO [Task: Checkout][Metrics] logloss: 0.009084 - AUC: 0.835824
2026-07-18 21:48:15,046 P670637 INFO [Task: Purchase][Metrics] logloss: 0.005363 - AUC: 0.846854
2026-07-18 21:48:16,501 P670637 INFO Deleted model checkpoint: /mnt/ceph-nj1-csp/bingoozhang/salmonli/ft_local/UniRank/checkpoints/MerRec_Action/RankMixer_MerRec_Action_Optimizer_SOAP.model
