2026-07-12 18:30:09,423 P3538116 INFO UniRank version: 2.3.7
2026-07-12 18:30:09,424 P3538116 INFO Params: {
    "accumulation_steps": "1",
    "attention_dropout": "0",
    "batch_size": "8192",
    "block_cache_size": "2",
    "blocked": "True",
    "data_format": "parquet",
    "data_root": "/mnt/ceph-nj1-csp/bingoozhang/salmonli/data",
    "dataset_id": "MerRec_Action",
    "debug_mode": "False",
    "dense_learning_rate": "0.0001",
    "dense_optimizer": "AdamW",
    "dense_weight_decay": "0",
    "distributed": "True",
    "early_stop_patience": "2",
    "embedding_dim": "16",
    "enable_bf16": "True",
    "epochs": "1",
    "eval_steps": "None",
    "expansion_factor": "2",
    "feature_cols": "[{'name': 'user_index', 'active': True, 'dtype': 'int', 'type': 'meta'}, {'name': 'item_index', 'active': True, 'dtype': 'int', 'type': 'meta'}, {'name': 'seq_len', 'active': True, 'dtype': 'int', 'type': 'meta'}, {'name': 'user_id', 'active': True, 'dtype': 'int', 'type': 'categorical', 'vocab_size': 1697916}, {'name': 'item_id', 'active': True, 'dtype': 'int', 'type': 'categorical', 'vocab_size': 43817684, 'source': 'item'}, {'name': 'product_id', 'active': True, 'dtype': 'int', 'type': 'categorical', 'vocab_size': 893620, 'source': 'item'}, {'name': 'price_bucket', 'active': True, 'dtype': 'int', 'type': 'categorical', 'vocab_size': 10, 'source': 'item'}, {'name': 'c0_id', 'active': True, 'dtype': 'int', 'type': 'categorical', 'vocab_size': 18, 'source': 'item'}, {'name': 'c1_id', 'active': True, 'dtype': 'int', 'type': 'categorical', 'vocab_size': 310, 'source': 'item'}, {'name': 'c2_id', 'active': True, 'dtype': 'int', 'type': 'categorical', 'vocab_size': 3042, 'source': 'item'}, {'name': 'brand_id', 'active': True, 'dtype': 'int', 'type': 'categorical', 'vocab_size': 19783, 'source': 'item'}, {'name': 'item_condition_id', 'active': True, 'dtype': 'int', 'type': 'categorical', 'vocab_size': 7, 'source': 'item'}, {'name': 'size_id', 'active': True, 'dtype': 'int', 'type': 'categorical', 'vocab_size': 356, 'source': 'item'}, {'name': 'shipper_id', 'active': True, 'dtype': 'int', 'type': 'categorical', 'vocab_size': 3, 'source': 'item'}, {'name': 'color', 'active': True, 'dtype': 'int', 'type': 'categorical', 'vocab_size': 7311, 'source': 'item'}, {'name': 'session_id', 'active': True, 'dtype': 'int', 'type': 'categorical', 'vocab_size': 3701837}, {'name': 'day_of_week', 'active': True, 'dtype': 'int', 'type': 'categorical', 'vocab_size': 8}, {'name': 'is_weekend', 'active': True, 'dtype': 'int', 'type': 'categorical', 'vocab_size': 3}, {'name': 'hour', 'active': True, 'dtype': 'int', 'type': 'categorical', 'vocab_size': 25}, {'name': 'action', 'active': True, 'dtype': 'int', 'type': 'categorical', 'vocab_size': 33, 'source': 'action'}]",
    "feature_config": "None",
    "feature_specs": "None",
    "gpu": "0",
    "group_id": "user_index",
    "label_col": "[{'name': 'Like', 'dtype': 'float'}, {'name': 'Cart', 'dtype': 'float'}, {'name': 'Offer', 'dtype': 'float'}, {'name': 'Checkout', 'dtype': 'float'}, {'name': 'Purchase', 'dtype': 'float'}]",
    "local_rank": "0",
    "loss": "['binary_crossentropy', 'binary_crossentropy', 'binary_crossentropy', 'binary_crossentropy', 'binary_crossentropy']",
    "max_len": "100",
    "metrics": "['logloss', 'AUC', 'gAUC']",
    "model": "RankMixer",
    "model_id": "RankMixer_MerRec_Action",
    "model_root": "./checkpoints/",
    "monitor": "{'AUC': 1, 'logloss': 0, 'gAUC': 1}",
    "monitor_mode": "max",
    "net_dropout": "0",
    "num_layers": "3",
    "num_ns_token": "4",
    "num_tasks": "5",
    "num_workers": "4",
    "pickle_feature_encoder": "True",
    "rank": "0",
    "rebuild_dataset": "False",
    "save_best_only": "True",
    "seed": "20262027",
    "shuffle": "True",
    "sparse_learning_rate": "0.05",
    "sparse_optimizer": "Adagrad",
    "task": "binary_classification",
    "test_data": "/mnt/ceph-nj1-csp/bingoozhang/salmonli/data/MerRec_Action/test/data",
    "test_item_info": "/mnt/ceph-nj1-csp/bingoozhang/salmonli/data/MerRec_Action/test/item_info",
    "test_user_info": "/mnt/ceph-nj1-csp/bingoozhang/salmonli/data/MerRec_Action/test/user_info",
    "token_dim": "256",
    "tower_activations": "ReLU",
    "tower_hidden_units": "[128, 64]",
    "train_data": "/mnt/ceph-nj1-csp/bingoozhang/salmonli/data/MerRec_Action/train/data",
    "train_item_info": "/mnt/ceph-nj1-csp/bingoozhang/salmonli/data/MerRec_Action/train/item_info",
    "train_user_info": "/mnt/ceph-nj1-csp/bingoozhang/salmonli/data/MerRec_Action/train/user_info",
    "use_features": "None",
    "valid_data": "/mnt/ceph-nj1-csp/bingoozhang/salmonli/data/MerRec_Action/valid/data",
    "valid_item_info": "/mnt/ceph-nj1-csp/bingoozhang/salmonli/data/MerRec_Action/valid/item_info",
    "valid_user_info": "/mnt/ceph-nj1-csp/bingoozhang/salmonli/data/MerRec_Action/valid/user_info",
    "verbose": "1",
    "world_size": "4"
}
2026-07-12 18:30:09,427 P3538116 INFO Set up feature processor...
2026-07-12 18:30:09,427 P3538116 INFO Fit feature processor...
2026-07-12 18:30:09,428 P3538116 INFO Processing column: {'name': 'user_index', 'active': True, 'dtype': 'int', 'type': 'meta'}
2026-07-12 18:30:09,428 P3538116 INFO Processing column: {'name': 'item_index', 'active': True, 'dtype': 'int', 'type': 'meta'}
2026-07-12 18:30:09,428 P3538116 INFO Processing column: {'name': 'seq_len', 'active': True, 'dtype': 'int', 'type': 'meta'}
2026-07-12 18:30:09,428 P3538116 INFO Processing column: {'name': 'user_id', 'active': True, 'dtype': 'int', 'type': 'categorical', 'vocab_size': 1697916}
2026-07-12 18:30:09,767 P3538116 INFO Processing column: {'name': 'item_id', 'active': True, 'dtype': 'int', 'type': 'categorical', 'vocab_size': 43817684, 'source': 'item'}
2026-07-12 18:30:18,079 P3538116 INFO Processing column: {'name': 'product_id', 'active': True, 'dtype': 'int', 'type': 'categorical', 'vocab_size': 893620, 'source': 'item'}
2026-07-12 18:30:18,239 P3538116 INFO Processing column: {'name': 'price_bucket', 'active': True, 'dtype': 'int', 'type': 'categorical', 'vocab_size': 10, 'source': 'item'}
2026-07-12 18:30:18,239 P3538116 INFO Processing column: {'name': 'c0_id', 'active': True, 'dtype': 'int', 'type': 'categorical', 'vocab_size': 18, 'source': 'item'}
2026-07-12 18:30:18,239 P3538116 INFO Processing column: {'name': 'c1_id', 'active': True, 'dtype': 'int', 'type': 'categorical', 'vocab_size': 310, 'source': 'item'}
2026-07-12 18:30:18,239 P3538116 INFO Processing column: {'name': 'c2_id', 'active': True, 'dtype': 'int', 'type': 'categorical', 'vocab_size': 3042, 'source': 'item'}
2026-07-12 18:30:18,240 P3538116 INFO Processing column: {'name': 'brand_id', 'active': True, 'dtype': 'int', 'type': 'categorical', 'vocab_size': 19783, 'source': 'item'}
2026-07-12 18:30:18,243 P3538116 INFO Processing column: {'name': 'item_condition_id', 'active': True, 'dtype': 'int', 'type': 'categorical', 'vocab_size': 7, 'source': 'item'}
2026-07-12 18:30:18,244 P3538116 INFO Processing column: {'name': 'size_id', 'active': True, 'dtype': 'int', 'type': 'categorical', 'vocab_size': 356, 'source': 'item'}
2026-07-12 18:30:18,244 P3538116 INFO Processing column: {'name': 'shipper_id', 'active': True, 'dtype': 'int', 'type': 'categorical', 'vocab_size': 3, 'source': 'item'}
2026-07-12 18:30:18,244 P3538116 INFO Processing column: {'name': 'color', 'active': True, 'dtype': 'int', 'type': 'categorical', 'vocab_size': 7311, 'source': 'item'}
2026-07-12 18:30:18,245 P3538116 INFO Processing column: {'name': 'session_id', 'active': True, 'dtype': 'int', 'type': 'categorical', 'vocab_size': 3701837}
2026-07-12 18:30:18,962 P3538116 INFO Processing column: {'name': 'day_of_week', 'active': True, 'dtype': 'int', 'type': 'categorical', 'vocab_size': 8}
2026-07-12 18:30:18,963 P3538116 INFO Processing column: {'name': 'is_weekend', 'active': True, 'dtype': 'int', 'type': 'categorical', 'vocab_size': 3}
2026-07-12 18:30:18,963 P3538116 INFO Processing column: {'name': 'hour', 'active': True, 'dtype': 'int', 'type': 'categorical', 'vocab_size': 25}
2026-07-12 18:30:18,963 P3538116 INFO Processing column: {'name': 'action', 'active': True, 'dtype': 'int', 'type': 'categorical', 'vocab_size': 33, 'source': 'action'}
2026-07-12 18:30:18,964 P3538116 INFO Set column index...
2026-07-12 18:30:18,964 P3538116 INFO Save feature_map to json: /mnt/ceph-nj1-csp/bingoozhang/salmonli/data/MerRec_Action/feature_map.json
2026-07-12 18:30:18,970 P3538116 INFO Pickle feature_encode: /mnt/ceph-nj1-csp/bingoozhang/salmonli/data/MerRec_Action/feature_processor.pkl
2026-07-12 18:30:20,475 P3538116 INFO Save feature_vocab to json: /mnt/ceph-nj1-csp/bingoozhang/salmonli/data/MerRec_Action/feature_vocab.json
2026-07-12 18:31:05,090 P3538116 INFO Set feature processor done.
2026-07-12 18:31:05,106 P3538116 INFO Load feature_map from json: /mnt/ceph-nj1-csp/bingoozhang/salmonli/data/MerRec_Action/feature_map.json
2026-07-12 18:31:05,109 P3538116 INFO Set column index...
2026-07-12 18:31:05,109 P3538116 INFO Feature specs: {
    "action": "{'source': 'action', 'type': 'categorical', 'padding_idx': 0, 'vocab_size': 33}",
    "brand_id": "{'source': 'item', 'type': 'categorical', 'padding_idx': 0, 'vocab_size': 19783}",
    "c0_id": "{'source': 'item', 'type': 'categorical', 'padding_idx': 0, 'vocab_size': 18}",
    "c1_id": "{'source': 'item', 'type': 'categorical', 'padding_idx': 0, 'vocab_size': 310}",
    "c2_id": "{'source': 'item', 'type': 'categorical', 'padding_idx': 0, 'vocab_size': 3042}",
    "color": "{'source': 'item', 'type': 'categorical', 'padding_idx': 0, 'vocab_size': 7311}",
    "day_of_week": "{'source': '', 'type': 'categorical', 'padding_idx': 0, 'vocab_size': 8}",
    "hour": "{'source': '', 'type': 'categorical', 'padding_idx': 0, 'vocab_size': 25}",
    "is_weekend": "{'source': '', 'type': 'categorical', 'padding_idx': 0, 'vocab_size': 3}",
    "item_condition_id": "{'source': 'item', 'type': 'categorical', 'padding_idx': 0, 'vocab_size': 7}",
    "item_id": "{'source': 'item', 'type': 'categorical', 'padding_idx': 0, 'vocab_size': 43817684}",
    "item_index": "{'type': 'meta'}",
    "price_bucket": "{'source': 'item', 'type': 'categorical', 'padding_idx': 0, 'vocab_size': 10}",
    "product_id": "{'source': 'item', 'type': 'categorical', 'padding_idx': 0, 'vocab_size': 893620}",
    "seq_len": "{'type': 'meta'}",
    "session_id": "{'source': '', 'type': 'categorical', 'padding_idx': 0, 'vocab_size': 3701837}",
    "shipper_id": "{'source': 'item', 'type': 'categorical', 'padding_idx': 0, 'vocab_size': 3}",
    "size_id": "{'source': 'item', 'type': 'categorical', 'padding_idx': 0, 'vocab_size': 356}",
    "user_id": "{'source': '', 'type': 'categorical', 'padding_idx': 0, 'vocab_size': 1697916}",
    "user_index": "{'type': 'meta'}"
}
2026-07-12 18:31:12,383 P3538116 INFO Optimizers: dense=AdamW(lr=0.0001, weight_decay=0, params=3682565), sparse=Adagrad(lr=0.05, params=802271456)
2026-07-12 18:31:12,384 P3538116 INFO ************ compile start ************
2026-07-12 18:31:14,256 P3538116 INFO Compiled dense module: unified_tokenizer_layer
2026-07-12 18:31:14,257 P3538116 INFO Compiled dense module: attention_layers
2026-07-12 18:31:14,258 P3538116 INFO Compiled dense module: unified_interaction_layers
2026-07-12 18:31:14,259 P3538116 INFO Compiled dense module: tower.0
2026-07-12 18:31:14,260 P3538116 INFO Compiled dense module: tower.1
2026-07-12 18:31:14,261 P3538116 INFO Compiled dense module: tower.2
2026-07-12 18:31:14,262 P3538116 INFO Compiled dense module: tower.3
2026-07-12 18:31:14,263 P3538116 INFO Compiled dense module: tower.4
2026-07-12 18:31:18,171 P3538116 INFO Total number of parameters: 805954021.
2026-07-12 18:31:18,171 P3538116 INFO Number of embedding parameters: 802271456.
2026-07-12 18:31:18,171 P3538116 INFO Number of dense parameters: 3682565.
2026-07-12 18:31:18,171 P3538116 INFO Loading datasets...
2026-07-12 18:31:18,209 P3538116 INFO Train samples: total/36090865, blocks/2
2026-07-12 18:31:18,240 P3538116 INFO Validation samples: total/4124870, blocks/2
2026-07-12 18:31:18,240 P3538116 INFO Loading train and validation data done.
2026-07-12 18:31:18,240 P3538116 INFO BF16 mixed precision: True
2026-07-12 18:31:18,241 P3538116 INFO Start training: 4405 local batches/epoch
2026-07-12 18:31:18,241 P3538116 INFO DDP blocked training: True
2026-07-12 18:31:18,241 P3538116 INFO Disable step-wise eval and use epoch-end synchronized eval for DDP + blocked dataloader.
2026-07-12 18:31:18,241 P3538116 INFO ************ Epoch=1 start ************
2026-07-12 18:41:08,474 P3538116 INFO Train loss: 0.433327
2026-07-12 18:41:08,487 P3538116 INFO Evaluation @epoch 1 - batch 4405: 
2026-07-12 18:41:53,529 P3538116 INFO [Task: Like][Metrics] AUC: 0.745671 - logloss: 0.334885 - gAUC: 0.670773
2026-07-12 18:42:04,201 P3538116 INFO [Task: Cart][Metrics] AUC: 0.792618 - logloss: 0.057063 - gAUC: 0.714339
2026-07-12 18:42:14,336 P3538116 INFO [Task: Offer][Metrics] AUC: 0.737846 - logloss: 0.024232 - gAUC: 0.698878
2026-07-12 18:42:23,346 P3538116 INFO [Task: Checkout][Metrics] AUC: 0.844254 - logloss: 0.005446 - gAUC: 0.764850
2026-07-12 18:42:32,374 P3538116 INFO [Task: Purchase][Metrics] AUC: 0.846526 - logloss: 0.003625 - gAUC: 0.771213
2026-07-12 18:42:32,781 P3538116 INFO Save best model: monitor(max)=1.517394
2026-07-12 18:42:36,880 P3538116 INFO ************ Epoch=1 end ************
2026-07-12 18:42:36,880 P3538116 INFO Training finished.
2026-07-12 18:42:36,880 P3538116 INFO Load best model: /mnt/ceph-nj1-csp/bingoozhang/salmonli/ft_local/UniRank/checkpoints/MerRec_Action/RankMixer_MerRec_Action.model
2026-07-12 18:42:39,846 P3538116 INFO ******** Test evaluation ********
2026-07-12 18:42:39,847 P3538116 INFO Loading datasets...
2026-07-12 18:42:39,917 P3538116 INFO Test samples: total/2919932, blocks/2
2026-07-12 18:42:39,917 P3538116 INFO Loading test data done.
2026-07-12 18:43:10,435 P3538116 INFO [Task: Like][Metrics] logloss: 0.331919 - AUC: 0.744789 - gAUC: 0.669850
2026-07-12 18:43:18,180 P3538116 INFO [Task: Cart][Metrics] logloss: 0.053935 - AUC: 0.793001 - gAUC: 0.711190
2026-07-12 18:43:25,140 P3538116 INFO [Task: Offer][Metrics] logloss: 0.021384 - AUC: 0.728846 - gAUC: 0.692890
2026-07-12 18:43:31,415 P3538116 INFO [Task: Checkout][Metrics] logloss: 0.004736 - AUC: 0.837932 - gAUC: 0.760813
2026-07-12 18:43:37,647 P3538116 INFO [Task: Purchase][Metrics] logloss: 0.003049 - AUC: 0.840715 - gAUC: 0.768216
2026-07-12 18:43:38,817 P3538116 INFO Deleted model checkpoint: /mnt/ceph-nj1-csp/bingoozhang/salmonli/ft_local/UniRank/checkpoints/MerRec_Action/RankMixer_MerRec_Action.model
