2026-07-17 02:43:50,220 P2852257 INFO Params: {
    "accumulation_steps": "1",
    "attention_dropout": "0",
    "batch_size": "8192",
    "block_cache_size": "2",
    "blocked": "True",
    "data_format": "parquet",
    "data_root": "/mnt/ceph-nj1-csp/bingoozhang/salmonli/data",
    "dataset_id": "MerRec_Action",
    "debug_mode": "False",
    "dense_learning_rate": "0.0001",
    "dense_optimizer": "AdamW",
    "dense_weight_decay": "0",
    "distributed": "True",
    "early_stop_patience": "2",
    "embedding_dim": "16",
    "enable_bf16": "True",
    "enable_torch_compile": "True",
    "epochs": "1",
    "eval_steps": "None",
    "feature_cols": "[{'name': 'user_index', 'active': True, 'dtype': 'int', 'type': 'meta'}, {'name': 'item_index', 'active': True, 'dtype': 'int', 'type': 'meta'}, {'name': 'seq_len', 'active': True, 'dtype': 'int', 'type': 'meta'}, {'name': 'user_id', 'active': True, 'dtype': 'int', 'type': 'categorical', 'vocab_size': 1697916}, {'name': 'item_id', 'active': True, 'dtype': 'int', 'type': 'categorical', 'vocab_size': 43817684, 'source': 'item'}, {'name': 'product_id', 'active': True, 'dtype': 'int', 'type': 'categorical', 'vocab_size': 893620, 'source': 'item'}, {'name': 'price_bucket', 'active': True, 'dtype': 'int', 'type': 'categorical', 'vocab_size': 10, 'source': 'item'}, {'name': 'c0_id', 'active': True, 'dtype': 'int', 'type': 'categorical', 'vocab_size': 18, 'source': 'item'}, {'name': 'c1_id', 'active': True, 'dtype': 'int', 'type': 'categorical', 'vocab_size': 310, 'source': 'item'}, {'name': 'c2_id', 'active': True, 'dtype': 'int', 'type': 'categorical', 'vocab_size': 3042, 'source': 'item'}, {'name': 'brand_id', 'active': True, 'dtype': 'int', 'type': 'categorical', 'vocab_size': 19783, 'source': 'item'}, {'name': 'item_condition_id', 'active': True, 'dtype': 'int', 'type': 'categorical', 'vocab_size': 7, 'source': 'item'}, {'name': 'size_id', 'active': True, 'dtype': 'int', 'type': 'categorical', 'vocab_size': 356, 'source': 'item'}, {'name': 'shipper_id', 'active': True, 'dtype': 'int', 'type': 'categorical', 'vocab_size': 3, 'source': 'item'}, {'name': 'color', 'active': True, 'dtype': 'int', 'type': 'categorical', 'vocab_size': 7311, 'source': 'item'}, {'name': 'session_id', 'active': True, 'dtype': 'int', 'type': 'categorical', 'vocab_size': 3701837}, {'name': 'day_of_week', 'active': True, 'dtype': 'int', 'type': 'categorical', 'vocab_size': 8}, {'name': 'is_weekend', 'active': True, 'dtype': 'int', 'type': 'categorical', 'vocab_size': 3}, {'name': 'hour', 'active': True, 'dtype': 'int', 'type': 'categorical', 'vocab_size': 25}, {'name': 'action', 'active': True, 'dtype': 'int', 'type': 'categorical', 'vocab_size': 33, 'source': 'action'}]",
    "feature_config": "None",
    "feature_specs": "None",
    "gpu": "0",
    "gradient_checkpointing": "False",
    "group_id": "user_id",
    "init_alpha": "0.1",
    "label_col": "[{'name': 'Like', 'dtype': 'float'}, {'name': 'Cart', 'dtype': 'float'}, {'name': 'Offer', 'dtype': 'float'}, {'name': 'Checkout', 'dtype': 'float'}, {'name': 'Purchase', 'dtype': 'float'}]",
    "local_rank": "0",
    "loss": "['binary_crossentropy', 'binary_crossentropy', 'binary_crossentropy', 'binary_crossentropy', 'binary_crossentropy']",
    "max_len": "100",
    "metrics": "['logloss', 'AUC']",
    "model": "SSR",
    "model_id": "SSR_MerRec_Action",
    "model_root": "./checkpoints/",
    "monitor": "{'AUC': 1, 'logloss': 0}",
    "monitor_mode": "max",
    "net_dropout": "0",
    "num_iters": "5",
    "num_layers": "3",
    "num_ns_token": "4",
    "num_tasks": "5",
    "num_workers": "4",
    "pickle_feature_encoder": "True",
    "rank": "0",
    "rebuild_dataset": "False",
    "save_best_only": "True",
    "seed": "20262027",
    "shuffle": "True",
    "sparse_learning_rate": "0.05",
    "sparse_optimizer": "Adagrad",
    "task": "binary_classification",
    "test_data": "/mnt/ceph-nj1-csp/bingoozhang/salmonli/data/MerRec_Action/test/data",
    "test_item_info": "/mnt/ceph-nj1-csp/bingoozhang/salmonli/data/MerRec_Action/test/item_info",
    "test_user_info": "/mnt/ceph-nj1-csp/bingoozhang/salmonli/data/MerRec_Action/test/user_info",
    "token_dim": "256",
    "tower_activations": "ReLU",
    "tower_hidden_units": "[128, 64]",
    "train_data": "/mnt/ceph-nj1-csp/bingoozhang/salmonli/data/MerRec_Action/train/data",
    "train_item_info": "/mnt/ceph-nj1-csp/bingoozhang/salmonli/data/MerRec_Action/train/item_info",
    "train_user_info": "/mnt/ceph-nj1-csp/bingoozhang/salmonli/data/MerRec_Action/train/user_info",
    "use_features": "None",
    "valid_data": "/mnt/ceph-nj1-csp/bingoozhang/salmonli/data/MerRec_Action/valid/data",
    "valid_item_info": "/mnt/ceph-nj1-csp/bingoozhang/salmonli/data/MerRec_Action/valid/item_info",
    "valid_user_info": "/mnt/ceph-nj1-csp/bingoozhang/salmonli/data/MerRec_Action/valid/user_info",
    "verbose": "1",
    "world_size": "4"
}
2026-07-17 02:43:50,222 P2852257 INFO Set up feature processor...
2026-07-17 02:43:50,222 P2852257 INFO Fit feature processor...
2026-07-17 02:43:50,222 P2852257 INFO Processing column: {'name': 'user_index', 'active': True, 'dtype': 'int', 'type': 'meta'}
2026-07-17 02:43:50,222 P2852257 INFO Processing column: {'name': 'item_index', 'active': True, 'dtype': 'int', 'type': 'meta'}
2026-07-17 02:43:50,222 P2852257 INFO Processing column: {'name': 'seq_len', 'active': True, 'dtype': 'int', 'type': 'meta'}
2026-07-17 02:43:50,222 P2852257 INFO Processing column: {'name': 'user_id', 'active': True, 'dtype': 'int', 'type': 'categorical', 'vocab_size': 1697916}
2026-07-17 02:43:50,543 P2852257 INFO Processing column: {'name': 'item_id', 'active': True, 'dtype': 'int', 'type': 'categorical', 'vocab_size': 43817684, 'source': 'item'}
2026-07-17 02:43:58,266 P2852257 INFO Processing column: {'name': 'product_id', 'active': True, 'dtype': 'int', 'type': 'categorical', 'vocab_size': 893620, 'source': 'item'}
2026-07-17 02:43:58,418 P2852257 INFO Processing column: {'name': 'price_bucket', 'active': True, 'dtype': 'int', 'type': 'categorical', 'vocab_size': 10, 'source': 'item'}
2026-07-17 02:43:58,418 P2852257 INFO Processing column: {'name': 'c0_id', 'active': True, 'dtype': 'int', 'type': 'categorical', 'vocab_size': 18, 'source': 'item'}
2026-07-17 02:43:58,419 P2852257 INFO Processing column: {'name': 'c1_id', 'active': True, 'dtype': 'int', 'type': 'categorical', 'vocab_size': 310, 'source': 'item'}
2026-07-17 02:43:58,419 P2852257 INFO Processing column: {'name': 'c2_id', 'active': True, 'dtype': 'int', 'type': 'categorical', 'vocab_size': 3042, 'source': 'item'}
2026-07-17 02:43:58,419 P2852257 INFO Processing column: {'name': 'brand_id', 'active': True, 'dtype': 'int', 'type': 'categorical', 'vocab_size': 19783, 'source': 'item'}
2026-07-17 02:43:58,422 P2852257 INFO Processing column: {'name': 'item_condition_id', 'active': True, 'dtype': 'int', 'type': 'categorical', 'vocab_size': 7, 'source': 'item'}
2026-07-17 02:43:58,423 P2852257 INFO Processing column: {'name': 'size_id', 'active': True, 'dtype': 'int', 'type': 'categorical', 'vocab_size': 356, 'source': 'item'}
2026-07-17 02:43:58,423 P2852257 INFO Processing column: {'name': 'shipper_id', 'active': True, 'dtype': 'int', 'type': 'categorical', 'vocab_size': 3, 'source': 'item'}
2026-07-17 02:43:58,423 P2852257 INFO Processing column: {'name': 'color', 'active': True, 'dtype': 'int', 'type': 'categorical', 'vocab_size': 7311, 'source': 'item'}
2026-07-17 02:43:58,424 P2852257 INFO Processing column: {'name': 'session_id', 'active': True, 'dtype': 'int', 'type': 'categorical', 'vocab_size': 3701837}
2026-07-17 02:43:59,089 P2852257 INFO Processing column: {'name': 'day_of_week', 'active': True, 'dtype': 'int', 'type': 'categorical', 'vocab_size': 8}
2026-07-17 02:43:59,089 P2852257 INFO Processing column: {'name': 'is_weekend', 'active': True, 'dtype': 'int', 'type': 'categorical', 'vocab_size': 3}
2026-07-17 02:43:59,089 P2852257 INFO Processing column: {'name': 'hour', 'active': True, 'dtype': 'int', 'type': 'categorical', 'vocab_size': 25}
2026-07-17 02:43:59,089 P2852257 INFO Processing column: {'name': 'action', 'active': True, 'dtype': 'int', 'type': 'categorical', 'vocab_size': 33, 'source': 'action'}
2026-07-17 02:43:59,090 P2852257 INFO Set column index...
2026-07-17 02:43:59,090 P2852257 INFO Save feature_map to json: /mnt/ceph-nj1-csp/bingoozhang/salmonli/data/MerRec_Action/feature_map.json
2026-07-17 02:43:59,096 P2852257 INFO Pickle feature_encode: /mnt/ceph-nj1-csp/bingoozhang/salmonli/data/MerRec_Action/feature_processor.pkl
2026-07-17 02:44:00,572 P2852257 INFO Save feature_vocab to json: /mnt/ceph-nj1-csp/bingoozhang/salmonli/data/MerRec_Action/feature_vocab.json
2026-07-17 02:44:42,825 P2852257 INFO Set feature processor done.
2026-07-17 02:44:42,849 P2852257 INFO Load feature_map from json: /mnt/ceph-nj1-csp/bingoozhang/salmonli/data/MerRec_Action/feature_map.json
2026-07-17 02:44:42,852 P2852257 INFO Set column index...
2026-07-17 02:44:42,853 P2852257 INFO Feature specs: {
    "action": "{'source': 'action', 'type': 'categorical', 'padding_idx': 0, 'vocab_size': 33}",
    "brand_id": "{'source': 'item', 'type': 'categorical', 'padding_idx': 0, 'vocab_size': 19783}",
    "c0_id": "{'source': 'item', 'type': 'categorical', 'padding_idx': 0, 'vocab_size': 18}",
    "c1_id": "{'source': 'item', 'type': 'categorical', 'padding_idx': 0, 'vocab_size': 310}",
    "c2_id": "{'source': 'item', 'type': 'categorical', 'padding_idx': 0, 'vocab_size': 3042}",
    "color": "{'source': 'item', 'type': 'categorical', 'padding_idx': 0, 'vocab_size': 7311}",
    "day_of_week": "{'source': '', 'type': 'categorical', 'padding_idx': 0, 'vocab_size': 8}",
    "hour": "{'source': '', 'type': 'categorical', 'padding_idx': 0, 'vocab_size': 25}",
    "is_weekend": "{'source': '', 'type': 'categorical', 'padding_idx': 0, 'vocab_size': 3}",
    "item_condition_id": "{'source': 'item', 'type': 'categorical', 'padding_idx': 0, 'vocab_size': 7}",
    "item_id": "{'source': 'item', 'type': 'categorical', 'padding_idx': 0, 'vocab_size': 43817684}",
    "item_index": "{'type': 'meta'}",
    "price_bucket": "{'source': 'item', 'type': 'categorical', 'padding_idx': 0, 'vocab_size': 10}",
    "product_id": "{'source': 'item', 'type': 'categorical', 'padding_idx': 0, 'vocab_size': 893620}",
    "seq_len": "{'type': 'meta'}",
    "session_id": "{'source': '', 'type': 'categorical', 'padding_idx': 0, 'vocab_size': 3701837}",
    "shipper_id": "{'source': 'item', 'type': 'categorical', 'padding_idx': 0, 'vocab_size': 3}",
    "size_id": "{'source': 'item', 'type': 'categorical', 'padding_idx': 0, 'vocab_size': 356}",
    "user_id": "{'source': '', 'type': 'categorical', 'padding_idx': 0, 'vocab_size': 1697916}",
    "user_index": "{'type': 'meta'}"
}
2026-07-17 02:44:49,872 P2852257 INFO Optimizers: dense=AdamW(lr=0.0001, weight_decay=0, params=3778369), sparse=Adagrad(lr=0.05, params=802271456)
2026-07-17 02:44:49,873 P2852257 INFO ************ compile start ************
2026-07-17 02:44:51,543 P2852257 INFO Compiled dense module: attention_layers
2026-07-17 02:44:51,545 P2852257 INFO Compiled dense module: unified_interaction_layers
2026-07-17 02:44:51,546 P2852257 INFO Compiled dense module: tower.0
2026-07-17 02:44:51,547 P2852257 INFO Compiled dense module: tower.1
2026-07-17 02:44:51,548 P2852257 INFO Compiled dense module: tower.2
2026-07-17 02:44:51,549 P2852257 INFO Compiled dense module: tower.3
2026-07-17 02:44:51,550 P2852257 INFO Compiled dense module: tower.4
2026-07-17 02:44:55,438 P2852257 INFO Total number of parameters: 806049825.
2026-07-17 02:44:55,438 P2852257 INFO Number of embedding parameters: 802271456.
2026-07-17 02:44:55,438 P2852257 INFO Number of dense parameters: 3778369.
2026-07-17 02:44:55,439 P2852257 INFO Loading datasets...
2026-07-17 02:44:55,468 P2852257 INFO Train samples: total/36090865, blocks/2
2026-07-17 02:44:55,495 P2852257 INFO Validation samples: total/4124870, blocks/2
2026-07-17 02:44:55,495 P2852257 INFO Loading train and validation data done.
2026-07-17 02:44:55,526 P2852257 INFO BF16 mixed precision: True
2026-07-17 02:44:55,526 P2852257 INFO Gradient checkpointing: False
2026-07-17 02:44:55,526 P2852257 INFO Start training: 4405 local batches/epoch
2026-07-17 02:44:55,527 P2852257 INFO DDP blocked training: True
2026-07-17 02:44:55,527 P2852257 INFO Disable step-wise eval and use epoch-end synchronized eval for DDP + blocked dataloader.
2026-07-17 02:44:55,527 P2852257 INFO ************ Epoch=1 start ************
2026-07-17 03:18:23,764 P2852257 INFO Train loss: 0.429836
2026-07-17 03:18:23,791 P2852257 INFO Evaluation @epoch 1 - batch 4405:
2026-07-17 03:19:20,123 P2852257 INFO [Task: Like][Metrics] AUC: 0.748331 - logloss: 0.332210
2026-07-17 03:19:27,612 P2852257 INFO [Task: Cart][Metrics] AUC: 0.798015 - logloss: 0.056555
2026-07-17 03:19:35,049 P2852257 INFO [Task: Offer][Metrics] AUC: 0.760984 - logloss: 0.023874
2026-07-17 03:19:42,554 P2852257 INFO [Task: Checkout][Metrics] AUC: 0.850243 - logloss: 0.005429
2026-07-17 03:19:50,055 P2852257 INFO [Task: Purchase][Metrics] AUC: 0.855867 - logloss: 0.003607
2026-07-17 03:19:50,450 P2852257 INFO Save best model: monitor(max)=0.802688
2026-07-17 03:19:54,471 P2852257 INFO ************ Epoch=1 end ************
2026-07-17 03:19:54,471 P2852257 INFO Training finished.
2026-07-17 03:19:54,471 P2852257 INFO Load best model: /mnt/ceph-nj1-csp/bingoozhang/salmonli/ft_local/UniRank/checkpoints/MerRec_Action/SSR_MerRec_Action.model
2026-07-17 03:19:57,910 P2852257 INFO ******** Test evaluation ********
2026-07-17 03:19:57,910 P2852257 INFO Loading datasets...
2026-07-17 03:19:57,949 P2852257 INFO Test samples: total/2919932, blocks/2
2026-07-17 03:19:57,949 P2852257 INFO Loading test data done.
2026-07-17 03:20:34,455 P2852257 INFO [Task: Like][Metrics] logloss: 0.329563 - AUC: 0.747009
2026-07-17 03:20:39,769 P2852257 INFO [Task: Cart][Metrics] logloss: 0.053391 - AUC: 0.800488
2026-07-17 03:20:45,020 P2852257 INFO [Task: Offer][Metrics] logloss: 0.021065 - AUC: 0.759118
2026-07-17 03:20:50,185 P2852257 INFO [Task: Checkout][Metrics] logloss: 0.004650 - AUC: 0.847274
2026-07-17 03:20:55,417 P2852257 INFO [Task: Purchase][Metrics] logloss: 0.002986 - AUC: 0.855165
2026-07-17 03:20:56,606 P2852257 INFO Deleted model checkpoint: /mnt/ceph-nj1-csp/bingoozhang/salmonli/ft_local/UniRank/checkpoints/MerRec_Action/SSR_MerRec_Action.model
