2026-07-12 20:15:58,508 P3652755 INFO UniRank version: 2.3.7
2026-07-12 20:15:58,509 P3652755 INFO Params: {
    "accumulation_steps": "1",
    "attention_dropout": "0",
    "batch_size": "8192",
    "block_cache_size": "2",
    "blocked": "True",
    "data_format": "parquet",
    "data_root": "/mnt/ceph-nj1-csp/bingoozhang/salmonli/data",
    "dataset_id": "MerRec_Action",
    "debug_mode": "False",
    "dense_learning_rate": "0.0001",
    "dense_optimizer": "AdamW",
    "dense_weight_decay": "0",
    "distributed": "True",
    "early_stop_patience": "2",
    "embedding_dim": "16",
    "enable_bf16": "True",
    "epochs": "1",
    "eval_steps": "None",
    "expansion_factor": "2",
    "feature_cols": "[{'name': 'user_index', 'active': True, 'dtype': 'int', 'type': 'meta'}, {'name': 'item_index', 'active': True, 'dtype': 'int', 'type': 'meta'}, {'name': 'seq_len', 'active': True, 'dtype': 'int', 'type': 'meta'}, {'name': 'user_id', 'active': True, 'dtype': 'int', 'type': 'categorical', 'vocab_size': 1697916}, {'name': 'item_id', 'active': True, 'dtype': 'int', 'type': 'categorical', 'vocab_size': 43817684, 'source': 'item'}, {'name': 'product_id', 'active': True, 'dtype': 'int', 'type': 'categorical', 'vocab_size': 893620, 'source': 'item'}, {'name': 'price_bucket', 'active': True, 'dtype': 'int', 'type': 'categorical', 'vocab_size': 10, 'source': 'item'}, {'name': 'c0_id', 'active': True, 'dtype': 'int', 'type': 'categorical', 'vocab_size': 18, 'source': 'item'}, {'name': 'c1_id', 'active': True, 'dtype': 'int', 'type': 'categorical', 'vocab_size': 310, 'source': 'item'}, {'name': 'c2_id', 'active': True, 'dtype': 'int', 'type': 'categorical', 'vocab_size': 3042, 'source': 'item'}, {'name': 'brand_id', 'active': True, 'dtype': 'int', 'type': 'categorical', 'vocab_size': 19783, 'source': 'item'}, {'name': 'item_condition_id', 'active': True, 'dtype': 'int', 'type': 'categorical', 'vocab_size': 7, 'source': 'item'}, {'name': 'size_id', 'active': True, 'dtype': 'int', 'type': 'categorical', 'vocab_size': 356, 'source': 'item'}, {'name': 'shipper_id', 'active': True, 'dtype': 'int', 'type': 'categorical', 'vocab_size': 3, 'source': 'item'}, {'name': 'color', 'active': True, 'dtype': 'int', 'type': 'categorical', 'vocab_size': 7311, 'source': 'item'}, {'name': 'session_id', 'active': True, 'dtype': 'int', 'type': 'categorical', 'vocab_size': 3701837}, {'name': 'day_of_week', 'active': True, 'dtype': 'int', 'type': 'categorical', 'vocab_size': 8}, {'name': 'is_weekend', 'active': True, 'dtype': 'int', 'type': 'categorical', 'vocab_size': 3}, {'name': 'hour', 'active': True, 'dtype': 'int', 'type': 'categorical', 'vocab_size': 25}, {'name': 'action', 'active': True, 'dtype': 'int', 'type': 'categorical', 'vocab_size': 33, 'source': 'action'}]",
    "feature_config": "None",
    "feature_specs": "None",
    "gpu": "0",
    "group_id": "user_index",
    "label_col": "[{'name': 'Like', 'dtype': 'float'}, {'name': 'Cart', 'dtype': 'float'}, {'name': 'Offer', 'dtype': 'float'}, {'name': 'Checkout', 'dtype': 'float'}, {'name': 'Purchase', 'dtype': 'float'}]",
    "local_rank": "0",
    "loss": "['binary_crossentropy', 'binary_crossentropy', 'binary_crossentropy', 'binary_crossentropy', 'binary_crossentropy']",
    "max_len": "100",
    "metrics": "['logloss', 'AUC']",
    "model": "TokenMixer",
    "model_id": "TokenMixer_MerRec_Action",
    "model_root": "./checkpoints/",
    "monitor": "{'AUC': 1, 'logloss': 0}",
    "monitor_mode": "max",
    "net_dropout": "0",
    "num_group_token": "4",
    "num_layers": "3",
    "num_tasks": "5",
    "num_workers": "4",
    "pickle_feature_encoder": "True",
    "rank": "0",
    "rebuild_dataset": "False",
    "save_best_only": "True",
    "seed": "20262027",
    "shuffle": "True",
    "sparse_learning_rate": "0.05",
    "sparse_optimizer": "Adagrad",
    "task": "binary_classification",
    "test_data": "/mnt/ceph-nj1-csp/bingoozhang/salmonli/data/MerRec_Action/test/data",
    "test_item_info": "/mnt/ceph-nj1-csp/bingoozhang/salmonli/data/MerRec_Action/test/item_info",
    "test_user_info": "/mnt/ceph-nj1-csp/bingoozhang/salmonli/data/MerRec_Action/test/user_info",
    "token_dim": "256",
    "tower_activations": "ReLU",
    "tower_hidden_units": "[128, 64]",
    "train_data": "/mnt/ceph-nj1-csp/bingoozhang/salmonli/data/MerRec_Action/train/data",
    "train_item_info": "/mnt/ceph-nj1-csp/bingoozhang/salmonli/data/MerRec_Action/train/item_info",
    "train_user_info": "/mnt/ceph-nj1-csp/bingoozhang/salmonli/data/MerRec_Action/train/user_info",
    "use_features": "None",
    "valid_data": "/mnt/ceph-nj1-csp/bingoozhang/salmonli/data/MerRec_Action/valid/data",
    "valid_item_info": "/mnt/ceph-nj1-csp/bingoozhang/salmonli/data/MerRec_Action/valid/item_info",
    "valid_user_info": "/mnt/ceph-nj1-csp/bingoozhang/salmonli/data/MerRec_Action/valid/user_info",
    "verbose": "1",
    "world_size": "4"
}
2026-07-12 20:15:58,510 P3652755 INFO Set up feature processor...
2026-07-12 20:15:58,511 P3652755 INFO Fit feature processor...
2026-07-12 20:15:58,511 P3652755 INFO Processing column: {'name': 'user_index', 'active': True, 'dtype': 'int', 'type': 'meta'}
2026-07-12 20:15:58,511 P3652755 INFO Processing column: {'name': 'item_index', 'active': True, 'dtype': 'int', 'type': 'meta'}
2026-07-12 20:15:58,511 P3652755 INFO Processing column: {'name': 'seq_len', 'active': True, 'dtype': 'int', 'type': 'meta'}
2026-07-12 20:15:58,511 P3652755 INFO Processing column: {'name': 'user_id', 'active': True, 'dtype': 'int', 'type': 'categorical', 'vocab_size': 1697916}
2026-07-12 20:15:58,856 P3652755 INFO Processing column: {'name': 'item_id', 'active': True, 'dtype': 'int', 'type': 'categorical', 'vocab_size': 43817684, 'source': 'item'}
2026-07-12 20:16:07,175 P3652755 INFO Processing column: {'name': 'product_id', 'active': True, 'dtype': 'int', 'type': 'categorical', 'vocab_size': 893620, 'source': 'item'}
2026-07-12 20:16:07,334 P3652755 INFO Processing column: {'name': 'price_bucket', 'active': True, 'dtype': 'int', 'type': 'categorical', 'vocab_size': 10, 'source': 'item'}
2026-07-12 20:16:07,335 P3652755 INFO Processing column: {'name': 'c0_id', 'active': True, 'dtype': 'int', 'type': 'categorical', 'vocab_size': 18, 'source': 'item'}
2026-07-12 20:16:07,335 P3652755 INFO Processing column: {'name': 'c1_id', 'active': True, 'dtype': 'int', 'type': 'categorical', 'vocab_size': 310, 'source': 'item'}
2026-07-12 20:16:07,335 P3652755 INFO Processing column: {'name': 'c2_id', 'active': True, 'dtype': 'int', 'type': 'categorical', 'vocab_size': 3042, 'source': 'item'}
2026-07-12 20:16:07,336 P3652755 INFO Processing column: {'name': 'brand_id', 'active': True, 'dtype': 'int', 'type': 'categorical', 'vocab_size': 19783, 'source': 'item'}
2026-07-12 20:16:07,339 P3652755 INFO Processing column: {'name': 'item_condition_id', 'active': True, 'dtype': 'int', 'type': 'categorical', 'vocab_size': 7, 'source': 'item'}
2026-07-12 20:16:07,339 P3652755 INFO Processing column: {'name': 'size_id', 'active': True, 'dtype': 'int', 'type': 'categorical', 'vocab_size': 356, 'source': 'item'}
2026-07-12 20:16:07,339 P3652755 INFO Processing column: {'name': 'shipper_id', 'active': True, 'dtype': 'int', 'type': 'categorical', 'vocab_size': 3, 'source': 'item'}
2026-07-12 20:16:07,339 P3652755 INFO Processing column: {'name': 'color', 'active': True, 'dtype': 'int', 'type': 'categorical', 'vocab_size': 7311, 'source': 'item'}
2026-07-12 20:16:07,340 P3652755 INFO Processing column: {'name': 'session_id', 'active': True, 'dtype': 'int', 'type': 'categorical', 'vocab_size': 3701837}
2026-07-12 20:16:08,056 P3652755 INFO Processing column: {'name': 'day_of_week', 'active': True, 'dtype': 'int', 'type': 'categorical', 'vocab_size': 8}
2026-07-12 20:16:08,057 P3652755 INFO Processing column: {'name': 'is_weekend', 'active': True, 'dtype': 'int', 'type': 'categorical', 'vocab_size': 3}
2026-07-12 20:16:08,057 P3652755 INFO Processing column: {'name': 'hour', 'active': True, 'dtype': 'int', 'type': 'categorical', 'vocab_size': 25}
2026-07-12 20:16:08,057 P3652755 INFO Processing column: {'name': 'action', 'active': True, 'dtype': 'int', 'type': 'categorical', 'vocab_size': 33, 'source': 'action'}
2026-07-12 20:16:08,058 P3652755 INFO Set column index...
2026-07-12 20:16:08,058 P3652755 INFO Save feature_map to json: /mnt/ceph-nj1-csp/bingoozhang/salmonli/data/MerRec_Action/feature_map.json
2026-07-12 20:16:08,064 P3652755 INFO Pickle feature_encode: /mnt/ceph-nj1-csp/bingoozhang/salmonli/data/MerRec_Action/feature_processor.pkl
2026-07-12 20:16:09,534 P3652755 INFO Save feature_vocab to json: /mnt/ceph-nj1-csp/bingoozhang/salmonli/data/MerRec_Action/feature_vocab.json
2026-07-12 20:16:53,957 P3652755 INFO Set feature processor done.
2026-07-12 20:16:53,971 P3652755 INFO Load feature_map from json: /mnt/ceph-nj1-csp/bingoozhang/salmonli/data/MerRec_Action/feature_map.json
2026-07-12 20:16:53,976 P3652755 INFO Set column index...
2026-07-12 20:16:53,977 P3652755 INFO Feature specs: {
    "action": "{'source': 'action', 'type': 'categorical', 'padding_idx': 0, 'vocab_size': 33}",
    "brand_id": "{'source': 'item', 'type': 'categorical', 'padding_idx': 0, 'vocab_size': 19783}",
    "c0_id": "{'source': 'item', 'type': 'categorical', 'padding_idx': 0, 'vocab_size': 18}",
    "c1_id": "{'source': 'item', 'type': 'categorical', 'padding_idx': 0, 'vocab_size': 310}",
    "c2_id": "{'source': 'item', 'type': 'categorical', 'padding_idx': 0, 'vocab_size': 3042}",
    "color": "{'source': 'item', 'type': 'categorical', 'padding_idx': 0, 'vocab_size': 7311}",
    "day_of_week": "{'source': '', 'type': 'categorical', 'padding_idx': 0, 'vocab_size': 8}",
    "hour": "{'source': '', 'type': 'categorical', 'padding_idx': 0, 'vocab_size': 25}",
    "is_weekend": "{'source': '', 'type': 'categorical', 'padding_idx': 0, 'vocab_size': 3}",
    "item_condition_id": "{'source': 'item', 'type': 'categorical', 'padding_idx': 0, 'vocab_size': 7}",
    "item_id": "{'source': 'item', 'type': 'categorical', 'padding_idx': 0, 'vocab_size': 43817684}",
    "item_index": "{'type': 'meta'}",
    "price_bucket": "{'source': 'item', 'type': 'categorical', 'padding_idx': 0, 'vocab_size': 10}",
    "product_id": "{'source': 'item', 'type': 'categorical', 'padding_idx': 0, 'vocab_size': 893620}",
    "seq_len": "{'type': 'meta'}",
    "session_id": "{'source': '', 'type': 'categorical', 'padding_idx': 0, 'vocab_size': 3701837}",
    "shipper_id": "{'source': 'item', 'type': 'categorical', 'padding_idx': 0, 'vocab_size': 3}",
    "size_id": "{'source': 'item', 'type': 'categorical', 'padding_idx': 0, 'vocab_size': 356}",
    "user_id": "{'source': '', 'type': 'categorical', 'padding_idx': 0, 'vocab_size': 1697916}",
    "user_index": "{'type': 'meta'}"
}
2026-07-12 20:17:01,253 P3652755 INFO Optimizers: dense=AdamW(lr=0.0001, weight_decay=0, params=12848981), sparse=Adagrad(lr=0.05, params=802271456)
2026-07-12 20:17:01,254 P3652755 INFO ************ compile start ************
2026-07-12 20:17:02,907 P3652755 INFO Compiled dense module: unified_tokenizer_layer
2026-07-12 20:17:02,909 P3652755 INFO Compiled dense module: attention_layers
2026-07-12 20:17:02,910 P3652755 INFO Compiled dense module: unified_interaction_layers
2026-07-12 20:17:02,911 P3652755 INFO Compiled dense module: tower.0
2026-07-12 20:17:02,912 P3652755 INFO Compiled dense module: tower.1
2026-07-12 20:17:02,913 P3652755 INFO Compiled dense module: tower.2
2026-07-12 20:17:02,914 P3652755 INFO Compiled dense module: tower.3
2026-07-12 20:17:02,915 P3652755 INFO Compiled dense module: tower.4
2026-07-12 20:17:06,825 P3652755 INFO Total number of parameters: 815120437.
2026-07-12 20:17:06,826 P3652755 INFO Number of embedding parameters: 802271456.
2026-07-12 20:17:06,826 P3652755 INFO Number of dense parameters: 12848981.
2026-07-12 20:17:06,826 P3652755 INFO Loading datasets...
2026-07-12 20:17:06,861 P3652755 INFO Train samples: total/36090865, blocks/2
2026-07-12 20:17:06,889 P3652755 INFO Validation samples: total/4124870, blocks/2
2026-07-12 20:17:06,889 P3652755 INFO Loading train and validation data done.
2026-07-12 20:17:06,894 P3652755 INFO BF16 mixed precision: True
2026-07-12 20:17:06,894 P3652755 INFO Start training: 4405 local batches/epoch
2026-07-12 20:17:06,895 P3652755 INFO DDP blocked training: True
2026-07-12 20:17:06,895 P3652755 INFO Disable step-wise eval and use epoch-end synchronized eval for DDP + blocked dataloader.
2026-07-12 20:17:06,895 P3652755 INFO ************ Epoch=1 start ************
2026-07-12 20:28:10,087 P3652755 INFO Train loss: 0.422675
2026-07-12 20:28:10,101 P3652755 INFO Evaluation @epoch 1 - batch 4405: 
2026-07-12 20:28:59,384 P3652755 INFO [Task: Like][Metrics] AUC: 0.754760 - logloss: 0.328572
2026-07-12 20:29:10,274 P3652755 INFO [Task: Cart][Metrics] AUC: 0.810451 - logloss: 0.055851
2026-07-12 20:29:20,266 P3652755 INFO [Task: Offer][Metrics] AUC: 0.780589 - logloss: 0.023872
2026-07-12 20:29:29,198 P3652755 INFO [Task: Checkout][Metrics] AUC: 0.856096 - logloss: 0.007420
2026-07-12 20:29:38,119 P3652755 INFO [Task: Purchase][Metrics] AUC: 0.859276 - logloss: 0.004920
2026-07-12 20:29:38,523 P3652755 INFO Save best model: monitor(max)=1.545628
2026-07-12 20:29:42,596 P3652755 INFO ************ Epoch=1 end ************
2026-07-12 20:29:42,596 P3652755 INFO Training finished.
2026-07-12 20:29:42,597 P3652755 INFO Load best model: /mnt/ceph-nj1-csp/bingoozhang/salmonli/ft_local/UniRank/checkpoints/MerRec_Action/TokenMixer_MerRec_Action.model
2026-07-12 20:29:45,779 P3652755 INFO ******** Test evaluation ********
2026-07-12 20:29:45,779 P3652755 INFO Loading datasets...
2026-07-12 20:29:45,814 P3652755 INFO Test samples: total/2919932, blocks/2
2026-07-12 20:29:45,815 P3652755 INFO Loading test data done.
2026-07-12 20:30:16,314 P3652755 INFO [Task: Like][Metrics] logloss: 0.326024 - AUC: 0.753328
2026-07-12 20:30:24,137 P3652755 INFO [Task: Cart][Metrics] logloss: 0.052632 - AUC: 0.813297
2026-07-12 20:30:31,181 P3652755 INFO [Task: Offer][Metrics] logloss: 0.021042 - AUC: 0.781209
2026-07-12 20:30:37,532 P3652755 INFO [Task: Checkout][Metrics] logloss: 0.006331 - AUC: 0.856227
2026-07-12 20:30:43,881 P3652755 INFO [Task: Purchase][Metrics] logloss: 0.004048 - AUC: 0.859307
2026-07-12 20:30:45,073 P3652755 INFO Deleted model checkpoint: /mnt/ceph-nj1-csp/bingoozhang/salmonli/ft_local/UniRank/checkpoints/MerRec_Action/TokenMixer_MerRec_Action.model
