2026-07-12 23:22:14,593 P3823376 INFO UniRank version: 2.3.7
2026-07-12 23:22:14,594 P3823376 INFO Params: {
    "accumulation_steps": "1",
    "batch_size": "8192",
    "block_cache_size": "2",
    "blocked": "True",
    "data_format": "parquet",
    "data_root": "/mnt/ceph-nj1-csp/bingoozhang/salmonli/data",
    "dataset_id": "MerRec_Action",
    "debug_mode": "False",
    "dense_learning_rate": "0.0001",
    "dense_optimizer": "AdamW",
    "dense_weight_decay": "0",
    "distributed": "True",
    "early_stop_patience": "2",
    "embedding_dim": "16",
    "enable_bf16": "True",
    "epochs": "1",
    "eval_steps": "None",
    "feature_cols": "[{'name': 'user_index', 'active': True, 'dtype': 'int', 'type': 'meta'}, {'name': 'item_index', 'active': True, 'dtype': 'int', 'type': 'meta'}, {'name': 'seq_len', 'active': True, 'dtype': 'int', 'type': 'meta'}, {'name': 'user_id', 'active': True, 'dtype': 'int', 'type': 'categorical', 'vocab_size': 1697916}, {'name': 'item_id', 'active': True, 'dtype': 'int', 'type': 'categorical', 'vocab_size': 43817684, 'source': 'item'}, {'name': 'product_id', 'active': True, 'dtype': 'int', 'type': 'categorical', 'vocab_size': 893620, 'source': 'item'}, {'name': 'price_bucket', 'active': True, 'dtype': 'int', 'type': 'categorical', 'vocab_size': 10, 'source': 'item'}, {'name': 'c0_id', 'active': True, 'dtype': 'int', 'type': 'categorical', 'vocab_size': 18, 'source': 'item'}, {'name': 'c1_id', 'active': True, 'dtype': 'int', 'type': 'categorical', 'vocab_size': 310, 'source': 'item'}, {'name': 'c2_id', 'active': True, 'dtype': 'int', 'type': 'categorical', 'vocab_size': 3042, 'source': 'item'}, {'name': 'brand_id', 'active': True, 'dtype': 'int', 'type': 'categorical', 'vocab_size': 19783, 'source': 'item'}, {'name': 'item_condition_id', 'active': True, 'dtype': 'int', 'type': 'categorical', 'vocab_size': 7, 'source': 'item'}, {'name': 'size_id', 'active': True, 'dtype': 'int', 'type': 'categorical', 'vocab_size': 356, 'source': 'item'}, {'name': 'shipper_id', 'active': True, 'dtype': 'int', 'type': 'categorical', 'vocab_size': 3, 'source': 'item'}, {'name': 'color', 'active': True, 'dtype': 'int', 'type': 'categorical', 'vocab_size': 7311, 'source': 'item'}, {'name': 'session_id', 'active': True, 'dtype': 'int', 'type': 'categorical', 'vocab_size': 3701837}, {'name': 'day_of_week', 'active': True, 'dtype': 'int', 'type': 'categorical', 'vocab_size': 8}, {'name': 'is_weekend', 'active': True, 'dtype': 'int', 'type': 'categorical', 'vocab_size': 3}, {'name': 'hour', 'active': True, 'dtype': 'int', 'type': 'categorical', 'vocab_size': 25}, {'name': 'action', 'active': True, 'dtype': 'int', 'type': 'categorical', 'vocab_size': 33, 'source': 'action'}]",
    "feature_config": "None",
    "feature_specs": "None",
    "gpu": "0",
    "group_id": "user_index",
    "k1": "[32, 32, 16]",
    "k2": "[20, 10, 10]",
    "label_col": "[{'name': 'Like', 'dtype': 'float'}, {'name': 'Cart', 'dtype': 'float'}, {'name': 'Offer', 'dtype': 'float'}, {'name': 'Checkout', 'dtype': 'float'}, {'name': 'Purchase', 'dtype': 'float'}]",
    "local_rank": "0",
    "loss": "['binary_crossentropy', 'binary_crossentropy', 'binary_crossentropy', 'binary_crossentropy', 'binary_crossentropy']",
    "max_len": "100",
    "metrics": "['logloss', 'AUC', 'gAUC']",
    "model": "UltraHSTU",
    "model_id": "UltraHSTU_MerRec_Action",
    "model_root": "./checkpoints/",
    "monitor": "{'AUC': 1, 'logloss': 0, 'gAUC': 1}",
    "monitor_mode": "max",
    "net_dropout": "0",
    "num_heads": "1",
    "num_tasks": "5",
    "num_workers": "4",
    "pickle_feature_encoder": "True",
    "rank": "0",
    "rebuild_dataset": "False",
    "save_best_only": "True",
    "seed": "20262027",
    "shuffle": "True",
    "sparse_learning_rate": "0.05",
    "sparse_optimizer": "Adagrad",
    "task": "binary_classification",
    "test_data": "/mnt/ceph-nj1-csp/bingoozhang/salmonli/data/MerRec_Action/test/data",
    "test_item_info": "/mnt/ceph-nj1-csp/bingoozhang/salmonli/data/MerRec_Action/test/item_info",
    "test_user_info": "/mnt/ceph-nj1-csp/bingoozhang/salmonli/data/MerRec_Action/test/user_info",
    "token_dim": "256",
    "tower_activations": "ReLU",
    "tower_hidden_units": "[128, 64]",
    "train_data": "/mnt/ceph-nj1-csp/bingoozhang/salmonli/data/MerRec_Action/train/data",
    "train_item_info": "/mnt/ceph-nj1-csp/bingoozhang/salmonli/data/MerRec_Action/train/item_info",
    "train_user_info": "/mnt/ceph-nj1-csp/bingoozhang/salmonli/data/MerRec_Action/train/user_info",
    "truncation_ratio": "0.5",
    "truncation_start_layer": "2",
    "use_features": "None",
    "valid_data": "/mnt/ceph-nj1-csp/bingoozhang/salmonli/data/MerRec_Action/valid/data",
    "valid_item_info": "/mnt/ceph-nj1-csp/bingoozhang/salmonli/data/MerRec_Action/valid/item_info",
    "valid_user_info": "/mnt/ceph-nj1-csp/bingoozhang/salmonli/data/MerRec_Action/valid/user_info",
    "verbose": "1",
    "world_size": "4"
}
2026-07-12 23:22:14,596 P3823376 INFO Set up feature processor...
2026-07-12 23:22:14,596 P3823376 INFO Fit feature processor...
2026-07-12 23:22:14,596 P3823376 INFO Processing column: {'name': 'user_index', 'active': True, 'dtype': 'int', 'type': 'meta'}
2026-07-12 23:22:14,596 P3823376 INFO Processing column: {'name': 'item_index', 'active': True, 'dtype': 'int', 'type': 'meta'}
2026-07-12 23:22:14,596 P3823376 INFO Processing column: {'name': 'seq_len', 'active': True, 'dtype': 'int', 'type': 'meta'}
2026-07-12 23:22:14,596 P3823376 INFO Processing column: {'name': 'user_id', 'active': True, 'dtype': 'int', 'type': 'categorical', 'vocab_size': 1697916}
2026-07-12 23:22:14,927 P3823376 INFO Processing column: {'name': 'item_id', 'active': True, 'dtype': 'int', 'type': 'categorical', 'vocab_size': 43817684, 'source': 'item'}
2026-07-12 23:22:22,831 P3823376 INFO Processing column: {'name': 'product_id', 'active': True, 'dtype': 'int', 'type': 'categorical', 'vocab_size': 893620, 'source': 'item'}
2026-07-12 23:22:22,988 P3823376 INFO Processing column: {'name': 'price_bucket', 'active': True, 'dtype': 'int', 'type': 'categorical', 'vocab_size': 10, 'source': 'item'}
2026-07-12 23:22:22,989 P3823376 INFO Processing column: {'name': 'c0_id', 'active': True, 'dtype': 'int', 'type': 'categorical', 'vocab_size': 18, 'source': 'item'}
2026-07-12 23:22:22,989 P3823376 INFO Processing column: {'name': 'c1_id', 'active': True, 'dtype': 'int', 'type': 'categorical', 'vocab_size': 310, 'source': 'item'}
2026-07-12 23:22:22,989 P3823376 INFO Processing column: {'name': 'c2_id', 'active': True, 'dtype': 'int', 'type': 'categorical', 'vocab_size': 3042, 'source': 'item'}
2026-07-12 23:22:22,990 P3823376 INFO Processing column: {'name': 'brand_id', 'active': True, 'dtype': 'int', 'type': 'categorical', 'vocab_size': 19783, 'source': 'item'}
2026-07-12 23:22:22,993 P3823376 INFO Processing column: {'name': 'item_condition_id', 'active': True, 'dtype': 'int', 'type': 'categorical', 'vocab_size': 7, 'source': 'item'}
2026-07-12 23:22:22,993 P3823376 INFO Processing column: {'name': 'size_id', 'active': True, 'dtype': 'int', 'type': 'categorical', 'vocab_size': 356, 'source': 'item'}
2026-07-12 23:22:22,993 P3823376 INFO Processing column: {'name': 'shipper_id', 'active': True, 'dtype': 'int', 'type': 'categorical', 'vocab_size': 3, 'source': 'item'}
2026-07-12 23:22:22,994 P3823376 INFO Processing column: {'name': 'color', 'active': True, 'dtype': 'int', 'type': 'categorical', 'vocab_size': 7311, 'source': 'item'}
2026-07-12 23:22:22,995 P3823376 INFO Processing column: {'name': 'session_id', 'active': True, 'dtype': 'int', 'type': 'categorical', 'vocab_size': 3701837}
2026-07-12 23:22:23,688 P3823376 INFO Processing column: {'name': 'day_of_week', 'active': True, 'dtype': 'int', 'type': 'categorical', 'vocab_size': 8}
2026-07-12 23:22:23,688 P3823376 INFO Processing column: {'name': 'is_weekend', 'active': True, 'dtype': 'int', 'type': 'categorical', 'vocab_size': 3}
2026-07-12 23:22:23,689 P3823376 INFO Processing column: {'name': 'hour', 'active': True, 'dtype': 'int', 'type': 'categorical', 'vocab_size': 25}
2026-07-12 23:22:23,691 P3823376 INFO Processing column: {'name': 'action', 'active': True, 'dtype': 'int', 'type': 'categorical', 'vocab_size': 33, 'source': 'action'}
2026-07-12 23:22:23,694 P3823376 INFO Set column index...
2026-07-12 23:22:23,694 P3823376 INFO Save feature_map to json: /mnt/ceph-nj1-csp/bingoozhang/salmonli/data/MerRec_Action/feature_map.json
2026-07-12 23:22:23,703 P3823376 INFO Pickle feature_encode: /mnt/ceph-nj1-csp/bingoozhang/salmonli/data/MerRec_Action/feature_processor.pkl
2026-07-12 23:22:25,154 P3823376 INFO Save feature_vocab to json: /mnt/ceph-nj1-csp/bingoozhang/salmonli/data/MerRec_Action/feature_vocab.json
2026-07-12 23:23:08,574 P3823376 INFO Set feature processor done.
2026-07-12 23:23:08,586 P3823376 INFO Load feature_map from json: /mnt/ceph-nj1-csp/bingoozhang/salmonli/data/MerRec_Action/feature_map.json
2026-07-12 23:23:08,590 P3823376 INFO Set column index...
2026-07-12 23:23:08,590 P3823376 INFO Feature specs: {
    "action": "{'source': 'action', 'type': 'categorical', 'padding_idx': 0, 'vocab_size': 33}",
    "brand_id": "{'source': 'item', 'type': 'categorical', 'padding_idx': 0, 'vocab_size': 19783}",
    "c0_id": "{'source': 'item', 'type': 'categorical', 'padding_idx': 0, 'vocab_size': 18}",
    "c1_id": "{'source': 'item', 'type': 'categorical', 'padding_idx': 0, 'vocab_size': 310}",
    "c2_id": "{'source': 'item', 'type': 'categorical', 'padding_idx': 0, 'vocab_size': 3042}",
    "color": "{'source': 'item', 'type': 'categorical', 'padding_idx': 0, 'vocab_size': 7311}",
    "day_of_week": "{'source': '', 'type': 'categorical', 'padding_idx': 0, 'vocab_size': 8}",
    "hour": "{'source': '', 'type': 'categorical', 'padding_idx': 0, 'vocab_size': 25}",
    "is_weekend": "{'source': '', 'type': 'categorical', 'padding_idx': 0, 'vocab_size': 3}",
    "item_condition_id": "{'source': 'item', 'type': 'categorical', 'padding_idx': 0, 'vocab_size': 7}",
    "item_id": "{'source': 'item', 'type': 'categorical', 'padding_idx': 0, 'vocab_size': 43817684}",
    "item_index": "{'type': 'meta'}",
    "price_bucket": "{'source': 'item', 'type': 'categorical', 'padding_idx': 0, 'vocab_size': 10}",
    "product_id": "{'source': 'item', 'type': 'categorical', 'padding_idx': 0, 'vocab_size': 893620}",
    "seq_len": "{'type': 'meta'}",
    "session_id": "{'source': '', 'type': 'categorical', 'padding_idx': 0, 'vocab_size': 3701837}",
    "shipper_id": "{'source': 'item', 'type': 'categorical', 'padding_idx': 0, 'vocab_size': 3}",
    "size_id": "{'source': 'item', 'type': 'categorical', 'padding_idx': 0, 'vocab_size': 356}",
    "user_id": "{'source': '', 'type': 'categorical', 'padding_idx': 0, 'vocab_size': 1697916}",
    "user_index": "{'type': 'meta'}"
}
2026-07-12 23:23:15,794 P3823376 INFO Optimizers: dense=AdamW(lr=0.0001, weight_decay=0, params=5785093), sparse=Adagrad(lr=0.05, params=802276736)
2026-07-12 23:23:15,795 P3823376 INFO ************ compile start ************
2026-07-12 23:23:17,477 P3823376 INFO Compiled dense module: unified_tokenizer_layer
2026-07-12 23:23:17,479 P3823376 INFO Compiled dense module: unified_interaction_layers
2026-07-12 23:23:17,480 P3823376 INFO Compiled dense module: tower.0
2026-07-12 23:23:17,481 P3823376 INFO Compiled dense module: tower.1
2026-07-12 23:23:17,482 P3823376 INFO Compiled dense module: tower.2
2026-07-12 23:23:17,483 P3823376 INFO Compiled dense module: tower.3
2026-07-12 23:23:17,484 P3823376 INFO Compiled dense module: tower.4
2026-07-12 23:23:21,532 P3823376 INFO Total number of parameters: 808061829.
2026-07-12 23:23:21,532 P3823376 INFO Number of embedding parameters: 802276736.
2026-07-12 23:23:21,533 P3823376 INFO Number of dense parameters: 5785093.
2026-07-12 23:23:21,533 P3823376 INFO Loading datasets...
2026-07-12 23:23:21,567 P3823376 INFO Train samples: total/36090865, blocks/2
2026-07-12 23:23:21,602 P3823376 INFO Validation samples: total/4124870, blocks/2
2026-07-12 23:23:21,602 P3823376 INFO Loading train and validation data done.
2026-07-12 23:23:21,615 P3823376 INFO BF16 mixed precision: True
2026-07-12 23:23:21,615 P3823376 INFO Start training: 4405 local batches/epoch
2026-07-12 23:23:21,616 P3823376 INFO DDP blocked training: True
2026-07-12 23:23:21,616 P3823376 INFO Disable step-wise eval and use epoch-end synchronized eval for DDP + blocked dataloader.
2026-07-12 23:23:21,616 P3823376 INFO ************ Epoch=1 start ************
2026-07-13 00:03:39,752 P3823376 INFO Train loss: 0.354469
2026-07-13 00:03:39,767 P3823376 INFO Evaluation @epoch 1 - batch 4405: 
2026-07-13 00:06:14,121 P3823376 INFO [Task: Like][Metrics] AUC: 0.737894 - logloss: 0.339794 - gAUC: 0.667032
2026-07-13 00:06:24,877 P3823376 INFO [Task: Cart][Metrics] AUC: 0.794057 - logloss: 0.056944 - gAUC: 0.702414
2026-07-13 00:06:34,457 P3823376 INFO [Task: Offer][Metrics] AUC: 0.758434 - logloss: 0.024139 - gAUC: 0.674606
2026-07-13 00:06:43,195 P3823376 INFO [Task: Checkout][Metrics] AUC: 0.853524 - logloss: 0.006590 - gAUC: 0.739708
2026-07-13 00:06:52,091 P3823376 INFO [Task: Purchase][Metrics] AUC: 0.856487 - logloss: 0.004379 - gAUC: 0.744687
2026-07-13 00:06:52,581 P3823376 INFO Save best model: monitor(max)=1.505769
2026-07-13 00:06:56,792 P3823376 INFO ************ Epoch=1 end ************
2026-07-13 00:06:56,792 P3823376 INFO Training finished.
2026-07-13 00:06:56,792 P3823376 INFO Load best model: /mnt/ceph-nj1-csp/bingoozhang/salmonli/ft_local/UniRank/checkpoints/MerRec_Action/UltraHSTU_MerRec_Action.model
2026-07-13 00:06:59,924 P3823376 INFO ******** Test evaluation ********
2026-07-13 00:06:59,925 P3823376 INFO Loading datasets...
2026-07-13 00:06:59,964 P3823376 INFO Test samples: total/2919932, blocks/2
2026-07-13 00:06:59,965 P3823376 INFO Loading test data done.
2026-07-13 00:08:42,240 P3823376 INFO [Task: Like][Metrics] logloss: 0.334338 - AUC: 0.740020 - gAUC: 0.667974
2026-07-13 00:08:49,830 P3823376 INFO [Task: Cart][Metrics] logloss: 0.053400 - AUC: 0.801201 - gAUC: 0.704333
2026-07-13 00:08:56,703 P3823376 INFO [Task: Offer][Metrics] logloss: 0.021165 - AUC: 0.762526 - gAUC: 0.676692
2026-07-13 00:09:02,854 P3823376 INFO [Task: Checkout][Metrics] logloss: 0.005403 - AUC: 0.855777 - gAUC: 0.742806
2026-07-13 00:09:09,190 P3823376 INFO [Task: Purchase][Metrics] logloss: 0.003540 - AUC: 0.856416 - gAUC: 0.748109
2026-07-13 00:09:10,547 P3823376 INFO Deleted model checkpoint: /mnt/ceph-nj1-csp/bingoozhang/salmonli/ft_local/UniRank/checkpoints/MerRec_Action/UltraHSTU_MerRec_Action.model
