2026-07-12 18:44:10,239 P3549638 INFO UniRank version: 2.3.7
2026-07-12 18:44:10,239 P3549638 INFO Params: {
    "accumulation_steps": "1",
    "batch_size": "8192",
    "block_cache_size": "2",
    "blocked": "True",
    "data_format": "parquet",
    "data_root": "/mnt/ceph-nj1-csp/bingoozhang/salmonli/data",
    "dataset_id": "MerRec_Action",
    "debug_mode": "False",
    "dense_learning_rate": "0.0001",
    "dense_optimizer": "AdamW",
    "dense_weight_decay": "0",
    "distributed": "True",
    "early_stop_patience": "2",
    "embedding_dim": "16",
    "enable_bf16": "True",
    "epochs": "1",
    "eval_steps": "None",
    "expansion_factor": "2",
    "feature_cols": "[{'name': 'user_index', 'active': True, 'dtype': 'int', 'type': 'meta'}, {'name': 'item_index', 'active': True, 'dtype': 'int', 'type': 'meta'}, {'name': 'seq_len', 'active': True, 'dtype': 'int', 'type': 'meta'}, {'name': 'user_id', 'active': True, 'dtype': 'int', 'type': 'categorical', 'vocab_size': 1697916}, {'name': 'item_id', 'active': True, 'dtype': 'int', 'type': 'categorical', 'vocab_size': 43817684, 'source': 'item'}, {'name': 'product_id', 'active': True, 'dtype': 'int', 'type': 'categorical', 'vocab_size': 893620, 'source': 'item'}, {'name': 'price_bucket', 'active': True, 'dtype': 'int', 'type': 'categorical', 'vocab_size': 10, 'source': 'item'}, {'name': 'c0_id', 'active': True, 'dtype': 'int', 'type': 'categorical', 'vocab_size': 18, 'source': 'item'}, {'name': 'c1_id', 'active': True, 'dtype': 'int', 'type': 'categorical', 'vocab_size': 310, 'source': 'item'}, {'name': 'c2_id', 'active': True, 'dtype': 'int', 'type': 'categorical', 'vocab_size': 3042, 'source': 'item'}, {'name': 'brand_id', 'active': True, 'dtype': 'int', 'type': 'categorical', 'vocab_size': 19783, 'source': 'item'}, {'name': 'item_condition_id', 'active': True, 'dtype': 'int', 'type': 'categorical', 'vocab_size': 7, 'source': 'item'}, {'name': 'size_id', 'active': True, 'dtype': 'int', 'type': 'categorical', 'vocab_size': 356, 'source': 'item'}, {'name': 'shipper_id', 'active': True, 'dtype': 'int', 'type': 'categorical', 'vocab_size': 3, 'source': 'item'}, {'name': 'color', 'active': True, 'dtype': 'int', 'type': 'categorical', 'vocab_size': 7311, 'source': 'item'}, {'name': 'session_id', 'active': True, 'dtype': 'int', 'type': 'categorical', 'vocab_size': 3701837}, {'name': 'day_of_week', 'active': True, 'dtype': 'int', 'type': 'categorical', 'vocab_size': 8}, {'name': 'is_weekend', 'active': True, 'dtype': 'int', 'type': 'categorical', 'vocab_size': 3}, {'name': 'hour', 'active': True, 'dtype': 'int', 'type': 'categorical', 'vocab_size': 25}, {'name': 'action', 'active': True, 'dtype': 'int', 'type': 'categorical', 'vocab_size': 33, 'source': 'action'}]",
    "feature_config": "None",
    "feature_specs": "None",
    "global_rank": "64",
    "gpu": "0",
    "group_id": "user_index",
    "label_col": "[{'name': 'Like', 'dtype': 'float'}, {'name': 'Cart', 'dtype': 'float'}, {'name': 'Offer', 'dtype': 'float'}, {'name': 'Checkout', 'dtype': 'float'}, {'name': 'Purchase', 'dtype': 'float'}]",
    "local_rank": "0",
    "loss": "['binary_crossentropy', 'binary_crossentropy', 'binary_crossentropy', 'binary_crossentropy', 'binary_crossentropy']",
    "max_len": "100",
    "metrics": "['logloss', 'AUC', 'gAUC']",
    "model": "UniMixer",
    "model_id": "UniMixer_MerRec_Action",
    "model_root": "./checkpoints/",
    "monitor": "{'AUC': 1, 'logloss': 0, 'gAUC': 1}",
    "monitor_mode": "max",
    "net_dropout": "0",
    "num_basis": "8",
    "num_layers": "3",
    "num_tasks": "5",
    "num_tokens": "128",
    "num_workers": "4",
    "pickle_feature_encoder": "True",
    "rank": "0",
    "rebuild_dataset": "False",
    "save_best_only": "True",
    "seed": "20262027",
    "shuffle": "True",
    "sinkhorn_eps": "1e-06",
    "sinkhorn_iter": "5",
    "sparse_learning_rate": "0.05",
    "sparse_optimizer": "Adagrad",
    "task": "binary_classification",
    "tau": "1.0",
    "tau_anneal_steps": "20000",
    "tau_end": "0.05",
    "tau_schedule": "linear",
    "tau_warmup_steps": "1000",
    "test_data": "/mnt/ceph-nj1-csp/bingoozhang/salmonli/data/MerRec_Action/test/data",
    "test_item_info": "/mnt/ceph-nj1-csp/bingoozhang/salmonli/data/MerRec_Action/test/item_info",
    "test_user_info": "/mnt/ceph-nj1-csp/bingoozhang/salmonli/data/MerRec_Action/test/user_info",
    "token_dim": "8",
    "tower_activations": "ReLU",
    "tower_hidden_units": "[128, 64]",
    "train_data": "/mnt/ceph-nj1-csp/bingoozhang/salmonli/data/MerRec_Action/train/data",
    "train_item_info": "/mnt/ceph-nj1-csp/bingoozhang/salmonli/data/MerRec_Action/train/item_info",
    "train_user_info": "/mnt/ceph-nj1-csp/bingoozhang/salmonli/data/MerRec_Action/train/user_info",
    "use_features": "None",
    "use_local_coef_softmax": "True",
    "use_out_proj": "False",
    "use_tau_symmetry": "True",
    "valid_data": "/mnt/ceph-nj1-csp/bingoozhang/salmonli/data/MerRec_Action/valid/data",
    "valid_item_info": "/mnt/ceph-nj1-csp/bingoozhang/salmonli/data/MerRec_Action/valid/item_info",
    "valid_user_info": "/mnt/ceph-nj1-csp/bingoozhang/salmonli/data/MerRec_Action/valid/user_info",
    "verbose": "1",
    "world_size": "4"
}
2026-07-12 18:44:10,243 P3549638 INFO Set up feature processor...
2026-07-12 18:44:10,243 P3549638 INFO Fit feature processor...
2026-07-12 18:44:10,243 P3549638 INFO Processing column: {'name': 'user_index', 'active': True, 'dtype': 'int', 'type': 'meta'}
2026-07-12 18:44:10,244 P3549638 INFO Processing column: {'name': 'item_index', 'active': True, 'dtype': 'int', 'type': 'meta'}
2026-07-12 18:44:10,244 P3549638 INFO Processing column: {'name': 'seq_len', 'active': True, 'dtype': 'int', 'type': 'meta'}
2026-07-12 18:44:10,244 P3549638 INFO Processing column: {'name': 'user_id', 'active': True, 'dtype': 'int', 'type': 'categorical', 'vocab_size': 1697916}
2026-07-12 18:44:10,574 P3549638 INFO Processing column: {'name': 'item_id', 'active': True, 'dtype': 'int', 'type': 'categorical', 'vocab_size': 43817684, 'source': 'item'}
2026-07-12 18:44:18,700 P3549638 INFO Processing column: {'name': 'product_id', 'active': True, 'dtype': 'int', 'type': 'categorical', 'vocab_size': 893620, 'source': 'item'}
2026-07-12 18:44:18,867 P3549638 INFO Processing column: {'name': 'price_bucket', 'active': True, 'dtype': 'int', 'type': 'categorical', 'vocab_size': 10, 'source': 'item'}
2026-07-12 18:44:18,873 P3549638 INFO Processing column: {'name': 'c0_id', 'active': True, 'dtype': 'int', 'type': 'categorical', 'vocab_size': 18, 'source': 'item'}
2026-07-12 18:44:18,877 P3549638 INFO Processing column: {'name': 'c1_id', 'active': True, 'dtype': 'int', 'type': 'categorical', 'vocab_size': 310, 'source': 'item'}
2026-07-12 18:44:18,880 P3549638 INFO Processing column: {'name': 'c2_id', 'active': True, 'dtype': 'int', 'type': 'categorical', 'vocab_size': 3042, 'source': 'item'}
2026-07-12 18:44:18,882 P3549638 INFO Processing column: {'name': 'brand_id', 'active': True, 'dtype': 'int', 'type': 'categorical', 'vocab_size': 19783, 'source': 'item'}
2026-07-12 18:44:18,886 P3549638 INFO Processing column: {'name': 'item_condition_id', 'active': True, 'dtype': 'int', 'type': 'categorical', 'vocab_size': 7, 'source': 'item'}
2026-07-12 18:44:18,887 P3549638 INFO Processing column: {'name': 'size_id', 'active': True, 'dtype': 'int', 'type': 'categorical', 'vocab_size': 356, 'source': 'item'}
2026-07-12 18:44:18,887 P3549638 INFO Processing column: {'name': 'shipper_id', 'active': True, 'dtype': 'int', 'type': 'categorical', 'vocab_size': 3, 'source': 'item'}
2026-07-12 18:44:18,887 P3549638 INFO Processing column: {'name': 'color', 'active': True, 'dtype': 'int', 'type': 'categorical', 'vocab_size': 7311, 'source': 'item'}
2026-07-12 18:44:18,888 P3549638 INFO Processing column: {'name': 'session_id', 'active': True, 'dtype': 'int', 'type': 'categorical', 'vocab_size': 3701837}
2026-07-12 18:44:19,602 P3549638 INFO Processing column: {'name': 'day_of_week', 'active': True, 'dtype': 'int', 'type': 'categorical', 'vocab_size': 8}
2026-07-12 18:44:19,603 P3549638 INFO Processing column: {'name': 'is_weekend', 'active': True, 'dtype': 'int', 'type': 'categorical', 'vocab_size': 3}
2026-07-12 18:44:19,603 P3549638 INFO Processing column: {'name': 'hour', 'active': True, 'dtype': 'int', 'type': 'categorical', 'vocab_size': 25}
2026-07-12 18:44:19,604 P3549638 INFO Processing column: {'name': 'action', 'active': True, 'dtype': 'int', 'type': 'categorical', 'vocab_size': 33, 'source': 'action'}
2026-07-12 18:44:19,604 P3549638 INFO Set column index...
2026-07-12 18:44:19,604 P3549638 INFO Save feature_map to json: /mnt/ceph-nj1-csp/bingoozhang/salmonli/data/MerRec_Action/feature_map.json
2026-07-12 18:44:19,610 P3549638 INFO Pickle feature_encode: /mnt/ceph-nj1-csp/bingoozhang/salmonli/data/MerRec_Action/feature_processor.pkl
2026-07-12 18:44:21,073 P3549638 INFO Save feature_vocab to json: /mnt/ceph-nj1-csp/bingoozhang/salmonli/data/MerRec_Action/feature_vocab.json
2026-07-12 18:45:05,121 P3549638 INFO Set feature processor done.
2026-07-12 18:45:05,134 P3549638 INFO Load feature_map from json: /mnt/ceph-nj1-csp/bingoozhang/salmonli/data/MerRec_Action/feature_map.json
2026-07-12 18:45:05,137 P3549638 INFO Set column index...
2026-07-12 18:45:05,137 P3549638 INFO Feature specs: {
    "action": "{'source': 'action', 'type': 'categorical', 'padding_idx': 0, 'vocab_size': 33}",
    "brand_id": "{'source': 'item', 'type': 'categorical', 'padding_idx': 0, 'vocab_size': 19783}",
    "c0_id": "{'source': 'item', 'type': 'categorical', 'padding_idx': 0, 'vocab_size': 18}",
    "c1_id": "{'source': 'item', 'type': 'categorical', 'padding_idx': 0, 'vocab_size': 310}",
    "c2_id": "{'source': 'item', 'type': 'categorical', 'padding_idx': 0, 'vocab_size': 3042}",
    "color": "{'source': 'item', 'type': 'categorical', 'padding_idx': 0, 'vocab_size': 7311}",
    "day_of_week": "{'source': '', 'type': 'categorical', 'padding_idx': 0, 'vocab_size': 8}",
    "hour": "{'source': '', 'type': 'categorical', 'padding_idx': 0, 'vocab_size': 25}",
    "is_weekend": "{'source': '', 'type': 'categorical', 'padding_idx': 0, 'vocab_size': 3}",
    "item_condition_id": "{'source': 'item', 'type': 'categorical', 'padding_idx': 0, 'vocab_size': 7}",
    "item_id": "{'source': 'item', 'type': 'categorical', 'padding_idx': 0, 'vocab_size': 43817684}",
    "item_index": "{'type': 'meta'}",
    "price_bucket": "{'source': 'item', 'type': 'categorical', 'padding_idx': 0, 'vocab_size': 10}",
    "product_id": "{'source': 'item', 'type': 'categorical', 'padding_idx': 0, 'vocab_size': 893620}",
    "seq_len": "{'type': 'meta'}",
    "session_id": "{'source': '', 'type': 'categorical', 'padding_idx': 0, 'vocab_size': 3701837}",
    "shipper_id": "{'source': 'item', 'type': 'categorical', 'padding_idx': 0, 'vocab_size': 3}",
    "size_id": "{'source': 'item', 'type': 'categorical', 'padding_idx': 0, 'vocab_size': 356}",
    "user_id": "{'source': '', 'type': 'categorical', 'padding_idx': 0, 'vocab_size': 1697916}",
    "user_index": "{'type': 'meta'}"
}
2026-07-12 18:45:12,451 P3549638 INFO Optimizers: dense=AdamW(lr=0.0001, weight_decay=0, params=1071061), sparse=Adagrad(lr=0.05, params=802271456)
2026-07-12 18:45:12,455 P3549638 INFO ************ compile start ************
2026-07-12 18:45:14,130 P3549638 INFO Compiled dense module: unified_tokenizer_layer
2026-07-12 18:45:14,132 P3549638 INFO Compiled dense module: unified_interaction_layers
2026-07-12 18:45:14,133 P3549638 INFO Compiled dense module: tower.0
2026-07-12 18:45:14,134 P3549638 INFO Compiled dense module: tower.1
2026-07-12 18:45:14,135 P3549638 INFO Compiled dense module: tower.2
2026-07-12 18:45:14,136 P3549638 INFO Compiled dense module: tower.3
2026-07-12 18:45:14,137 P3549638 INFO Compiled dense module: tower.4
2026-07-12 18:45:18,134 P3549638 INFO Total number of parameters: 803342517.
2026-07-12 18:45:18,134 P3549638 INFO Number of embedding parameters: 802271456.
2026-07-12 18:45:18,134 P3549638 INFO Number of dense parameters: 1071061.
2026-07-12 18:45:18,134 P3549638 INFO Loading datasets...
2026-07-12 18:45:18,168 P3549638 INFO Train samples: total/36090865, blocks/2
2026-07-12 18:45:18,196 P3549638 INFO Validation samples: total/4124870, blocks/2
2026-07-12 18:45:18,196 P3549638 INFO Loading train and validation data done.
2026-07-12 18:45:18,213 P3549638 INFO BF16 mixed precision: True
2026-07-12 18:45:18,213 P3549638 INFO Start training: 4405 local batches/epoch
2026-07-12 18:45:18,213 P3549638 INFO DDP blocked training: True
2026-07-12 18:45:18,213 P3549638 INFO Disable step-wise eval and use epoch-end synchronized eval for DDP + blocked dataloader.
2026-07-12 18:45:18,213 P3549638 INFO ************ Epoch=1 start ************
2026-07-12 18:57:50,041 P3549638 INFO Train loss: 0.441522
2026-07-12 18:57:50,052 P3549638 INFO Evaluation @epoch 1 - batch 4405: 
2026-07-12 18:58:55,369 P3549638 INFO [Task: Like][Metrics] AUC: 0.766127 - logloss: 0.321078 - gAUC: 0.677278
2026-07-12 18:59:06,238 P3549638 INFO [Task: Cart][Metrics] AUC: 0.806199 - logloss: 0.055421 - gAUC: 0.710145
2026-07-12 18:59:15,981 P3549638 INFO [Task: Offer][Metrics] AUC: 0.711304 - logloss: 0.024739 - gAUC: 0.656502
2026-07-12 18:59:24,643 P3549638 INFO [Task: Checkout][Metrics] AUC: 0.827005 - logloss: 0.005515 - gAUC: 0.745590
2026-07-12 18:59:33,250 P3549638 INFO [Task: Purchase][Metrics] AUC: 0.831361 - logloss: 0.003691 - gAUC: 0.746979
2026-07-12 18:59:33,647 P3549638 INFO Save best model: monitor(max)=1.495698
2026-07-12 18:59:37,625 P3549638 INFO ************ Epoch=1 end ************
2026-07-12 18:59:37,625 P3549638 INFO Training finished.
2026-07-12 18:59:37,625 P3549638 INFO Load best model: /mnt/ceph-nj1-csp/bingoozhang/salmonli/ft_local/UniRank/checkpoints/MerRec_Action/UniMixer_MerRec_Action.model
2026-07-12 18:59:41,332 P3549638 INFO ******** Test evaluation ********
2026-07-12 18:59:41,333 P3549638 INFO Loading datasets...
2026-07-12 18:59:41,375 P3549638 INFO Test samples: total/2919932, blocks/2
2026-07-12 18:59:41,376 P3549638 INFO Loading test data done.
2026-07-12 19:00:14,871 P3549638 INFO [Task: Like][Metrics] logloss: 0.318227 - AUC: 0.765946 - gAUC: 0.674743
2026-07-12 19:00:22,522 P3549638 INFO [Task: Cart][Metrics] logloss: 0.052178 - AUC: 0.809827 - gAUC: 0.707752
2026-07-12 19:00:29,345 P3549638 INFO [Task: Offer][Metrics] logloss: 0.021818 - AUC: 0.708780 - gAUC: 0.652297
2026-07-12 19:00:35,453 P3549638 INFO [Task: Checkout][Metrics] logloss: 0.004758 - AUC: 0.825088 - gAUC: 0.749409
2026-07-12 19:00:41,769 P3549638 INFO [Task: Purchase][Metrics] logloss: 0.003085 - AUC: 0.826608 - gAUC: 0.752395
2026-07-12 19:00:43,137 P3549638 INFO Deleted model checkpoint: /mnt/ceph-nj1-csp/bingoozhang/salmonli/ft_local/UniRank/checkpoints/MerRec_Action/UniMixer_MerRec_Action.model
