2026-07-09 17:25:39,448 P1260441 INFO UniRank version: 2.3.7
2026-07-09 17:25:39,449 P1260441 INFO Params: {
    "accumulation_steps": "1",
    "batch_size": "8192",
    "block_cache_size": "2",
    "blocked": "True",
    "data_format": "parquet",
    "data_root": "/mnt/ceph-nj1-csp/bingoozhang/salmonli/data",
    "dataset_id": "Taobao_Action",
    "debug_mode": "False",
    "dense_learning_rate": "0.0001",
    "dense_optimizer": "AdamW",
    "dense_weight_decay": "0",
    "distributed": "True",
    "early_stop_patience": "2",
    "embedding_dim": "16",
    "enable_bf16": "True",
    "epochs": "1",
    "eval_steps": "None",
    "feature_cols": "[{'name': 'user_index', 'active': True, 'dtype': 'int', 'type': 'meta'}, {'name': 'item_index', 'active': True, 'dtype': 'int', 'type': 'meta'}, {'name': 'seq_len', 'active': True, 'dtype': 'int', 'type': 'meta'}, {'name': 'user_id', 'active': True, 'dtype': 'int', 'type': 'categorical', 'vocab_size': 470571}, {'name': 'item_id', 'active': True, 'dtype': 'int', 'type': 'categorical', 'vocab_size': 846812, 'source': 'item'}, {'name': 'cate_id', 'active': True, 'dtype': 'int', 'type': 'categorical', 'vocab_size': 6409, 'source': 'item'}, {'name': 'campaign_id', 'active': True, 'dtype': 'int', 'type': 'categorical', 'vocab_size': 354106, 'source': 'item'}, {'name': 'customer_id', 'active': True, 'dtype': 'int', 'type': 'categorical', 'vocab_size': 2, 'source': 'item'}, {'name': 'brand', 'active': True, 'dtype': 'int', 'type': 'categorical', 'vocab_size': 88145, 'source': 'item'}, {'name': 'price_bucket', 'active': True, 'dtype': 'int', 'type': 'categorical', 'vocab_size': 11, 'source': 'item'}, {'name': 'cms_segid', 'active': True, 'dtype': 'int', 'type': 'categorical', 'vocab_size': 99}, {'name': 'cms_group_id', 'active': True, 'dtype': 'int', 'type': 'categorical', 'vocab_size': 15}, {'name': 'final_gender_code', 'active': True, 'dtype': 'int', 'type': 'categorical', 'vocab_size': 4}, {'name': 'age_level', 'active': True, 'dtype': 'int', 'type': 'categorical', 'vocab_size': 9}, {'name': 'pvalue_level', 'active': True, 'dtype': 'int', 'type': 'categorical', 'vocab_size': 5}, {'name': 'shopping_level', 'active': True, 'dtype': 'int', 'type': 'categorical', 'vocab_size': 5}, {'name': 'occupation', 'active': True, 'dtype': 'int', 'type': 'categorical', 'vocab_size': 4}, {'name': 'new_user_class_level', 'active': True, 'dtype': 'int', 'type': 'categorical', 'vocab_size': 2}, {'name': 'pid', 'active': True, 'dtype': 'int', 'type': 'categorical', 'vocab_size': 4}, {'name': 'day_of_week', 'active': True, 'dtype': 'int', 'type': 'categorical', 'vocab_size': 8}, {'name': 'is_weekend', 'active': True, 'dtype': 'int', 'type': 'categorical', 'vocab_size': 3}, {'name': 'hour', 'active': True, 'dtype': 'int', 'type': 'categorical', 'vocab_size': 25}, {'name': 'action', 'active': True, 'dtype': 'int', 'type': 'categorical', 'vocab_size': 17, 'source': 'action'}]",
    "feature_config": "None",
    "feature_specs": "None",
    "gpu": "0",
    "group_id": "user_index",
    "label_col": "[{'name': 'is_click', 'dtype': 'float'}, {'name': 'cart', 'dtype': 'float'}, {'name': 'fav', 'dtype': 'float'}, {'name': 'buy', 'dtype': 'float'}]",
    "local_rank": "0",
    "loss": "['binary_crossentropy', 'binary_crossentropy', 'binary_crossentropy', 'binary_crossentropy']",
    "max_len": "100",
    "metrics": "['logloss', 'AUC', 'gAUC']",
    "model": "INFNet",
    "model_id": "INFNet_Taobao_Action",
    "model_root": "./checkpoints/",
    "monitor": "{'AUC': 1, 'logloss': 0, 'gAUC': 1}",
    "monitor_mode": "max",
    "net_dropout": "0",
    "num_c_hub_token": "8",
    "num_layers": "3",
    "num_t_hub_token": "2",
    "num_tasks": "4",
    "num_workers": "4",
    "pickle_feature_encoder": "True",
    "rank": "0",
    "rebuild_dataset": "False",
    "save_best_only": "True",
    "seed": "20262027",
    "shuffle": "True",
    "sparse_learning_rate": "0.05",
    "sparse_optimizer": "Adagrad",
    "task": "binary_classification",
    "test_data": "/mnt/ceph-nj1-csp/bingoozhang/salmonli/data/Taobao_Action/test/data",
    "test_item_info": "/mnt/ceph-nj1-csp/bingoozhang/salmonli/data/Taobao_Action/test/item_info",
    "test_user_info": "/mnt/ceph-nj1-csp/bingoozhang/salmonli/data/Taobao_Action/test/user_info",
    "token_dim": "256",
    "tower_activations": "ReLU",
    "tower_hidden_units": "[128, 64]",
    "train_data": "/mnt/ceph-nj1-csp/bingoozhang/salmonli/data/Taobao_Action/train/data",
    "train_item_info": "/mnt/ceph-nj1-csp/bingoozhang/salmonli/data/Taobao_Action/train/item_info",
    "train_user_info": "/mnt/ceph-nj1-csp/bingoozhang/salmonli/data/Taobao_Action/train/user_info",
    "use_features": "None",
    "valid_data": "/mnt/ceph-nj1-csp/bingoozhang/salmonli/data/Taobao_Action/valid/data",
    "valid_item_info": "/mnt/ceph-nj1-csp/bingoozhang/salmonli/data/Taobao_Action/valid/item_info",
    "valid_user_info": "/mnt/ceph-nj1-csp/bingoozhang/salmonli/data/Taobao_Action/valid/user_info",
    "verbose": "1",
    "world_size": "4"
}
2026-07-09 17:25:39,451 P1260441 INFO Set up feature processor...
2026-07-09 17:25:39,451 P1260441 INFO Fit feature processor...
2026-07-09 17:25:39,451 P1260441 INFO Processing column: {'name': 'user_index', 'active': True, 'dtype': 'int', 'type': 'meta'}
2026-07-09 17:25:39,451 P1260441 INFO Processing column: {'name': 'item_index', 'active': True, 'dtype': 'int', 'type': 'meta'}
2026-07-09 17:25:39,451 P1260441 INFO Processing column: {'name': 'seq_len', 'active': True, 'dtype': 'int', 'type': 'meta'}
2026-07-09 17:25:39,451 P1260441 INFO Processing column: {'name': 'user_id', 'active': True, 'dtype': 'int', 'type': 'categorical', 'vocab_size': 470571}
2026-07-09 17:25:39,541 P1260441 INFO Processing column: {'name': 'item_id', 'active': True, 'dtype': 'int', 'type': 'categorical', 'vocab_size': 846812, 'source': 'item'}
2026-07-09 17:25:39,708 P1260441 INFO Processing column: {'name': 'cate_id', 'active': True, 'dtype': 'int', 'type': 'categorical', 'vocab_size': 6409, 'source': 'item'}
2026-07-09 17:25:39,710 P1260441 INFO Processing column: {'name': 'campaign_id', 'active': True, 'dtype': 'int', 'type': 'categorical', 'vocab_size': 354106, 'source': 'item'}
2026-07-09 17:25:39,777 P1260441 INFO Processing column: {'name': 'customer_id', 'active': True, 'dtype': 'int', 'type': 'categorical', 'vocab_size': 2, 'source': 'item'}
2026-07-09 17:25:39,777 P1260441 INFO Processing column: {'name': 'brand', 'active': True, 'dtype': 'int', 'type': 'categorical', 'vocab_size': 88145, 'source': 'item'}
2026-07-09 17:25:39,792 P1260441 INFO Processing column: {'name': 'price_bucket', 'active': True, 'dtype': 'int', 'type': 'categorical', 'vocab_size': 11, 'source': 'item'}
2026-07-09 17:25:39,792 P1260441 INFO Processing column: {'name': 'cms_segid', 'active': True, 'dtype': 'int', 'type': 'categorical', 'vocab_size': 99}
2026-07-09 17:25:39,792 P1260441 INFO Processing column: {'name': 'cms_group_id', 'active': True, 'dtype': 'int', 'type': 'categorical', 'vocab_size': 15}
2026-07-09 17:25:39,792 P1260441 INFO Processing column: {'name': 'final_gender_code', 'active': True, 'dtype': 'int', 'type': 'categorical', 'vocab_size': 4}
2026-07-09 17:25:39,793 P1260441 INFO Processing column: {'name': 'age_level', 'active': True, 'dtype': 'int', 'type': 'categorical', 'vocab_size': 9}
2026-07-09 17:25:39,793 P1260441 INFO Processing column: {'name': 'pvalue_level', 'active': True, 'dtype': 'int', 'type': 'categorical', 'vocab_size': 5}
2026-07-09 17:25:39,793 P1260441 INFO Processing column: {'name': 'shopping_level', 'active': True, 'dtype': 'int', 'type': 'categorical', 'vocab_size': 5}
2026-07-09 17:25:39,793 P1260441 INFO Processing column: {'name': 'occupation', 'active': True, 'dtype': 'int', 'type': 'categorical', 'vocab_size': 4}
2026-07-09 17:25:39,793 P1260441 INFO Processing column: {'name': 'new_user_class_level', 'active': True, 'dtype': 'int', 'type': 'categorical', 'vocab_size': 2}
2026-07-09 17:25:39,793 P1260441 INFO Processing column: {'name': 'pid', 'active': True, 'dtype': 'int', 'type': 'categorical', 'vocab_size': 4}
2026-07-09 17:25:39,793 P1260441 INFO Processing column: {'name': 'day_of_week', 'active': True, 'dtype': 'int', 'type': 'categorical', 'vocab_size': 8}
2026-07-09 17:25:39,793 P1260441 INFO Processing column: {'name': 'is_weekend', 'active': True, 'dtype': 'int', 'type': 'categorical', 'vocab_size': 3}
2026-07-09 17:25:39,793 P1260441 INFO Processing column: {'name': 'hour', 'active': True, 'dtype': 'int', 'type': 'categorical', 'vocab_size': 25}
2026-07-09 17:25:39,793 P1260441 INFO Processing column: {'name': 'action', 'active': True, 'dtype': 'int', 'type': 'categorical', 'vocab_size': 17, 'source': 'action'}
2026-07-09 17:25:39,794 P1260441 INFO Set column index...
2026-07-09 17:25:39,794 P1260441 INFO Save feature_map to json: /mnt/ceph-nj1-csp/bingoozhang/salmonli/data/Taobao_Action/feature_map.json
2026-07-09 17:25:39,860 P1260441 INFO Pickle feature_encode: /mnt/ceph-nj1-csp/bingoozhang/salmonli/data/Taobao_Action/feature_processor.pkl
2026-07-09 17:25:39,983 P1260441 INFO Save feature_vocab to json: /mnt/ceph-nj1-csp/bingoozhang/salmonli/data/Taobao_Action/feature_vocab.json
2026-07-09 17:25:41,625 P1260441 INFO Set feature processor done.
2026-07-09 17:25:41,651 P1260441 INFO Load feature_map from json: /mnt/ceph-nj1-csp/bingoozhang/salmonli/data/Taobao_Action/feature_map.json
2026-07-09 17:25:41,652 P1260441 INFO Set column index...
2026-07-09 17:25:41,653 P1260441 INFO Feature specs: {
    "action": "{'source': 'action', 'type': 'categorical', 'padding_idx': 0, 'vocab_size': 17}",
    "age_level": "{'source': '', 'type': 'categorical', 'padding_idx': 0, 'vocab_size': 9}",
    "brand": "{'source': 'item', 'type': 'categorical', 'padding_idx': 0, 'vocab_size': 88145}",
    "campaign_id": "{'source': 'item', 'type': 'categorical', 'padding_idx': 0, 'vocab_size': 354106}",
    "cate_id": "{'source': 'item', 'type': 'categorical', 'padding_idx': 0, 'vocab_size': 6409}",
    "cms_group_id": "{'source': '', 'type': 'categorical', 'padding_idx': 0, 'vocab_size': 15}",
    "cms_segid": "{'source': '', 'type': 'categorical', 'padding_idx': 0, 'vocab_size': 99}",
    "customer_id": "{'source': 'item', 'type': 'categorical', 'padding_idx': 0, 'vocab_size': 2}",
    "day_of_week": "{'source': '', 'type': 'categorical', 'padding_idx': 0, 'vocab_size': 8}",
    "final_gender_code": "{'source': '', 'type': 'categorical', 'padding_idx': 0, 'vocab_size': 4}",
    "hour": "{'source': '', 'type': 'categorical', 'padding_idx': 0, 'vocab_size': 25}",
    "is_weekend": "{'source': '', 'type': 'categorical', 'padding_idx': 0, 'vocab_size': 3}",
    "item_id": "{'source': 'item', 'type': 'categorical', 'padding_idx': 0, 'vocab_size': 846812}",
    "item_index": "{'type': 'meta'}",
    "new_user_class_level": "{'source': '', 'type': 'categorical', 'padding_idx': 0, 'vocab_size': 2}",
    "occupation": "{'source': '', 'type': 'categorical', 'padding_idx': 0, 'vocab_size': 4}",
    "pid": "{'source': '', 'type': 'categorical', 'padding_idx': 0, 'vocab_size': 4}",
    "price_bucket": "{'source': 'item', 'type': 'categorical', 'padding_idx': 0, 'vocab_size': 11}",
    "pvalue_level": "{'source': '', 'type': 'categorical', 'padding_idx': 0, 'vocab_size': 5}",
    "seq_len": "{'type': 'meta'}",
    "shopping_level": "{'source': '', 'type': 'categorical', 'padding_idx': 0, 'vocab_size': 5}",
    "user_id": "{'source': '', 'type': 'categorical', 'padding_idx': 0, 'vocab_size': 470571}",
    "user_index": "{'type': 'meta'}"
}
2026-07-09 17:25:42,005 P1260441 INFO Optimizers: dense=AdamW(lr=0.0001, weight_decay=0, params=23515396), sparse=Adagrad(lr=0.05, params=28260096)
2026-07-09 17:25:42,006 P1260441 INFO ************ compile start ************
2026-07-09 17:25:43,117 P1260441 INFO Compiled dense module: tokenizer_layer
2026-07-09 17:25:43,119 P1260441 INFO Compiled dense module: seq_org_proj
2026-07-09 17:25:43,120 P1260441 INFO Compiled dense module: unified_layers
2026-07-09 17:25:43,121 P1260441 INFO Compiled dense module: seq_hub_projs.0
2026-07-09 17:25:43,122 P1260441 INFO Compiled dense module: seq_hub_projs.1
2026-07-09 17:25:43,123 P1260441 INFO Compiled dense module: seq_hub_projs.2
2026-07-09 17:25:43,124 P1260441 INFO Compiled dense module: seq_hub_projs.3
2026-07-09 17:25:43,125 P1260441 INFO Compiled dense module: tower.0
2026-07-09 17:25:43,126 P1260441 INFO Compiled dense module: tower.1
2026-07-09 17:25:43,127 P1260441 INFO Compiled dense module: tower.2
2026-07-09 17:25:43,128 P1260441 INFO Compiled dense module: tower.3
2026-07-09 17:25:43,490 P1260441 INFO Total number of parameters: 51775492.
2026-07-09 17:25:43,490 P1260441 INFO Number of embedding parameters: 28260096.
2026-07-09 17:25:43,490 P1260441 INFO Number of dense parameters: 23515396.
2026-07-09 17:25:43,490 P1260441 INFO Loading datasets...
2026-07-09 17:25:43,525 P1260441 INFO Train samples: total/2218860, blocks/2
2026-07-09 17:25:43,542 P1260441 INFO Validation samples: total/722353, blocks/2
2026-07-09 17:25:43,542 P1260441 INFO Loading train and validation data done.
2026-07-09 17:25:43,551 P1260441 INFO BF16 mixed precision: True
2026-07-09 17:25:43,551 P1260441 INFO Start training: 270 local batches/epoch
2026-07-09 17:25:43,551 P1260441 INFO DDP blocked training: True
2026-07-09 17:25:43,551 P1260441 INFO Disable step-wise eval and use epoch-end synchronized eval for DDP + blocked dataloader.
2026-07-09 17:25:43,551 P1260441 INFO ************ Epoch=1 start ************
2026-07-09 17:29:00,278 P1260441 INFO Train loss: 0.262447
2026-07-09 17:29:00,283 P1260441 INFO Evaluation @epoch 1 - batch 270: 
2026-07-09 17:29:22,287 P1260441 INFO [Task: is_click][Metrics] AUC: 0.637998 - logloss: 0.185509 - gAUC: 0.605940
2026-07-09 17:29:23,512 P1260441 INFO [Task: cart][Metrics] AUC: 0.838943 - logloss: 0.020649 - gAUC: 0.769727
2026-07-09 17:29:24,694 P1260441 INFO [Task: fav][Metrics] AUC: 0.855861 - logloss: 0.015884 - gAUC: 0.775912
2026-07-09 17:29:25,807 P1260441 INFO [Task: buy][Metrics] AUC: 0.864499 - logloss: 0.008838 - gAUC: 0.785623
2026-07-09 17:29:25,866 P1260441 INFO Save best model: monitor(max)=1.533626
2026-07-09 17:29:26,117 P1260441 INFO ************ Epoch=1 end ************
2026-07-09 17:29:26,119 P1260441 INFO Training finished.
2026-07-09 17:29:26,119 P1260441 INFO Load best model: /mnt/ceph-nj1-csp/bingoozhang/salmonli/ft_local/UniRank/checkpoints/Taobao_Action/INFNet_Taobao_Action.model
2026-07-09 17:29:26,886 P1260441 INFO ******** Test evaluation ********
2026-07-09 17:29:26,887 P1260441 INFO Loading datasets...
2026-07-09 17:29:26,905 P1260441 INFO Test samples: total/726005, blocks/2
2026-07-09 17:29:26,906 P1260441 INFO Loading test data done.
2026-07-09 17:29:35,195 P1260441 INFO [Task: is_click][Metrics] logloss: 0.187018 - AUC: 0.632517 - gAUC: 0.601044
2026-07-09 17:29:36,526 P1260441 INFO [Task: cart][Metrics] logloss: 0.018404 - AUC: 0.831975 - gAUC: 0.757473
2026-07-09 17:29:37,840 P1260441 INFO [Task: fav][Metrics] logloss: 0.014107 - AUC: 0.850655 - gAUC: 0.771542
2026-07-09 17:29:39,033 P1260441 INFO [Task: buy][Metrics] logloss: 0.006386 - AUC: 0.852461 - gAUC: 0.778599
2026-07-09 17:29:39,680 P1260441 INFO Deleted model checkpoint: /mnt/ceph-nj1-csp/bingoozhang/salmonli/ft_local/UniRank/checkpoints/Taobao_Action/INFNet_Taobao_Action.model
