2026-07-09 18:14:39,706 P1414192 INFO UniRank version: 2.3.7
2026-07-09 18:14:39,706 P1414192 INFO Params: {
    "accumulation_steps": "1",
    "attention_dropout": "0",
    "batch_size": "8192",
    "block_cache_size": "2",
    "blocked": "True",
    "data_format": "parquet",
    "data_root": "/mnt/ceph-nj1-csp/bingoozhang/salmonli/data",
    "dataset_id": "Taobao_Action",
    "debug_mode": "False",
    "dense_learning_rate": "0.0001",
    "dense_optimizer": "AdamW",
    "dense_weight_decay": "0",
    "distributed": "True",
    "early_stop_patience": "2",
    "embedding_dim": "16",
    "enable_bf16": "True",
    "epochs": "1",
    "eval_steps": "None",
    "feature_cols": "[{'name': 'user_index', 'active': True, 'dtype': 'int', 'type': 'meta'}, {'name': 'item_index', 'active': True, 'dtype': 'int', 'type': 'meta'}, {'name': 'seq_len', 'active': True, 'dtype': 'int', 'type': 'meta'}, {'name': 'user_id', 'active': True, 'dtype': 'int', 'type': 'categorical', 'vocab_size': 470571}, {'name': 'item_id', 'active': True, 'dtype': 'int', 'type': 'categorical', 'vocab_size': 846812, 'source': 'item'}, {'name': 'cate_id', 'active': True, 'dtype': 'int', 'type': 'categorical', 'vocab_size': 6409, 'source': 'item'}, {'name': 'campaign_id', 'active': True, 'dtype': 'int', 'type': 'categorical', 'vocab_size': 354106, 'source': 'item'}, {'name': 'customer_id', 'active': True, 'dtype': 'int', 'type': 'categorical', 'vocab_size': 2, 'source': 'item'}, {'name': 'brand', 'active': True, 'dtype': 'int', 'type': 'categorical', 'vocab_size': 88145, 'source': 'item'}, {'name': 'price_bucket', 'active': True, 'dtype': 'int', 'type': 'categorical', 'vocab_size': 11, 'source': 'item'}, {'name': 'cms_segid', 'active': True, 'dtype': 'int', 'type': 'categorical', 'vocab_size': 99}, {'name': 'cms_group_id', 'active': True, 'dtype': 'int', 'type': 'categorical', 'vocab_size': 15}, {'name': 'final_gender_code', 'active': True, 'dtype': 'int', 'type': 'categorical', 'vocab_size': 4}, {'name': 'age_level', 'active': True, 'dtype': 'int', 'type': 'categorical', 'vocab_size': 9}, {'name': 'pvalue_level', 'active': True, 'dtype': 'int', 'type': 'categorical', 'vocab_size': 5}, {'name': 'shopping_level', 'active': True, 'dtype': 'int', 'type': 'categorical', 'vocab_size': 5}, {'name': 'occupation', 'active': True, 'dtype': 'int', 'type': 'categorical', 'vocab_size': 4}, {'name': 'new_user_class_level', 'active': True, 'dtype': 'int', 'type': 'categorical', 'vocab_size': 2}, {'name': 'pid', 'active': True, 'dtype': 'int', 'type': 'categorical', 'vocab_size': 4}, {'name': 'day_of_week', 'active': True, 'dtype': 'int', 'type': 'categorical', 'vocab_size': 8}, {'name': 'is_weekend', 'active': True, 'dtype': 'int', 'type': 'categorical', 'vocab_size': 3}, {'name': 'hour', 'active': True, 'dtype': 'int', 'type': 'categorical', 'vocab_size': 25}, {'name': 'action', 'active': True, 'dtype': 'int', 'type': 'categorical', 'vocab_size': 17, 'source': 'action'}]",
    "feature_config": "None",
    "feature_specs": "None",
    "gpu": "0",
    "group_id": "user_index",
    "init_alpha": "0.1",
    "label_col": "[{'name': 'is_click', 'dtype': 'float'}, {'name': 'cart', 'dtype': 'float'}, {'name': 'fav', 'dtype': 'float'}, {'name': 'buy', 'dtype': 'float'}]",
    "local_rank": "0",
    "loss": "['binary_crossentropy', 'binary_crossentropy', 'binary_crossentropy', 'binary_crossentropy']",
    "max_len": "100",
    "metrics": "['logloss', 'AUC', 'gAUC']",
    "model": "SSR",
    "model_id": "SSR_Taobao_Action",
    "model_root": "./checkpoints/",
    "monitor": "{'AUC': 1, 'logloss': 0, 'gAUC': 1}",
    "monitor_mode": "max",
    "net_dropout": "0",
    "num_iters": "5",
    "num_layers": "3",
    "num_ns_token": "4",
    "num_tasks": "4",
    "num_workers": "4",
    "pickle_feature_encoder": "True",
    "rank": "0",
    "rebuild_dataset": "False",
    "save_best_only": "True",
    "seed": "20262027",
    "shuffle": "True",
    "sparse_learning_rate": "0.05",
    "sparse_optimizer": "Adagrad",
    "task": "binary_classification",
    "test_data": "/mnt/ceph-nj1-csp/bingoozhang/salmonli/data/Taobao_Action/test/data",
    "test_item_info": "/mnt/ceph-nj1-csp/bingoozhang/salmonli/data/Taobao_Action/test/item_info",
    "test_user_info": "/mnt/ceph-nj1-csp/bingoozhang/salmonli/data/Taobao_Action/test/user_info",
    "token_dim": "256",
    "tower_activations": "ReLU",
    "tower_hidden_units": "[128, 64]",
    "train_data": "/mnt/ceph-nj1-csp/bingoozhang/salmonli/data/Taobao_Action/train/data",
    "train_item_info": "/mnt/ceph-nj1-csp/bingoozhang/salmonli/data/Taobao_Action/train/item_info",
    "train_user_info": "/mnt/ceph-nj1-csp/bingoozhang/salmonli/data/Taobao_Action/train/user_info",
    "use_features": "None",
    "valid_data": "/mnt/ceph-nj1-csp/bingoozhang/salmonli/data/Taobao_Action/valid/data",
    "valid_item_info": "/mnt/ceph-nj1-csp/bingoozhang/salmonli/data/Taobao_Action/valid/item_info",
    "valid_user_info": "/mnt/ceph-nj1-csp/bingoozhang/salmonli/data/Taobao_Action/valid/user_info",
    "verbose": "1",
    "world_size": "4"
}
2026-07-09 18:14:39,708 P1414192 INFO Set up feature processor...
2026-07-09 18:14:39,709 P1414192 INFO Fit feature processor...
2026-07-09 18:14:39,709 P1414192 INFO Processing column: {'name': 'user_index', 'active': True, 'dtype': 'int', 'type': 'meta'}
2026-07-09 18:14:39,709 P1414192 INFO Processing column: {'name': 'item_index', 'active': True, 'dtype': 'int', 'type': 'meta'}
2026-07-09 18:14:39,709 P1414192 INFO Processing column: {'name': 'seq_len', 'active': True, 'dtype': 'int', 'type': 'meta'}
2026-07-09 18:14:39,709 P1414192 INFO Processing column: {'name': 'user_id', 'active': True, 'dtype': 'int', 'type': 'categorical', 'vocab_size': 470571}
2026-07-09 18:14:39,796 P1414192 INFO Processing column: {'name': 'item_id', 'active': True, 'dtype': 'int', 'type': 'categorical', 'vocab_size': 846812, 'source': 'item'}
2026-07-09 18:14:39,960 P1414192 INFO Processing column: {'name': 'cate_id', 'active': True, 'dtype': 'int', 'type': 'categorical', 'vocab_size': 6409, 'source': 'item'}
2026-07-09 18:14:39,961 P1414192 INFO Processing column: {'name': 'campaign_id', 'active': True, 'dtype': 'int', 'type': 'categorical', 'vocab_size': 354106, 'source': 'item'}
2026-07-09 18:14:40,025 P1414192 INFO Processing column: {'name': 'customer_id', 'active': True, 'dtype': 'int', 'type': 'categorical', 'vocab_size': 2, 'source': 'item'}
2026-07-09 18:14:40,026 P1414192 INFO Processing column: {'name': 'brand', 'active': True, 'dtype': 'int', 'type': 'categorical', 'vocab_size': 88145, 'source': 'item'}
2026-07-09 18:14:40,040 P1414192 INFO Processing column: {'name': 'price_bucket', 'active': True, 'dtype': 'int', 'type': 'categorical', 'vocab_size': 11, 'source': 'item'}
2026-07-09 18:14:40,040 P1414192 INFO Processing column: {'name': 'cms_segid', 'active': True, 'dtype': 'int', 'type': 'categorical', 'vocab_size': 99}
2026-07-09 18:14:40,040 P1414192 INFO Processing column: {'name': 'cms_group_id', 'active': True, 'dtype': 'int', 'type': 'categorical', 'vocab_size': 15}
2026-07-09 18:14:40,041 P1414192 INFO Processing column: {'name': 'final_gender_code', 'active': True, 'dtype': 'int', 'type': 'categorical', 'vocab_size': 4}
2026-07-09 18:14:40,041 P1414192 INFO Processing column: {'name': 'age_level', 'active': True, 'dtype': 'int', 'type': 'categorical', 'vocab_size': 9}
2026-07-09 18:14:40,041 P1414192 INFO Processing column: {'name': 'pvalue_level', 'active': True, 'dtype': 'int', 'type': 'categorical', 'vocab_size': 5}
2026-07-09 18:14:40,041 P1414192 INFO Processing column: {'name': 'shopping_level', 'active': True, 'dtype': 'int', 'type': 'categorical', 'vocab_size': 5}
2026-07-09 18:14:40,041 P1414192 INFO Processing column: {'name': 'occupation', 'active': True, 'dtype': 'int', 'type': 'categorical', 'vocab_size': 4}
2026-07-09 18:14:40,041 P1414192 INFO Processing column: {'name': 'new_user_class_level', 'active': True, 'dtype': 'int', 'type': 'categorical', 'vocab_size': 2}
2026-07-09 18:14:40,041 P1414192 INFO Processing column: {'name': 'pid', 'active': True, 'dtype': 'int', 'type': 'categorical', 'vocab_size': 4}
2026-07-09 18:14:40,041 P1414192 INFO Processing column: {'name': 'day_of_week', 'active': True, 'dtype': 'int', 'type': 'categorical', 'vocab_size': 8}
2026-07-09 18:14:40,041 P1414192 INFO Processing column: {'name': 'is_weekend', 'active': True, 'dtype': 'int', 'type': 'categorical', 'vocab_size': 3}
2026-07-09 18:14:40,041 P1414192 INFO Processing column: {'name': 'hour', 'active': True, 'dtype': 'int', 'type': 'categorical', 'vocab_size': 25}
2026-07-09 18:14:40,041 P1414192 INFO Processing column: {'name': 'action', 'active': True, 'dtype': 'int', 'type': 'categorical', 'vocab_size': 17, 'source': 'action'}
2026-07-09 18:14:40,042 P1414192 INFO Set column index...
2026-07-09 18:14:40,042 P1414192 INFO Save feature_map to json: /mnt/ceph-nj1-csp/bingoozhang/salmonli/data/Taobao_Action/feature_map.json
2026-07-09 18:14:40,110 P1414192 INFO Pickle feature_encode: /mnt/ceph-nj1-csp/bingoozhang/salmonli/data/Taobao_Action/feature_processor.pkl
2026-07-09 18:14:40,236 P1414192 INFO Save feature_vocab to json: /mnt/ceph-nj1-csp/bingoozhang/salmonli/data/Taobao_Action/feature_vocab.json
2026-07-09 18:14:41,800 P1414192 INFO Set feature processor done.
2026-07-09 18:14:41,826 P1414192 INFO Load feature_map from json: /mnt/ceph-nj1-csp/bingoozhang/salmonli/data/Taobao_Action/feature_map.json
2026-07-09 18:14:41,831 P1414192 INFO Set column index...
2026-07-09 18:14:41,832 P1414192 INFO Feature specs: {
    "action": "{'source': 'action', 'type': 'categorical', 'padding_idx': 0, 'vocab_size': 17}",
    "age_level": "{'source': '', 'type': 'categorical', 'padding_idx': 0, 'vocab_size': 9}",
    "brand": "{'source': 'item', 'type': 'categorical', 'padding_idx': 0, 'vocab_size': 88145}",
    "campaign_id": "{'source': 'item', 'type': 'categorical', 'padding_idx': 0, 'vocab_size': 354106}",
    "cate_id": "{'source': 'item', 'type': 'categorical', 'padding_idx': 0, 'vocab_size': 6409}",
    "cms_group_id": "{'source': '', 'type': 'categorical', 'padding_idx': 0, 'vocab_size': 15}",
    "cms_segid": "{'source': '', 'type': 'categorical', 'padding_idx': 0, 'vocab_size': 99}",
    "customer_id": "{'source': 'item', 'type': 'categorical', 'padding_idx': 0, 'vocab_size': 2}",
    "day_of_week": "{'source': '', 'type': 'categorical', 'padding_idx': 0, 'vocab_size': 8}",
    "final_gender_code": "{'source': '', 'type': 'categorical', 'padding_idx': 0, 'vocab_size': 4}",
    "hour": "{'source': '', 'type': 'categorical', 'padding_idx': 0, 'vocab_size': 25}",
    "is_weekend": "{'source': '', 'type': 'categorical', 'padding_idx': 0, 'vocab_size': 3}",
    "item_id": "{'source': 'item', 'type': 'categorical', 'padding_idx': 0, 'vocab_size': 846812}",
    "item_index": "{'type': 'meta'}",
    "new_user_class_level": "{'source': '', 'type': 'categorical', 'padding_idx': 0, 'vocab_size': 2}",
    "occupation": "{'source': '', 'type': 'categorical', 'padding_idx': 0, 'vocab_size': 4}",
    "pid": "{'source': '', 'type': 'categorical', 'padding_idx': 0, 'vocab_size': 4}",
    "price_bucket": "{'source': 'item', 'type': 'categorical', 'padding_idx': 0, 'vocab_size': 11}",
    "pvalue_level": "{'source': '', 'type': 'categorical', 'padding_idx': 0, 'vocab_size': 5}",
    "seq_len": "{'type': 'meta'}",
    "shopping_level": "{'source': '', 'type': 'categorical', 'padding_idx': 0, 'vocab_size': 5}",
    "user_id": "{'source': '', 'type': 'categorical', 'padding_idx': 0, 'vocab_size': 470571}",
    "user_index": "{'type': 'meta'}"
}
2026-07-09 18:14:42,095 P1414192 INFO Optimizers: dense=AdamW(lr=0.0001, weight_decay=0, params=3625536), sparse=Adagrad(lr=0.05, params=28260096)
2026-07-09 18:14:42,096 P1414192 INFO ************ compile start ************
2026-07-09 18:14:43,212 P1414192 INFO Compiled dense module: attention_layers
2026-07-09 18:14:43,213 P1414192 INFO Compiled dense module: unified_layers
2026-07-09 18:14:43,214 P1414192 INFO Compiled dense module: tower.0
2026-07-09 18:14:43,215 P1414192 INFO Compiled dense module: tower.1
2026-07-09 18:14:43,216 P1414192 INFO Compiled dense module: tower.2
2026-07-09 18:14:43,217 P1414192 INFO Compiled dense module: tower.3
2026-07-09 18:14:43,540 P1414192 INFO Total number of parameters: 31885632.
2026-07-09 18:14:43,540 P1414192 INFO Number of embedding parameters: 28260096.
2026-07-09 18:14:43,540 P1414192 INFO Number of dense parameters: 3625536.
2026-07-09 18:14:43,541 P1414192 INFO Loading datasets...
2026-07-09 18:14:43,582 P1414192 INFO Train samples: total/2218860, blocks/2
2026-07-09 18:14:43,598 P1414192 INFO Validation samples: total/722353, blocks/2
2026-07-09 18:14:43,598 P1414192 INFO Loading train and validation data done.
2026-07-09 18:14:43,601 P1414192 INFO BF16 mixed precision: True
2026-07-09 18:14:43,601 P1414192 INFO Start training: 270 local batches/epoch
2026-07-09 18:14:43,601 P1414192 INFO DDP blocked training: True
2026-07-09 18:14:43,601 P1414192 INFO Disable step-wise eval and use epoch-end synchronized eval for DDP + blocked dataloader.
2026-07-09 18:14:43,601 P1414192 INFO ************ Epoch=1 start ************
2026-07-09 18:16:03,079 P1414192 INFO Train loss: 0.302278
2026-07-09 18:16:03,080 P1414192 INFO Evaluation @epoch 1 - batch 270: 
2026-07-09 18:16:13,587 P1414192 INFO [Task: is_click][Metrics] AUC: 0.614819 - logloss: 0.186680 - gAUC: 0.589677
2026-07-09 18:16:14,826 P1414192 INFO [Task: cart][Metrics] AUC: 0.742752 - logloss: 0.022766 - gAUC: 0.715944
2026-07-09 18:16:15,973 P1414192 INFO [Task: fav][Metrics] AUC: 0.750786 - logloss: 0.017474 - gAUC: 0.713099
2026-07-09 18:16:17,068 P1414192 INFO [Task: buy][Metrics] AUC: 0.748648 - logloss: 0.010095 - gAUC: 0.730635
2026-07-09 18:16:17,126 P1414192 INFO Save best model: monitor(max)=1.401590
2026-07-09 18:16:17,318 P1414192 INFO ************ Epoch=1 end ************
2026-07-09 18:16:17,321 P1414192 INFO Training finished.
2026-07-09 18:16:17,321 P1414192 INFO Load best model: /mnt/ceph-nj1-csp/bingoozhang/salmonli/ft_local/UniRank/checkpoints/Taobao_Action/SSR_Taobao_Action.model
2026-07-09 18:16:18,057 P1414192 INFO ******** Test evaluation ********
2026-07-09 18:16:18,058 P1414192 INFO Loading datasets...
2026-07-09 18:16:18,075 P1414192 INFO Test samples: total/726005, blocks/2
2026-07-09 18:16:18,075 P1414192 INFO Loading test data done.
2026-07-09 18:16:23,786 P1414192 INFO [Task: is_click][Metrics] logloss: 0.188048 - AUC: 0.611698 - gAUC: 0.586480
2026-07-09 18:16:24,997 P1414192 INFO [Task: cart][Metrics] logloss: 0.019826 - AUC: 0.730479 - gAUC: 0.702968
2026-07-09 18:16:26,147 P1414192 INFO [Task: fav][Metrics] logloss: 0.015364 - AUC: 0.738950 - gAUC: 0.707265
2026-07-09 18:16:27,219 P1414192 INFO [Task: buy][Metrics] logloss: 0.007075 - AUC: 0.730125 - gAUC: 0.713115
2026-07-09 18:16:27,682 P1414192 INFO Deleted model checkpoint: /mnt/ceph-nj1-csp/bingoozhang/salmonli/ft_local/UniRank/checkpoints/Taobao_Action/SSR_Taobao_Action.model
