2026-07-15 02:59:05,236 P1160743 INFO Params: {
    "accumulation_steps": "1",
    "batch_size": "8192",
    "block_cache_size": "2",
    "blocked": "True",
    "data_format": "parquet",
    "data_root": "/mnt/ceph-nj1-csp/bingoozhang/salmonli/data",
    "dataset_id": "Taobao_Action",
    "debug_mode": "False",
    "dense_learning_rate": "0.0001",
    "dense_optimizer": "AdamW",
    "dense_weight_decay": "0",
    "distributed": "True",
    "early_stop_patience": "2",
    "embedding_dim": "16",
    "enable_bf16": "True",
    "enable_torch_compile": "True",
    "epochs": "1",
    "eval_steps": "None",
    "feature_cols": "[{'name': 'user_index', 'active': True, 'dtype': 'int', 'type': 'meta'}, {'name': 'item_index', 'active': True, 'dtype': 'int', 'type': 'meta'}, {'name': 'seq_len', 'active': True, 'dtype': 'int', 'type': 'meta'}, {'name': 'user_id', 'active': True, 'dtype': 'int', 'type': 'categorical', 'vocab_size': 470571}, {'name': 'item_id', 'active': True, 'dtype': 'int', 'type': 'categorical', 'vocab_size': 846812, 'source': 'item'}, {'name': 'cate_id', 'active': True, 'dtype': 'int', 'type': 'categorical', 'vocab_size': 6409, 'source': 'item'}, {'name': 'campaign_id', 'active': True, 'dtype': 'int', 'type': 'categorical', 'vocab_size': 354106, 'source': 'item'}, {'name': 'customer_id', 'active': True, 'dtype': 'int', 'type': 'categorical', 'vocab_size': 220826, 'source': 'item'}, {'name': 'brand', 'active': True, 'dtype': 'int', 'type': 'categorical', 'vocab_size': 88145, 'source': 'item'}, {'name': 'price_bucket', 'active': True, 'dtype': 'int', 'type': 'categorical', 'vocab_size': 11, 'source': 'item'}, {'name': 'cms_segid', 'active': True, 'dtype': 'int', 'type': 'categorical', 'vocab_size': 99}, {'name': 'cms_group_id', 'active': True, 'dtype': 'int', 'type': 'categorical', 'vocab_size': 15}, {'name': 'final_gender_code', 'active': True, 'dtype': 'int', 'type': 'categorical', 'vocab_size': 4}, {'name': 'age_level', 'active': True, 'dtype': 'int', 'type': 'categorical', 'vocab_size': 9}, {'name': 'pvalue_level', 'active': True, 'dtype': 'int', 'type': 'categorical', 'vocab_size': 5}, {'name': 'shopping_level', 'active': True, 'dtype': 'int', 'type': 'categorical', 'vocab_size': 5}, {'name': 'occupation', 'active': True, 'dtype': 'int', 'type': 'categorical', 'vocab_size': 4}, {'name': 'new_user_class_level', 'active': True, 'dtype': 'int', 'type': 'categorical', 'vocab_size': 6}, {'name': 'pid', 'active': True, 'dtype': 'int', 'type': 'categorical', 'vocab_size': 4}, {'name': 'is_weekend', 'active': True, 'dtype': 'int', 'type': 'categorical', 'vocab_size': 3}, {'name': 'hour', 'active': True, 'dtype': 'int', 'type': 'categorical', 'vocab_size': 25}, {'name': 'action', 'active': True, 'dtype': 'int', 'type': 'categorical', 'vocab_size': 17, 'source': 'action'}]",
    "feature_config": "None",
    "feature_specs": "None",
    "gpu": "0",
    "gradient_checkpointing": "False",
    "group_id": "user_id",
    "k1": "[32, 32, 16]",
    "k2": "[20, 10, 10]",
    "label_col": "[{'name': 'is_click', 'dtype': 'float'}, {'name': 'cart', 'dtype': 'float'}, {'name': 'fav', 'dtype': 'float'}, {'name': 'buy', 'dtype': 'float'}]",
    "local_rank": "0",
    "loss": "['binary_crossentropy', 'binary_crossentropy', 'binary_crossentropy', 'binary_crossentropy']",
    "max_len": "100",
    "metrics": "['logloss', 'AUC']",
    "model": "UltraHSTU",
    "model_id": "UltraHSTU_Taobao_Action",
    "model_root": "./checkpoints/",
    "monitor": "{'AUC': 1, 'logloss': 0}",
    "monitor_mode": "max",
    "net_dropout": "0",
    "num_heads": "1",
    "num_tasks": "4",
    "num_workers": "4",
    "pickle_feature_encoder": "True",
    "rank": "0",
    "rebuild_dataset": "False",
    "save_best_only": "True",
    "seed": "20262027",
    "shuffle": "True",
    "sparse_learning_rate": "0.05",
    "sparse_optimizer": "Adagrad",
    "task": "binary_classification",
    "test_data": "/mnt/ceph-nj1-csp/bingoozhang/salmonli/data/Taobao_Action/test/data",
    "test_item_info": "/mnt/ceph-nj1-csp/bingoozhang/salmonli/data/Taobao_Action/test/item_info",
    "test_user_info": "/mnt/ceph-nj1-csp/bingoozhang/salmonli/data/Taobao_Action/test/user_info",
    "token_dim": "256",
    "tower_activations": "ReLU",
    "tower_hidden_units": "[128, 64]",
    "train_data": "/mnt/ceph-nj1-csp/bingoozhang/salmonli/data/Taobao_Action/train/data",
    "train_item_info": "/mnt/ceph-nj1-csp/bingoozhang/salmonli/data/Taobao_Action/train/item_info",
    "train_user_info": "/mnt/ceph-nj1-csp/bingoozhang/salmonli/data/Taobao_Action/train/user_info",
    "truncation_ratio": "0.5",
    "truncation_start_layer": "2",
    "use_features": "None",
    "valid_data": "/mnt/ceph-nj1-csp/bingoozhang/salmonli/data/Taobao_Action/valid/data",
    "valid_item_info": "/mnt/ceph-nj1-csp/bingoozhang/salmonli/data/Taobao_Action/valid/item_info",
    "valid_user_info": "/mnt/ceph-nj1-csp/bingoozhang/salmonli/data/Taobao_Action/valid/user_info",
    "verbose": "1",
    "world_size": "4"
}
2026-07-15 02:59:05,238 P1160743 INFO Set up feature processor...
2026-07-15 02:59:05,239 P1160743 INFO Fit feature processor...
2026-07-15 02:59:05,239 P1160743 INFO Processing column: {'name': 'user_index', 'active': True, 'dtype': 'int', 'type': 'meta'}
2026-07-15 02:59:05,239 P1160743 INFO Processing column: {'name': 'item_index', 'active': True, 'dtype': 'int', 'type': 'meta'}
2026-07-15 02:59:05,239 P1160743 INFO Processing column: {'name': 'seq_len', 'active': True, 'dtype': 'int', 'type': 'meta'}
2026-07-15 02:59:05,239 P1160743 INFO Processing column: {'name': 'user_id', 'active': True, 'dtype': 'int', 'type': 'categorical', 'vocab_size': 470571}
2026-07-15 02:59:05,332 P1160743 INFO Processing column: {'name': 'item_id', 'active': True, 'dtype': 'int', 'type': 'categorical', 'vocab_size': 846812, 'source': 'item'}
2026-07-15 02:59:05,496 P1160743 INFO Processing column: {'name': 'cate_id', 'active': True, 'dtype': 'int', 'type': 'categorical', 'vocab_size': 6409, 'source': 'item'}
2026-07-15 02:59:05,497 P1160743 INFO Processing column: {'name': 'campaign_id', 'active': True, 'dtype': 'int', 'type': 'categorical', 'vocab_size': 354106, 'source': 'item'}
2026-07-15 02:59:05,563 P1160743 INFO Processing column: {'name': 'customer_id', 'active': True, 'dtype': 'int', 'type': 'categorical', 'vocab_size': 220826, 'source': 'item'}
2026-07-15 02:59:05,600 P1160743 INFO Processing column: {'name': 'brand', 'active': True, 'dtype': 'int', 'type': 'categorical', 'vocab_size': 88145, 'source': 'item'}
2026-07-15 02:59:05,615 P1160743 INFO Processing column: {'name': 'price_bucket', 'active': True, 'dtype': 'int', 'type': 'categorical', 'vocab_size': 11, 'source': 'item'}
2026-07-15 02:59:05,615 P1160743 INFO Processing column: {'name': 'cms_segid', 'active': True, 'dtype': 'int', 'type': 'categorical', 'vocab_size': 99}
2026-07-15 02:59:05,615 P1160743 INFO Processing column: {'name': 'cms_group_id', 'active': True, 'dtype': 'int', 'type': 'categorical', 'vocab_size': 15}
2026-07-15 02:59:05,615 P1160743 INFO Processing column: {'name': 'final_gender_code', 'active': True, 'dtype': 'int', 'type': 'categorical', 'vocab_size': 4}
2026-07-15 02:59:05,615 P1160743 INFO Processing column: {'name': 'age_level', 'active': True, 'dtype': 'int', 'type': 'categorical', 'vocab_size': 9}
2026-07-15 02:59:05,615 P1160743 INFO Processing column: {'name': 'pvalue_level', 'active': True, 'dtype': 'int', 'type': 'categorical', 'vocab_size': 5}
2026-07-15 02:59:05,616 P1160743 INFO Processing column: {'name': 'shopping_level', 'active': True, 'dtype': 'int', 'type': 'categorical', 'vocab_size': 5}
2026-07-15 02:59:05,616 P1160743 INFO Processing column: {'name': 'occupation', 'active': True, 'dtype': 'int', 'type': 'categorical', 'vocab_size': 4}
2026-07-15 02:59:05,616 P1160743 INFO Processing column: {'name': 'new_user_class_level', 'active': True, 'dtype': 'int', 'type': 'categorical', 'vocab_size': 6}
2026-07-15 02:59:05,616 P1160743 INFO Processing column: {'name': 'pid', 'active': True, 'dtype': 'int', 'type': 'categorical', 'vocab_size': 4}
2026-07-15 02:59:05,616 P1160743 INFO Processing column: {'name': 'is_weekend', 'active': True, 'dtype': 'int', 'type': 'categorical', 'vocab_size': 3}
2026-07-15 02:59:05,616 P1160743 INFO Processing column: {'name': 'hour', 'active': True, 'dtype': 'int', 'type': 'categorical', 'vocab_size': 25}
2026-07-15 02:59:05,616 P1160743 INFO Processing column: {'name': 'action', 'active': True, 'dtype': 'int', 'type': 'categorical', 'vocab_size': 17, 'source': 'action'}
2026-07-15 02:59:05,617 P1160743 INFO Set column index...
2026-07-15 02:59:05,617 P1160743 INFO Save feature_map to json: /mnt/ceph-nj1-csp/bingoozhang/salmonli/data/Taobao_Action/feature_map.json
2026-07-15 02:59:05,703 P1160743 INFO Pickle feature_encode: /mnt/ceph-nj1-csp/bingoozhang/salmonli/data/Taobao_Action/feature_processor.pkl
2026-07-15 02:59:05,844 P1160743 INFO Save feature_vocab to json: /mnt/ceph-nj1-csp/bingoozhang/salmonli/data/Taobao_Action/feature_vocab.json
2026-07-15 02:59:07,560 P1160743 INFO Set feature processor done.
2026-07-15 02:59:07,587 P1160743 INFO Load feature_map from json: /mnt/ceph-nj1-csp/bingoozhang/salmonli/data/Taobao_Action/feature_map.json
2026-07-15 02:59:07,588 P1160743 INFO Set column index...
2026-07-15 02:59:07,589 P1160743 INFO Feature specs: {
    "action": "{'source': 'action', 'type': 'categorical', 'padding_idx': 0, 'vocab_size': 17}",
    "age_level": "{'source': '', 'type': 'categorical', 'padding_idx': 0, 'vocab_size': 9}",
    "brand": "{'source': 'item', 'type': 'categorical', 'padding_idx': 0, 'vocab_size': 88145}",
    "campaign_id": "{'source': 'item', 'type': 'categorical', 'padding_idx': 0, 'vocab_size': 354106}",
    "cate_id": "{'source': 'item', 'type': 'categorical', 'padding_idx': 0, 'vocab_size': 6409}",
    "cms_group_id": "{'source': '', 'type': 'categorical', 'padding_idx': 0, 'vocab_size': 15}",
    "cms_segid": "{'source': '', 'type': 'categorical', 'padding_idx': 0, 'vocab_size': 99}",
    "customer_id": "{'source': 'item', 'type': 'categorical', 'padding_idx': 0, 'vocab_size': 220826}",
    "final_gender_code": "{'source': '', 'type': 'categorical', 'padding_idx': 0, 'vocab_size': 4}",
    "hour": "{'source': '', 'type': 'categorical', 'padding_idx': 0, 'vocab_size': 25}",
    "is_weekend": "{'source': '', 'type': 'categorical', 'padding_idx': 0, 'vocab_size': 3}",
    "item_id": "{'source': 'item', 'type': 'categorical', 'padding_idx': 0, 'vocab_size': 846812}",
    "item_index": "{'type': 'meta'}",
    "new_user_class_level": "{'source': '', 'type': 'categorical', 'padding_idx': 0, 'vocab_size': 6}",
    "occupation": "{'source': '', 'type': 'categorical', 'padding_idx': 0, 'vocab_size': 4}",
    "pid": "{'source': '', 'type': 'categorical', 'padding_idx': 0, 'vocab_size': 4}",
    "price_bucket": "{'source': 'item', 'type': 'categorical', 'padding_idx': 0, 'vocab_size': 11}",
    "pvalue_level": "{'source': '', 'type': 'categorical', 'padding_idx': 0, 'vocab_size': 5}",
    "seq_len": "{'type': 'meta'}",
    "shopping_level": "{'source': '', 'type': 'categorical', 'padding_idx': 0, 'vocab_size': 5}",
    "user_id": "{'source': '', 'type': 'categorical', 'padding_idx': 0, 'vocab_size': 470571}",
    "user_index": "{'type': 'meta'}"
}
2026-07-15 02:59:07,899 P1160743 INFO Optimizers: dense=AdamW(lr=0.0001, weight_decay=0, params=5752068), sparse=Adagrad(lr=0.05, params=31794576)
2026-07-15 02:59:07,899 P1160743 INFO ************ compile start ************
2026-07-15 02:59:09,190 P1160743 INFO Compiled dense module: unified_tokenizer_layer
2026-07-15 02:59:09,192 P1160743 INFO Compiled dense module: unified_interaction_layers
2026-07-15 02:59:09,193 P1160743 INFO Compiled dense module: tower.0
2026-07-15 02:59:09,194 P1160743 INFO Compiled dense module: tower.1
2026-07-15 02:59:09,195 P1160743 INFO Compiled dense module: tower.2
2026-07-15 02:59:09,196 P1160743 INFO Compiled dense module: tower.3
2026-07-15 02:59:09,409 P1160743 INFO Total number of parameters: 37546644.
2026-07-15 02:59:09,410 P1160743 INFO Number of embedding parameters: 31794576.
2026-07-15 02:59:09,410 P1160743 INFO Number of dense parameters: 5752068.
2026-07-15 02:59:09,410 P1160743 INFO Loading datasets...
2026-07-15 02:59:09,469 P1160743 INFO Train samples: total/4448389, blocks/8
2026-07-15 02:59:09,483 P1160743 INFO Validation samples: total/716424, blocks/2
2026-07-15 02:59:09,483 P1160743 INFO Loading train and validation data done.
2026-07-15 02:59:09,649 P1160743 INFO BF16 mixed precision: True
2026-07-15 02:59:09,649 P1160743 INFO Gradient checkpointing: False
2026-07-15 02:59:09,649 P1160743 INFO Start training: 540 local batches/epoch
2026-07-15 02:59:09,649 P1160743 INFO DDP blocked training: True
2026-07-15 02:59:09,649 P1160743 INFO Disable step-wise eval and use epoch-end synchronized eval for DDP + blocked dataloader.
2026-07-15 02:59:09,649 P1160743 INFO ************ Epoch=1 start ************
2026-07-15 03:04:59,720 P1160743 INFO Train loss: 0.275627
2026-07-15 03:04:59,723 P1160743 INFO Evaluation @epoch 1 - batch 540:
2026-07-15 03:05:39,154 P1160743 INFO [Task: is_click][Metrics] AUC: 0.639228 - logloss: 0.185844
2026-07-15 03:05:40,125 P1160743 INFO [Task: cart][Metrics] AUC: 0.837126 - logloss: 0.020317
2026-07-15 03:05:41,032 P1160743 INFO [Task: fav][Metrics] AUC: 0.850546 - logloss: 0.015166
2026-07-15 03:05:41,993 P1160743 INFO [Task: buy][Metrics] AUC: 0.859767 - logloss: 0.008497
2026-07-15 03:05:42,054 P1160743 INFO Save best model: monitor(max)=0.796667
2026-07-15 03:05:42,284 P1160743 INFO ************ Epoch=1 end ************
2026-07-15 03:05:42,286 P1160743 INFO Training finished.
2026-07-15 03:05:42,286 P1160743 INFO Load best model: /mnt/ceph-nj1-csp/bingoozhang/salmonli/ft_local/UniRank/checkpoints/Taobao_Action/UltraHSTU_Taobao_Action.model
2026-07-15 03:05:42,847 P1160743 INFO ******** Test evaluation ********
2026-07-15 03:05:42,847 P1160743 INFO Loading datasets...
2026-07-15 03:05:42,872 P1160743 INFO Test samples: total/728294, blocks/2
2026-07-15 03:05:42,872 P1160743 INFO Loading test data done.
2026-07-15 03:06:05,287 P1160743 INFO [Task: is_click][Metrics] logloss: 0.186913 - AUC: 0.636597
2026-07-15 03:06:06,266 P1160743 INFO [Task: cart][Metrics] logloss: 0.017622 - AUC: 0.833308
2026-07-15 03:06:07,201 P1160743 INFO [Task: fav][Metrics] logloss: 0.013257 - AUC: 0.854433
2026-07-15 03:06:08,174 P1160743 INFO [Task: buy][Metrics] logloss: 0.006081 - AUC: 0.856211
2026-07-15 03:06:08,638 P1160743 INFO Deleted model checkpoint: /mnt/ceph-nj1-csp/bingoozhang/salmonli/ft_local/UniRank/checkpoints/Taobao_Action/UltraHSTU_Taobao_Action.model
