2026-07-11 01:12:24,617 P2515659 INFO UniRank version: 2.3.7
2026-07-11 01:12:24,618 P2515659 INFO Params: {
    "accumulation_steps": "1",
    "batch_size": "8192",
    "block_cache_size": "2",
    "blocked": "True",
    "data_format": "parquet",
    "data_root": "/mnt/ceph-nj1-csp/bingoozhang/salmonli/data",
    "dataset_id": "Taobao_Action",
    "debug_mode": "False",
    "dense_learning_rate": "0.0001",
    "dense_optimizer": "AdamW",
    "dense_weight_decay": "0",
    "distributed": "True",
    "early_stop_patience": "2",
    "embedding_dim": "16",
    "enable_bf16": "True",
    "epochs": "1",
    "eval_steps": "None",
    "expansion_factor": "2",
    "feature_cols": "[{'name': 'user_index', 'active': True, 'dtype': 'int', 'type': 'meta'}, {'name': 'item_index', 'active': True, 'dtype': 'int', 'type': 'meta'}, {'name': 'seq_len', 'active': True, 'dtype': 'int', 'type': 'meta'}, {'name': 'user_id', 'active': True, 'dtype': 'int', 'type': 'categorical', 'vocab_size': 470571}, {'name': 'item_id', 'active': True, 'dtype': 'int', 'type': 'categorical', 'vocab_size': 846812, 'source': 'item'}, {'name': 'cate_id', 'active': True, 'dtype': 'int', 'type': 'categorical', 'vocab_size': 6409, 'source': 'item'}, {'name': 'campaign_id', 'active': True, 'dtype': 'int', 'type': 'categorical', 'vocab_size': 354106, 'source': 'item'}, {'name': 'customer_id', 'active': True, 'dtype': 'int', 'type': 'categorical', 'vocab_size': 2, 'source': 'item'}, {'name': 'brand', 'active': True, 'dtype': 'int', 'type': 'categorical', 'vocab_size': 88145, 'source': 'item'}, {'name': 'price_bucket', 'active': True, 'dtype': 'int', 'type': 'categorical', 'vocab_size': 11, 'source': 'item'}, {'name': 'cms_segid', 'active': True, 'dtype': 'int', 'type': 'categorical', 'vocab_size': 99}, {'name': 'cms_group_id', 'active': True, 'dtype': 'int', 'type': 'categorical', 'vocab_size': 15}, {'name': 'final_gender_code', 'active': True, 'dtype': 'int', 'type': 'categorical', 'vocab_size': 4}, {'name': 'age_level', 'active': True, 'dtype': 'int', 'type': 'categorical', 'vocab_size': 9}, {'name': 'pvalue_level', 'active': True, 'dtype': 'int', 'type': 'categorical', 'vocab_size': 5}, {'name': 'shopping_level', 'active': True, 'dtype': 'int', 'type': 'categorical', 'vocab_size': 5}, {'name': 'occupation', 'active': True, 'dtype': 'int', 'type': 'categorical', 'vocab_size': 4}, {'name': 'new_user_class_level', 'active': True, 'dtype': 'int', 'type': 'categorical', 'vocab_size': 2}, {'name': 'pid', 'active': True, 'dtype': 'int', 'type': 'categorical', 'vocab_size': 4}, {'name': 'day_of_week', 'active': True, 'dtype': 'int', 'type': 'categorical', 'vocab_size': 8}, {'name': 'is_weekend', 'active': True, 'dtype': 'int', 'type': 'categorical', 'vocab_size': 3}, {'name': 'hour', 'active': True, 'dtype': 'int', 'type': 'categorical', 'vocab_size': 25}, {'name': 'action', 'active': True, 'dtype': 'int', 'type': 'categorical', 'vocab_size': 17, 'source': 'action'}]",
    "feature_config": "None",
    "feature_specs": "None",
    "global_rank": "64",
    "gpu": "0",
    "group_id": "user_index",
    "label_col": "[{'name': 'is_click', 'dtype': 'float'}, {'name': 'cart', 'dtype': 'float'}, {'name': 'fav', 'dtype': 'float'}, {'name': 'buy', 'dtype': 'float'}]",
    "local_rank": "0",
    "loss": "['binary_crossentropy', 'binary_crossentropy', 'binary_crossentropy', 'binary_crossentropy']",
    "max_len": "100",
    "metrics": "['logloss', 'AUC', 'gAUC']",
    "model": "UniMixer",
    "model_id": "UniMixer_Taobao_Action",
    "model_root": "./checkpoints/",
    "monitor": "{'AUC': 1, 'logloss': 0, 'gAUC': 1}",
    "monitor_mode": "max",
    "net_dropout": "0",
    "num_basis": "8",
    "num_layers": "3",
    "num_tasks": "4",
    "num_tokens": "128",
    "num_workers": "4",
    "pickle_feature_encoder": "True",
    "rank": "0",
    "rebuild_dataset": "False",
    "save_best_only": "True",
    "seed": "20262027",
    "shuffle": "True",
    "sinkhorn_eps": "1e-06",
    "sinkhorn_iter": "5",
    "sparse_learning_rate": "0.05",
    "sparse_optimizer": "Adagrad",
    "task": "binary_classification",
    "tau": "1.0",
    "tau_anneal_steps": "20000",
    "tau_end": "0.05",
    "tau_schedule": "linear",
    "tau_warmup_steps": "1000",
    "test_data": "/mnt/ceph-nj1-csp/bingoozhang/salmonli/data/Taobao_Action/test/data",
    "test_item_info": "/mnt/ceph-nj1-csp/bingoozhang/salmonli/data/Taobao_Action/test/item_info",
    "test_user_info": "/mnt/ceph-nj1-csp/bingoozhang/salmonli/data/Taobao_Action/test/user_info",
    "token_dim": "8",
    "tower_activations": "ReLU",
    "tower_hidden_units": "[128, 64]",
    "train_data": "/mnt/ceph-nj1-csp/bingoozhang/salmonli/data/Taobao_Action/train/data",
    "train_item_info": "/mnt/ceph-nj1-csp/bingoozhang/salmonli/data/Taobao_Action/train/item_info",
    "train_user_info": "/mnt/ceph-nj1-csp/bingoozhang/salmonli/data/Taobao_Action/train/user_info",
    "use_features": "None",
    "use_local_coef_softmax": "True",
    "use_out_proj": "False",
    "use_tau_symmetry": "True",
    "valid_data": "/mnt/ceph-nj1-csp/bingoozhang/salmonli/data/Taobao_Action/valid/data",
    "valid_item_info": "/mnt/ceph-nj1-csp/bingoozhang/salmonli/data/Taobao_Action/valid/item_info",
    "valid_user_info": "/mnt/ceph-nj1-csp/bingoozhang/salmonli/data/Taobao_Action/valid/user_info",
    "verbose": "1",
    "world_size": "4"
}
2026-07-11 01:12:24,619 P2515659 INFO Set up feature processor...
2026-07-11 01:12:24,620 P2515659 INFO Fit feature processor...
2026-07-11 01:12:24,620 P2515659 INFO Processing column: {'name': 'user_index', 'active': True, 'dtype': 'int', 'type': 'meta'}
2026-07-11 01:12:24,620 P2515659 INFO Processing column: {'name': 'item_index', 'active': True, 'dtype': 'int', 'type': 'meta'}
2026-07-11 01:12:24,620 P2515659 INFO Processing column: {'name': 'seq_len', 'active': True, 'dtype': 'int', 'type': 'meta'}
2026-07-11 01:12:24,620 P2515659 INFO Processing column: {'name': 'user_id', 'active': True, 'dtype': 'int', 'type': 'categorical', 'vocab_size': 470571}
2026-07-11 01:12:24,713 P2515659 INFO Processing column: {'name': 'item_id', 'active': True, 'dtype': 'int', 'type': 'categorical', 'vocab_size': 846812, 'source': 'item'}
2026-07-11 01:12:24,875 P2515659 INFO Processing column: {'name': 'cate_id', 'active': True, 'dtype': 'int', 'type': 'categorical', 'vocab_size': 6409, 'source': 'item'}
2026-07-11 01:12:24,876 P2515659 INFO Processing column: {'name': 'campaign_id', 'active': True, 'dtype': 'int', 'type': 'categorical', 'vocab_size': 354106, 'source': 'item'}
2026-07-11 01:12:24,940 P2515659 INFO Processing column: {'name': 'customer_id', 'active': True, 'dtype': 'int', 'type': 'categorical', 'vocab_size': 2, 'source': 'item'}
2026-07-11 01:12:24,940 P2515659 INFO Processing column: {'name': 'brand', 'active': True, 'dtype': 'int', 'type': 'categorical', 'vocab_size': 88145, 'source': 'item'}
2026-07-11 01:12:24,955 P2515659 INFO Processing column: {'name': 'price_bucket', 'active': True, 'dtype': 'int', 'type': 'categorical', 'vocab_size': 11, 'source': 'item'}
2026-07-11 01:12:24,955 P2515659 INFO Processing column: {'name': 'cms_segid', 'active': True, 'dtype': 'int', 'type': 'categorical', 'vocab_size': 99}
2026-07-11 01:12:24,955 P2515659 INFO Processing column: {'name': 'cms_group_id', 'active': True, 'dtype': 'int', 'type': 'categorical', 'vocab_size': 15}
2026-07-11 01:12:24,955 P2515659 INFO Processing column: {'name': 'final_gender_code', 'active': True, 'dtype': 'int', 'type': 'categorical', 'vocab_size': 4}
2026-07-11 01:12:24,955 P2515659 INFO Processing column: {'name': 'age_level', 'active': True, 'dtype': 'int', 'type': 'categorical', 'vocab_size': 9}
2026-07-11 01:12:24,956 P2515659 INFO Processing column: {'name': 'pvalue_level', 'active': True, 'dtype': 'int', 'type': 'categorical', 'vocab_size': 5}
2026-07-11 01:12:24,956 P2515659 INFO Processing column: {'name': 'shopping_level', 'active': True, 'dtype': 'int', 'type': 'categorical', 'vocab_size': 5}
2026-07-11 01:12:24,956 P2515659 INFO Processing column: {'name': 'occupation', 'active': True, 'dtype': 'int', 'type': 'categorical', 'vocab_size': 4}
2026-07-11 01:12:24,956 P2515659 INFO Processing column: {'name': 'new_user_class_level', 'active': True, 'dtype': 'int', 'type': 'categorical', 'vocab_size': 2}
2026-07-11 01:12:24,956 P2515659 INFO Processing column: {'name': 'pid', 'active': True, 'dtype': 'int', 'type': 'categorical', 'vocab_size': 4}
2026-07-11 01:12:24,956 P2515659 INFO Processing column: {'name': 'day_of_week', 'active': True, 'dtype': 'int', 'type': 'categorical', 'vocab_size': 8}
2026-07-11 01:12:24,956 P2515659 INFO Processing column: {'name': 'is_weekend', 'active': True, 'dtype': 'int', 'type': 'categorical', 'vocab_size': 3}
2026-07-11 01:12:24,956 P2515659 INFO Processing column: {'name': 'hour', 'active': True, 'dtype': 'int', 'type': 'categorical', 'vocab_size': 25}
2026-07-11 01:12:24,956 P2515659 INFO Processing column: {'name': 'action', 'active': True, 'dtype': 'int', 'type': 'categorical', 'vocab_size': 17, 'source': 'action'}
2026-07-11 01:12:24,957 P2515659 INFO Set column index...
2026-07-11 01:12:24,957 P2515659 INFO Save feature_map to json: /mnt/ceph-nj1-csp/bingoozhang/salmonli/data/Taobao_Action/feature_map.json
2026-07-11 01:12:24,963 P2515659 INFO Pickle feature_encode: /mnt/ceph-nj1-csp/bingoozhang/salmonli/data/Taobao_Action/feature_processor.pkl
2026-07-11 01:12:25,020 P2515659 INFO Save feature_vocab to json: /mnt/ceph-nj1-csp/bingoozhang/salmonli/data/Taobao_Action/feature_vocab.json
2026-07-11 01:12:26,692 P2515659 INFO Set feature processor done.
2026-07-11 01:12:26,714 P2515659 INFO Load feature_map from json: /mnt/ceph-nj1-csp/bingoozhang/salmonli/data/Taobao_Action/feature_map.json
2026-07-11 01:12:26,715 P2515659 INFO Set column index...
2026-07-11 01:12:26,715 P2515659 INFO Feature specs: {
    "action": "{'source': 'action', 'type': 'categorical', 'padding_idx': 0, 'vocab_size': 17}",
    "age_level": "{'source': '', 'type': 'categorical', 'padding_idx': 0, 'vocab_size': 9}",
    "brand": "{'source': 'item', 'type': 'categorical', 'padding_idx': 0, 'vocab_size': 88145}",
    "campaign_id": "{'source': 'item', 'type': 'categorical', 'padding_idx': 0, 'vocab_size': 354106}",
    "cate_id": "{'source': 'item', 'type': 'categorical', 'padding_idx': 0, 'vocab_size': 6409}",
    "cms_group_id": "{'source': '', 'type': 'categorical', 'padding_idx': 0, 'vocab_size': 15}",
    "cms_segid": "{'source': '', 'type': 'categorical', 'padding_idx': 0, 'vocab_size': 99}",
    "customer_id": "{'source': 'item', 'type': 'categorical', 'padding_idx': 0, 'vocab_size': 2}",
    "day_of_week": "{'source': '', 'type': 'categorical', 'padding_idx': 0, 'vocab_size': 8}",
    "final_gender_code": "{'source': '', 'type': 'categorical', 'padding_idx': 0, 'vocab_size': 4}",
    "hour": "{'source': '', 'type': 'categorical', 'padding_idx': 0, 'vocab_size': 25}",
    "is_weekend": "{'source': '', 'type': 'categorical', 'padding_idx': 0, 'vocab_size': 3}",
    "item_id": "{'source': 'item', 'type': 'categorical', 'padding_idx': 0, 'vocab_size': 846812}",
    "item_index": "{'type': 'meta'}",
    "new_user_class_level": "{'source': '', 'type': 'categorical', 'padding_idx': 0, 'vocab_size': 2}",
    "occupation": "{'source': '', 'type': 'categorical', 'padding_idx': 0, 'vocab_size': 4}",
    "pid": "{'source': '', 'type': 'categorical', 'padding_idx': 0, 'vocab_size': 4}",
    "price_bucket": "{'source': 'item', 'type': 'categorical', 'padding_idx': 0, 'vocab_size': 11}",
    "pvalue_level": "{'source': '', 'type': 'categorical', 'padding_idx': 0, 'vocab_size': 5}",
    "seq_len": "{'type': 'meta'}",
    "shopping_level": "{'source': '', 'type': 'categorical', 'padding_idx': 0, 'vocab_size': 5}",
    "user_id": "{'source': '', 'type': 'categorical', 'padding_idx': 0, 'vocab_size': 470571}",
    "user_index": "{'type': 'meta'}"
}
2026-07-11 01:12:26,978 P2515659 INFO Optimizers: dense=AdamW(lr=0.0001, weight_decay=0, params=867028), sparse=Adagrad(lr=0.05, params=28260096)
2026-07-11 01:12:26,979 P2515659 INFO ************ compile start ************
2026-07-11 01:12:28,236 P2515659 INFO Compiled dense module: unified_tokenizer_layer
2026-07-11 01:12:28,237 P2515659 INFO Compiled dense module: unified_interaction_layers
2026-07-11 01:12:28,238 P2515659 INFO Compiled dense module: tower.0
2026-07-11 01:12:28,239 P2515659 INFO Compiled dense module: tower.1
2026-07-11 01:12:28,240 P2515659 INFO Compiled dense module: tower.2
2026-07-11 01:12:28,241 P2515659 INFO Compiled dense module: tower.3
2026-07-11 01:12:28,789 P2515659 INFO Total number of parameters: 29127124.
2026-07-11 01:12:28,790 P2515659 INFO Number of embedding parameters: 28260096.
2026-07-11 01:12:28,790 P2515659 INFO Number of dense parameters: 867028.
2026-07-11 01:12:28,790 P2515659 INFO Loading datasets...
2026-07-11 01:12:28,821 P2515659 INFO Train samples: total/2218860, blocks/2
2026-07-11 01:12:28,838 P2515659 INFO Validation samples: total/722353, blocks/2
2026-07-11 01:12:28,838 P2515659 INFO Loading train and validation data done.
2026-07-11 01:12:28,841 P2515659 INFO BF16 mixed precision: True
2026-07-11 01:12:28,841 P2515659 INFO Start training: 270 local batches/epoch
2026-07-11 01:12:28,841 P2515659 INFO DDP blocked training: True
2026-07-11 01:12:28,841 P2515659 INFO Disable step-wise eval and use epoch-end synchronized eval for DDP + blocked dataloader.
2026-07-11 01:12:28,841 P2515659 INFO ************ Epoch=1 start ************
2026-07-11 01:15:01,111 P2515659 INFO Train loss: 0.272406
2026-07-11 01:15:01,115 P2515659 INFO Evaluation @epoch 1 - batch 270: 
2026-07-11 01:15:28,484 P2515659 INFO [Task: is_click][Metrics] AUC: 0.596732 - logloss: 0.187979 - gAUC: 0.571558
2026-07-11 01:15:29,845 P2515659 INFO [Task: cart][Metrics] AUC: 0.655206 - logloss: 0.023572 - gAUC: 0.629394
2026-07-11 01:15:31,093 P2515659 INFO [Task: fav][Metrics] AUC: 0.680022 - logloss: 0.018097 - gAUC: 0.641072
2026-07-11 01:15:32,331 P2515659 INFO [Task: buy][Metrics] AUC: 0.675112 - logloss: 0.010382 - gAUC: 0.634626
2026-07-11 01:15:32,380 P2515659 INFO Save best model: monitor(max)=1.270930
2026-07-11 01:15:32,547 P2515659 INFO ************ Epoch=1 end ************
2026-07-11 01:15:32,548 P2515659 INFO Training finished.
2026-07-11 01:15:32,548 P2515659 INFO Load best model: /mnt/ceph-nj1-csp/bingoozhang/salmonli/ft_local/UniRank/checkpoints/Taobao_Action/UniMixer_Taobao_Action.model
2026-07-11 01:15:34,801 P2515659 INFO ******** Test evaluation ********
2026-07-11 01:15:34,802 P2515659 INFO Loading datasets...
2026-07-11 01:15:34,819 P2515659 INFO Test samples: total/726005, blocks/2
2026-07-11 01:15:34,819 P2515659 INFO Loading test data done.
2026-07-11 01:15:40,529 P2515659 INFO [Task: is_click][Metrics] logloss: 0.190066 - AUC: 0.592362 - gAUC: 0.568398
2026-07-11 01:15:41,799 P2515659 INFO [Task: cart][Metrics] logloss: 0.020414 - AUC: 0.652352 - gAUC: 0.627114
2026-07-11 01:15:43,154 P2515659 INFO [Task: fav][Metrics] logloss: 0.015804 - AUC: 0.679422 - gAUC: 0.653126
2026-07-11 01:15:44,409 P2515659 INFO [Task: buy][Metrics] logloss: 0.007208 - AUC: 0.665013 - gAUC: 0.636294
2026-07-11 01:15:45,051 P2515659 INFO Deleted model checkpoint: /mnt/ceph-nj1-csp/bingoozhang/salmonli/ft_local/UniRank/checkpoints/Taobao_Action/UniMixer_Taobao_Action.model
