2026-07-15 22:06:57,910 P1939060 INFO Params: {
    "accumulation_steps": "1",
    "attention_dropout": "0",
    "batch_size": "8192",
    "block_cache_size": "2",
    "blocked": "True",
    "data_format": "parquet",
    "data_root": "/mnt/ceph-nj1-csp/bingoozhang/salmonli/data",
    "dataset_id": "Taobao_Action",
    "debug_mode": "False",
    "dense_learning_rate": "0.0001",
    "dense_optimizer": "AdamW",
    "dense_weight_decay": "0",
    "distributed": "True",
    "early_stop_patience": "2",
    "embedding_dim": "16",
    "enable_bf16": "True",
    "enable_torch_compile": "True",
    "epochs": "1",
    "eval_steps": "None",
    "expansion_factor": "2",
    "feature_cols": "[{'name': 'user_index', 'active': True, 'dtype': 'int', 'type': 'meta'}, {'name': 'item_index', 'active': True, 'dtype': 'int', 'type': 'meta'}, {'name': 'seq_len', 'active': True, 'dtype': 'int', 'type': 'meta'}, {'name': 'user_id', 'active': True, 'dtype': 'int', 'type': 'categorical', 'vocab_size': 470571}, {'name': 'item_id', 'active': True, 'dtype': 'int', 'type': 'categorical', 'vocab_size': 846812, 'source': 'item'}, {'name': 'cate_id', 'active': True, 'dtype': 'int', 'type': 'categorical', 'vocab_size': 6409, 'source': 'item'}, {'name': 'campaign_id', 'active': True, 'dtype': 'int', 'type': 'categorical', 'vocab_size': 354106, 'source': 'item'}, {'name': 'customer_id', 'active': True, 'dtype': 'int', 'type': 'categorical', 'vocab_size': 220826, 'source': 'item'}, {'name': 'brand', 'active': True, 'dtype': 'int', 'type': 'categorical', 'vocab_size': 88145, 'source': 'item'}, {'name': 'price_bucket', 'active': True, 'dtype': 'int', 'type': 'categorical', 'vocab_size': 11, 'source': 'item'}, {'name': 'cms_segid', 'active': True, 'dtype': 'int', 'type': 'categorical', 'vocab_size': 99}, {'name': 'cms_group_id', 'active': True, 'dtype': 'int', 'type': 'categorical', 'vocab_size': 15}, {'name': 'final_gender_code', 'active': True, 'dtype': 'int', 'type': 'categorical', 'vocab_size': 4}, {'name': 'age_level', 'active': True, 'dtype': 'int', 'type': 'categorical', 'vocab_size': 9}, {'name': 'pvalue_level', 'active': True, 'dtype': 'int', 'type': 'categorical', 'vocab_size': 5}, {'name': 'shopping_level', 'active': True, 'dtype': 'int', 'type': 'categorical', 'vocab_size': 5}, {'name': 'occupation', 'active': True, 'dtype': 'int', 'type': 'categorical', 'vocab_size': 4}, {'name': 'new_user_class_level', 'active': True, 'dtype': 'int', 'type': 'categorical', 'vocab_size': 6}, {'name': 'pid', 'active': True, 'dtype': 'int', 'type': 'categorical', 'vocab_size': 4}, {'name': 'is_weekend', 'active': True, 'dtype': 'int', 'type': 'categorical', 'vocab_size': 3}, {'name': 'hour', 'active': True, 'dtype': 'int', 'type': 'categorical', 'vocab_size': 25}, {'name': 'action', 'active': True, 'dtype': 'int', 'type': 'categorical', 'vocab_size': 17, 'source': 'action'}]",
    "feature_config": "None",
    "feature_specs": "None",
    "gpu": "0",
    "gradient_checkpointing": "False",
    "group_id": "user_id",
    "id_dim": "48",
    "label_col": "[{'name': 'is_click', 'dtype': 'float'}, {'name': 'cart', 'dtype': 'float'}, {'name': 'fav', 'dtype': 'float'}, {'name': 'buy', 'dtype': 'float'}]",
    "local_rank": "0",
    "loss": "['binary_crossentropy', 'binary_crossentropy', 'binary_crossentropy', 'binary_crossentropy']",
    "max_len": "100",
    "metrics": "['logloss', 'AUC']",
    "model": "Zenith",
    "model_id": "Zenith_Taobao_Action",
    "model_root": "./checkpoints/",
    "monitor": "{'AUC': 1, 'logloss': 0}",
    "monitor_mode": "max",
    "net_dropout": "0",
    "num_layers": "3",
    "num_tasks": "4",
    "num_token": "2",
    "num_workers": "4",
    "pickle_feature_encoder": "True",
    "rank": "0",
    "rebuild_dataset": "False",
    "save_best_only": "True",
    "seed": "20262027",
    "shuffle": "True",
    "sparse_learning_rate": "0.05",
    "sparse_optimizer": "Adagrad",
    "task": "binary_classification",
    "test_data": "/mnt/ceph-nj1-csp/bingoozhang/salmonli/data/Taobao_Action/test/data",
    "test_item_info": "/mnt/ceph-nj1-csp/bingoozhang/salmonli/data/Taobao_Action/test/item_info",
    "test_user_info": "/mnt/ceph-nj1-csp/bingoozhang/salmonli/data/Taobao_Action/test/user_info",
    "token_dim": "256",
    "tower_activations": "ReLU",
    "tower_hidden_units": "[128, 64]",
    "train_data": "/mnt/ceph-nj1-csp/bingoozhang/salmonli/data/Taobao_Action/train/data",
    "train_item_info": "/mnt/ceph-nj1-csp/bingoozhang/salmonli/data/Taobao_Action/train/item_info",
    "train_user_info": "/mnt/ceph-nj1-csp/bingoozhang/salmonli/data/Taobao_Action/train/user_info",
    "use_features": "None",
    "valid_data": "/mnt/ceph-nj1-csp/bingoozhang/salmonli/data/Taobao_Action/valid/data",
    "valid_item_info": "/mnt/ceph-nj1-csp/bingoozhang/salmonli/data/Taobao_Action/valid/item_info",
    "valid_user_info": "/mnt/ceph-nj1-csp/bingoozhang/salmonli/data/Taobao_Action/valid/user_info",
    "verbose": "1",
    "world_size": "4"
}
2026-07-15 22:06:57,912 P1939060 INFO Set up feature processor...
2026-07-15 22:06:57,912 P1939060 INFO Fit feature processor...
2026-07-15 22:06:57,912 P1939060 INFO Processing column: {'name': 'user_index', 'active': True, 'dtype': 'int', 'type': 'meta'}
2026-07-15 22:06:57,912 P1939060 INFO Processing column: {'name': 'item_index', 'active': True, 'dtype': 'int', 'type': 'meta'}
2026-07-15 22:06:57,912 P1939060 INFO Processing column: {'name': 'seq_len', 'active': True, 'dtype': 'int', 'type': 'meta'}
2026-07-15 22:06:57,912 P1939060 INFO Processing column: {'name': 'user_id', 'active': True, 'dtype': 'int', 'type': 'categorical', 'vocab_size': 470571}
2026-07-15 22:06:58,017 P1939060 INFO Processing column: {'name': 'item_id', 'active': True, 'dtype': 'int', 'type': 'categorical', 'vocab_size': 846812, 'source': 'item'}
2026-07-15 22:06:58,211 P1939060 INFO Processing column: {'name': 'cate_id', 'active': True, 'dtype': 'int', 'type': 'categorical', 'vocab_size': 6409, 'source': 'item'}
2026-07-15 22:06:58,213 P1939060 INFO Processing column: {'name': 'campaign_id', 'active': True, 'dtype': 'int', 'type': 'categorical', 'vocab_size': 354106, 'source': 'item'}
2026-07-15 22:06:58,290 P1939060 INFO Processing column: {'name': 'customer_id', 'active': True, 'dtype': 'int', 'type': 'categorical', 'vocab_size': 220826, 'source': 'item'}
2026-07-15 22:06:58,333 P1939060 INFO Processing column: {'name': 'brand', 'active': True, 'dtype': 'int', 'type': 'categorical', 'vocab_size': 88145, 'source': 'item'}
2026-07-15 22:06:58,350 P1939060 INFO Processing column: {'name': 'price_bucket', 'active': True, 'dtype': 'int', 'type': 'categorical', 'vocab_size': 11, 'source': 'item'}
2026-07-15 22:06:58,350 P1939060 INFO Processing column: {'name': 'cms_segid', 'active': True, 'dtype': 'int', 'type': 'categorical', 'vocab_size': 99}
2026-07-15 22:06:58,350 P1939060 INFO Processing column: {'name': 'cms_group_id', 'active': True, 'dtype': 'int', 'type': 'categorical', 'vocab_size': 15}
2026-07-15 22:06:58,350 P1939060 INFO Processing column: {'name': 'final_gender_code', 'active': True, 'dtype': 'int', 'type': 'categorical', 'vocab_size': 4}
2026-07-15 22:06:58,350 P1939060 INFO Processing column: {'name': 'age_level', 'active': True, 'dtype': 'int', 'type': 'categorical', 'vocab_size': 9}
2026-07-15 22:06:58,350 P1939060 INFO Processing column: {'name': 'pvalue_level', 'active': True, 'dtype': 'int', 'type': 'categorical', 'vocab_size': 5}
2026-07-15 22:06:58,351 P1939060 INFO Processing column: {'name': 'shopping_level', 'active': True, 'dtype': 'int', 'type': 'categorical', 'vocab_size': 5}
2026-07-15 22:06:58,351 P1939060 INFO Processing column: {'name': 'occupation', 'active': True, 'dtype': 'int', 'type': 'categorical', 'vocab_size': 4}
2026-07-15 22:06:58,351 P1939060 INFO Processing column: {'name': 'new_user_class_level', 'active': True, 'dtype': 'int', 'type': 'categorical', 'vocab_size': 6}
2026-07-15 22:06:58,351 P1939060 INFO Processing column: {'name': 'pid', 'active': True, 'dtype': 'int', 'type': 'categorical', 'vocab_size': 4}
2026-07-15 22:06:58,351 P1939060 INFO Processing column: {'name': 'is_weekend', 'active': True, 'dtype': 'int', 'type': 'categorical', 'vocab_size': 3}
2026-07-15 22:06:58,351 P1939060 INFO Processing column: {'name': 'hour', 'active': True, 'dtype': 'int', 'type': 'categorical', 'vocab_size': 25}
2026-07-15 22:06:58,351 P1939060 INFO Processing column: {'name': 'action', 'active': True, 'dtype': 'int', 'type': 'categorical', 'vocab_size': 17, 'source': 'action'}
2026-07-15 22:06:58,352 P1939060 INFO Set column index...
2026-07-15 22:06:58,352 P1939060 INFO Save feature_map to json: /mnt/ceph-nj1-csp/bingoozhang/salmonli/data/Taobao_Action/feature_map.json
2026-07-15 22:06:58,683 P1939060 INFO Pickle feature_encode: /mnt/ceph-nj1-csp/bingoozhang/salmonli/data/Taobao_Action/feature_processor.pkl
2026-07-15 22:06:58,817 P1939060 INFO Save feature_vocab to json: /mnt/ceph-nj1-csp/bingoozhang/salmonli/data/Taobao_Action/feature_vocab.json
2026-07-15 22:07:00,552 P1939060 INFO Set feature processor done.
2026-07-15 22:07:00,566 P1939060 INFO Load feature_map from json: /mnt/ceph-nj1-csp/bingoozhang/salmonli/data/Taobao_Action/feature_map.json
2026-07-15 22:07:00,567 P1939060 INFO Set column index...
2026-07-15 22:07:00,567 P1939060 INFO Feature specs: {
    "action": "{'source': 'action', 'type': 'categorical', 'padding_idx': 0, 'vocab_size': 17}",
    "age_level": "{'source': '', 'type': 'categorical', 'padding_idx': 0, 'vocab_size': 9}",
    "brand": "{'source': 'item', 'type': 'categorical', 'padding_idx': 0, 'vocab_size': 88145}",
    "campaign_id": "{'source': 'item', 'type': 'categorical', 'padding_idx': 0, 'vocab_size': 354106}",
    "cate_id": "{'source': 'item', 'type': 'categorical', 'padding_idx': 0, 'vocab_size': 6409}",
    "cms_group_id": "{'source': '', 'type': 'categorical', 'padding_idx': 0, 'vocab_size': 15}",
    "cms_segid": "{'source': '', 'type': 'categorical', 'padding_idx': 0, 'vocab_size': 99}",
    "customer_id": "{'source': 'item', 'type': 'categorical', 'padding_idx': 0, 'vocab_size': 220826}",
    "final_gender_code": "{'source': '', 'type': 'categorical', 'padding_idx': 0, 'vocab_size': 4}",
    "hour": "{'source': '', 'type': 'categorical', 'padding_idx': 0, 'vocab_size': 25}",
    "is_weekend": "{'source': '', 'type': 'categorical', 'padding_idx': 0, 'vocab_size': 3}",
    "item_id": "{'source': 'item', 'type': 'categorical', 'padding_idx': 0, 'vocab_size': 846812}",
    "item_index": "{'type': 'meta'}",
    "new_user_class_level": "{'source': '', 'type': 'categorical', 'padding_idx': 0, 'vocab_size': 6}",
    "occupation": "{'source': '', 'type': 'categorical', 'padding_idx': 0, 'vocab_size': 4}",
    "pid": "{'source': '', 'type': 'categorical', 'padding_idx': 0, 'vocab_size': 4}",
    "price_bucket": "{'source': 'item', 'type': 'categorical', 'padding_idx': 0, 'vocab_size': 11}",
    "pvalue_level": "{'source': '', 'type': 'categorical', 'padding_idx': 0, 'vocab_size': 5}",
    "seq_len": "{'type': 'meta'}",
    "shopping_level": "{'source': '', 'type': 'categorical', 'padding_idx': 0, 'vocab_size': 5}",
    "user_id": "{'source': '', 'type': 'categorical', 'padding_idx': 0, 'vocab_size': 470571}",
    "user_index": "{'type': 'meta'}"
}
2026-07-15 22:07:01,287 P1939060 INFO Optimizers: dense=AdamW(lr=0.0001, weight_decay=0, params=11295236), sparse=Adagrad(lr=0.05, params=73949472)
2026-07-15 22:07:01,289 P1939060 INFO ************ compile start ************
2026-07-15 22:07:02,898 P1939060 INFO Compiled dense module: unified_tokenizer_layer
2026-07-15 22:07:02,900 P1939060 INFO Compiled dense module: attention_layers
2026-07-15 22:07:02,901 P1939060 INFO Compiled dense module: unified_interaction_layers
2026-07-15 22:07:02,902 P1939060 INFO Compiled dense module: tower.0
2026-07-15 22:07:02,903 P1939060 INFO Compiled dense module: tower.1
2026-07-15 22:07:02,904 P1939060 INFO Compiled dense module: tower.2
2026-07-15 22:07:02,905 P1939060 INFO Compiled dense module: tower.3
2026-07-15 22:07:03,362 P1939060 INFO Total number of parameters: 85244708.
2026-07-15 22:07:03,362 P1939060 INFO Number of embedding parameters: 73949472.
2026-07-15 22:07:03,362 P1939060 INFO Number of dense parameters: 11295236.
2026-07-15 22:07:03,362 P1939060 INFO Loading datasets...
2026-07-15 22:07:03,421 P1939060 INFO Train samples: total/4448389, blocks/8
2026-07-15 22:07:03,437 P1939060 INFO Validation samples: total/716424, blocks/2
2026-07-15 22:07:03,437 P1939060 INFO Loading train and validation data done.
2026-07-15 22:07:03,608 P1939060 INFO BF16 mixed precision: True
2026-07-15 22:07:03,608 P1939060 INFO Gradient checkpointing: False
2026-07-15 22:07:03,608 P1939060 INFO Start training: 540 local batches/epoch
2026-07-15 22:07:03,609 P1939060 INFO DDP blocked training: True
2026-07-15 22:07:03,609 P1939060 INFO Disable step-wise eval and use epoch-end synchronized eval for DDP + blocked dataloader.
2026-07-15 22:07:03,609 P1939060 INFO ************ Epoch=1 start ************
2026-07-15 22:08:47,234 P1939060 INFO Train loss: 0.275443
2026-07-15 22:08:47,237 P1939060 INFO Evaluation @epoch 1 - batch 540:
2026-07-15 22:08:57,283 P1939060 INFO [Task: is_click][Metrics] AUC: 0.629032 - logloss: 0.185353
2026-07-15 22:08:58,244 P1939060 INFO [Task: cart][Metrics] AUC: 0.792647 - logloss: 0.021905
2026-07-15 22:08:59,225 P1939060 INFO [Task: fav][Metrics] AUC: 0.806446 - logloss: 0.016477
2026-07-15 22:09:00,187 P1939060 INFO [Task: buy][Metrics] AUC: 0.812609 - logloss: 0.009642
2026-07-15 22:09:00,261 P1939060 INFO Save best model: monitor(max)=0.760184
2026-07-15 22:09:00,761 P1939060 INFO ************ Epoch=1 end ************
2026-07-15 22:09:00,763 P1939060 INFO Training finished.
2026-07-15 22:09:00,763 P1939060 INFO Load best model: /mnt/ceph-nj1-csp/bingoozhang/salmonli/ft_local/UniRank/checkpoints/Taobao_Action/Zenith_Taobao_Action.model
2026-07-15 22:09:01,521 P1939060 INFO ******** Test evaluation ********
2026-07-15 22:09:01,522 P1939060 INFO Loading datasets...
2026-07-15 22:09:01,542 P1939060 INFO Test samples: total/728294, blocks/2
2026-07-15 22:09:01,542 P1939060 INFO Loading test data done.
2026-07-15 22:09:06,374 P1939060 INFO [Task: is_click][Metrics] logloss: 0.187409 - AUC: 0.621720
2026-07-15 22:09:07,333 P1939060 INFO [Task: cart][Metrics] logloss: 0.019187 - AUC: 0.782855
2026-07-15 22:09:08,345 P1939060 INFO [Task: fav][Metrics] logloss: 0.014642 - AUC: 0.799319
2026-07-15 22:09:09,297 P1939060 INFO [Task: buy][Metrics] logloss: 0.006845 - AUC: 0.793422
2026-07-15 22:09:09,779 P1939060 INFO Deleted model checkpoint: /mnt/ceph-nj1-csp/bingoozhang/salmonli/ft_local/UniRank/checkpoints/Taobao_Action/Zenith_Taobao_Action.model
