2026-07-11 03:55:21,812 P2657726 INFO UniRank version: 2.3.7
2026-07-11 03:55:21,812 P2657726 INFO Params: {
    "accumulation_steps": "1",
    "batch_size": "8192",
    "block_cache_size": "2",
    "blocked": "True",
    "data_format": "parquet",
    "data_root": "/mnt/ceph-nj1-csp/bingoozhang/salmonli/data",
    "dataset_id": "KuaiRand_Video_Action",
    "debug_mode": "False",
    "dense_learning_rate": "0.0001",
    "dense_optimizer": "AdamW",
    "dense_weight_decay": "0",
    "distributed": "True",
    "early_stop_patience": "2",
    "embedding_dim": "16",
    "enable_bf16": "True",
    "epochs": "1",
    "eval_steps": "None",
    "expansion_factor": "2",
    "feature_cols": "[{'name': 'user_index', 'active': True, 'dtype': 'int', 'type': 'meta'}, {'name': 'item_index', 'active': True, 'dtype': 'int', 'type': 'meta'}, {'name': 'seq_len', 'active': True, 'dtype': 'int', 'type': 'meta'}, {'name': 'user_id', 'active': True, 'dtype': 'int', 'type': 'categorical', 'vocab_size': 27286}, {'name': 'item_id', 'active': True, 'dtype': 'int', 'type': 'categorical', 'vocab_size': 32038726, 'source': 'item'}, {'name': 'video_type', 'active': True, 'dtype': 'int', 'type': 'categorical', 'vocab_size': 4, 'source': 'item'}, {'name': 'primary_tag', 'active': True, 'dtype': 'int', 'type': 'categorical', 'vocab_size': 60, 'source': 'item'}, {'name': 'music_type', 'active': True, 'dtype': 'int', 'type': 'categorical', 'vocab_size': 8, 'source': 'item'}, {'name': 'duration_bucket', 'active': True, 'dtype': 'int', 'type': 'categorical', 'vocab_size': 8, 'source': 'item'}, {'name': 'user_active_degree', 'active': True, 'dtype': 'int', 'type': 'categorical', 'vocab_size': 11}, {'name': 'is_lowactive_period', 'active': True, 'dtype': 'int', 'type': 'categorical', 'vocab_size': 3}, {'name': 'is_live_streamer', 'active': True, 'dtype': 'int', 'type': 'categorical', 'vocab_size': 4}, {'name': 'is_video_author', 'active': True, 'dtype': 'int', 'type': 'categorical', 'vocab_size': 4}, {'name': 'follow_user_num_range', 'active': True, 'dtype': 'int', 'type': 'categorical', 'vocab_size': 10}, {'name': 'fans_user_num_range', 'active': True, 'dtype': 'int', 'type': 'categorical', 'vocab_size': 11}, {'name': 'friend_user_num_range', 'active': True, 'dtype': 'int', 'type': 'categorical', 'vocab_size': 9}, {'name': 'register_days_range', 'active': True, 'dtype': 'int', 'type': 'categorical', 'vocab_size': 10}, {'name': 'onehot_feat0', 'active': True, 'dtype': 'int', 'type': 'categorical', 'vocab_size': 4}, {'name': 'onehot_feat1', 'active': True, 'dtype': 'int', 'type': 'categorical', 'vocab_size': 9}, {'name': 'onehot_feat2', 'active': True, 'dtype': 'int', 'type': 'categorical', 'vocab_size': 52}, {'name': 'onehot_feat3', 'active': True, 'dtype': 'int', 'type': 'categorical', 'vocab_size': 1473}, {'name': 'onehot_feat4', 'active': True, 'dtype': 'int', 'type': 'categorical', 'vocab_size': 18}, {'name': 'onehot_feat5', 'active': True, 'dtype': 'int', 'type': 'categorical', 'vocab_size': 36}, {'name': 'onehot_feat6', 'active': True, 'dtype': 'int', 'type': 'categorical', 'vocab_size': 5}, {'name': 'onehot_feat7', 'active': True, 'dtype': 'int', 'type': 'categorical', 'vocab_size': 120}, {'name': 'onehot_feat8', 'active': True, 'dtype': 'int', 'type': 'categorical', 'vocab_size': 456}, {'name': 'onehot_feat9', 'active': True, 'dtype': 'int', 'type': 'categorical', 'vocab_size': 9}, {'name': 'onehot_feat10', 'active': True, 'dtype': 'int', 'type': 'categorical', 'vocab_size': 7}, {'name': 'onehot_feat11', 'active': True, 'dtype': 'int', 'type': 'categorical', 'vocab_size': 7}, {'name': 'onehot_feat12', 'active': True, 'dtype': 'int', 'type': 'categorical', 'vocab_size': 5}, {'name': 'onehot_feat13', 'active': True, 'dtype': 'int', 'type': 'categorical', 'vocab_size': 5}, {'name': 'onehot_feat14', 'active': True, 'dtype': 'int', 'type': 'categorical', 'vocab_size': 5}, {'name': 'onehot_feat15', 'active': True, 'dtype': 'int', 'type': 'categorical', 'vocab_size': 5}, {'name': 'onehot_feat16', 'active': True, 'dtype': 'int', 'type': 'categorical', 'vocab_size': 5}, {'name': 'onehot_feat17', 'active': True, 'dtype': 'int', 'type': 'categorical', 'vocab_size': 5}, {'name': 'tab', 'active': True, 'dtype': 'int', 'type': 'categorical', 'vocab_size': 16}, {'name': 'day_of_week', 'active': True, 'dtype': 'int', 'type': 'categorical', 'vocab_size': 8}, {'name': 'is_weekend', 'active': True, 'dtype': 'int', 'type': 'categorical', 'vocab_size': 3}, {'name': 'hour', 'active': True, 'dtype': 'int', 'type': 'categorical', 'vocab_size': 25}, {'name': 'action', 'active': True, 'dtype': 'int', 'type': 'categorical', 'vocab_size': 65, 'source': 'action'}]",
    "feature_config": "None",
    "feature_specs": "None",
    "global_rank": "64",
    "gpu": "0",
    "group_id": "user_index",
    "label_col": "[{'name': 'is_click', 'dtype': 'float'}, {'name': 'is_follow', 'dtype': 'float'}, {'name': 'is_like', 'dtype': 'float'}, {'name': 'is_comment', 'dtype': 'float'}, {'name': 'is_forward', 'dtype': 'float'}, {'name': 'long_view', 'dtype': 'float'}]",
    "local_rank": "0",
    "loss": "['binary_crossentropy', 'binary_crossentropy', 'binary_crossentropy', 'binary_crossentropy', 'binary_crossentropy', 'binary_crossentropy']",
    "max_len": "100",
    "metrics": "['logloss', 'AUC', 'gAUC']",
    "model": "UniMixer",
    "model_id": "UniMixer_KuaiRand_Video_Action",
    "model_root": "./checkpoints/",
    "monitor": "{'AUC': 1, 'logloss': 0, 'gAUC': 1}",
    "monitor_mode": "max",
    "net_dropout": "0",
    "num_basis": "4",
    "num_layers": "3",
    "num_tasks": "6",
    "num_tokens": "128",
    "num_workers": "4",
    "pickle_feature_encoder": "True",
    "rank": "0",
    "rebuild_dataset": "False",
    "save_best_only": "True",
    "seed": "20262027",
    "shuffle": "True",
    "sinkhorn_eps": "1e-06",
    "sinkhorn_iter": "5",
    "sparse_learning_rate": "0.05",
    "sparse_optimizer": "Adagrad",
    "task": "binary_classification",
    "tau": "1.0",
    "tau_anneal_steps": "20000",
    "tau_end": "0.05",
    "tau_schedule": "linear",
    "tau_warmup_steps": "1000",
    "test_data": "/mnt/ceph-nj1-csp/bingoozhang/salmonli/data/KuaiRand_Video_Action/test/data",
    "test_item_info": "/mnt/ceph-nj1-csp/bingoozhang/salmonli/data/KuaiRand_Video_Action/test/item_info",
    "test_user_info": "/mnt/ceph-nj1-csp/bingoozhang/salmonli/data/KuaiRand_Video_Action/test/user_info",
    "token_dim": "8",
    "tower_activations": "ReLU",
    "tower_hidden_units": "[128, 64]",
    "train_data": "/mnt/ceph-nj1-csp/bingoozhang/salmonli/data/KuaiRand_Video_Action/train/data",
    "train_item_info": "/mnt/ceph-nj1-csp/bingoozhang/salmonli/data/KuaiRand_Video_Action/train/item_info",
    "train_user_info": "/mnt/ceph-nj1-csp/bingoozhang/salmonli/data/KuaiRand_Video_Action/train/user_info",
    "use_features": "None",
    "use_local_coef_softmax": "True",
    "use_out_proj": "False",
    "use_tau_symmetry": "True",
    "valid_data": "/mnt/ceph-nj1-csp/bingoozhang/salmonli/data/KuaiRand_Video_Action/valid/data",
    "valid_item_info": "/mnt/ceph-nj1-csp/bingoozhang/salmonli/data/KuaiRand_Video_Action/valid/item_info",
    "valid_user_info": "/mnt/ceph-nj1-csp/bingoozhang/salmonli/data/KuaiRand_Video_Action/valid/user_info",
    "verbose": "1",
    "world_size": "4"
}
2026-07-11 03:55:21,814 P2657726 INFO Set up feature processor...
2026-07-11 03:55:21,814 P2657726 INFO Fit feature processor...
2026-07-11 03:55:21,814 P2657726 INFO Processing column: {'name': 'user_index', 'active': True, 'dtype': 'int', 'type': 'meta'}
2026-07-11 03:55:21,815 P2657726 INFO Processing column: {'name': 'item_index', 'active': True, 'dtype': 'int', 'type': 'meta'}
2026-07-11 03:55:21,815 P2657726 INFO Processing column: {'name': 'seq_len', 'active': True, 'dtype': 'int', 'type': 'meta'}
2026-07-11 03:55:21,815 P2657726 INFO Processing column: {'name': 'user_id', 'active': True, 'dtype': 'int', 'type': 'categorical', 'vocab_size': 27286}
2026-07-11 03:55:21,819 P2657726 INFO Processing column: {'name': 'item_id', 'active': True, 'dtype': 'int', 'type': 'categorical', 'vocab_size': 32038726, 'source': 'item'}
2026-07-11 03:55:27,969 P2657726 INFO Processing column: {'name': 'video_type', 'active': True, 'dtype': 'int', 'type': 'categorical', 'vocab_size': 4, 'source': 'item'}
2026-07-11 03:55:27,970 P2657726 INFO Processing column: {'name': 'primary_tag', 'active': True, 'dtype': 'int', 'type': 'categorical', 'vocab_size': 60, 'source': 'item'}
2026-07-11 03:55:27,970 P2657726 INFO Processing column: {'name': 'music_type', 'active': True, 'dtype': 'int', 'type': 'categorical', 'vocab_size': 8, 'source': 'item'}
2026-07-11 03:55:27,970 P2657726 INFO Processing column: {'name': 'duration_bucket', 'active': True, 'dtype': 'int', 'type': 'categorical', 'vocab_size': 8, 'source': 'item'}
2026-07-11 03:55:27,970 P2657726 INFO Processing column: {'name': 'user_active_degree', 'active': True, 'dtype': 'int', 'type': 'categorical', 'vocab_size': 11}
2026-07-11 03:55:27,971 P2657726 INFO Processing column: {'name': 'is_lowactive_period', 'active': True, 'dtype': 'int', 'type': 'categorical', 'vocab_size': 3}
2026-07-11 03:55:27,971 P2657726 INFO Processing column: {'name': 'is_live_streamer', 'active': True, 'dtype': 'int', 'type': 'categorical', 'vocab_size': 4}
2026-07-11 03:55:27,971 P2657726 INFO Processing column: {'name': 'is_video_author', 'active': True, 'dtype': 'int', 'type': 'categorical', 'vocab_size': 4}
2026-07-11 03:55:27,971 P2657726 INFO Processing column: {'name': 'follow_user_num_range', 'active': True, 'dtype': 'int', 'type': 'categorical', 'vocab_size': 10}
2026-07-11 03:55:27,971 P2657726 INFO Processing column: {'name': 'fans_user_num_range', 'active': True, 'dtype': 'int', 'type': 'categorical', 'vocab_size': 11}
2026-07-11 03:55:27,971 P2657726 INFO Processing column: {'name': 'friend_user_num_range', 'active': True, 'dtype': 'int', 'type': 'categorical', 'vocab_size': 9}
2026-07-11 03:55:27,971 P2657726 INFO Processing column: {'name': 'register_days_range', 'active': True, 'dtype': 'int', 'type': 'categorical', 'vocab_size': 10}
2026-07-11 03:55:27,971 P2657726 INFO Processing column: {'name': 'onehot_feat0', 'active': True, 'dtype': 'int', 'type': 'categorical', 'vocab_size': 4}
2026-07-11 03:55:27,971 P2657726 INFO Processing column: {'name': 'onehot_feat1', 'active': True, 'dtype': 'int', 'type': 'categorical', 'vocab_size': 9}
2026-07-11 03:55:27,972 P2657726 INFO Processing column: {'name': 'onehot_feat2', 'active': True, 'dtype': 'int', 'type': 'categorical', 'vocab_size': 52}
2026-07-11 03:55:27,972 P2657726 INFO Processing column: {'name': 'onehot_feat3', 'active': True, 'dtype': 'int', 'type': 'categorical', 'vocab_size': 1473}
2026-07-11 03:55:27,972 P2657726 INFO Processing column: {'name': 'onehot_feat4', 'active': True, 'dtype': 'int', 'type': 'categorical', 'vocab_size': 18}
2026-07-11 03:55:27,972 P2657726 INFO Processing column: {'name': 'onehot_feat5', 'active': True, 'dtype': 'int', 'type': 'categorical', 'vocab_size': 36}
2026-07-11 03:55:27,972 P2657726 INFO Processing column: {'name': 'onehot_feat6', 'active': True, 'dtype': 'int', 'type': 'categorical', 'vocab_size': 5}
2026-07-11 03:55:27,972 P2657726 INFO Processing column: {'name': 'onehot_feat7', 'active': True, 'dtype': 'int', 'type': 'categorical', 'vocab_size': 120}
2026-07-11 03:55:27,972 P2657726 INFO Processing column: {'name': 'onehot_feat8', 'active': True, 'dtype': 'int', 'type': 'categorical', 'vocab_size': 456}
2026-07-11 03:55:27,973 P2657726 INFO Processing column: {'name': 'onehot_feat9', 'active': True, 'dtype': 'int', 'type': 'categorical', 'vocab_size': 9}
2026-07-11 03:55:27,973 P2657726 INFO Processing column: {'name': 'onehot_feat10', 'active': True, 'dtype': 'int', 'type': 'categorical', 'vocab_size': 7}
2026-07-11 03:55:27,973 P2657726 INFO Processing column: {'name': 'onehot_feat11', 'active': True, 'dtype': 'int', 'type': 'categorical', 'vocab_size': 7}
2026-07-11 03:55:27,973 P2657726 INFO Processing column: {'name': 'onehot_feat12', 'active': True, 'dtype': 'int', 'type': 'categorical', 'vocab_size': 5}
2026-07-11 03:55:27,973 P2657726 INFO Processing column: {'name': 'onehot_feat13', 'active': True, 'dtype': 'int', 'type': 'categorical', 'vocab_size': 5}
2026-07-11 03:55:27,973 P2657726 INFO Processing column: {'name': 'onehot_feat14', 'active': True, 'dtype': 'int', 'type': 'categorical', 'vocab_size': 5}
2026-07-11 03:55:27,973 P2657726 INFO Processing column: {'name': 'onehot_feat15', 'active': True, 'dtype': 'int', 'type': 'categorical', 'vocab_size': 5}
2026-07-11 03:55:27,973 P2657726 INFO Processing column: {'name': 'onehot_feat16', 'active': True, 'dtype': 'int', 'type': 'categorical', 'vocab_size': 5}
2026-07-11 03:55:27,973 P2657726 INFO Processing column: {'name': 'onehot_feat17', 'active': True, 'dtype': 'int', 'type': 'categorical', 'vocab_size': 5}
2026-07-11 03:55:27,973 P2657726 INFO Processing column: {'name': 'tab', 'active': True, 'dtype': 'int', 'type': 'categorical', 'vocab_size': 16}
2026-07-11 03:55:27,974 P2657726 INFO Processing column: {'name': 'day_of_week', 'active': True, 'dtype': 'int', 'type': 'categorical', 'vocab_size': 8}
2026-07-11 03:55:27,974 P2657726 INFO Processing column: {'name': 'is_weekend', 'active': True, 'dtype': 'int', 'type': 'categorical', 'vocab_size': 3}
2026-07-11 03:55:27,974 P2657726 INFO Processing column: {'name': 'hour', 'active': True, 'dtype': 'int', 'type': 'categorical', 'vocab_size': 25}
2026-07-11 03:55:27,974 P2657726 INFO Processing column: {'name': 'action', 'active': True, 'dtype': 'int', 'type': 'categorical', 'vocab_size': 65, 'source': 'action'}
2026-07-11 03:55:27,976 P2657726 INFO Set column index...
2026-07-11 03:55:27,976 P2657726 INFO Save feature_map to json: /mnt/ceph-nj1-csp/bingoozhang/salmonli/data/KuaiRand_Video_Action/feature_map.json
2026-07-11 03:55:27,985 P2657726 INFO Pickle feature_encode: /mnt/ceph-nj1-csp/bingoozhang/salmonli/data/KuaiRand_Video_Action/feature_processor.pkl
2026-07-11 03:55:28,888 P2657726 INFO Save feature_vocab to json: /mnt/ceph-nj1-csp/bingoozhang/salmonli/data/KuaiRand_Video_Action/feature_vocab.json
2026-07-11 03:55:56,082 P2657726 INFO Set feature processor done.
2026-07-11 03:55:56,101 P2657726 INFO Load feature_map from json: /mnt/ceph-nj1-csp/bingoozhang/salmonli/data/KuaiRand_Video_Action/feature_map.json
2026-07-11 03:55:56,104 P2657726 INFO Set column index...
2026-07-11 03:55:56,104 P2657726 INFO Feature specs: {
    "action": "{'source': 'action', 'type': 'categorical', 'padding_idx': 0, 'vocab_size': 65}",
    "day_of_week": "{'source': '', 'type': 'categorical', 'padding_idx': 0, 'vocab_size': 8}",
    "duration_bucket": "{'source': 'item', 'type': 'categorical', 'padding_idx': 0, 'vocab_size': 8}",
    "fans_user_num_range": "{'source': '', 'type': 'categorical', 'padding_idx': 0, 'vocab_size': 11}",
    "follow_user_num_range": "{'source': '', 'type': 'categorical', 'padding_idx': 0, 'vocab_size': 10}",
    "friend_user_num_range": "{'source': '', 'type': 'categorical', 'padding_idx': 0, 'vocab_size': 9}",
    "hour": "{'source': '', 'type': 'categorical', 'padding_idx': 0, 'vocab_size': 25}",
    "is_live_streamer": "{'source': '', 'type': 'categorical', 'padding_idx': 0, 'vocab_size': 4}",
    "is_lowactive_period": "{'source': '', 'type': 'categorical', 'padding_idx': 0, 'vocab_size': 3}",
    "is_video_author": "{'source': '', 'type': 'categorical', 'padding_idx': 0, 'vocab_size': 4}",
    "is_weekend": "{'source': '', 'type': 'categorical', 'padding_idx': 0, 'vocab_size': 3}",
    "item_id": "{'source': 'item', 'type': 'categorical', 'padding_idx': 0, 'vocab_size': 32038726}",
    "item_index": "{'type': 'meta'}",
    "music_type": "{'source': 'item', 'type': 'categorical', 'padding_idx': 0, 'vocab_size': 8}",
    "onehot_feat0": "{'source': '', 'type': 'categorical', 'padding_idx': 0, 'vocab_size': 4}",
    "onehot_feat1": "{'source': '', 'type': 'categorical', 'padding_idx': 0, 'vocab_size': 9}",
    "onehot_feat10": "{'source': '', 'type': 'categorical', 'padding_idx': 0, 'vocab_size': 7}",
    "onehot_feat11": "{'source': '', 'type': 'categorical', 'padding_idx': 0, 'vocab_size': 7}",
    "onehot_feat12": "{'source': '', 'type': 'categorical', 'padding_idx': 0, 'vocab_size': 5}",
    "onehot_feat13": "{'source': '', 'type': 'categorical', 'padding_idx': 0, 'vocab_size': 5}",
    "onehot_feat14": "{'source': '', 'type': 'categorical', 'padding_idx': 0, 'vocab_size': 5}",
    "onehot_feat15": "{'source': '', 'type': 'categorical', 'padding_idx': 0, 'vocab_size': 5}",
    "onehot_feat16": "{'source': '', 'type': 'categorical', 'padding_idx': 0, 'vocab_size': 5}",
    "onehot_feat17": "{'source': '', 'type': 'categorical', 'padding_idx': 0, 'vocab_size': 5}",
    "onehot_feat2": "{'source': '', 'type': 'categorical', 'padding_idx': 0, 'vocab_size': 52}",
    "onehot_feat3": "{'source': '', 'type': 'categorical', 'padding_idx': 0, 'vocab_size': 1473}",
    "onehot_feat4": "{'source': '', 'type': 'categorical', 'padding_idx': 0, 'vocab_size': 18}",
    "onehot_feat5": "{'source': '', 'type': 'categorical', 'padding_idx': 0, 'vocab_size': 36}",
    "onehot_feat6": "{'source': '', 'type': 'categorical', 'padding_idx': 0, 'vocab_size': 5}",
    "onehot_feat7": "{'source': '', 'type': 'categorical', 'padding_idx': 0, 'vocab_size': 120}",
    "onehot_feat8": "{'source': '', 'type': 'categorical', 'padding_idx': 0, 'vocab_size': 456}",
    "onehot_feat9": "{'source': '', 'type': 'categorical', 'padding_idx': 0, 'vocab_size': 9}",
    "primary_tag": "{'source': 'item', 'type': 'categorical', 'padding_idx': 0, 'vocab_size': 60}",
    "register_days_range": "{'source': '', 'type': 'categorical', 'padding_idx': 0, 'vocab_size': 10}",
    "seq_len": "{'type': 'meta'}",
    "tab": "{'source': '', 'type': 'categorical', 'padding_idx': 0, 'vocab_size': 16}",
    "user_active_degree": "{'source': '', 'type': 'categorical', 'padding_idx': 0, 'vocab_size': 11}",
    "user_id": "{'source': '', 'type': 'categorical', 'padding_idx': 0, 'vocab_size': 27286}",
    "user_index": "{'type': 'meta'}",
    "video_type": "{'source': 'item', 'type': 'categorical', 'padding_idx': 0, 'vocab_size': 4}"
}
2026-07-11 03:56:00,776 P2657726 INFO Optimizers: dense=AdamW(lr=0.0001, weight_decay=0, params=1133526), sparse=Adagrad(lr=0.05, params=513095952)
2026-07-11 03:56:00,777 P2657726 INFO ************ compile start ************
2026-07-11 03:56:02,315 P2657726 INFO Compiled dense module: unified_tokenizer_layer
2026-07-11 03:56:02,317 P2657726 INFO Compiled dense module: unified_interaction_layers
2026-07-11 03:56:02,318 P2657726 INFO Compiled dense module: tower.0
2026-07-11 03:56:02,319 P2657726 INFO Compiled dense module: tower.1
2026-07-11 03:56:02,320 P2657726 INFO Compiled dense module: tower.2
2026-07-11 03:56:02,321 P2657726 INFO Compiled dense module: tower.3
2026-07-11 03:56:02,322 P2657726 INFO Compiled dense module: tower.4
2026-07-11 03:56:02,323 P2657726 INFO Compiled dense module: tower.5
2026-07-11 03:56:04,918 P2657726 INFO Total number of parameters: 514229478.
2026-07-11 03:56:04,920 P2657726 INFO Number of embedding parameters: 513095952.
2026-07-11 03:56:04,921 P2657726 INFO Number of dense parameters: 1133526.
2026-07-11 03:56:04,922 P2657726 INFO Loading datasets...
2026-07-11 03:56:05,490 P2657726 INFO Train samples: total/64537594, blocks/2
2026-07-11 03:56:05,970 P2657726 INFO Validation samples: total/8583717, blocks/2
2026-07-11 03:56:05,971 P2657726 INFO Loading train and validation data done.
2026-07-11 03:56:05,979 P2657726 INFO BF16 mixed precision: True
2026-07-11 03:56:05,979 P2657726 INFO Start training: 7877 local batches/epoch
2026-07-11 03:56:05,979 P2657726 INFO DDP blocked training: True
2026-07-11 03:56:05,979 P2657726 INFO Disable step-wise eval and use epoch-end synchronized eval for DDP + blocked dataloader.
2026-07-11 03:56:05,979 P2657726 INFO ************ Epoch=1 start ************
2026-07-11 04:13:44,714 P2657726 INFO Train loss: 1.057125
2026-07-11 04:13:44,721 P2657726 INFO Evaluation @epoch 1 - batch 7877: 
2026-07-11 04:15:13,318 P2657726 INFO [Task: is_click][Metrics] AUC: 0.769629 - logloss: 0.565976 - gAUC: 0.745553
2026-07-11 04:15:31,163 P2657726 INFO [Task: is_follow][Metrics] AUC: 0.835611 - logloss: 0.007444 - gAUC: 0.717493
2026-07-11 04:15:49,667 P2657726 INFO [Task: is_like][Metrics] AUC: 0.905421 - logloss: 0.062617 - gAUC: 0.817832
2026-07-11 04:16:07,406 P2657726 INFO [Task: is_comment][Metrics] AUC: 0.846092 - logloss: 0.017084 - gAUC: 0.771587
2026-07-11 04:16:24,993 P2657726 INFO [Task: is_forward][Metrics] AUC: 0.827247 - logloss: 0.006041 - gAUC: 0.733070
2026-07-11 04:16:45,717 P2657726 INFO [Task: long_view][Metrics] AUC: 0.764000 - logloss: 0.516813 - gAUC: 0.743011
2026-07-11 04:16:46,691 P2657726 INFO Save best model: monitor(max)=1.579425
2026-07-11 04:16:49,210 P2657726 INFO ************ Epoch=1 end ************
2026-07-11 04:16:49,211 P2657726 INFO Training finished.
2026-07-11 04:16:49,211 P2657726 INFO Load best model: /mnt/ceph-nj1-csp/bingoozhang/salmonli/ft_local/UniRank/checkpoints/KuaiRand_Video_Action/UniMixer_KuaiRand_Video_Action.model
2026-07-11 04:16:54,357 P2657726 INFO ******** Test evaluation ********
2026-07-11 04:16:54,359 P2657726 INFO Loading datasets...
2026-07-11 04:16:54,442 P2657726 INFO Test samples: total/4127418, blocks/1
2026-07-11 04:16:54,442 P2657726 INFO Loading test data done.
2026-07-11 04:18:13,453 P2657726 INFO [Task: is_click][Metrics] logloss: 0.566389 - AUC: 0.770177 - gAUC: 0.746571
2026-07-11 04:18:30,791 P2657726 INFO [Task: is_follow][Metrics] logloss: 0.007259 - AUC: 0.833059 - gAUC: 0.719609
2026-07-11 04:18:48,701 P2657726 INFO [Task: is_like][Metrics] logloss: 0.062717 - AUC: 0.904758 - gAUC: 0.818492
2026-07-11 04:19:06,242 P2657726 INFO [Task: is_comment][Metrics] logloss: 0.017057 - AUC: 0.843338 - gAUC: 0.773834
2026-07-11 04:19:23,584 P2657726 INFO [Task: is_forward][Metrics] logloss: 0.006166 - AUC: 0.830999 - gAUC: 0.732587
2026-07-11 04:19:43,215 P2657726 INFO [Task: long_view][Metrics] logloss: 0.517932 - AUC: 0.764234 - gAUC: 0.743659
2026-07-11 04:19:45,055 P2657726 INFO Deleted model checkpoint: /mnt/ceph-nj1-csp/bingoozhang/salmonli/ft_local/UniRank/checkpoints/KuaiRand_Video_Action/UniMixer_KuaiRand_Video_Action.model
