2026-07-11 13:58:35,873 P2919047 INFO UniRank version: 2.3.7
2026-07-11 13:58:35,873 P2919047 INFO Params: {
    "accumulation_steps": "1",
    "batch_size": "8192",
    "block_cache_size": "2",
    "blocked": "True",
    "data_format": "parquet",
    "data_root": "/mnt/ceph-nj1-csp/bingoozhang/salmonli/data",
    "dataset_id": "TencentGR_10M_Action",
    "debug_mode": "False",
    "dense_learning_rate": "0.0001",
    "dense_optimizer": "AdamW",
    "dense_weight_decay": "0",
    "distributed": "True",
    "early_stop_patience": "2",
    "embedding_dim": "16",
    "enable_bf16": "True",
    "epochs": "1",
    "eval_steps": "None",
    "feature_cols": "[{'name': 'user_index', 'active': True, 'dtype': 'int', 'type': 'meta'}, {'name': 'item_index', 'active': True, 'dtype': 'int', 'type': 'meta'}, {'name': 'seq_len', 'active': True, 'dtype': 'int', 'type': 'meta'}, {'name': 'user_id', 'active': True, 'dtype': 'int', 'type': 'categorical', 'vocab_size': 7706779}, {'name': 'item_id', 'active': True, 'dtype': 'int', 'type': 'categorical', 'vocab_size': 17487677, 'source': 'item'}, {'name': '100', 'active': True, 'dtype': 'int', 'type': 'categorical', 'vocab_size': 7, 'source': 'item'}, {'name': '101', 'active': True, 'dtype': 'int', 'type': 'categorical', 'vocab_size': 54, 'source': 'item'}, {'name': '102', 'active': True, 'dtype': 'int', 'type': 'categorical', 'vocab_size': 173463, 'source': 'item'}, {'name': '112', 'active': True, 'dtype': 'int', 'type': 'categorical', 'vocab_size': 31, 'source': 'item'}, {'name': '114', 'active': True, 'dtype': 'int', 'type': 'categorical', 'vocab_size': 34, 'source': 'item'}, {'name': '115', 'active': True, 'dtype': 'int', 'type': 'categorical', 'vocab_size': 989, 'source': 'item'}, {'name': '116', 'active': True, 'dtype': 'int', 'type': 'categorical', 'vocab_size': 21, 'source': 'item'}, {'name': '117', 'active': True, 'dtype': 'int', 'type': 'categorical', 'vocab_size': 559, 'source': 'item'}, {'name': '118', 'active': True, 'dtype': 'int', 'type': 'categorical', 'vocab_size': 1637, 'source': 'item'}, {'name': '119', 'active': True, 'dtype': 'int', 'type': 'categorical', 'vocab_size': 4951, 'source': 'item'}, {'name': '120', 'active': True, 'dtype': 'int', 'type': 'categorical', 'vocab_size': 4046, 'source': 'item'}, {'name': '121', 'active': True, 'dtype': 'int', 'type': 'categorical', 'vocab_size': 5041300, 'source': 'item'}, {'name': '122', 'active': True, 'dtype': 'int', 'type': 'categorical', 'vocab_size': 2389, 'source': 'item'}, {'name': '103', 'active': True, 'dtype': 'int', 'type': 'categorical', 'vocab_size': 88}, {'name': '104', 'active': True, 'dtype': 'int', 'type': 'categorical', 'vocab_size': 4}, {'name': '105', 'active': True, 'dtype': 'int', 'type': 'categorical', 'vocab_size': 8}, {'name': '109', 'active': True, 'dtype': 'int', 'type': 'categorical', 'vocab_size': 4}, {'name': '106', 'active': True, 'dtype': 'int', 'type': 'sequence', 'max_len': 5, 'vocab_size': 15}, {'name': '107', 'active': True, 'dtype': 'int', 'type': 'sequence', 'max_len': 5, 'vocab_size': 20}, {'name': '108', 'active': True, 'dtype': 'int', 'type': 'sequence', 'max_len': 5, 'vocab_size': 5}, {'name': '110', 'active': True, 'dtype': 'int', 'type': 'sequence', 'max_len': 5, 'vocab_size': 3}, {'name': 'day_of_week', 'active': True, 'dtype': 'int', 'type': 'categorical', 'vocab_size': 8}, {'name': 'is_weekend', 'active': True, 'dtype': 'int', 'type': 'categorical', 'vocab_size': 3}, {'name': 'hour', 'active': True, 'dtype': 'int', 'type': 'categorical', 'vocab_size': 25}, {'name': 'action', 'active': True, 'dtype': 'int', 'type': 'categorical', 'vocab_size': 4, 'source': 'action'}]",
    "feature_config": "None",
    "feature_specs": "None",
    "gpu": "0",
    "group_id": "user_index",
    "label_col": "[{'name': 'is_click', 'dtype': 'float'}, {'name': 'is_conversion', 'dtype': 'float'}]",
    "local_rank": "0",
    "loss": "['binary_crossentropy', 'binary_crossentropy']",
    "max_len": "100",
    "metrics": "['logloss', 'AUC']",
    "model": "MixFormer",
    "model_id": "MixFormer_TencentGR_10M_Action",
    "model_root": "./checkpoints/",
    "monitor": "{'AUC': 1, 'logloss': 0}",
    "monitor_mode": "max",
    "net_dropout": "0",
    "num_layers": "3",
    "num_ns_token": "8",
    "num_tasks": "2",
    "num_workers": "4",
    "pickle_feature_encoder": "True",
    "rank": "0",
    "rebuild_dataset": "False",
    "save_best_only": "True",
    "seed": "20262027",
    "shuffle": "True",
    "sparse_learning_rate": "0.05",
    "sparse_optimizer": "Adagrad",
    "task": "binary_classification",
    "test_data": "/mnt/ceph-nj1-csp/bingoozhang/salmonli/data/TencentGR_10M_Action/test/data",
    "test_item_info": "/mnt/ceph-nj1-csp/bingoozhang/salmonli/data/TencentGR_10M_Action/test/item_info",
    "test_user_info": "/mnt/ceph-nj1-csp/bingoozhang/salmonli/data/TencentGR_10M_Action/test/user_info",
    "token_dim": "256",
    "tower_activations": "ReLU",
    "tower_hidden_units": "[128, 64]",
    "train_data": "/mnt/ceph-nj1-csp/bingoozhang/salmonli/data/TencentGR_10M_Action/train/data",
    "train_item_info": "/mnt/ceph-nj1-csp/bingoozhang/salmonli/data/TencentGR_10M_Action/train/item_info",
    "train_user_info": "/mnt/ceph-nj1-csp/bingoozhang/salmonli/data/TencentGR_10M_Action/train/user_info",
    "use_features": "None",
    "valid_data": "/mnt/ceph-nj1-csp/bingoozhang/salmonli/data/TencentGR_10M_Action/valid/data",
    "valid_item_info": "/mnt/ceph-nj1-csp/bingoozhang/salmonli/data/TencentGR_10M_Action/valid/item_info",
    "valid_user_info": "/mnt/ceph-nj1-csp/bingoozhang/salmonli/data/TencentGR_10M_Action/valid/user_info",
    "verbose": "1",
    "world_size": "4"
}
2026-07-11 13:58:35,874 P2919047 INFO Set up feature processor...
2026-07-11 13:58:35,875 P2919047 INFO Fit feature processor...
2026-07-11 13:58:35,875 P2919047 INFO Processing column: {'name': 'user_index', 'active': True, 'dtype': 'int', 'type': 'meta'}
2026-07-11 13:58:35,875 P2919047 INFO Processing column: {'name': 'item_index', 'active': True, 'dtype': 'int', 'type': 'meta'}
2026-07-11 13:58:35,875 P2919047 INFO Processing column: {'name': 'seq_len', 'active': True, 'dtype': 'int', 'type': 'meta'}
2026-07-11 13:58:35,875 P2919047 INFO Processing column: {'name': 'user_id', 'active': True, 'dtype': 'int', 'type': 'categorical', 'vocab_size': 7706779}
2026-07-11 13:58:37,398 P2919047 INFO Processing column: {'name': 'item_id', 'active': True, 'dtype': 'int', 'type': 'categorical', 'vocab_size': 17487677, 'source': 'item'}
2026-07-11 13:58:40,761 P2919047 INFO Processing column: {'name': '100', 'active': True, 'dtype': 'int', 'type': 'categorical', 'vocab_size': 7, 'source': 'item'}
2026-07-11 13:58:40,761 P2919047 INFO Processing column: {'name': '101', 'active': True, 'dtype': 'int', 'type': 'categorical', 'vocab_size': 54, 'source': 'item'}
2026-07-11 13:58:40,761 P2919047 INFO Processing column: {'name': '102', 'active': True, 'dtype': 'int', 'type': 'categorical', 'vocab_size': 173463, 'source': 'item'}
2026-07-11 13:58:40,790 P2919047 INFO Processing column: {'name': '112', 'active': True, 'dtype': 'int', 'type': 'categorical', 'vocab_size': 31, 'source': 'item'}
2026-07-11 13:58:40,791 P2919047 INFO Processing column: {'name': '114', 'active': True, 'dtype': 'int', 'type': 'categorical', 'vocab_size': 34, 'source': 'item'}
2026-07-11 13:58:40,791 P2919047 INFO Processing column: {'name': '115', 'active': True, 'dtype': 'int', 'type': 'categorical', 'vocab_size': 989, 'source': 'item'}
2026-07-11 13:58:40,791 P2919047 INFO Processing column: {'name': '116', 'active': True, 'dtype': 'int', 'type': 'categorical', 'vocab_size': 21, 'source': 'item'}
2026-07-11 13:58:40,791 P2919047 INFO Processing column: {'name': '117', 'active': True, 'dtype': 'int', 'type': 'categorical', 'vocab_size': 559, 'source': 'item'}
2026-07-11 13:58:40,792 P2919047 INFO Processing column: {'name': '118', 'active': True, 'dtype': 'int', 'type': 'categorical', 'vocab_size': 1637, 'source': 'item'}
2026-07-11 13:58:40,792 P2919047 INFO Processing column: {'name': '119', 'active': True, 'dtype': 'int', 'type': 'categorical', 'vocab_size': 4951, 'source': 'item'}
2026-07-11 13:58:40,794 P2919047 INFO Processing column: {'name': '120', 'active': True, 'dtype': 'int', 'type': 'categorical', 'vocab_size': 4046, 'source': 'item'}
2026-07-11 13:58:40,795 P2919047 INFO Processing column: {'name': '121', 'active': True, 'dtype': 'int', 'type': 'categorical', 'vocab_size': 5041300, 'source': 'item'}
2026-07-11 13:58:41,741 P2919047 INFO Processing column: {'name': '122', 'active': True, 'dtype': 'int', 'type': 'categorical', 'vocab_size': 2389, 'source': 'item'}
2026-07-11 13:58:41,742 P2919047 INFO Processing column: {'name': '103', 'active': True, 'dtype': 'int', 'type': 'categorical', 'vocab_size': 88}
2026-07-11 13:58:41,742 P2919047 INFO Processing column: {'name': '104', 'active': True, 'dtype': 'int', 'type': 'categorical', 'vocab_size': 4}
2026-07-11 13:58:41,742 P2919047 INFO Processing column: {'name': '105', 'active': True, 'dtype': 'int', 'type': 'categorical', 'vocab_size': 8}
2026-07-11 13:58:41,742 P2919047 INFO Processing column: {'name': '109', 'active': True, 'dtype': 'int', 'type': 'categorical', 'vocab_size': 4}
2026-07-11 13:58:41,742 P2919047 INFO Processing column: {'name': '106', 'active': True, 'dtype': 'int', 'type': 'sequence', 'max_len': 5, 'vocab_size': 15}
2026-07-11 13:58:41,743 P2919047 INFO Processing column: {'name': '107', 'active': True, 'dtype': 'int', 'type': 'sequence', 'max_len': 5, 'vocab_size': 20}
2026-07-11 13:58:41,743 P2919047 INFO Processing column: {'name': '108', 'active': True, 'dtype': 'int', 'type': 'sequence', 'max_len': 5, 'vocab_size': 5}
2026-07-11 13:58:41,743 P2919047 INFO Processing column: {'name': '110', 'active': True, 'dtype': 'int', 'type': 'sequence', 'max_len': 5, 'vocab_size': 3}
2026-07-11 13:58:41,743 P2919047 INFO Processing column: {'name': 'day_of_week', 'active': True, 'dtype': 'int', 'type': 'categorical', 'vocab_size': 8}
2026-07-11 13:58:41,743 P2919047 INFO Processing column: {'name': 'is_weekend', 'active': True, 'dtype': 'int', 'type': 'categorical', 'vocab_size': 3}
2026-07-11 13:58:41,743 P2919047 INFO Processing column: {'name': 'hour', 'active': True, 'dtype': 'int', 'type': 'categorical', 'vocab_size': 25}
2026-07-11 13:58:41,743 P2919047 INFO Processing column: {'name': 'action', 'active': True, 'dtype': 'int', 'type': 'categorical', 'vocab_size': 4, 'source': 'action'}
2026-07-11 13:58:41,744 P2919047 INFO Set column index...
2026-07-11 13:58:41,744 P2919047 INFO Save feature_map to json: /mnt/ceph-nj1-csp/bingoozhang/salmonli/data/TencentGR_10M_Action/feature_map.json
2026-07-11 13:58:41,752 P2919047 INFO Pickle feature_encode: /mnt/ceph-nj1-csp/bingoozhang/salmonli/data/TencentGR_10M_Action/feature_processor.pkl
2026-07-11 13:58:42,645 P2919047 INFO Save feature_vocab to json: /mnt/ceph-nj1-csp/bingoozhang/salmonli/data/TencentGR_10M_Action/feature_vocab.json
2026-07-11 13:59:08,939 P2919047 INFO Set feature processor done.
2026-07-11 13:59:08,952 P2919047 INFO Load feature_map from json: /mnt/ceph-nj1-csp/bingoozhang/salmonli/data/TencentGR_10M_Action/feature_map.json
2026-07-11 13:59:08,955 P2919047 INFO Set column index...
2026-07-11 13:59:08,955 P2919047 INFO Feature specs: {
    "100": "{'source': 'item', 'type': 'categorical', 'padding_idx': 0, 'vocab_size': 7}",
    "101": "{'source': 'item', 'type': 'categorical', 'padding_idx': 0, 'vocab_size': 54}",
    "102": "{'source': 'item', 'type': 'categorical', 'padding_idx': 0, 'vocab_size': 173463}",
    "103": "{'source': '', 'type': 'categorical', 'padding_idx': 0, 'vocab_size': 88}",
    "104": "{'source': '', 'type': 'categorical', 'padding_idx': 0, 'vocab_size': 4}",
    "105": "{'source': '', 'type': 'categorical', 'padding_idx': 0, 'vocab_size': 8}",
    "106": "{'source': '', 'type': 'sequence', 'feature_encoder': 'layers.MaskedAveragePooling()', 'padding_idx': 0, 'max_len': 5, 'vocab_size': 15}",
    "107": "{'source': '', 'type': 'sequence', 'feature_encoder': 'layers.MaskedAveragePooling()', 'padding_idx': 0, 'max_len': 5, 'vocab_size': 20}",
    "108": "{'source': '', 'type': 'sequence', 'feature_encoder': 'layers.MaskedAveragePooling()', 'padding_idx': 0, 'max_len': 5, 'vocab_size': 5}",
    "109": "{'source': '', 'type': 'categorical', 'padding_idx': 0, 'vocab_size': 4}",
    "110": "{'source': '', 'type': 'sequence', 'feature_encoder': 'layers.MaskedAveragePooling()', 'padding_idx': 0, 'max_len': 5, 'vocab_size': 3}",
    "112": "{'source': 'item', 'type': 'categorical', 'padding_idx': 0, 'vocab_size': 31}",
    "114": "{'source': 'item', 'type': 'categorical', 'padding_idx': 0, 'vocab_size': 34}",
    "115": "{'source': 'item', 'type': 'categorical', 'padding_idx': 0, 'vocab_size': 989}",
    "116": "{'source': 'item', 'type': 'categorical', 'padding_idx': 0, 'vocab_size': 21}",
    "117": "{'source': 'item', 'type': 'categorical', 'padding_idx': 0, 'vocab_size': 559}",
    "118": "{'source': 'item', 'type': 'categorical', 'padding_idx': 0, 'vocab_size': 1637}",
    "119": "{'source': 'item', 'type': 'categorical', 'padding_idx': 0, 'vocab_size': 4951}",
    "120": "{'source': 'item', 'type': 'categorical', 'padding_idx': 0, 'vocab_size': 4046}",
    "121": "{'source': 'item', 'type': 'categorical', 'padding_idx': 0, 'vocab_size': 5041300}",
    "122": "{'source': 'item', 'type': 'categorical', 'padding_idx': 0, 'vocab_size': 2389}",
    "action": "{'source': 'action', 'type': 'categorical', 'padding_idx': 0, 'vocab_size': 4}",
    "day_of_week": "{'source': '', 'type': 'categorical', 'padding_idx': 0, 'vocab_size': 8}",
    "hour": "{'source': '', 'type': 'categorical', 'padding_idx': 0, 'vocab_size': 25}",
    "is_weekend": "{'source': '', 'type': 'categorical', 'padding_idx': 0, 'vocab_size': 3}",
    "item_id": "{'source': 'item', 'type': 'categorical', 'padding_idx': 0, 'vocab_size': 17487677}",
    "item_index": "{'type': 'meta'}",
    "seq_len": "{'type': 'meta'}",
    "user_id": "{'source': '', 'type': 'categorical', 'padding_idx': 0, 'vocab_size': 7706779}",
    "user_index": "{'type': 'meta'}"
}
2026-07-11 13:59:13,556 P2919047 INFO Optimizers: dense=AdamW(lr=0.0001, weight_decay=0, params=43638274), sparse=Adagrad(lr=0.05, params=486785984)
2026-07-11 13:59:13,557 P2919047 INFO ************ compile start ************
2026-07-11 13:59:15,081 P2919047 INFO Compiled dense module: unified_tokenizer_layer
2026-07-11 13:59:15,082 P2919047 INFO Compiled dense module: item_token_proj
2026-07-11 13:59:15,083 P2919047 INFO Compiled dense module: unified_interaction_layers
2026-07-11 13:59:15,085 P2919047 INFO Compiled dense module: tower.0
2026-07-11 13:59:15,086 P2919047 INFO Compiled dense module: tower.1
2026-07-11 13:59:17,584 P2919047 INFO Total number of parameters: 530424258.
2026-07-11 13:59:17,584 P2919047 INFO Number of embedding parameters: 486785984.
2026-07-11 13:59:17,585 P2919047 INFO Number of dense parameters: 43638274.
2026-07-11 13:59:17,585 P2919047 INFO Loading datasets...
2026-07-11 13:59:17,644 P2919047 INFO Train samples: total/146522949, blocks/4
2026-07-11 13:59:17,683 P2919047 INFO Validation samples: total/4460723, blocks/2
2026-07-11 13:59:17,683 P2919047 INFO Loading train and validation data done.
2026-07-11 13:59:17,875 P2919047 INFO BF16 mixed precision: True
2026-07-11 13:59:17,875 P2919047 INFO Start training: 17884 local batches/epoch
2026-07-11 13:59:17,875 P2919047 INFO DDP blocked training: True
2026-07-11 13:59:17,875 P2919047 INFO Disable step-wise eval and use epoch-end synchronized eval for DDP + blocked dataloader.
2026-07-11 13:59:17,875 P2919047 INFO ************ Epoch=1 start ************
2026-07-11 16:39:02,335 P2919047 INFO Train loss: 0.285091
2026-07-11 16:39:02,341 P2919047 INFO Evaluation @epoch 1 - batch 17884:
2026-07-11 16:40:59,530 P2919047 INFO [Task: is_click][Metrics] AUC: 0.737543 - logloss: 0.188131
2026-07-11 16:41:19,411 P2919047 INFO [Task: is_conversion][Metrics] AUC: 0.825083 - logloss: 0.089917
2026-07-11 16:41:19,637 P2919047 INFO Save best model: monitor(max)=1.530970
2026-07-11 16:41:22,701 P2919047 INFO ************ Epoch=1 end ************
2026-07-11 16:41:22,702 P2919047 INFO Training finished.
2026-07-11 16:41:22,702 P2919047 INFO Load best model: /mnt/ceph-nj1-csp/bingoozhang/salmonli/ft_local/UniRank/checkpoints/TencentGR_10M_Action/MixFormer_TencentGR_10M_Action.model
2026-07-11 16:41:30,429 P2919047 INFO ******** Test evaluation ********
2026-07-11 16:41:30,429 P2919047 INFO Loading datasets...
2026-07-11 16:41:30,480 P2919047 INFO Test samples: total/38305740, blocks/2
2026-07-11 16:41:30,480 P2919047 INFO Loading test data done.
2026-07-11 16:54:46,564 P2919047 INFO [Task: is_click][Metrics] logloss: 0.060460 - AUC: 0.813162
2026-07-11 16:56:26,169 P2919047 INFO [Task: is_conversion][Metrics] logloss: 0.018524 - AUC: 0.875398
2026-07-11 16:56:29,901 P2919047 INFO Deleted model checkpoint: /mnt/ceph-nj1-csp/bingoozhang/salmonli/ft_local/UniRank/checkpoints/TencentGR_10M_Action/MixFormer_TencentGR_10M_Action.model
